 [Preload] Script cargado correctamente
 [Preload] Plataforma: win32
 [Preload] Electron: 33.4.11
 [Config] API_BASE_URL: http://localhost:10000
 [Config] Electron: Si
 [ConfigSynchronizer] Initialized
 ====================================
 Analizador Desktop - Frontend
 ====================================
 [Electron] Ejecutando en Electron
 [Electron] Versiones: Object
 [Electron] Plataforma: win32
 [App] Backend esperado en: http://localhost:10000
 [MiniChart ETHUSDT] 🖥️ Fullscreen effect: isFullscreen=false, hasCallback=true
 [ETHUSDT] 🚀 Componente montado, iniciando...
 [ETHUSDT] SwingDetectorIndicator initialized
 [SupportResistance2Indicator] VERSION 1.0 - Swing-based S&R
 [HealthCheck] Started (interval: 30000ms)
 [Robustness] Initialized
 [Registry] ✅ Registrado manager para ETHUSDT (total: 1)
 [ETHUSDT] Carga COMPLETA: 1 dias @ 1
 [ETHUSDT] S&R v2: Fetching from backend...
 [ETHUSDT] S&R v2: Fetching from backend...
 [CacheCleanup] Complete: 0/11 candles, 0/26 indicators removed
 WebSocket Manager conectado [1]
 ✓ Suscrito: 
 [Prefetch] Activado (10s despues de carga)
 [Prefetch] SUIUSDT@1 - precargando...
 [ETHUSDT] drawChart: 2 velas disponibles, zoom=1.000, chartWidth=973, mostrando=121, userZoomed=false
 [ETHUSDT] drawChart: 2 velas disponibles, zoom=1.000, chartWidth=973, mostrando=121, userZoomed=false
 [ETHUSDT] drawChart: 2 velas disponibles, zoom=1.000, chartWidth=973, mostrando=121, userZoomed=false
 [ETHUSDT] drawChart: 2 velas disponibles, zoom=1.000, chartWidth=973, mostrando=121, userZoomed=false
 [ETHUSDT] drawChart: 2 velas disponibles, zoom=1.000, chartWidth=973, mostrando=121, userZoomed=false
 [ETHUSDT] drawChart: 2 velas disponibles, zoom=1.000, chartWidth=973, mostrando=121, userZoomed=false
 [ETHUSDT] drawChart: 2 velas disponibles, zoom=1.000, chartWidth=973, mostrando=121, userZoomed=false
 [ETHUSDT] ✅ Completa: 1440 velas
 [ETHUSDT] ✅ Histórico final: 1440 velas
 [ETHUSDT] drawChart: 1441 velas disponibles, zoom=0.152, chartWidth=973, mostrando=800, userZoomed=false
 [CandleCache] ✅ ETHUSDT@1 - guardado (1440 velas, memoria: 1/4)
 [ETHUSDT] S&R v2: Fetching from backend...
 [ETHUSDT] drawChart: 1441 velas disponibles, zoom=0.152, chartWidth=973, mostrando=800, userZoomed=false
 [ETHUSDT] S&R v2 loaded: 2R, 2S
 [ETHUSDT] SwingDetector: Backend returned 0 signals
 [ETHUSDT] drawChart: 1441 velas disponibles, zoom=0.152, chartWidth=973, mostrando=800, userZoomed=false
 [ETHUSDT] S&R v2 renderOverlay: Object
 [ETHUSDT] drawChart: 1441 velas disponibles, zoom=0.152, chartWidth=973, mostrando=800, userZoomed=false
 [ETHUSDT] drawChart: 1441 velas disponibles, zoom=0.152, chartWidth=973, mostrando=800, userZoomed=false
 [ETHUSDT] drawChart: 1441 velas disponibles, zoom=0.152, chartWidth=973, mostrando=800, userZoomed=false
 [ETHUSDT] drawChart: 1441 velas disponibles, zoom=0.152, chartWidth=973, mostrando=800, userZoomed=false
 [ETHUSDT] S&R v2 loaded: 2R, 2S
 [ETHUSDT] S&R v2 loaded: 2R, 2S
 [ETHUSDT] drawChart: 1441 velas disponibles, zoom=0.152, chartWidth=973, mostrando=800, userZoomed=false
 [HealthCheck] Backend reconnected
 [ETHUSDT] drawChart: 1441 velas disponibles, zoom=0.152, chartWidth=973, mostrando=800, userZoomed=false
 [ETHUSDT] drawChart: 1441 velas disponibles, zoom=0.152, chartWidth=973, mostrando=800, userZoomed=false
 [ETHUSDT] drawChart: 1441 velas disponibles, zoom=0.152, chartWidth=973, mostrando=800, userZoomed=false
 [ETHUSDT] SwingDetector initialized with 1 days
 [ETHUSDT] SwingDetector: 300/300 signals for interval 1 (cached)
 [ETHUSDT] drawChart: 1441 velas disponibles, zoom=0.152, chartWidth=973, mostrando=800, userZoomed=false
 [ETHUSDT] drawChart: 1441 velas disponibles, zoom=0.152, chartWidth=973, mostrando=800, userZoomed=false
 [ETHUSDT] SwingDetector initialized with 1 days
 [IndicatorCache] 💾 swing@ETHUSDT desde memoria
 [ETHUSDT] SwingDetector startPollingIfReady: interval=false, enabled=true, config.enabled=true
 [ETHUSDT] SwingDetector polling started (signals: 30000ms, status: 60000ms)
 [ETHUSDT] S&R v2 polling started (interval: 60000ms)
 [ETHUSDT] drawChart: 1441 velas disponibles, zoom=0.152, chartWidth=973, mostrando=800, userZoomed=false
 [ETHUSDT] drawChart: 1441 velas disponibles, zoom=0.152, chartWidth=973, mostrando=800, userZoomed=false
 [ETHUSDT] drawChart: 1441 velas disponibles, zoom=0.152, chartWidth=973, mostrando=800, userZoomed=false
 [ETHUSDT] drawChart: 1441 velas disponibles, zoom=0.152, chartWidth=973, mostrando=800, userZoomed=false
 [ETHUSDT] drawChart: 1441 velas disponibles, zoom=0.152, chartWidth=973, mostrando=800, userZoomed=false
 [ETHUSDT] drawChart: 1441 velas disponibles, zoom=0.152, chartWidth=973, mostrando=800, userZoomed=false
 [ETHUSDT] drawChart: 1441 velas disponibles, zoom=0.152, chartWidth=973, mostrando=800, userZoomed=false
 [ETHUSDT] drawChart: 1441 velas disponibles, zoom=0.152, chartWidth=973, mostrando=800, userZoomed=false
 [ETHUSDT] drawChart: 1441 velas disponibles, zoom=0.152, chartWidth=973, mostrando=800, userZoomed=false
 [ETHUSDT] drawChart: 1441 velas disponibles, zoom=0.152, chartWidth=973, mostrando=800, userZoomed=false
 [ETHUSDT] drawChart: 1441 velas disponibles, zoom=0.152, chartWidth=973, mostrando=800, userZoomed=false
 [ETHUSDT] drawChart: 1441 velas disponibles, zoom=0.152, chartWidth=973, mostrando=800, userZoomed=false
 [ETHUSDT] drawChart: 1441 velas disponibles, zoom=0.152, chartWidth=973, mostrando=800, userZoomed=false
 [ETHUSDT] drawChart: 1441 velas disponibles, zoom=0.152, chartWidth=973, mostrando=800, userZoomed=false
 [ETHUSDT] drawChart: 1441 velas disponibles, zoom=0.152, chartWidth=973, mostrando=800, userZoomed=false
 [ETHUSDT] drawChart: 1441 velas disponibles, zoom=0.152, chartWidth=973, mostrando=800, userZoomed=false
 [ETHUSDT] drawChart: 1441 velas disponibles, zoom=0.152, chartWidth=973, mostrando=800, userZoomed=false
 [ETHUSDT] drawChart: 1441 velas disponibles, zoom=0.152, chartWidth=973, mostrando=800, userZoomed=false
 [IndicatorCache] 💾 swing@ETHUSDT desde memoria
 [ETHUSDT] drawChart: 1441 velas disponibles, zoom=0.152, chartWidth=973, mostrando=800, userZoomed=false
 [ETHUSDT] drawChart: 1441 velas disponibles, zoom=0.152, chartWidth=973, mostrando=800, userZoomed=false
 [ETHUSDT] drawChart: 1441 velas disponibles, zoom=0.152, chartWidth=973, mostrando=800, userZoomed=false
 [ETHUSDT] drawChart: 1441 velas disponibles, zoom=0.152, chartWidth=973, mostrando=800, userZoomed=false
 [ETHUSDT] drawChart: 1441 velas disponibles, zoom=0.152, chartWidth=973, mostrando=800, userZoomed=false
 [ETHUSDT] drawChart: 1441 velas disponibles, zoom=0.152, chartWidth=973, mostrando=800, userZoomed=false
 [ETHUSDT] drawChart: 1441 velas disponibles, zoom=0.152, chartWidth=973, mostrando=800, userZoomed=false
 [ETHUSDT] drawChart: 1441 velas disponibles, zoom=0.152, chartWidth=973, mostrando=800, userZoomed=false
 [ETHUSDT] drawChart: 1442 velas disponibles, zoom=0.152, chartWidth=973, mostrando=800, userZoomed=false
 [CandleCache] ✅ ETHUSDT@1 - guardado (1441 velas, memoria: 1/4)
 [ETHUSDT] SwingDetector: 300/300 signals for interval 1 (cached)
 [ETHUSDT] drawChart: 1442 velas disponibles, zoom=0.152, chartWidth=973, mostrando=800, userZoomed=false
 [ETHUSDT] drawChart: 1442 velas disponibles, zoom=0.152, chartWidth=973, mostrando=800, userZoomed=false
 [ETHUSDT] drawChart: 1442 velas disponibles, zoom=0.152, chartWidth=973, mostrando=800, userZoomed=false
 [ETHUSDT] drawChart: 1442 velas disponibles, zoom=0.152, chartWidth=973, mostrando=800, userZoomed=false
 [ETHUSDT] drawChart: 1442 velas disponibles, zoom=0.152, chartWidth=973, mostrando=800, userZoomed=false
 [ETHUSDT] drawChart: 1442 velas disponibles, zoom=0.152, chartWidth=973, mostrando=800, userZoomed=false
 [ETHUSDT] drawChart: 1442 velas disponibles, zoom=0.152, chartWidth=973, mostrando=800, userZoomed=false
 [ETHUSDT] drawChart: 1442 velas disponibles, zoom=0.152, chartWidth=973, mostrando=800, userZoomed=false
 [ETHUSDT] drawChart: 1442 velas disponibles, zoom=0.152, chartWidth=973, mostrando=800, userZoomed=false
 [ETHUSDT] drawChart: 1442 velas disponibles, zoom=0.152, chartWidth=973, mostrando=800, userZoomed=false
 [ETHUSDT] drawChart: 1442 velas disponibles, zoom=0.152, chartWidth=973, mostrando=800, userZoomed=false
 [ETHUSDT] drawChart: 1442 velas disponibles, zoom=0.152, chartWidth=973, mostrando=800, userZoomed=false
 [ETHUSDT] drawChart: 1442 velas disponibles, zoom=0.152, chartWidth=973, mostrando=800, userZoomed=false
 [ETHUSDT] drawChart: 1442 velas disponibles, zoom=0.152, chartWidth=973, mostrando=800, userZoomed=false
 [ETHUSDT] drawChart: 1442 velas disponibles, zoom=0.152, chartWidth=973, mostrando=800, userZoomed=false
 [ETHUSDT] drawChart: 1442 velas disponibles, zoom=0.152, chartWidth=973, mostrando=800, userZoomed=false
 [IndicatorCache] 💾 swing@ETHUSDT desde memoria
 [ETHUSDT] drawChart: 1442 velas disponibles, zoom=0.152, chartWidth=973, mostrando=800, userZoomed=false
 [ETHUSDT] drawChart: 1442 velas disponibles, zoom=0.152, chartWidth=973, mostrando=800, userZoomed=false
 [ETHUSDT] S&R v2 updated (polling): 2R, 2S
 [ETHUSDT] drawChart: 1442 velas disponibles, zoom=0.152, chartWidth=973, mostrando=800, userZoomed=false
 [ETHUSDT] drawChart: 1442 velas disponibles, zoom=0.152, chartWidth=973, mostrando=800, userZoomed=false
 [ETHUSDT] drawChart: 1442 velas disponibles, zoom=0.152, chartWidth=973, mostrando=800, userZoomed=false
 [ETHUSDT] drawChart: 1442 velas disponibles, zoom=0.152, chartWidth=973, mostrando=800, userZoomed=false
 [ETHUSDT] drawChart: 1442 velas disponibles, zoom=0.152, chartWidth=973, mostrando=800, userZoomed=false
 [ETHUSDT] drawChart: 1442 velas disponibles, zoom=0.152, chartWidth=973, mostrando=800, userZoomed=false
 [ETHUSDT] drawChart: 1442 velas disponibles, zoom=0.152, chartWidth=973, mostrando=800, userZoomed=false
 [ETHUSDT] drawChart: 1442 velas disponibles, zoom=0.152, chartWidth=973, mostrando=800, userZoomed=false
 [ETHUSDT] drawChart: 1442 velas disponibles, zoom=0.152, chartWidth=973, mostrando=800, userZoomed=false
 [ETHUSDT] drawChart: 1442 velas disponibles, zoom=0.152, chartWidth=973, mostrando=800, userZoomed=false
 [ETHUSDT] drawChart: 1442 velas disponibles, zoom=0.152, chartWidth=973, mostrando=800, userZoomed=false
 [ETHUSDT] drawChart: 1442 velas disponibles, zoom=0.152, chartWidth=973, mostrando=800, userZoomed=false
 [ETHUSDT] drawChart: 1442 velas disponibles, zoom=0.152, chartWidth=973, mostrando=800, userZoomed=false
 [ETHUSDT] drawChart: 1442 velas disponibles, zoom=0.152, chartWidth=973, mostrando=800, userZoomed=false
 [ETHUSDT] drawChart: 1442 velas disponibles, zoom=0.152, chartWidth=973, mostrando=800, userZoomed=false
 [ETHUSDT] drawChart: 1442 velas disponibles, zoom=0.152, chartWidth=973, mostrando=800, userZoomed=false
 [ETHUSDT] drawChart: 1442 velas disponibles, zoom=0.152, chartWidth=973, mostrando=800, userZoomed=false
 [ETHUSDT] drawChart: 1442 velas disponibles, zoom=0.152, chartWidth=973, mostrando=800, userZoomed=false
 [ETHUSDT] drawChart: 1442 velas disponibles, zoom=0.152, chartWidth=973, mostrando=800, userZoomed=false
 [IndicatorCache] 💾 swing@ETHUSDT desde memoria
 [ETHUSDT] drawChart: 1442 velas disponibles, zoom=0.152, chartWidth=973, mostrando=800, userZoomed=false
 [ETHUSDT] drawChart: 1442 velas disponibles, zoom=0.152, chartWidth=973, mostrando=800, userZoomed=false
 [ETHUSDT] drawChart: 1442 velas disponibles, zoom=0.152, chartWidth=973, mostrando=800, userZoomed=false
 [ETHUSDT] drawChart: 1442 velas disponibles, zoom=0.152, chartWidth=973, mostrando=800, userZoomed=false
 [ETHUSDT] drawChart: 1442 velas disponibles, zoom=0.152, chartWidth=973, mostrando=800, userZoomed=false
 [ETHUSDT] drawChart: 1442 velas disponibles, zoom=0.152, chartWidth=973, mostrando=800, userZoomed=false
 [ETHUSDT] drawChart: 1442 velas disponibles, zoom=0.152, chartWidth=973, mostrando=800, userZoomed=false
 [ETHUSDT] drawChart: 1443 velas disponibles, zoom=0.152, chartWidth=973, mostrando=800, userZoomed=false
 [CandleCache] ✅ ETHUSDT@1 - guardado (1442 velas, memoria: 1/4)
 [ETHUSDT] SwingDetector: 300/300 signals for interval 1 (cached)
 [ETHUSDT] drawChart: 1443 velas disponibles, zoom=0.152, chartWidth=973, mostrando=800, userZoomed=false
 [ETHUSDT] drawChart: 1443 velas disponibles, zoom=0.152, chartWidth=973, mostrando=800, userZoomed=false
 [ETHUSDT] drawChart: 1443 velas disponibles, zoom=0.152, chartWidth=973, mostrando=800, userZoomed=false
 [ETHUSDT] drawChart: 1443 velas disponibles, zoom=0.152, chartWidth=973, mostrando=800, userZoomed=false
 [ETHUSDT] drawChart: 1443 velas disponibles, zoom=0.152, chartWidth=973, mostrando=800, userZoomed=false
 [ETHUSDT] drawChart: 1443 velas disponibles, zoom=0.152, chartWidth=973, mostrando=800, userZoomed=false
 [ETHUSDT] drawChart: 1443 velas disponibles, zoom=0.152, chartWidth=973, mostrando=800, userZoomed=false
 [ETHUSDT] drawChart: 1443 velas disponibles, zoom=0.152, chartWidth=973, mostrando=800, userZoomed=false
 [IndicatorCache] 💾 swing@ETHUSDT desde memoria
 [ETHUSDT] drawChart: 1443 velas disponibles, zoom=0.152, chartWidth=973, mostrando=800, userZoomed=false
 [ETHUSDT] S&R v2 updated (polling): 2R, 2S
 [ETHUSDT] drawChart: 1443 velas disponibles, zoom=0.152, chartWidth=973, mostrando=800, userZoomed=false
 [ETHUSDT] drawChart: 1443 velas disponibles, zoom=0.152, chartWidth=973, mostrando=800, userZoomed=false
 [ETHUSDT] drawChart: 1443 velas disponibles, zoom=0.152, chartWidth=973, mostrando=800, userZoomed=false
 [ETHUSDT] drawChart: 1443 velas disponibles, zoom=0.152, chartWidth=973, mostrando=800, userZoomed=false
 [ETHUSDT] drawChart: 1443 velas disponibles, zoom=0.152, chartWidth=973, mostrando=800, userZoomed=false
 [ETHUSDT] drawChart: 1443 velas disponibles, zoom=0.152, chartWidth=973, mostrando=800, userZoomed=false
 [ETHUSDT] drawChart: 1443 velas disponibles, zoom=0.152, chartWidth=973, mostrando=800, userZoomed=false
 [ETHUSDT] drawChart: 1443 velas disponibles, zoom=0.152, chartWidth=973, mostrando=800, userZoomed=false
 [ETHUSDT] drawChart: 1443 velas disponibles, zoom=0.152, chartWidth=973, mostrando=800, userZoomed=false
 [ETHUSDT] drawChart: 1443 velas disponibles, zoom=0.152, chartWidth=973, mostrando=800, userZoomed=false
 [ETHUSDT] drawChart: 1443 velas disponibles, zoom=0.152, chartWidth=973, mostrando=800, userZoomed=false
 [ETHUSDT] drawChart: 1443 velas disponibles, zoom=0.152, chartWidth=973, mostrando=800, userZoomed=false
 [ETHUSDT] drawChart: 1443 velas disponibles, zoom=0.152, chartWidth=973, mostrando=800, userZoomed=false
 [ETHUSDT] drawChart: 1443 velas disponibles, zoom=0.152, chartWidth=973, mostrando=800, userZoomed=false
 [ETHUSDT] drawChart: 1443 velas disponibles, zoom=0.152, chartWidth=973, mostrando=800, userZoomed=false
 [ETHUSDT] drawChart: 1443 velas disponibles, zoom=0.152, chartWidth=973, mostrando=800, userZoomed=false
 [ETHUSDT] drawChart: 1443 velas disponibles, zoom=0.152, chartWidth=973, mostrando=800, userZoomed=false
 [ETHUSDT] drawChart: 1443 velas disponibles, zoom=0.152, chartWidth=973, mostrando=800, userZoomed=false
 [ETHUSDT] drawChart: 1443 velas disponibles, zoom=0.152, chartWidth=973, mostrando=800, userZoomed=false
 [ETHUSDT] drawChart: 1443 velas disponibles, zoom=0.152, chartWidth=973, mostrando=800, userZoomed=false
 [ETHUSDT] drawChart: 1443 velas disponibles, zoom=0.152, chartWidth=973, mostrando=800, userZoomed=false
 [ETHUSDT] drawChart: 1443 velas disponibles, zoom=0.152, chartWidth=973, mostrando=800, userZoomed=false
 [ETHUSDT] drawChart: 1443 velas disponibles, zoom=0.152, chartWidth=973, mostrando=800, userZoomed=false
 [ETHUSDT] drawChart: 1443 velas disponibles, zoom=0.152, chartWidth=973, mostrando=800, userZoomed=false
 [ETHUSDT] drawChart: 1443 velas disponibles, zoom=0.152, chartWidth=973, mostrando=800, userZoomed=false
 [ETHUSDT] drawChart: 1443 velas disponibles, zoom=0.152, chartWidth=973, mostrando=800, userZoomed=false
 [IndicatorCache] 💾 swing@ETHUSDT desde memoria
 [ETHUSDT] drawChart: 1443 velas disponibles, zoom=0.152, chartWidth=973, mostrando=800, userZoomed=false
 [ETHUSDT] drawChart: 1443 velas disponibles, zoom=0.152, chartWidth=973, mostrando=800, userZoomed=false
 [ETHUSDT] drawChart: 1443 velas disponibles, zoom=0.152, chartWidth=973, mostrando=800, userZoomed=false
 [ETHUSDT] drawChart: 1443 velas disponibles, zoom=0.152, chartWidth=973, mostrando=800, userZoomed=false
 [ETHUSDT] drawChart: 1443 velas disponibles, zoom=0.152, chartWidth=973, mostrando=800, userZoomed=false
 [ETHUSDT] drawChart: 1443 velas disponibles, zoom=0.152, chartWidth=973, mostrando=800, userZoomed=false
 [ETHUSDT] drawChart: 1443 velas disponibles, zoom=0.152, chartWidth=973, mostrando=800, userZoomed=false
 [ETHUSDT] drawChart: 1443 velas disponibles, zoom=0.152, chartWidth=973, mostrando=800, userZoomed=false
 [ETHUSDT] drawChart: 1443 velas disponibles, zoom=0.152, chartWidth=973, mostrando=800, userZoomed=false
 [ETHUSDT] drawChart: 1443 velas disponibles, zoom=0.152, chartWidth=973, mostrando=800, userZoomed=false
 [ETHUSDT] drawChart: 1444 velas disponibles, zoom=0.152, chartWidth=973, mostrando=800, userZoomed=false
 [CandleCache] ✅ ETHUSDT@1 - guardado (1443 velas, memoria: 1/4)
 [ETHUSDT] SwingDetector: 300/300 signals for interval 1 (cached)
 [ETHUSDT] drawChart: 1444 velas disponibles, zoom=0.152, chartWidth=973, mostrando=800, userZoomed=false
 [ETHUSDT] drawChart: 1444 velas disponibles, zoom=0.152, chartWidth=973, mostrando=800, userZoomed=false
 [ETHUSDT] drawChart: 1444 velas disponibles, zoom=0.152, chartWidth=973, mostrando=800, userZoomed=false
 [ETHUSDT] drawChart: 1444 velas disponibles, zoom=0.152, chartWidth=973, mostrando=800, userZoomed=false
 [ETHUSDT] drawChart: 1444 velas disponibles, zoom=0.152, chartWidth=973, mostrando=800, userZoomed=false
 [ETHUSDT] drawChart: 1444 velas disponibles, zoom=0.152, chartWidth=973, mostrando=800, userZoomed=false
 [ETHUSDT] drawChart: 1444 velas disponibles, zoom=0.152, chartWidth=973, mostrando=800, userZoomed=false
 [ETHUSDT] drawChart: 1444 velas disponibles, zoom=0.152, chartWidth=973, mostrando=800, userZoomed=false
 [ETHUSDT] drawChart: 1444 velas disponibles, zoom=0.152, chartWidth=973, mostrando=800, userZoomed=false
 [ETHUSDT] drawChart: 1444 velas disponibles, zoom=0.152, chartWidth=973, mostrando=800, userZoomed=false
 [ETHUSDT] drawChart: 1444 velas disponibles, zoom=0.152, chartWidth=973, mostrando=800, userZoomed=false
 [ETHUSDT] drawChart: 1444 velas disponibles, zoom=0.152, chartWidth=973, mostrando=800, userZoomed=false
 [IndicatorCache] 💾 swing@ETHUSDT desde memoria
 [ETHUSDT] drawChart: 1444 velas disponibles, zoom=0.152, chartWidth=973, mostrando=800, userZoomed=false
 [ETHUSDT] drawChart: 1444 velas disponibles, zoom=0.152, chartWidth=973, mostrando=800, userZoomed=false
 [ETHUSDT] S&R v2 updated (polling): 2R, 2S
 [ETHUSDT] drawChart: 1444 velas disponibles, zoom=0.152, chartWidth=973, mostrando=800, userZoomed=false
 [ETHUSDT] drawChart: 1444 velas disponibles, zoom=0.152, chartWidth=973, mostrando=800, userZoomed=false
 [ETHUSDT] drawChart: 1444 velas disponibles, zoom=0.152, chartWidth=973, mostrando=800, userZoomed=false
 [ETHUSDT] drawChart: 1444 velas disponibles, zoom=0.152, chartWidth=973, mostrando=800, userZoomed=false
 [ETHUSDT] drawChart: 1444 velas disponibles, zoom=0.152, chartWidth=973, mostrando=800, userZoomed=false
 [ETHUSDT] drawChart: 1444 velas disponibles, zoom=0.152, chartWidth=973, mostrando=800, userZoomed=false
 [ETHUSDT] drawChart: 1444 velas disponibles, zoom=0.152, chartWidth=973, mostrando=800, userZoomed=false
 [ETHUSDT] drawChart: 1444 velas disponibles, zoom=0.152, chartWidth=973, mostrando=800, userZoomed=false
 [ETHUSDT] drawChart: 1444 velas disponibles, zoom=0.152, chartWidth=973, mostrando=800, userZoomed=false
 [ETHUSDT] drawChart: 1444 velas disponibles, zoom=0.152, chartWidth=973, mostrando=800, userZoomed=false
 [ETHUSDT] drawChart: 1444 velas disponibles, zoom=0.152, chartWidth=973, mostrando=800, userZoomed=false
 [ETHUSDT] drawChart: 1444 velas disponibles, zoom=0.152, chartWidth=973, mostrando=800, userZoomed=false
 [ETHUSDT] drawChart: 1444 velas disponibles, zoom=0.152, chartWidth=973, mostrando=800, userZoomed=false
 [ETHUSDT] drawChart: 1444 velas disponibles, zoom=0.152, chartWidth=973, mostrando=800, userZoomed=false
 [ETHUSDT] drawChart: 1444 velas disponibles, zoom=0.152, chartWidth=973, mostrando=800, userZoomed=false
 [ETHUSDT] drawChart: 1444 velas disponibles, zoom=0.152, chartWidth=973, mostrando=800, userZoomed=false
 [ETHUSDT] drawChart: 1444 velas disponibles, zoom=0.152, chartWidth=973, mostrando=800, userZoomed=false
 [ETHUSDT] drawChart: 1444 velas disponibles, zoom=0.152, chartWidth=973, mostrando=800, userZoomed=false
 [IndicatorCache] 💾 swing@ETHUSDT desde memoria
 [ETHUSDT] drawChart: 1444 velas disponibles, zoom=0.152, chartWidth=973, mostrando=800, userZoomed=false
 [ETHUSDT] drawChart: 1444 velas disponibles, zoom=0.152, chartWidth=973, mostrando=800, userZoomed=false
 [ETHUSDT] drawChart: 1444 velas disponibles, zoom=0.152, chartWidth=973, mostrando=800, userZoomed=false
 [ETHUSDT] drawChart: 1444 velas disponibles, zoom=0.152, chartWidth=973, mostrando=800, userZoomed=false
 [ETHUSDT] drawChart: 1444 velas disponibles, zoom=0.152, chartWidth=973, mostrando=800, userZoomed=false
 [ETHUSDT] drawChart: 1444 velas disponibles, zoom=0.152, chartWidth=973, mostrando=800, userZoomed=false
 [ETHUSDT] drawChart: 1444 velas disponibles, zoom=0.152, chartWidth=973, mostrando=800, userZoomed=false
 [ETHUSDT] drawChart: 1444 velas disponibles, zoom=0.152, chartWidth=973, mostrando=800, userZoomed=false
 [ETHUSDT] drawChart: 1444 velas disponibles, zoom=0.152, chartWidth=973, mostrando=800, userZoomed=false
 [ETHUSDT] drawChart: 1444 velas disponibles, zoom=0.152, chartWidth=973, mostrando=800, userZoomed=false
 [ETHUSDT] drawChart: 1444 velas disponibles, zoom=0.152, chartWidth=973, mostrando=800, userZoomed=false
 [ETHUSDT] drawChart: 1444 velas disponibles, zoom=0.152, chartWidth=973, mostrando=800, userZoomed=false
 [ETHUSDT] drawChart: 1445 velas disponibles, zoom=0.152, chartWidth=973, mostrando=800, userZoomed=false
 [CandleCache] ✅ ETHUSDT@1 - guardado (1444 velas, memoria: 1/4)
 [ETHUSDT] SwingDetector: 300/300 signals for interval 1 (cached)
 [ETHUSDT] drawChart: 1445 velas disponibles, zoom=0.152, chartWidth=973, mostrando=800, userZoomed=false
 [ETHUSDT] drawChart: 1445 velas disponibles, zoom=0.152, chartWidth=973, mostrando=800, userZoomed=false
 [ETHUSDT] drawChart: 1445 velas disponibles, zoom=0.152, chartWidth=973, mostrando=800, userZoomed=false
 [ETHUSDT] drawChart: 1445 velas disponibles, zoom=0.152, chartWidth=973, mostrando=800, userZoomed=false
 [ETHUSDT] drawChart: 1445 velas disponibles, zoom=0.152, chartWidth=973, mostrando=800, userZoomed=false
 [ETHUSDT] drawChart: 1445 velas disponibles, zoom=0.152, chartWidth=973, mostrando=800, userZoomed=false
 [ETHUSDT] drawChart: 1445 velas disponibles, zoom=0.152, chartWidth=973, mostrando=800, userZoomed=false
 [ETHUSDT] drawChart: 1445 velas disponibles, zoom=0.152, chartWidth=973, mostrando=800, userZoomed=false
 [ETHUSDT] drawChart: 1445 velas disponibles, zoom=0.152, chartWidth=973, mostrando=800, userZoomed=false
 [ETHUSDT] drawChart: 1445 velas disponibles, zoom=0.152, chartWidth=973, mostrando=800, userZoomed=false
 [ETHUSDT] drawChart: 1445 velas disponibles, zoom=0.152, chartWidth=973, mostrando=800, userZoomed=false
 [ETHUSDT] drawChart: 1445 velas disponibles, zoom=0.152, chartWidth=973, mostrando=800, userZoomed=false
 [ETHUSDT] drawChart: 1445 velas disponibles, zoom=0.152, chartWidth=973, mostrando=800, userZoomed=false
 [IndicatorCache] 💾 swing@ETHUSDT desde memoria
 [ETHUSDT] drawChart: 1445 velas disponibles, zoom=0.152, chartWidth=973, mostrando=800, userZoomed=false
 [ETHUSDT] drawChart: 1445 velas disponibles, zoom=0.152, chartWidth=973, mostrando=800, userZoomed=false
 [ETHUSDT] S&R v2 updated (polling): 2R, 2S
 [ETHUSDT] drawChart: 1445 velas disponibles, zoom=0.152, chartWidth=973, mostrando=800, userZoomed=false
 [ETHUSDT] drawChart: 1445 velas disponibles, zoom=0.152, chartWidth=973, mostrando=800, userZoomed=false
 [ETHUSDT] drawChart: 1445 velas disponibles, zoom=0.152, chartWidth=973, mostrando=800, userZoomed=false
 [ETHUSDT] drawChart: 1445 velas disponibles, zoom=0.152, chartWidth=973, mostrando=800, userZoomed=false
 [ETHUSDT] drawChart: 1445 velas disponibles, zoom=0.152, chartWidth=973, mostrando=800, userZoomed=false
 [ETHUSDT] drawChart: 1445 velas disponibles, zoom=0.152, chartWidth=973, mostrando=800, userZoomed=false
 [ETHUSDT] drawChart: 1445 velas disponibles, zoom=0.152, chartWidth=973, mostrando=800, userZoomed=false
 [ETHUSDT] drawChart: 1445 velas disponibles, zoom=0.152, chartWidth=973, mostrando=800, userZoomed=false
 [ETHUSDT] drawChart: 1445 velas disponibles, zoom=0.152, chartWidth=973, mostrando=800, userZoomed=false
 [ETHUSDT] drawChart: 1445 velas disponibles, zoom=0.152, chartWidth=973, mostrando=800, userZoomed=false
 [ETHUSDT] drawChart: 1445 velas disponibles, zoom=0.152, chartWidth=973, mostrando=800, userZoomed=false
 [ETHUSDT] drawChart: 1445 velas disponibles, zoom=0.152, chartWidth=973, mostrando=800, userZoomed=false
 [ETHUSDT] drawChart: 1445 velas disponibles, zoom=0.152, chartWidth=973, mostrando=800, userZoomed=false
 [ETHUSDT] drawChart: 1445 velas disponibles, zoom=0.152, chartWidth=973, mostrando=800, userZoomed=false
 [ETHUSDT] drawChart: 1445 velas disponibles, zoom=0.152, chartWidth=973, mostrando=800, userZoomed=false
 [ETHUSDT] drawChart: 1445 velas disponibles, zoom=0.152, chartWidth=973, mostrando=800, userZoomed=false
 [ETHUSDT] drawChart: 1445 velas disponibles, zoom=0.152, chartWidth=973, mostrando=800, userZoomed=false
 [ETHUSDT] drawChart: 1445 velas disponibles, zoom=0.152, chartWidth=973, mostrando=800, userZoomed=false
 [CandleCache] 💾 ETHUSDT@1 - desde memoria (1444 velas)
 [CandleCache] ✓ ETHUSDT@1 - Cache valido: 1444 velas (esperadas: ~1440, ratio: 100.3%)
 [ETHUSDT] Carga INCREMENTAL: desde 29/1/2026, 7:45:00 p.m. (1444 velas en cache)
 [ETHUSDT] drawChart: 1445 velas disponibles, zoom=0.152, chartWidth=973, mostrando=800, userZoomed=false
 [ETHUSDT] drawChart: 1445 velas disponibles, zoom=0.152, chartWidth=973, mostrando=800, userZoomed=false
 [ETHUSDT] drawChart: 1445 velas disponibles, zoom=0.152, chartWidth=973, mostrando=800, userZoomed=false
 [CandleCache] 🔄 Merge: 1444 cached + 1 new = 1444 total
 [ETHUSDT] ✅ Incremental: +1 velas nuevas = 1444 total
 [ETHUSDT] ✅ Histórico final: 1444 velas
 [ETHUSDT] drawChart: 1445 velas disponibles, zoom=0.152, chartWidth=973, mostrando=800, userZoomed=false
 [CandleCache] ✅ ETHUSDT@1 - guardado (1444 velas, memoria: 1/4)
 [ETHUSDT] S&R v2: Fetching from backend...
 [ETHUSDT] drawChart: 1445 velas disponibles, zoom=0.152, chartWidth=973, mostrando=800, userZoomed=false
 [ETHUSDT] drawChart: 1445 velas disponibles, zoom=0.152, chartWidth=973, mostrando=800, userZoomed=false
 [ETHUSDT] drawChart: 1445 velas disponibles, zoom=0.152, chartWidth=973, mostrando=800, userZoomed=false
 [IndicatorCache] 💾 swing@ETHUSDT desde memoria
 [ETHUSDT] drawChart: 1445 velas disponibles, zoom=0.152, chartWidth=973, mostrando=800, userZoomed=false
 [ETHUSDT] drawChart: 1445 velas disponibles, zoom=0.152, chartWidth=973, mostrando=800, userZoomed=false
 [ETHUSDT] S&R v2 loaded: 2R, 2S
 [ETHUSDT] drawChart: 1445 velas disponibles, zoom=0.152, chartWidth=973, mostrando=800, userZoomed=false
 [ETHUSDT] drawChart: 1445 velas disponibles, zoom=0.152, chartWidth=973, mostrando=800, userZoomed=false
 [ETHUSDT] SwingDetector initialized with 1 days
 [IndicatorCache] 💾 swing@ETHUSDT desde memoria
 [ETHUSDT] SwingDetector startPollingIfReady: interval=true, enabled=true, config.enabled=true
 [ETHUSDT] drawChart: 1445 velas disponibles, zoom=0.152, chartWidth=973, mostrando=800, userZoomed=false
 [ETHUSDT] drawChart: 1445 velas disponibles, zoom=0.152, chartWidth=973, mostrando=800, userZoomed=false
 [ETHUSDT] drawChart: 1445 velas disponibles, zoom=0.152, chartWidth=973, mostrando=800, userZoomed=false
 [ETHUSDT] drawChart: 1445 velas disponibles, zoom=0.152, chartWidth=973, mostrando=800, userZoomed=false
 [ETHUSDT] drawChart: 1445 velas disponibles, zoom=0.152, chartWidth=973, mostrando=800, userZoomed=false
 [ETHUSDT] drawChart: 1445 velas disponibles, zoom=0.152, chartWidth=973, mostrando=800, userZoomed=false
 [ETHUSDT] drawChart: 1445 velas disponibles, zoom=0.152, chartWidth=973, mostrando=800, userZoomed=false
 [ETHUSDT] drawChart: 1445 velas disponibles, zoom=0.152, chartWidth=973, mostrando=800, userZoomed=false
 [ETHUSDT] drawChart: 1446 velas disponibles, zoom=0.152, chartWidth=973, mostrando=800, userZoomed=false
 [CandleCache] ✅ ETHUSDT@1 - guardado (1445 velas, memoria: 1/4)
 [ETHUSDT] SwingDetector: 246/246 signals for interval 1 (cached)
 [ETHUSDT] drawChart: 1446 velas disponibles, zoom=0.152, chartWidth=973, mostrando=800, userZoomed=false
 [ETHUSDT] drawChart: 1446 velas disponibles, zoom=0.152, chartWidth=973, mostrando=800, userZoomed=false
 [ETHUSDT] drawChart: 1446 velas disponibles, zoom=0.152, chartWidth=973, mostrando=800, userZoomed=false
 [ETHUSDT] drawChart: 1446 velas disponibles, zoom=0.152, chartWidth=973, mostrando=800, userZoomed=false
 [ETHUSDT] drawChart: 1446 velas disponibles, zoom=0.152, chartWidth=973, mostrando=800, userZoomed=false
 [ETHUSDT] drawChart: 1446 velas disponibles, zoom=0.152, chartWidth=973, mostrando=800, userZoomed=false
 [ETHUSDT] drawChart: 1446 velas disponibles, zoom=0.152, chartWidth=973, mostrando=800, userZoomed=false
 [ETHUSDT] drawChart: 1446 velas disponibles, zoom=0.152, chartWidth=973, mostrando=800, userZoomed=false
 [ETHUSDT] drawChart: 1446 velas disponibles, zoom=0.152, chartWidth=973, mostrando=800, userZoomed=false
 [IndicatorCache] 💾 swing@ETHUSDT desde memoria
 [ETHUSDT] drawChart: 1446 velas disponibles, zoom=0.152, chartWidth=973, mostrando=800, userZoomed=false
 [ETHUSDT] drawChart: 1446 velas disponibles, zoom=0.152, chartWidth=973, mostrando=800, userZoomed=false
 [ETHUSDT] drawChart: 1446 velas disponibles, zoom=0.152, chartWidth=973, mostrando=800, userZoomed=false
 [ETHUSDT] S&R v2 updated (polling): 2R, 2S
 [ETHUSDT] drawChart: 1446 velas disponibles, zoom=0.152, chartWidth=973, mostrando=800, userZoomed=false
 [ETHUSDT] drawChart: 1446 velas disponibles, zoom=0.152, chartWidth=973, mostrando=800, userZoomed=false
 [ETHUSDT] drawChart: 1446 velas disponibles, zoom=0.152, chartWidth=973, mostrando=800, userZoomed=false
 [ETHUSDT] drawChart: 1446 velas disponibles, zoom=0.152, chartWidth=973, mostrando=800, userZoomed=false
 [ETHUSDT] drawChart: 1446 velas disponibles, zoom=0.152, chartWidth=973, mostrando=800, userZoomed=false
 [ETHUSDT] drawChart: 1446 velas disponibles, zoom=0.152, chartWidth=973, mostrando=800, userZoomed=false
 [ETHUSDT] drawChart: 1446 velas disponibles, zoom=0.152, chartWidth=973, mostrando=800, userZoomed=false
 [ETHUSDT] drawChart: 1446 velas disponibles, zoom=0.152, chartWidth=973, mostrando=800, userZoomed=false
 [ETHUSDT] drawChart: 1446 velas disponibles, zoom=0.152, chartWidth=973, mostrando=800, userZoomed=false
 [ETHUSDT] drawChart: 1446 velas disponibles, zoom=0.152, chartWidth=973, mostrando=800, userZoomed=false
 [ETHUSDT] drawChart: 1446 velas disponibles, zoom=0.152, chartWidth=973, mostrando=800, userZoomed=false
 [ETHUSDT] drawChart: 1446 velas disponibles, zoom=0.152, chartWidth=973, mostrando=800, userZoomed=false
 [ETHUSDT] drawChart: 1446 velas disponibles, zoom=0.152, chartWidth=973, mostrando=800, userZoomed=false
 [ETHUSDT] drawChart: 1446 velas disponibles, zoom=0.152, chartWidth=973, mostrando=800, userZoomed=false
 [ETHUSDT] drawChart: 1446 velas disponibles, zoom=0.152, chartWidth=973, mostrando=800, userZoomed=false
 [ETHUSDT] drawChart: 1446 velas disponibles, zoom=0.152, chartWidth=973, mostrando=800, userZoomed=false
 [ETHUSDT] drawChart: 1446 velas disponibles, zoom=0.152, chartWidth=973, mostrando=800, userZoomed=false
 [ETHUSDT] drawChart: 1446 velas disponibles, zoom=0.152, chartWidth=973, mostrando=800, userZoomed=false
 [ETHUSDT] drawChart: 1446 velas disponibles, zoom=0.152, chartWidth=973, mostrando=800, userZoomed=false
 [IndicatorCache] 💾 swing@ETHUSDT desde memoria
 [ETHUSDT] drawChart: 1446 velas disponibles, zoom=0.152, chartWidth=973, mostrando=800, userZoomed=false
 [ETHUSDT] drawChart: 1446 velas disponibles, zoom=0.152, chartWidth=973, mostrando=800, userZoomed=false
 [ETHUSDT] drawChart: 1446 velas disponibles, zoom=0.152, chartWidth=973, mostrando=800, userZoomed=false
 [ETHUSDT] drawChart: 1446 velas disponibles, zoom=0.152, chartWidth=973, mostrando=800, userZoomed=false
 [ETHUSDT] drawChart: 1446 velas disponibles, zoom=0.152, chartWidth=973, mostrando=800, userZoomed=false
 [ETHUSDT] drawChart: 1446 velas disponibles, zoom=0.152, chartWidth=973, mostrando=800, userZoomed=false
 [ETHUSDT] drawChart: 1446 velas disponibles, zoom=0.152, chartWidth=973, mostrando=800, userZoomed=false
 [ETHUSDT] drawChart: 1446 velas disponibles, zoom=0.152, chartWidth=973, mostrando=800, userZoomed=false
 [ETHUSDT] drawChart: 1446 velas disponibles, zoom=0.152, chartWidth=973, mostrando=800, userZoomed=false
 [ETHUSDT] drawChart: 1447 velas disponibles, zoom=0.152, chartWidth=973, mostrando=800, userZoomed=false
 [CandleCache] ✅ ETHUSDT@1 - guardado (1446 velas, memoria: 1/4)
 [ETHUSDT] SwingDetector: 246/246 signals for interval 1 (cached)
 [ETHUSDT] drawChart: 1447 velas disponibles, zoom=0.152, chartWidth=973, mostrando=800, userZoomed=false
 [ETHUSDT] drawChart: 1447 velas disponibles, zoom=0.152, chartWidth=973, mostrando=800, userZoomed=false
 [ETHUSDT] drawChart: 1447 velas disponibles, zoom=0.152, chartWidth=973, mostrando=800, userZoomed=false
 [ETHUSDT] drawChart: 1447 velas disponibles, zoom=0.152, chartWidth=973, mostrando=800, userZoomed=false
 [ETHUSDT] drawChart: 1447 velas disponibles, zoom=0.152, chartWidth=973, mostrando=800, userZoomed=false
 [ETHUSDT] drawChart: 1447 velas disponibles, zoom=0.152, chartWidth=973, mostrando=800, userZoomed=false
 [ETHUSDT] drawChart: 1447 velas disponibles, zoom=0.152, chartWidth=973, mostrando=800, userZoomed=false
 [ETHUSDT] drawChart: 1447 velas disponibles, zoom=0.152, chartWidth=973, mostrando=800, userZoomed=false
 [ETHUSDT] drawChart: 1447 velas disponibles, zoom=0.152, chartWidth=973, mostrando=800, userZoomed=false
 [ETHUSDT] drawChart: 1447 velas disponibles, zoom=0.152, chartWidth=973, mostrando=800, userZoomed=false
 [ETHUSDT] drawChart: 1447 velas disponibles, zoom=0.152, chartWidth=973, mostrando=800, userZoomed=false
 [IndicatorCache] 💾 swing@ETHUSDT desde memoria
 [ETHUSDT] drawChart: 1447 velas disponibles, zoom=0.152, chartWidth=973, mostrando=800, userZoomed=false
 [ETHUSDT] drawChart: 1447 velas disponibles, zoom=0.152, chartWidth=973, mostrando=800, userZoomed=false
 [ETHUSDT] S&R v2 updated (polling): 2R, 2S
 [ETHUSDT] drawChart: 1447 velas disponibles, zoom=0.152, chartWidth=973, mostrando=800, userZoomed=false
 [ETHUSDT] drawChart: 1447 velas disponibles, zoom=0.152, chartWidth=973, mostrando=800, userZoomed=false
 [ETHUSDT] drawChart: 1447 velas disponibles, zoom=0.152, chartWidth=973, mostrando=800, userZoomed=false
 [ETHUSDT] drawChart: 1447 velas disponibles, zoom=0.152, chartWidth=973, mostrando=800, userZoomed=false
 [ETHUSDT] drawChart: 1447 velas disponibles, zoom=0.152, chartWidth=973, mostrando=800, userZoomed=false
 [ETHUSDT] drawChart: 1447 velas disponibles, zoom=0.152, chartWidth=973, mostrando=800, userZoomed=false
 [ETHUSDT] drawChart: 1447 velas disponibles, zoom=0.152, chartWidth=973, mostrando=800, userZoomed=false
 [ETHUSDT] drawChart: 1447 velas disponibles, zoom=0.152, chartWidth=973, mostrando=800, userZoomed=false
 [ETHUSDT] drawChart: 1447 velas disponibles, zoom=0.152, chartWidth=973, mostrando=800, userZoomed=false
 [ETHUSDT] drawChart: 1447 velas disponibles, zoom=0.152, chartWidth=973, mostrando=800, userZoomed=false
 [ETHUSDT] drawChart: 1447 velas disponibles, zoom=0.152, chartWidth=973, mostrando=800, userZoomed=false
 [ETHUSDT] drawChart: 1447 velas disponibles, zoom=0.152, chartWidth=973, mostrando=800, userZoomed=false
 [ETHUSDT] drawChart: 1447 velas disponibles, zoom=0.152, chartWidth=973, mostrando=800, userZoomed=false
 [ETHUSDT] drawChart: 1447 velas disponibles, zoom=0.152, chartWidth=973, mostrando=800, userZoomed=false
 [ETHUSDT] drawChart: 1447 velas disponibles, zoom=0.152, chartWidth=973, mostrando=800, userZoomed=false
 [ETHUSDT] drawChart: 1447 velas disponibles, zoom=0.152, chartWidth=973, mostrando=800, userZoomed=false
 [ETHUSDT] drawChart: 1447 velas disponibles, zoom=0.152, chartWidth=973, mostrando=800, userZoomed=false
 [ETHUSDT] drawChart: 1447 velas disponibles, zoom=0.152, chartWidth=973, mostrando=800, userZoomed=false
 [ETHUSDT] drawChart: 1447 velas disponibles, zoom=0.152, chartWidth=973, mostrando=800, userZoomed=false
 [ETHUSDT] drawChart: 1447 velas disponibles, zoom=0.152, chartWidth=973, mostrando=800, userZoomed=false
 [ETHUSDT] drawChart: 1447 velas disponibles, zoom=0.152, chartWidth=973, mostrando=800, userZoomed=false
 [ETHUSDT] drawChart: 1447 velas disponibles, zoom=0.152, chartWidth=973, mostrando=800, userZoomed=false
 [IndicatorCache] 💾 swing@ETHUSDT desde memoria
 [ETHUSDT] drawChart: 1447 velas disponibles, zoom=0.152, chartWidth=973, mostrando=800, userZoomed=false
 [ETHUSDT] drawChart: 1447 velas disponibles, zoom=0.152, chartWidth=973, mostrando=800, userZoomed=false
 [ETHUSDT] drawChart: 1447 velas disponibles, zoom=0.152, chartWidth=973, mostrando=800, userZoomed=false
 [ETHUSDT] drawChart: 1447 velas disponibles, zoom=0.152, chartWidth=973, mostrando=800, userZoomed=false
 [ETHUSDT] drawChart: 1447 velas disponibles, zoom=0.152, chartWidth=973, mostrando=800, userZoomed=false
 [ETHUSDT] drawChart: 1447 velas disponibles, zoom=0.152, chartWidth=973, mostrando=800, userZoomed=false
 [ETHUSDT] drawChart: 1447 velas disponibles, zoom=0.152, chartWidth=973, mostrando=800, userZoomed=false
 [ETHUSDT] drawChart: 1447 velas disponibles, zoom=0.152, chartWidth=973, mostrando=800, userZoomed=false
 [ETHUSDT] drawChart: 1447 velas disponibles, zoom=0.152, chartWidth=973, mostrando=800, userZoomed=false
 [ETHUSDT] drawChart: 1447 velas disponibles, zoom=0.152, chartWidth=973, mostrando=800, userZoomed=false
 [ETHUSDT] drawChart: 1448 velas disponibles, zoom=0.152, chartWidth=973, mostrando=800, userZoomed=false
 [CandleCache] ✅ ETHUSDT@1 - guardado (1447 velas, memoria: 1/4)
 [ETHUSDT] SwingDetector: 246/246 signals for interval 1 (cached)
 [ETHUSDT] drawChart: 1448 velas disponibles, zoom=0.152, chartWidth=973, mostrando=800, userZoomed=false
 [ETHUSDT] drawChart: 1448 velas disponibles, zoom=0.152, chartWidth=973, mostrando=800, userZoomed=false
 [ETHUSDT] drawChart: 1448 velas disponibles, zoom=0.152, chartWidth=973, mostrando=800, userZoomed=false
 [ETHUSDT] drawChart: 1448 velas disponibles, zoom=0.152, chartWidth=973, mostrando=800, userZoomed=false
 [ETHUSDT] drawChart: 1448 velas disponibles, zoom=0.152, chartWidth=973, mostrando=800, userZoomed=false
 [ETHUSDT] drawChart: 1448 velas disponibles, zoom=0.152, chartWidth=973, mostrando=800, userZoomed=false
 [ETHUSDT] drawChart: 1448 velas disponibles, zoom=0.152, chartWidth=973, mostrando=800, userZoomed=false
 [ETHUSDT] drawChart: 1448 velas disponibles, zoom=0.152, chartWidth=973, mostrando=800, userZoomed=false
 [IndicatorCache] 💾 swing@ETHUSDT desde memoria
 [ETHUSDT] drawChart: 1448 velas disponibles, zoom=0.152, chartWidth=973, mostrando=800, userZoomed=false
 [ETHUSDT] drawChart: 1448 velas disponibles, zoom=0.152, chartWidth=973, mostrando=800, userZoomed=false
 [ETHUSDT] S&R v2 updated (polling): 2R, 2S
 [ETHUSDT] drawChart: 1448 velas disponibles, zoom=0.152, chartWidth=973, mostrando=800, userZoomed=false
 [ETHUSDT] drawChart: 1448 velas disponibles, zoom=0.152, chartWidth=973, mostrando=800, userZoomed=false
 [ETHUSDT] drawChart: 1448 velas disponibles, zoom=0.152, chartWidth=973, mostrando=800, userZoomed=false
 [ETHUSDT] drawChart: 1448 velas disponibles, zoom=0.152, chartWidth=973, mostrando=800, userZoomed=false
 [ETHUSDT] drawChart: 1448 velas disponibles, zoom=0.152, chartWidth=973, mostrando=800, userZoomed=false
 [ETHUSDT] drawChart: 1448 velas disponibles, zoom=0.152, chartWidth=973, mostrando=800, userZoomed=false
 [ETHUSDT] drawChart: 1448 velas disponibles, zoom=0.152, chartWidth=973, mostrando=800, userZoomed=false
 [ETHUSDT] drawChart: 1448 velas disponibles, zoom=0.152, chartWidth=973, mostrando=800, userZoomed=false
 [ETHUSDT] drawChart: 1448 velas disponibles, zoom=0.152, chartWidth=973, mostrando=800, userZoomed=false
 [ETHUSDT] drawChart: 1448 velas disponibles, zoom=0.152, chartWidth=973, mostrando=800, userZoomed=false
 [ETHUSDT] drawChart: 1448 velas disponibles, zoom=0.152, chartWidth=973, mostrando=800, userZoomed=false
 [ETHUSDT] drawChart: 1448 velas disponibles, zoom=0.152, chartWidth=973, mostrando=800, userZoomed=false
 [ETHUSDT] drawChart: 1448 velas disponibles, zoom=0.152, chartWidth=973, mostrando=800, userZoomed=false
index.js:25 [IndicatorCache] 💾 swing@ETHUSDT desde memoria
index.js:57 [ETHUSDT] drawChart: 1448 velas disponibles, zoom=0.152, chartWidth=973, mostrando=800, userZoomed=false
index.js:57 [ETHUSDT] drawChart: 1448 velas disponibles, zoom=0.152, chartWidth=973, mostrando=800, userZoomed=false
index.js:57 [ETHUSDT] drawChart: 1448 velas disponibles, zoom=0.152, chartWidth=973, mostrando=800, userZoomed=false
index.js:57 [ETHUSDT] drawChart: 1448 velas disponibles, zoom=0.152, chartWidth=973, mostrando=800, userZoomed=false
index.js:57 [ETHUSDT] drawChart: 1448 velas disponibles, zoom=0.152, chartWidth=973, mostrando=800, userZoomed=false
index.js:57 [ETHUSDT] drawChart: 1448 velas disponibles, zoom=0.152, chartWidth=973, mostrando=800, userZoomed=false
index.js:57 [ETHUSDT] drawChart: 1448 velas disponibles, zoom=0.152, chartWidth=973, mostrando=800, userZoomed=false
index.js:57 [ETHUSDT] drawChart: 1448 velas disponibles, zoom=0.152, chartWidth=973, mostrando=800, userZoomed=false
index.js:57 [ETHUSDT] drawChart: 1448 velas disponibles, zoom=0.152, chartWidth=973, mostrando=800, userZoomed=false
index.js:57 [ETHUSDT] drawChart: 1448 velas disponibles, zoom=0.152, chartWidth=973, mostrando=800, userZoomed=false
index.js:57 [ETHUSDT] drawChart: 1449 velas disponibles, zoom=0.152, chartWidth=973, mostrando=800, userZoomed=false
index.js:57 [CandleCache] ✅ ETHUSDT@1 - guardado (1448 velas, memoria: 1/4)
index.js:53 [ETHUSDT] SwingDetector: 247/247 signals for interval 1 (cached)
index.js:57 [ETHUSDT] drawChart: 1449 velas disponibles, zoom=0.152, chartWidth=973, mostrando=800, userZoomed=false
index.js:57 [ETHUSDT] drawChart: 1449 velas disponibles, zoom=0.152, chartWidth=973, mostrando=800, userZoomed=false
index.js:57 [ETHUSDT] drawChart: 1449 velas disponibles, zoom=0.152, chartWidth=973, mostrando=800, userZoomed=false
index.js:57 [ETHUSDT] drawChart: 1449 velas disponibles, zoom=0.152, chartWidth=973, mostrando=800, userZoomed=false
index.js:57 [ETHUSDT] drawChart: 1449 velas disponibles, zoom=0.152, chartWidth=973, mostrando=800, userZoomed=false
index.js:25 [IndicatorCache] 💾 swing@ETHUSDT desde memoria
index.js:57 [ETHUSDT] drawChart: 1449 velas disponibles, zoom=0.152, chartWidth=973, mostrando=800, userZoomed=false
index.js:57 [ETHUSDT] drawChart: 1449 velas disponibles, zoom=0.152, chartWidth=973, mostrando=800, userZoomed=false
index.js:53 [ETHUSDT] S&R v2 updated (polling): 2R, 2S
index.js:57 [ETHUSDT] drawChart: 1449 velas disponibles, zoom=0.152, chartWidth=973, mostrando=800, userZoomed=false
index.js:57 [ETHUSDT] drawChart: 1449 velas disponibles, zoom=0.152, chartWidth=973, mostrando=800, userZoomed=false
index.js:57 [ETHUSDT] drawChart: 1449 velas disponibles, zoom=0.152, chartWidth=973, mostrando=800, userZoomed=false
index.js:57 [ETHUSDT] drawChart: 1449 velas disponibles, zoom=0.152, chartWidth=973, mostrando=800, userZoomed=false
index.js:57 [ETHUSDT] drawChart: 1449 velas disponibles, zoom=0.152, chartWidth=973, mostrando=800, userZoomed=false
index.js:57 [ETHUSDT] drawChart: 1449 velas disponibles, zoom=0.152, chartWidth=973, mostrando=800, userZoomed=false
index.js:57 [ETHUSDT] drawChart: 1449 velas disponibles, zoom=0.152, chartWidth=973, mostrando=800, userZoomed=false
index.js:57 [ETHUSDT] drawChart: 1449 velas disponibles, zoom=0.152, chartWidth=973, mostrando=800, userZoomed=false
index.js:57 [ETHUSDT] drawChart: 1449 velas disponibles, zoom=0.152, chartWidth=973, mostrando=800, userZoomed=false
index.js:57 [ETHUSDT] drawChart: 1449 velas disponibles, zoom=0.152, chartWidth=973, mostrando=800, userZoomed=false
index.js:57 [ETHUSDT] drawChart: 1449 velas disponibles, zoom=0.152, chartWidth=973, mostrando=800, userZoomed=false
index.js:57 [ETHUSDT] drawChart: 1449 velas disponibles, zoom=0.152, chartWidth=973, mostrando=800, userZoomed=false
index.js:57 [ETHUSDT] drawChart: 1449 velas disponibles, zoom=0.152, chartWidth=973, mostrando=800, userZoomed=false
index.js:57 [ETHUSDT] drawChart: 1449 velas disponibles, zoom=0.152, chartWidth=973, mostrando=800, userZoomed=false
index.js:57 [ETHUSDT] drawChart: 1449 velas disponibles, zoom=0.152, chartWidth=973, mostrando=800, userZoomed=false
index.js:25 [IndicatorCache] 💾 swing@ETHUSDT desde memoria
index.js:57 [ETHUSDT] drawChart: 1449 velas disponibles, zoom=0.152, chartWidth=973, mostrando=800, userZoomed=false
index.js:57 [ETHUSDT] drawChart: 1449 velas disponibles, zoom=0.152, chartWidth=973, mostrando=800, userZoomed=false
index.js:57 [ETHUSDT] drawChart: 1449 velas disponibles, zoom=0.152, chartWidth=973, mostrando=800, userZoomed=false
index.js:57 [ETHUSDT] drawChart: 1449 velas disponibles, zoom=0.152, chartWidth=973, mostrando=800, userZoomed=false
index.js:57 [ETHUSDT] drawChart: 1449 velas disponibles, zoom=0.152, chartWidth=973, mostrando=800, userZoomed=false
index.js:57 [ETHUSDT] drawChart: 1449 velas disponibles, zoom=0.152, chartWidth=973, mostrando=800, userZoomed=false
index.js:57 [ETHUSDT] drawChart: 1449 velas disponibles, zoom=0.152, chartWidth=973, mostrando=800, userZoomed=false
index.js:57 [ETHUSDT] drawChart: 1449 velas disponibles, zoom=0.152, chartWidth=973, mostrando=800, userZoomed=false
index.js:57 [ETHUSDT] drawChart: 1449 velas disponibles, zoom=0.152, chartWidth=973, mostrando=800, userZoomed=false
index.js:57 [ETHUSDT] drawChart: 1449 velas disponibles, zoom=0.152, chartWidth=973, mostrando=800, userZoomed=false
index.js:57 [ETHUSDT] drawChart: 1449 velas disponibles, zoom=0.152, chartWidth=973, mostrando=800, userZoomed=false
index.js:57 [ETHUSDT] drawChart: 1449 velas disponibles, zoom=0.152, chartWidth=973, mostrando=800, userZoomed=false
index.js:57 [ETHUSDT] drawChart: 1449 velas disponibles, zoom=0.152, chartWidth=973, mostrando=800, userZoomed=false
index.js:57 [ETHUSDT] drawChart: 1449 velas disponibles, zoom=0.152, chartWidth=973, mostrando=800, userZoomed=false
index.js:57 [ETHUSDT] drawChart: 1449 velas disponibles, zoom=0.152, chartWidth=973, mostrando=800, userZoomed=false
index.js:57 [ETHUSDT] drawChart: 1449 velas disponibles, zoom=0.152, chartWidth=973, mostrando=800, userZoomed=false
index.js:57 [ETHUSDT] drawChart: 1449 velas disponibles, zoom=0.152, chartWidth=973, mostrando=800, userZoomed=false
index.js:57 [ETHUSDT] drawChart: 1450 velas disponibles, zoom=0.152, chartWidth=973, mostrando=800, userZoomed=false
index.js:57 [CandleCache] ✅ ETHUSDT@1 - guardado (1449 velas, memoria: 1/4)
index.js:53 [ETHUSDT] SwingDetector: 247/247 signals for interval 1 (cached)
index.js:57 [ETHUSDT] drawChart: 1450 velas disponibles, zoom=0.152, chartWidth=973, mostrando=800, userZoomed=false
index.js:57 [ETHUSDT] drawChart: 1450 velas disponibles, zoom=0.152, chartWidth=973, mostrando=800, userZoomed=false
index.js:57 [ETHUSDT] drawChart: 1450 velas disponibles, zoom=0.152, chartWidth=973, mostrando=800, userZoomed=false
index.js:57 [ETHUSDT] drawChart: 1450 velas disponibles, zoom=0.152, chartWidth=973, mostrando=800, userZoomed=false
index.js:57 [ETHUSDT] drawChart: 1450 velas disponibles, zoom=0.152, chartWidth=973, mostrando=800, userZoomed=false
index.js:57 [ETHUSDT] drawChart: 1450 velas disponibles, zoom=0.152, chartWidth=973, mostrando=800, userZoomed=false
index.js:57 [ETHUSDT] drawChart: 1450 velas disponibles, zoom=0.152, chartWidth=973, mostrando=800, userZoomed=false
index.js:57 [ETHUSDT] drawChart: 1450 velas disponibles, zoom=0.152, chartWidth=973, mostrando=800, userZoomed=false
index.js:57 [ETHUSDT] drawChart: 1450 velas disponibles, zoom=0.152, chartWidth=973, mostrando=800, userZoomed=false
index.js:57 [ETHUSDT] drawChart: 1450 velas disponibles, zoom=0.152, chartWidth=973, mostrando=800, userZoomed=false
index.js:57 [ETHUSDT] drawChart: 1450 velas disponibles, zoom=0.152, chartWidth=973, mostrando=800, userZoomed=false
index.js:57 [ETHUSDT] drawChart: 1450 velas disponibles, zoom=0.152, chartWidth=973, mostrando=800, userZoomed=false
index.js:57 [ETHUSDT] drawChart: 1450 velas disponibles, zoom=0.152, chartWidth=973, mostrando=800, userZoomed=false
index.js:25 [IndicatorCache] 💾 swing@ETHUSDT desde memoria
index.js:57 [ETHUSDT] drawChart: 1450 velas disponibles, zoom=0.152, chartWidth=973, mostrando=800, userZoomed=false
index.js:53 [ETHUSDT] S&R v2 updated (polling): 2R, 2S
index.js:57 [ETHUSDT] drawChart: 1450 velas disponibles, zoom=0.152, chartWidth=973, mostrando=800, userZoomed=false
index.js:57 [ETHUSDT] drawChart: 1450 velas disponibles, zoom=0.152, chartWidth=973, mostrando=800, userZoomed=false
index.js:57 [ETHUSDT] drawChart: 1450 velas disponibles, zoom=0.152, chartWidth=973, mostrando=800, userZoomed=false
index.js:57 [ETHUSDT] drawChart: 1450 velas disponibles, zoom=0.152, chartWidth=973, mostrando=800, userZoomed=false
index.js:57 [ETHUSDT] drawChart: 1450 velas disponibles, zoom=0.152, chartWidth=973, mostrando=800, userZoomed=false
index.js:57 [ETHUSDT] drawChart: 1450 velas disponibles, zoom=0.152, chartWidth=973, mostrando=800, userZoomed=false
index.js:57 [ETHUSDT] drawChart: 1450 velas disponibles, zoom=0.152, chartWidth=973, mostrando=800, userZoomed=false
index.js:57 [ETHUSDT] drawChart: 1450 velas disponibles, zoom=0.152, chartWidth=973, mostrando=800, userZoomed=false
index.js:57 [ETHUSDT] drawChart: 1450 velas disponibles, zoom=0.152, chartWidth=973, mostrando=800, userZoomed=false
index.js:57 [ETHUSDT] drawChart: 1450 velas disponibles, zoom=0.152, chartWidth=973, mostrando=800, userZoomed=false
index.js:57 [ETHUSDT] drawChart: 1450 velas disponibles, zoom=0.152, chartWidth=973, mostrando=800, userZoomed=false
index.js:57 [ETHUSDT] drawChart: 1450 velas disponibles, zoom=0.152, chartWidth=973, mostrando=800, userZoomed=false
index.js:57 [ETHUSDT] drawChart: 1450 velas disponibles, zoom=0.152, chartWidth=973, mostrando=800, userZoomed=false
index.js:57 [ETHUSDT] drawChart: 1450 velas disponibles, zoom=0.152, chartWidth=973, mostrando=800, userZoomed=false
index.js:57 [ETHUSDT] drawChart: 1450 velas disponibles, zoom=0.152, chartWidth=973, mostrando=800, userZoomed=false
index.js:57 [ETHUSDT] drawChart: 1450 velas disponibles, zoom=0.152, chartWidth=973, mostrando=800, userZoomed=false
index.js:57 [ETHUSDT] drawChart: 1450 velas disponibles, zoom=0.152, chartWidth=973, mostrando=800, userZoomed=false
index.js:57 [ETHUSDT] drawChart: 1450 velas disponibles, zoom=0.152, chartWidth=973, mostrando=800, userZoomed=false
index.js:57 [ETHUSDT] drawChart: 1450 velas disponibles, zoom=0.152, chartWidth=973, mostrando=800, userZoomed=false
index.js:57 [ETHUSDT] drawChart: 1450 velas disponibles, zoom=0.152, chartWidth=973, mostrando=800, userZoomed=false
index.js:57 [CandleCache] 💾 ETHUSDT@1 - desde memoria (1449 velas)
index.js:57 [CandleCache] ✓ ETHUSDT@1 - Cache valido: 1449 velas (esperadas: ~1440, ratio: 100.6%)
index.js:57 [ETHUSDT] Carga INCREMENTAL: desde 29/1/2026, 7:50:00 p.m. (1449 velas en cache)
index.js:57 [ETHUSDT] drawChart: 1450 velas disponibles, zoom=0.152, chartWidth=973, mostrando=800, userZoomed=false
index.js:57 [CandleCache] 🔄 Merge: 1449 cached + 1 new = 1449 total
index.js:57 [ETHUSDT] ✅ Incremental: +1 velas nuevas = 1449 total
index.js:57 [ETHUSDT] ✅ Histórico final: 1449 velas
index.js:57 [ETHUSDT] drawChart: 1450 velas disponibles, zoom=0.152, chartWidth=973, mostrando=800, userZoomed=false
index.js:57 [CandleCache] ✅ ETHUSDT@1 - guardado (1449 velas, memoria: 1/4)
index.js:53 [ETHUSDT] S&R v2: Fetching from backend...
index.js:57 [ETHUSDT] drawChart: 1450 velas disponibles, zoom=0.152, chartWidth=973, mostrando=800, userZoomed=false
index.js:57 [ETHUSDT] drawChart: 1450 velas disponibles, zoom=0.152, chartWidth=973, mostrando=800, userZoomed=false
index.js:57 [ETHUSDT] drawChart: 1450 velas disponibles, zoom=0.152, chartWidth=973, mostrando=800, userZoomed=false
index.js:57 [ETHUSDT] drawChart: 1450 velas disponibles, zoom=0.152, chartWidth=973, mostrando=800, userZoomed=false
index.js:57 [ETHUSDT] drawChart: 1450 velas disponibles, zoom=0.152, chartWidth=973, mostrando=800, userZoomed=false
index.js:25 [IndicatorCache] 💾 swing@ETHUSDT desde memoria
index.js:57 [ETHUSDT] drawChart: 1450 velas disponibles, zoom=0.152, chartWidth=973, mostrando=800, userZoomed=false
index.js:57 [ETHUSDT] drawChart: 1450 velas disponibles, zoom=0.152, chartWidth=973, mostrando=800, userZoomed=false
index.js:53 [ETHUSDT] S&R v2 loaded: 2R, 2S
index.js:57 [ETHUSDT] drawChart: 1450 velas disponibles, zoom=0.152, chartWidth=973, mostrando=800, userZoomed=false
index.js:57 [ETHUSDT] drawChart: 1450 velas disponibles, zoom=0.152, chartWidth=973, mostrando=800, userZoomed=false
index.js:57 [ETHUSDT] drawChart: 1450 velas disponibles, zoom=0.152, chartWidth=973, mostrando=800, userZoomed=false
index.js:53 [ETHUSDT] SwingDetector initialized with 1 days
index.js:25 [IndicatorCache] 💾 swing@ETHUSDT desde memoria
index.js:53 [ETHUSDT] SwingDetector startPollingIfReady: interval=true, enabled=true, config.enabled=true
index.js:57 [ETHUSDT] drawChart: 1450 velas disponibles, zoom=0.152, chartWidth=973, mostrando=800, userZoomed=false
index.js:57 [ETHUSDT] drawChart: 1450 velas disponibles, zoom=0.152, chartWidth=973, mostrando=800, userZoomed=false
index.js:57 [ETHUSDT] drawChart: 1450 velas disponibles, zoom=0.152, chartWidth=973, mostrando=800, userZoomed=false
index.js:57 [ETHUSDT] drawChart: 1450 velas disponibles, zoom=0.152, chartWidth=973, mostrando=800, userZoomed=false
index.js:57 [ETHUSDT] drawChart: 1450 velas disponibles, zoom=0.152, chartWidth=973, mostrando=800, userZoomed=false
index.js:57 [ETHUSDT] drawChart: 1450 velas disponibles, zoom=0.152, chartWidth=973, mostrando=800, userZoomed=false
index.js:57 [ETHUSDT] drawChart: 1450 velas disponibles, zoom=0.152, chartWidth=973, mostrando=800, userZoomed=false
index.js:57 [ETHUSDT] drawChart: 1450 velas disponibles, zoom=0.152, chartWidth=973, mostrando=800, userZoomed=false
index.js:57 [ETHUSDT] drawChart: 1450 velas disponibles, zoom=0.152, chartWidth=973, mostrando=800, userZoomed=false
index.js:57 [ETHUSDT] drawChart: 1450 velas disponibles, zoom=0.152, chartWidth=973, mostrando=800, userZoomed=false
index.js:57 [ETHUSDT] drawChart: 1450 velas disponibles, zoom=0.152, chartWidth=973, mostrando=800, userZoomed=false
index.js:57 [ETHUSDT] drawChart: 1450 velas disponibles, zoom=0.152, chartWidth=973, mostrando=800, userZoomed=false
index.js:57 [ETHUSDT] drawChart: 1450 velas disponibles, zoom=0.152, chartWidth=973, mostrando=800, userZoomed=false
index.js:57 [ETHUSDT] drawChart: 1450 velas disponibles, zoom=0.152, chartWidth=973, mostrando=800, userZoomed=false
index.js:57 [ETHUSDT] drawChart: 1450 velas disponibles, zoom=0.152, chartWidth=973, mostrando=800, userZoomed=false
index.js:57 [ETHUSDT] drawChart: 1451 velas disponibles, zoom=0.152, chartWidth=973, mostrando=800, userZoomed=false
index.js:57 [CandleCache] ✅ ETHUSDT@1 - guardado (1450 velas, memoria: 1/4)
index.js:53 [ETHUSDT] SwingDetector: 246/246 signals for interval 1 (cached)
index.js:57 [ETHUSDT] drawChart: 1451 velas disponibles, zoom=0.152, chartWidth=973, mostrando=800, userZoomed=false
index.js:57 [ETHUSDT] drawChart: 1451 velas disponibles, zoom=0.152, chartWidth=989, mostrando=813, userZoomed=false
index.js:57 [ETHUSDT] drawChart: 1451 velas disponibles, zoom=0.152, chartWidth=989, mostrando=813, userZoomed=false
index.js:57 [ETHUSDT] drawChart: 1451 velas disponibles, zoom=0.152, chartWidth=989, mostrando=813, userZoomed=false
index.js:57 [ETHUSDT] drawChart: 1451 velas disponibles, zoom=0.152, chartWidth=989, mostrando=813, userZoomed=false
index.js:57 [ETHUSDT] drawChart: 1451 velas disponibles, zoom=0.152, chartWidth=989, mostrando=813, userZoomed=false
index.js:57 [ETHUSDT] drawChart: 1451 velas disponibles, zoom=0.152, chartWidth=989, mostrando=813, userZoomed=false
index.js:57 [ETHUSDT] drawChart: 1451 velas disponibles, zoom=0.152, chartWidth=989, mostrando=813, userZoomed=false
index.js:57 [ETHUSDT] drawChart: 1451 velas disponibles, zoom=0.152, chartWidth=989, mostrando=813, userZoomed=false
index.js:57 [ETHUSDT] drawChart: 1451 velas disponibles, zoom=0.152, chartWidth=989, mostrando=813, userZoomed=false
index.js:57 [ETHUSDT] drawChart: 1451 velas disponibles, zoom=0.152, chartWidth=989, mostrando=813, userZoomed=false
index.js:57 [ETHUSDT] drawChart: 1451 velas disponibles, zoom=0.152, chartWidth=989, mostrando=813, userZoomed=false
index.js:57 [ETHUSDT] drawChart: 1451 velas disponibles, zoom=0.152, chartWidth=989, mostrando=813, userZoomed=false
index.js:57 [ETHUSDT] drawChart: 1451 velas disponibles, zoom=0.167, chartWidth=989, mostrando=739, userZoomed=true
index.js:57 [ETHUSDT] drawChart: 1451 velas disponibles, zoom=0.184, chartWidth=989, mostrando=672, userZoomed=true
index.js:57 [ETHUSDT] drawChart: 1451 velas disponibles, zoom=0.202, chartWidth=989, mostrando=610, userZoomed=true
index.js:57 [ETHUSDT] drawChart: 1451 velas disponibles, zoom=0.223, chartWidth=989, mostrando=555, userZoomed=true
index.js:57 [ETHUSDT] drawChart: 1451 velas disponibles, zoom=0.245, chartWidth=989, mostrando=504, userZoomed=true
index.js:57 [ETHUSDT] drawChart: 1451 velas disponibles, zoom=0.269, chartWidth=989, mostrando=459, userZoomed=true
index.js:57 [ETHUSDT] drawChart: 1451 velas disponibles, zoom=0.296, chartWidth=989, mostrando=417, userZoomed=true
index.js:57 [ETHUSDT] drawChart: 1451 velas disponibles, zoom=0.326, chartWidth=989, mostrando=379, userZoomed=true
index.js:57 [ETHUSDT] drawChart: 1451 velas disponibles, zoom=0.326, chartWidth=989, mostrando=379, userZoomed=true
index.js:57 [ETHUSDT] drawChart: 1451 velas disponibles, zoom=0.358, chartWidth=989, mostrando=344, userZoomed=true
index.js:57 [ETHUSDT] drawChart: 1451 velas disponibles, zoom=0.394, chartWidth=989, mostrando=313, userZoomed=true
index.js:57 [ETHUSDT] drawChart: 1451 velas disponibles, zoom=0.434, chartWidth=989, mostrando=285, userZoomed=true
index.js:57 [ETHUSDT] drawChart: 1451 velas disponibles, zoom=0.477, chartWidth=989, mostrando=259, userZoomed=true
index.js:57 [ETHUSDT] drawChart: 1451 velas disponibles, zoom=0.525, chartWidth=989, mostrando=235, userZoomed=true
index.js:57 [ETHUSDT] drawChart: 1451 velas disponibles, zoom=0.577, chartWidth=989, mostrando=214, userZoomed=true
index.js:57 [ETHUSDT] drawChart: 1451 velas disponibles, zoom=0.577, chartWidth=989, mostrando=214, userZoomed=true
index.js:57 [ETHUSDT] drawChart: 1451 velas disponibles, zoom=0.577, chartWidth=989, mostrando=214, userZoomed=true
index.js:57 [ETHUSDT] drawChart: 1451 velas disponibles, zoom=0.577, chartWidth=989, mostrando=214, userZoomed=true
index.js:57 [ETHUSDT] drawChart: 1451 velas disponibles, zoom=0.577, chartWidth=989, mostrando=214, userZoomed=true
index.js:57 [ETHUSDT] drawChart: 1451 velas disponibles, zoom=0.577, chartWidth=989, mostrando=214, userZoomed=true
index.js:57 [ETHUSDT] drawChart: 1451 velas disponibles, zoom=0.577, chartWidth=989, mostrando=214, userZoomed=true
index.js:57 [ETHUSDT] drawChart: 1451 velas disponibles, zoom=0.577, chartWidth=989, mostrando=214, userZoomed=true
index.js:57 [ETHUSDT] drawChart: 1451 velas disponibles, zoom=0.577, chartWidth=989, mostrando=214, userZoomed=true
index.js:57 [ETHUSDT] drawChart: 1451 velas disponibles, zoom=0.577, chartWidth=989, mostrando=214, userZoomed=true
index.js:57 [ETHUSDT] drawChart: 1451 velas disponibles, zoom=0.577, chartWidth=989, mostrando=214, userZoomed=true
index.js:57 [ETHUSDT] drawChart: 1451 velas disponibles, zoom=0.577, chartWidth=989, mostrando=214, userZoomed=true
index.js:57 [ETHUSDT] drawChart: 1451 velas disponibles, zoom=0.577, chartWidth=989, mostrando=214, userZoomed=true
index.js:57 [ETHUSDT] drawChart: 1451 velas disponibles, zoom=0.577, chartWidth=989, mostrando=214, userZoomed=true
index.js:57 [ETHUSDT] drawChart: 1451 velas disponibles, zoom=0.577, chartWidth=989, mostrando=214, userZoomed=true
index.js:57 [ETHUSDT] drawChart: 1451 velas disponibles, zoom=0.577, chartWidth=989, mostrando=214, userZoomed=true
index.js:57 [ETHUSDT] drawChart: 1451 velas disponibles, zoom=0.577, chartWidth=989, mostrando=214, userZoomed=true
index.js:57 [ETHUSDT] drawChart: 1451 velas disponibles, zoom=0.577, chartWidth=989, mostrando=214, userZoomed=true
index.js:57 [ETHUSDT] drawChart: 1451 velas disponibles, zoom=0.577, chartWidth=989, mostrando=214, userZoomed=true
index.js:57 [ETHUSDT] drawChart: 1451 velas disponibles, zoom=0.577, chartWidth=989, mostrando=214, userZoomed=true
index.js:57 [ETHUSDT] drawChart: 1451 velas disponibles, zoom=0.577, chartWidth=989, mostrando=214, userZoomed=true
index.js:57 [ETHUSDT] drawChart: 1451 velas disponibles, zoom=0.577, chartWidth=989, mostrando=214, userZoomed=true
index.js:57 [ETHUSDT] drawChart: 1451 velas disponibles, zoom=0.577, chartWidth=989, mostrando=214, userZoomed=true
index.js:57 [ETHUSDT] drawChart: 1451 velas disponibles, zoom=0.577, chartWidth=989, mostrando=214, userZoomed=true
index.js:57 [ETHUSDT] drawChart: 1451 velas disponibles, zoom=0.577, chartWidth=989, mostrando=214, userZoomed=true
index.js:57 [ETHUSDT] drawChart: 1451 velas disponibles, zoom=0.577, chartWidth=989, mostrando=214, userZoomed=true
index.js:57 [ETHUSDT] drawChart: 1451 velas disponibles, zoom=0.577, chartWidth=989, mostrando=214, userZoomed=true
index.js:57 [ETHUSDT] drawChart: 1451 velas disponibles, zoom=0.577, chartWidth=989, mostrando=214, userZoomed=true
index.js:57 [ETHUSDT] drawChart: 1451 velas disponibles, zoom=0.577, chartWidth=989, mostrando=214, userZoomed=true
index.js:57 [ETHUSDT] drawChart: 1451 velas disponibles, zoom=0.577, chartWidth=989, mostrando=214, userZoomed=true
index.js:57 [ETHUSDT] drawChart: 1451 velas disponibles, zoom=0.577, chartWidth=989, mostrando=214, userZoomed=true
index.js:57 [ETHUSDT] drawChart: 1451 velas disponibles, zoom=0.577, chartWidth=989, mostrando=214, userZoomed=true
index.js:57 [ETHUSDT] drawChart: 1451 velas disponibles, zoom=0.577, chartWidth=989, mostrando=214, userZoomed=true
index.js:57 [ETHUSDT] drawChart: 1451 velas disponibles, zoom=0.577, chartWidth=989, mostrando=214, userZoomed=true
index.js:57 [ETHUSDT] drawChart: 1451 velas disponibles, zoom=0.577, chartWidth=989, mostrando=214, userZoomed=true
index.js:57 [ETHUSDT] drawChart: 1451 velas disponibles, zoom=0.577, chartWidth=989, mostrando=214, userZoomed=true
index.js:57 [ETHUSDT] drawChart: 1451 velas disponibles, zoom=0.577, chartWidth=989, mostrando=214, userZoomed=true
index.js:57 [ETHUSDT] drawChart: 1451 velas disponibles, zoom=0.577, chartWidth=989, mostrando=214, userZoomed=true
index.js:57 [ETHUSDT] drawChart: 1451 velas disponibles, zoom=0.577, chartWidth=989, mostrando=214, userZoomed=true
index.js:57 [ETHUSDT] drawChart: 1451 velas disponibles, zoom=0.577, chartWidth=989, mostrando=214, userZoomed=true
index.js:57 [ETHUSDT] drawChart: 1451 velas disponibles, zoom=0.577, chartWidth=989, mostrando=214, userZoomed=true
index.js:57 [ETHUSDT] drawChart: 1451 velas disponibles, zoom=0.577, chartWidth=989, mostrando=214, userZoomed=true
index.js:57 [ETHUSDT] drawChart: 1451 velas disponibles, zoom=0.577, chartWidth=989, mostrando=214, userZoomed=true
index.js:57 [ETHUSDT] drawChart: 1451 velas disponibles, zoom=0.577, chartWidth=989, mostrando=214, userZoomed=true
index.js:57 [ETHUSDT] drawChart: 1451 velas disponibles, zoom=0.577, chartWidth=989, mostrando=214, userZoomed=true
index.js:57 [ETHUSDT] drawChart: 1451 velas disponibles, zoom=0.577, chartWidth=989, mostrando=214, userZoomed=true
index.js:57 [ETHUSDT] drawChart: 1451 velas disponibles, zoom=0.577, chartWidth=989, mostrando=214, userZoomed=true
index.js:57 [ETHUSDT] drawChart: 1451 velas disponibles, zoom=0.577, chartWidth=989, mostrando=214, userZoomed=true
index.js:57 [ETHUSDT] drawChart: 1451 velas disponibles, zoom=0.577, chartWidth=989, mostrando=214, userZoomed=true
index.js:57 [ETHUSDT] drawChart: 1451 velas disponibles, zoom=0.577, chartWidth=989, mostrando=214, userZoomed=true
index.js:57 [ETHUSDT] drawChart: 1451 velas disponibles, zoom=0.577, chartWidth=989, mostrando=214, userZoomed=true
index.js:57 [ETHUSDT] drawChart: 1451 velas disponibles, zoom=0.577, chartWidth=989, mostrando=214, userZoomed=true
index.js:57 [ETHUSDT] drawChart: 1451 velas disponibles, zoom=0.577, chartWidth=989, mostrando=214, userZoomed=true
index.js:57 [ETHUSDT] drawChart: 1451 velas disponibles, zoom=0.577, chartWidth=989, mostrando=214, userZoomed=true
index.js:57 [ETHUSDT] drawChart: 1451 velas disponibles, zoom=0.577, chartWidth=989, mostrando=214, userZoomed=true
index.js:57 [ETHUSDT] drawChart: 1451 velas disponibles, zoom=0.577, chartWidth=989, mostrando=214, userZoomed=true
index.js:57 [ETHUSDT] drawChart: 1451 velas disponibles, zoom=0.577, chartWidth=989, mostrando=214, userZoomed=true
index.js:57 [ETHUSDT] drawChart: 1451 velas disponibles, zoom=0.577, chartWidth=989, mostrando=214, userZoomed=true
index.js:57 [ETHUSDT] drawChart: 1451 velas disponibles, zoom=0.577, chartWidth=989, mostrando=214, userZoomed=true
index.js:57 [ETHUSDT] drawChart: 1451 velas disponibles, zoom=0.577, chartWidth=989, mostrando=214, userZoomed=true
index.js:57 [ETHUSDT] drawChart: 1451 velas disponibles, zoom=0.577, chartWidth=989, mostrando=214, userZoomed=true
index.js:57 [ETHUSDT] drawChart: 1451 velas disponibles, zoom=0.577, chartWidth=989, mostrando=214, userZoomed=true
index.js:57 [ETHUSDT] drawChart: 1451 velas disponibles, zoom=0.577, chartWidth=989, mostrando=214, userZoomed=true
index.js:57 [ETHUSDT] drawChart: 1451 velas disponibles, zoom=0.577, chartWidth=989, mostrando=214, userZoomed=true
index.js:57 [ETHUSDT] drawChart: 1451 velas disponibles, zoom=0.577, chartWidth=989, mostrando=214, userZoomed=true
index.js:57 [ETHUSDT] drawChart: 1451 velas disponibles, zoom=0.577, chartWidth=989, mostrando=214, userZoomed=true
index.js:57 [ETHUSDT] drawChart: 1451 velas disponibles, zoom=0.577, chartWidth=989, mostrando=214, userZoomed=true
index.js:57 [ETHUSDT] drawChart: 1451 velas disponibles, zoom=0.577, chartWidth=989, mostrando=214, userZoomed=true
index.js:57 [ETHUSDT] drawChart: 1451 velas disponibles, zoom=0.577, chartWidth=989, mostrando=214, userZoomed=true
index.js:57 [ETHUSDT] drawChart: 1451 velas disponibles, zoom=0.577, chartWidth=989, mostrando=214, userZoomed=true
index.js:57 [ETHUSDT] drawChart: 1451 velas disponibles, zoom=0.577, chartWidth=989, mostrando=214, userZoomed=true
index.js:57 [ETHUSDT] drawChart: 1451 velas disponibles, zoom=0.577, chartWidth=989, mostrando=214, userZoomed=true
index.js:57 [ETHUSDT] drawChart: 1451 velas disponibles, zoom=0.577, chartWidth=989, mostrando=214, userZoomed=true
index.js:57 [ETHUSDT] drawChart: 1451 velas disponibles, zoom=0.577, chartWidth=989, mostrando=214, userZoomed=true
index.js:57 [ETHUSDT] drawChart: 1451 velas disponibles, zoom=0.577, chartWidth=989, mostrando=214, userZoomed=true
index.js:57 [ETHUSDT] drawChart: 1451 velas disponibles, zoom=0.577, chartWidth=989, mostrando=214, userZoomed=true
index.js:57 [ETHUSDT] drawChart: 1451 velas disponibles, zoom=0.577, chartWidth=989, mostrando=214, userZoomed=true
index.js:57 [ETHUSDT] drawChart: 1451 velas disponibles, zoom=0.577, chartWidth=989, mostrando=214, userZoomed=true
index.js:57 [ETHUSDT] drawChart: 1451 velas disponibles, zoom=0.577, chartWidth=989, mostrando=214, userZoomed=true
index.js:57 [ETHUSDT] drawChart: 1451 velas disponibles, zoom=0.577, chartWidth=989, mostrando=214, userZoomed=true
index.js:57 [ETHUSDT] drawChart: 1451 velas disponibles, zoom=0.577, chartWidth=989, mostrando=214, userZoomed=true
index.js:57 [ETHUSDT] drawChart: 1451 velas disponibles, zoom=0.577, chartWidth=989, mostrando=214, userZoomed=true
index.js:57 [ETHUSDT] drawChart: 1451 velas disponibles, zoom=0.577, chartWidth=989, mostrando=214, userZoomed=true
index.js:57 [ETHUSDT] drawChart: 1451 velas disponibles, zoom=0.577, chartWidth=989, mostrando=214, userZoomed=true
index.js:57 [ETHUSDT] drawChart: 1451 velas disponibles, zoom=0.577, chartWidth=989, mostrando=214, userZoomed=true
index.js:57 [ETHUSDT] drawChart: 1451 velas disponibles, zoom=0.577, chartWidth=989, mostrando=214, userZoomed=true
index.js:57 [ETHUSDT] drawChart: 1451 velas disponibles, zoom=0.577, chartWidth=989, mostrando=214, userZoomed=true
index.js:57 [ETHUSDT] drawChart: 1451 velas disponibles, zoom=0.577, chartWidth=989, mostrando=214, userZoomed=true
index.js:57 [ETHUSDT] drawChart: 1451 velas disponibles, zoom=0.577, chartWidth=989, mostrando=214, userZoomed=true
index.js:57 [ETHUSDT] drawChart: 1451 velas disponibles, zoom=0.577, chartWidth=989, mostrando=214, userZoomed=true
index.js:57 [ETHUSDT] drawChart: 1451 velas disponibles, zoom=0.577, chartWidth=989, mostrando=214, userZoomed=true
index.js:57 [ETHUSDT] drawChart: 1451 velas disponibles, zoom=0.577, chartWidth=989, mostrando=214, userZoomed=true
index.js:57 [ETHUSDT] drawChart: 1451 velas disponibles, zoom=0.577, chartWidth=989, mostrando=214, userZoomed=true
index.js:57 [ETHUSDT] drawChart: 1451 velas disponibles, zoom=0.577, chartWidth=989, mostrando=214, userZoomed=true
index.js:57 [ETHUSDT] drawChart: 1451 velas disponibles, zoom=0.577, chartWidth=989, mostrando=214, userZoomed=true
index.js:57 [ETHUSDT] drawChart: 1451 velas disponibles, zoom=0.577, chartWidth=989, mostrando=214, userZoomed=true
index.js:57 [ETHUSDT] drawChart: 1451 velas disponibles, zoom=0.577, chartWidth=989, mostrando=214, userZoomed=true
index.js:57 [ETHUSDT] drawChart: 1451 velas disponibles, zoom=0.577, chartWidth=989, mostrando=214, userZoomed=true
index.js:57 [ETHUSDT] drawChart: 1451 velas disponibles, zoom=0.577, chartWidth=989, mostrando=214, userZoomed=true
index.js:57 [ETHUSDT] drawChart: 1451 velas disponibles, zoom=0.577, chartWidth=989, mostrando=214, userZoomed=true
index.js:57 [ETHUSDT] drawChart: 1451 velas disponibles, zoom=0.577, chartWidth=989, mostrando=214, userZoomed=true
index.js:57 [ETHUSDT] drawChart: 1451 velas disponibles, zoom=0.577, chartWidth=989, mostrando=214, userZoomed=true
index.js:57 [ETHUSDT] drawChart: 1451 velas disponibles, zoom=0.577, chartWidth=989, mostrando=214, userZoomed=true
index.js:57 [ETHUSDT] drawChart: 1451 velas disponibles, zoom=0.577, chartWidth=989, mostrando=214, userZoomed=true
index.js:57 [ETHUSDT] drawChart: 1451 velas disponibles, zoom=0.577, chartWidth=989, mostrando=214, userZoomed=true
index.js:57 [ETHUSDT] drawChart: 1451 velas disponibles, zoom=0.577, chartWidth=989, mostrando=214, userZoomed=true
index.js:57 [ETHUSDT] drawChart: 1451 velas disponibles, zoom=0.577, chartWidth=989, mostrando=214, userZoomed=true
index.js:57 [ETHUSDT] drawChart: 1451 velas disponibles, zoom=0.577, chartWidth=989, mostrando=214, userZoomed=true
index.js:57 [ETHUSDT] drawChart: 1451 velas disponibles, zoom=0.577, chartWidth=989, mostrando=214, userZoomed=true
index.js:57 [ETHUSDT] drawChart: 1451 velas disponibles, zoom=0.577, chartWidth=989, mostrando=214, userZoomed=true
index.js:57 [ETHUSDT] drawChart: 1451 velas disponibles, zoom=0.577, chartWidth=989, mostrando=214, userZoomed=true
index.js:57 [ETHUSDT] drawChart: 1451 velas disponibles, zoom=0.577, chartWidth=989, mostrando=214, userZoomed=true
index.js:25 [IndicatorCache] 💾 swing@ETHUSDT desde memoria
index.js:57 [ETHUSDT] drawChart: 1451 velas disponibles, zoom=0.577, chartWidth=989, mostrando=214, userZoomed=true
index.js:57 [ETHUSDT] drawChart: 1451 velas disponibles, zoom=0.577, chartWidth=989, mostrando=214, userZoomed=true
index.js:53 [ETHUSDT] S&R v2 updated (polling): 2R, 2S
index.js:57 [ETHUSDT] drawChart: 1451 velas disponibles, zoom=0.577, chartWidth=989, mostrando=214, userZoomed=true
index.js:57 [ETHUSDT] drawChart: 1451 velas disponibles, zoom=0.577, chartWidth=989, mostrando=214, userZoomed=true
index.js:57 [ETHUSDT] drawChart: 1451 velas disponibles, zoom=0.577, chartWidth=989, mostrando=214, userZoomed=true
index.js:57 [ETHUSDT] drawChart: 1451 velas disponibles, zoom=0.577, chartWidth=989, mostrando=214, userZoomed=true
index.js:57 [ETHUSDT] drawChart: 1451 velas disponibles, zoom=0.577, chartWidth=989, mostrando=214, userZoomed=true
index.js:57 [ETHUSDT] drawChart: 1451 velas disponibles, zoom=0.577, chartWidth=989, mostrando=214, userZoomed=true
index.js:57 [ETHUSDT] drawChart: 1451 velas disponibles, zoom=0.577, chartWidth=989, mostrando=214, userZoomed=true
index.js:57 [ETHUSDT] drawChart: 1451 velas disponibles, zoom=0.577, chartWidth=989, mostrando=214, userZoomed=true
index.js:57 [ETHUSDT] drawChart: 1451 velas disponibles, zoom=0.577, chartWidth=989, mostrando=214, userZoomed=true
index.js:57 [ETHUSDT] drawChart: 1451 velas disponibles, zoom=0.577, chartWidth=989, mostrando=214, userZoomed=true
index.js:57 [ETHUSDT] drawChart: 1451 velas disponibles, zoom=0.577, chartWidth=989, mostrando=214, userZoomed=true
index.js:57 [ETHUSDT] drawChart: 1451 velas disponibles, zoom=0.577, chartWidth=989, mostrando=214, userZoomed=true
index.js:57 [ETHUSDT] drawChart: 1451 velas disponibles, zoom=0.577, chartWidth=989, mostrando=214, userZoomed=true
index.js:57 [ETHUSDT] drawChart: 1451 velas disponibles, zoom=0.577, chartWidth=989, mostrando=214, userZoomed=true
index.js:57 [ETHUSDT] drawChart: 1451 velas disponibles, zoom=0.577, chartWidth=989, mostrando=214, userZoomed=true
index.js:57 [ETHUSDT] drawChart: 1451 velas disponibles, zoom=0.577, chartWidth=989, mostrando=214, userZoomed=true
index.js:57 [ETHUSDT] drawChart: 1451 velas disponibles, zoom=0.577, chartWidth=989, mostrando=214, userZoomed=true
index.js:57 [ETHUSDT] drawChart: 1451 velas disponibles, zoom=0.577, chartWidth=989, mostrando=214, userZoomed=true
index.js:57 [ETHUSDT] drawChart: 1451 velas disponibles, zoom=0.577, chartWidth=989, mostrando=214, userZoomed=true
index.js:57 [ETHUSDT] drawChart: 1451 velas disponibles, zoom=0.577, chartWidth=989, mostrando=214, userZoomed=true
index.js:57 [ETHUSDT] drawChart: 1451 velas disponibles, zoom=0.577, chartWidth=989, mostrando=214, userZoomed=true
index.js:57 [ETHUSDT] drawChart: 1451 velas disponibles, zoom=0.577, chartWidth=989, mostrando=214, userZoomed=true
index.js:57 [ETHUSDT] drawChart: 1451 velas disponibles, zoom=0.577, chartWidth=989, mostrando=214, userZoomed=true
index.js:57 [ETHUSDT] drawChart: 1451 velas disponibles, zoom=0.577, chartWidth=989, mostrando=214, userZoomed=true
index.js:57 [ETHUSDT] drawChart: 1451 velas disponibles, zoom=0.577, chartWidth=989, mostrando=214, userZoomed=true
index.js:57 [ETHUSDT] drawChart: 1451 velas disponibles, zoom=0.577, chartWidth=989, mostrando=214, userZoomed=true
index.js:57 [ETHUSDT] drawChart: 1451 velas disponibles, zoom=0.577, chartWidth=989, mostrando=214, userZoomed=true
index.js:57 [ETHUSDT] drawChart: 1451 velas disponibles, zoom=0.577, chartWidth=989, mostrando=214, userZoomed=true
index.js:57 [ETHUSDT] drawChart: 1451 velas disponibles, zoom=0.577, chartWidth=989, mostrando=214, userZoomed=true
index.js:57 [ETHUSDT] drawChart: 1451 velas disponibles, zoom=0.577, chartWidth=989, mostrando=214, userZoomed=true
index.js:57 [ETHUSDT] drawChart: 1451 velas disponibles, zoom=0.577, chartWidth=989, mostrando=214, userZoomed=true
index.js:57 [ETHUSDT] drawChart: 1451 velas disponibles, zoom=0.577, chartWidth=989, mostrando=214, userZoomed=true
index.js:57 [ETHUSDT] drawChart: 1451 velas disponibles, zoom=0.577, chartWidth=989, mostrando=214, userZoomed=true
index.js:57 [ETHUSDT] drawChart: 1451 velas disponibles, zoom=0.577, chartWidth=989, mostrando=214, userZoomed=true
index.js:57 [ETHUSDT] drawChart: 1451 velas disponibles, zoom=0.577, chartWidth=989, mostrando=214, userZoomed=true
index.js:57 [ETHUSDT] drawChart: 1451 velas disponibles, zoom=0.577, chartWidth=989, mostrando=214, userZoomed=true
index.js:57 [ETHUSDT] drawChart: 1451 velas disponibles, zoom=0.577, chartWidth=989, mostrando=214, userZoomed=true
index.js:57 [ETHUSDT] drawChart: 1451 velas disponibles, zoom=0.577, chartWidth=989, mostrando=214, userZoomed=true
index.js:57 [ETHUSDT] drawChart: 1451 velas disponibles, zoom=0.577, chartWidth=989, mostrando=214, userZoomed=true
index.js:57 [ETHUSDT] drawChart: 1451 velas disponibles, zoom=0.577, chartWidth=989, mostrando=214, userZoomed=true
index.js:57 [ETHUSDT] drawChart: 1451 velas disponibles, zoom=0.577, chartWidth=989, mostrando=214, userZoomed=true
index.js:57 [ETHUSDT] drawChart: 1451 velas disponibles, zoom=0.577, chartWidth=989, mostrando=214, userZoomed=true
index.js:57 [ETHUSDT] drawChart: 1451 velas disponibles, zoom=0.577, chartWidth=989, mostrando=214, userZoomed=true
index.js:57 [ETHUSDT] drawChart: 1451 velas disponibles, zoom=0.577, chartWidth=989, mostrando=214, userZoomed=true
index.js:57 [ETHUSDT] drawChart: 1451 velas disponibles, zoom=0.577, chartWidth=989, mostrando=214, userZoomed=true
index.js:57 [ETHUSDT] drawChart: 1451 velas disponibles, zoom=0.577, chartWidth=697, mostrando=150, userZoomed=true
index.js:57 [ETHUSDT] drawChart: 1451 velas disponibles, zoom=0.577, chartWidth=697, mostrando=150, userZoomed=true
index.js:25 [IndicatorCache] 💾 swing@ETHUSDT desde memoria
index.js:57 [ETHUSDT] drawChart: 1451 velas disponibles, zoom=0.577, chartWidth=697, mostrando=150, userZoomed=true
index.js:57 [ETHUSDT] drawChart: 1451 velas disponibles, zoom=0.577, chartWidth=697, mostrando=150, userZoomed=true
index.js:57 [ETHUSDT] drawChart: 1451 velas disponibles, zoom=0.577, chartWidth=697, mostrando=150, userZoomed=true
index.js:57 [ETHUSDT] drawChart: 1451 velas disponibles, zoom=0.577, chartWidth=697, mostrando=150, userZoomed=true
index.js:57 [ETHUSDT] drawChart: 1451 velas disponibles, zoom=0.577, chartWidth=697, mostrando=150, userZoomed=true
index.js:57 [ETHUSDT] drawChart: 1451 velas disponibles, zoom=0.577, chartWidth=697, mostrando=150, userZoomed=true
index.js:57 [ETHUSDT] drawChart: 1451 velas disponibles, zoom=0.577, chartWidth=697, mostrando=150, userZoomed=true
index.js:57 [ETHUSDT] drawChart: 1451 velas disponibles, zoom=0.577, chartWidth=697, mostrando=150, userZoomed=true
index.js:57 [ETHUSDT] drawChart: 1451 velas disponibles, zoom=0.577, chartWidth=697, mostrando=150, userZoomed=true
 [ETHUSDT] drawChart: 1451 velas disponibles, zoom=0.577, chartWidth=697, mostrando=150, userZoomed=true
 [ETHUSDT] drawChart: 1451 velas disponibles, zoom=0.577, chartWidth=697, mostrando=150, userZoomed=true
 [ETHUSDT] drawChart: 1451 velas disponibles, zoom=0.577, chartWidth=697, mostrando=150, userZoomed=true
 [ETHUSDT] drawChart: 1451 velas disponibles, zoom=0.577, chartWidth=697, mostrando=150, userZoomed=true
 [ETHUSDT] drawChart: 1451 velas disponibles, zoom=0.577, chartWidth=697, mostrando=150, userZoomed=true
 [ETHUSDT] drawChart: 1451 velas disponibles, zoom=0.577, chartWidth=697, mostrando=150, userZoomed=true
 [ETHUSDT] drawChart: 1451 velas disponibles, zoom=0.577, chartWidth=697, mostrando=150, userZoomed=true
 [ETHUSDT] drawChart: 1451 velas disponibles, zoom=0.577, chartWidth=697, mostrando=150, userZoomed=true
 [ETHUSDT] drawChart: 1451 velas disponibles, zoom=0.577, chartWidth=697, mostrando=150, userZoomed=true
 [ETHUSDT] drawChart: 1451 velas disponibles, zoom=0.577, chartWidth=697, mostrando=150, userZoomed=true
 [ETHUSDT] drawChart: 1451 velas disponibles, zoom=0.577, chartWidth=697, mostrando=150, userZoomed=true
 [ETHUSDT] drawChart: 1451 velas disponibles, zoom=0.577, chartWidth=697, mostrando=150, userZoomed=true
 [ETHUSDT] drawChart: 1451 velas disponibles, zoom=0.577, chartWidth=697, mostrando=150, userZoomed=true
 [ETHUSDT] drawChart: 1451 velas disponibles, zoom=0.577, chartWidth=697, mostrando=150, userZoomed=true
 [ETHUSDT] drawChart: 1452 velas disponibles, zoom=0.577, chartWidth=697, mostrando=150, userZoomed=true
 [CandleCache] ✅ ETHUSDT@1 - guardado (1451 velas, memoria: 1/4)
 [ETHUSDT] drawChart: 1452 velas disponibles, zoom=0.577, chartWidth=697, mostrando=150, userZoomed=true
 [ETHUSDT] drawChart: 1452 velas disponibles, zoom=0.577, chartWidth=697, mostrando=150, userZoomed=true
 [ETHUSDT] drawChart: 1452 velas disponibles, zoom=0.577, chartWidth=697, mostrando=150, userZoomed=true
 [ETHUSDT] drawChart: 1452 velas disponibles, zoom=0.577, chartWidth=697, mostrando=150, userZoomed=true
 [ETHUSDT] drawChart: 1452 velas disponibles, zoom=0.577, chartWidth=697, mostrando=150, userZoomed=true
 [ETHUSDT] drawChart: 1452 velas disponibles, zoom=0.577, chartWidth=697, mostrando=150, userZoomed=true
 [ETHUSDT] drawChart: 1452 velas disponibles, zoom=0.577, chartWidth=697, mostrando=150, userZoomed=true
 [ETHUSDT] drawChart: 1452 velas disponibles, zoom=0.577, chartWidth=697, mostrando=150, userZoomed=true
 [ETHUSDT] drawChart: 1452 velas disponibles, zoom=0.577, chartWidth=697, mostrando=150, userZoomed=true
 [ETHUSDT] drawChart: 1452 velas disponibles, zoom=0.577, chartWidth=697, mostrando=150, userZoomed=true
 [ETHUSDT] drawChart: 1452 velas disponibles, zoom=0.577, chartWidth=697, mostrando=150, userZoomed=true
 [ETHUSDT] drawChart: 1452 velas disponibles, zoom=0.577, chartWidth=697, mostrando=150, userZoomed=true
 [ETHUSDT] drawChart: 1452 velas disponibles, zoom=0.577, chartWidth=697, mostrando=150, userZoomed=true
 [ETHUSDT] drawChart: 1452 velas disponibles, zoom=0.577, chartWidth=697, mostrando=150, userZoomed=true
 [ETHUSDT] drawChart: 1452 velas disponibles, zoom=0.577, chartWidth=697, mostrando=150, userZoomed=true
 [ETHUSDT] drawChart: 1452 velas disponibles, zoom=0.577, chartWidth=697, mostrando=150, userZoomed=true
 [ETHUSDT] drawChart: 1452 velas disponibles, zoom=0.577, chartWidth=697, mostrando=150, userZoomed=true
 [ETHUSDT] drawChart: 1452 velas disponibles, zoom=0.577, chartWidth=697, mostrando=150, userZoomed=true
 [ETHUSDT] drawChart: 1452 velas disponibles, zoom=0.577, chartWidth=697, mostrando=150, userZoomed=true
 [ETHUSDT] drawChart: 1452 velas disponibles, zoom=0.577, chartWidth=697, mostrando=150, userZoomed=true
