 [BTCUSDT] [RENDER] renderOverlays: 3 total, 3 con renderOverlay, 3 enabled. Swing=NOT FOUND
 [BTCUSDT] [RENDER] renderOverlays: 3 total, 3 con renderOverlay, 3 enabled. Swing=NOT FOUND
 [BTCUSDT] [RENDER] renderOverlays: 3 total, 3 con renderOverlay, 3 enabled. Swing=NOT FOUND
 [BTCUSDT] [RENDER] renderOverlays: 3 total, 3 con renderOverlay, 3 enabled. Swing=NOT FOUND
 [BTCUSDT] [RENDER] renderOverlays: 3 total, 3 con renderOverlay, 3 enabled. Swing=NOT FOUND
 [BTCUSDT] drawChart: 129634 velas disponibles, zoom=0.036, chartWidth=1229, mostrando=2458, userZoomed=true
 [BTCUSDT] [RENDER] renderOverlays: 3 total, 3 con renderOverlay, 3 enabled. Swing=NOT FOUND
 [BTCUSDT] [RENDER] renderOverlays: 3 total, 3 con renderOverlay, 3 enabled. Swing=NOT FOUND
 [BTCUSDT] [RENDER] renderOverlays: 3 total, 3 con renderOverlay, 3 enabled. Swing=NOT FOUND
 [CandleCache] ✅ BTCUSDT@1 - guardado (129633 velas, memoria: 1/4)
 [BTCUSDT] [RENDER] renderOverlays: 3 total, 3 con renderOverlay, 3 enabled. Swing=NOT FOUND
 [BTCUSDT] [RENDER] renderOverlays: 3 total, 3 con renderOverlay, 3 enabled. Swing=NOT FOUND
 [BTCUSDT] [RENDER] renderOverlays: 3 total, 3 con renderOverlay, 3 enabled. Swing=NOT FOUND
 [BTCUSDT] [RENDER] renderOverlays: 3 total, 3 con renderOverlay, 3 enabled. Swing=NOT FOUND
 [BTCUSDT] [RENDER] renderOverlays: 3 total, 3 con renderOverlay, 3 enabled. Swing=NOT FOUND
 [BTCUSDT] [RENDER] renderOverlays: 3 total, 3 con renderOverlay, 3 enabled. Swing=NOT FOUND
 [BTCUSDT] [RENDER] renderOverlays: 3 total, 3 con renderOverlay, 3 enabled. Swing=NOT FOUND
 [BTCUSDT] [RENDER] renderOverlays: 3 total, 3 con renderOverlay, 3 enabled. Swing=NOT FOUND
 [BTCUSDT] [RENDER] renderOverlays: 3 total, 3 con renderOverlay, 3 enabled. Swing=NOT FOUND
 [BTCUSDT] drawChart: 129634 velas disponibles, zoom=0.036, chartWidth=1229, mostrando=2458, userZoomed=true
 [BTCUSDT] [RENDER] renderOverlays: 3 total, 3 con renderOverlay, 3 enabled. Swing=NOT FOUND
 [BTCUSDT] [RENDER] renderOverlays: 3 total, 3 con renderOverlay, 3 enabled. Swing=NOT FOUND
 [BTCUSDT] [RENDER] renderOverlays: 3 total, 3 con renderOverlay, 3 enabled. Swing=NOT FOUND
 [BTCUSDT] [RENDER] renderOverlays: 3 total, 3 con renderOverlay, 3 enabled. Swing=NOT FOUND
 [BTCUSDT] [RENDER] renderOverlays: 3 total, 3 con renderOverlay, 3 enabled. Swing=NOT FOUND
 [BTCUSDT] [RENDER] renderOverlays: 3 total, 3 con renderOverlay, 3 enabled. Swing=NOT FOUND
 [BTCUSDT] [RENDER] renderOverlays: 3 total, 3 con renderOverlay, 3 enabled. Swing=NOT FOUND
 [BTCUSDT] [RENDER] renderOverlays: 3 total, 3 con renderOverlay, 3 enabled. Swing=NOT FOUND
 [BTCUSDT] [RENDER] renderOverlays: 3 total, 3 con renderOverlay, 3 enabled. Swing=NOT FOUND
 [BTCUSDT] [RENDER] renderOverlays: 3 total, 3 con renderOverlay, 3 enabled. Swing=NOT FOUND
 [BTCUSDT] [RENDER] renderOverlays: 3 total, 3 con renderOverlay, 3 enabled. Swing=NOT FOUND
 [BTCUSDT] drawChart: 129634 velas disponibles, zoom=0.036, chartWidth=1229, mostrando=2458, userZoomed=true
 [BTCUSDT] [RENDER] renderOverlays: 3 total, 3 con renderOverlay, 3 enabled. Swing=NOT FOUND
 [BTCUSDT] [RENDER] renderOverlays: 3 total, 3 con renderOverlay, 3 enabled. Swing=NOT FOUND
 [BTCUSDT] [RENDER] renderOverlays: 3 total, 3 con renderOverlay, 3 enabled. Swing=NOT FOUND
 [BTCUSDT] [RENDER] renderOverlays: 3 total, 3 con renderOverlay, 3 enabled. Swing=NOT FOUND
 [CandleCache] ✅ BTCUSDT@1 - guardado (129633 velas, memoria: 1/4)
 [BTCUSDT] [RENDER] renderOverlays: 3 total, 3 con renderOverlay, 3 enabled. Swing=NOT FOUND
 [BTCUSDT] [RENDER] renderOverlays: 3 total, 3 con renderOverlay, 3 enabled. Swing=NOT FOUND
 [BTCUSDT] [RENDER] renderOverlays: 3 total, 3 con renderOverlay, 3 enabled. Swing=NOT FOUND
 [BTCUSDT] [RENDER] renderOverlays: 3 total, 3 con renderOverlay, 3 enabled. Swing=NOT FOUND
 [BTCUSDT] [RENDER] renderOverlays: 3 total, 3 con renderOverlay, 3 enabled. Swing=NOT FOUND
 [BTCUSDT] [RENDER] renderOverlays: 3 total, 3 con renderOverlay, 3 enabled. Swing=NOT FOUND
 [BTCUSDT] [RENDER] renderOverlays: 3 total, 3 con renderOverlay, 3 enabled. Swing=NOT FOUND
 [BTCUSDT] [RENDER] renderOverlays: 3 total, 3 con renderOverlay, 3 enabled. Swing=NOT FOUND
 [BTCUSDT] drawChart: 129634 velas disponibles, zoom=0.036, chartWidth=1229, mostrando=2458, userZoomed=true
 [BTCUSDT] [RENDER] renderOverlays: 3 total, 3 con renderOverlay, 3 enabled. Swing=NOT FOUND
 [BTCUSDT] [RENDER] renderOverlays: 3 total, 3 con renderOverlay, 3 enabled. Swing=NOT FOUND
 [BTCUSDT] [RENDER] renderOverlays: 3 total, 3 con renderOverlay, 3 enabled. Swing=NOT FOUND
 [BTCUSDT] [RENDER] renderOverlays: 3 total, 3 con renderOverlay, 3 enabled. Swing=NOT FOUND
 [BTCUSDT] [RENDER] renderOverlays: 3 total, 3 con renderOverlay, 3 enabled. Swing=NOT FOUND
 [BTCUSDT] [RENDER] renderOverlays: 3 total, 3 con renderOverlay, 3 enabled. Swing=NOT FOUND
 [BTCUSDT] [RENDER] renderOverlays: 3 total, 3 con renderOverlay, 3 enabled. Swing=NOT FOUND
 [BTCUSDT] [RENDER] renderOverlays: 3 total, 3 con renderOverlay, 3 enabled. Swing=NOT FOUND
 [BTCUSDT] [RENDER] renderOverlays: 3 total, 3 con renderOverlay, 3 enabled. Swing=NOT FOUND
 [BTCUSDT] [RENDER] renderOverlays: 3 total, 3 con renderOverlay, 3 enabled. Swing=NOT FOUND
 [BTCUSDT] [RENDER] renderOverlays: 3 total, 3 con renderOverlay, 3 enabled. Swing=NOT FOUND
 [BTCUSDT] [RENDER] renderOverlays: 3 total, 3 con renderOverlay, 3 enabled. Swing=NOT FOUND
 [BTCUSDT] drawChart: 129634 velas disponibles, zoom=0.036, chartWidth=1229, mostrando=2458, userZoomed=true
 [BTCUSDT] [RENDER] renderOverlays: 3 total, 3 con renderOverlay, 3 enabled. Swing=NOT FOUND
 [BTCUSDT] [RENDER] renderOverlays: 3 total, 3 con renderOverlay, 3 enabled. Swing=NOT FOUND
 [BTCUSDT] [RENDER] renderOverlays: 3 total, 3 con renderOverlay, 3 enabled. Swing=NOT FOUND
 [CandleCache] ✅ BTCUSDT@1 - guardado (129633 velas, memoria: 1/4)
 [BTCUSDT] [RENDER] renderOverlays: 3 total, 3 con renderOverlay, 3 enabled. Swing=NOT FOUND
 [BTCUSDT] [RENDER] renderOverlays: 3 total, 3 con renderOverlay, 3 enabled. Swing=NOT FOUND
 [BTCUSDT] [RENDER] renderOverlays: 3 total, 3 con renderOverlay, 3 enabled. Swing=NOT FOUND
 [BTCUSDT] [RENDER] renderOverlays: 3 total, 3 con renderOverlay, 3 enabled. Swing=NOT FOUND
 [BTCUSDT] [RENDER] renderOverlays: 3 total, 3 con renderOverlay, 3 enabled. Swing=NOT FOUND
 [BTCUSDT] [RENDER] renderOverlays: 3 total, 3 con renderOverlay, 3 enabled. Swing=NOT FOUND
 [BTCUSDT] [RENDER] renderOverlays: 3 total, 3 con renderOverlay, 3 enabled. Swing=NOT FOUND
 [BTCUSDT] [RENDER] renderOverlays: 3 total, 3 con renderOverlay, 3 enabled. Swing=NOT FOUND
 [BTCUSDT] [RENDER] renderOverlays: 3 total, 3 con renderOverlay, 3 enabled. Swing=NOT FOUND
 [BTCUSDT] drawChart: 129634 velas disponibles, zoom=0.036, chartWidth=1229, mostrando=2458, userZoomed=true
 [BTCUSDT] [RENDER] renderOverlays: 3 total, 3 con renderOverlay, 3 enabled. Swing=NOT FOUND
 [BTCUSDT] [RENDER] renderOverlays: 3 total, 3 con renderOverlay, 3 enabled. Swing=NOT FOUND
 [BTCUSDT] [RENDER] renderOverlays: 3 total, 3 con renderOverlay, 3 enabled. Swing=NOT FOUND
 [BTCUSDT] [RENDER] renderOverlays: 3 total, 3 con renderOverlay, 3 enabled. Swing=NOT FOUND
 [BTCUSDT] [RENDER] renderOverlays: 3 total, 3 con renderOverlay, 3 enabled. Swing=NOT FOUND
 [BTCUSDT] [RENDER] renderOverlays: 3 total, 3 con renderOverlay, 3 enabled. Swing=NOT FOUND
 [BTCUSDT] [RENDER] renderOverlays: 3 total, 3 con renderOverlay, 3 enabled. Swing=NOT FOUND
 [BTCUSDT] [RENDER] renderOverlays: 3 total, 3 con renderOverlay, 3 enabled. Swing=NOT FOUND
 [BTCUSDT] [RENDER] renderOverlays: 3 total, 3 con renderOverlay, 3 enabled. Swing=NOT FOUND
 [BTCUSDT] [RENDER] renderOverlays: 3 total, 3 con renderOverlay, 3 enabled. Swing=NOT FOUND
 [BTCUSDT] [RENDER] renderOverlays: 3 total, 3 con renderOverlay, 3 enabled. Swing=NOT FOUND
 [BTCUSDT] [RENDER] renderOverlays: 3 total, 3 con renderOverlay, 3 enabled. Swing=NOT FOUND
 [BTCUSDT] drawChart: 129634 velas disponibles, zoom=0.036, chartWidth=1229, mostrando=2458, userZoomed=true
 [BTCUSDT] [RENDER] renderOverlays: 3 total, 3 con renderOverlay, 3 enabled. Swing=NOT FOUND
 [BTCUSDT] [RENDER] renderOverlays: 3 total, 3 con renderOverlay, 3 enabled. Swing=NOT FOUND
 [CandleCache] ✅ BTCUSDT@1 - guardado (129633 velas, memoria: 1/4)
 [BTCUSDT] [RENDER] renderOverlays: 3 total, 3 con renderOverlay, 3 enabled. Swing=NOT FOUND
 [BTCUSDT] [RENDER] renderOverlays: 3 total, 3 con renderOverlay, 3 enabled. Swing=NOT FOUND
 [BTCUSDT] [RENDER] renderOverlays: 3 total, 3 con renderOverlay, 3 enabled. Swing=NOT FOUND
 [BTCUSDT] [RENDER] renderOverlays: 3 total, 3 con renderOverlay, 3 enabled. Swing=NOT FOUND
 [BTCUSDT] [RENDER] renderOverlays: 3 total, 3 con renderOverlay, 3 enabled. Swing=NOT FOUND
 [BTCUSDT] [RENDER] renderOverlays: 3 total, 3 con renderOverlay, 3 enabled. Swing=NOT FOUND
 [BTCUSDT] [RENDER] renderOverlays: 3 total, 3 con renderOverlay, 3 enabled. Swing=NOT FOUND
 [BTCUSDT] [RENDER] renderOverlays: 3 total, 3 con renderOverlay, 3 enabled. Swing=NOT FOUND
 [BTCUSDT] [RENDER] renderOverlays: 3 total, 3 con renderOverlay, 3 enabled. Swing=NOT FOUND
 [BTCUSDT] [RENDER] renderOverlays: 3 total, 3 con renderOverlay, 3 enabled. Swing=NOT FOUND
 [BTCUSDT] drawChart: 129634 velas disponibles, zoom=0.036, chartWidth=1229, mostrando=2458, userZoomed=true
 [BTCUSDT] [RENDER] renderOverlays: 3 total, 3 con renderOverlay, 3 enabled. Swing=NOT FOUND
 [BTCUSDT] [RENDER] renderOverlays: 3 total, 3 con renderOverlay, 3 enabled. Swing=NOT FOUND
 [BTCUSDT] [RENDER] renderOverlays: 3 total, 3 con renderOverlay, 3 enabled. Swing=NOT FOUND
 [BTCUSDT] [RENDER] renderOverlays: 3 total, 3 con renderOverlay, 3 enabled. Swing=NOT FOUND
 [BTCUSDT] [RENDER] renderOverlays: 3 total, 3 con renderOverlay, 3 enabled. Swing=NOT FOUND
 [BTCUSDT] [RENDER] renderOverlays: 3 total, 3 con renderOverlay, 3 enabled. Swing=NOT FOUND
 [BTCUSDT] [RENDER] renderOverlays: 3 total, 3 con renderOverlay, 3 enabled. Swing=NOT FOUND
 [BTCUSDT] [RENDER] renderOverlays: 3 total, 3 con renderOverlay, 3 enabled. Swing=NOT FOUND
 [BTCUSDT] [RENDER] renderOverlays: 3 total, 3 con renderOverlay, 3 enabled. Swing=NOT FOUND
 [BTCUSDT] [RENDER] renderOverlays: 3 total, 3 con renderOverlay, 3 enabled. Swing=NOT FOUND
 [BTCUSDT] [RENDER] renderOverlays: 3 total, 3 con renderOverlay, 3 enabled. Swing=NOT FOUND
 [BTCUSDT] [RENDER] renderOverlays: 3 total, 3 con renderOverlay, 3 enabled. Swing=NOT FOUND
 [BTCUSDT] drawChart: 129634 velas disponibles, zoom=0.036, chartWidth=1229, mostrando=2458, userZoomed=true
 [BTCUSDT] [RENDER] renderOverlays: 3 total, 3 con renderOverlay, 3 enabled. Swing=NOT FOUND
 [BTCUSDT] [RENDER] renderOverlays: 3 total, 3 con renderOverlay, 3 enabled. Swing=NOT FOUND
 [CandleCache] ✅ BTCUSDT@1 - guardado (129633 velas, memoria: 1/4)
 [BTCUSDT] [RENDER] renderOverlays: 3 total, 3 con renderOverlay, 3 enabled. Swing=NOT FOUND
 [BTCUSDT] [RENDER] renderOverlays: 3 total, 3 con renderOverlay, 3 enabled. Swing=NOT FOUND
 [BTCUSDT] [RENDER] renderOverlays: 3 total, 3 con renderOverlay, 3 enabled. Swing=NOT FOUND
 [BTCUSDT] [RENDER] renderOverlays: 3 total, 3 con renderOverlay, 3 enabled. Swing=NOT FOUND
 [BTCUSDT] [RENDER] renderOverlays: 3 total, 3 con renderOverlay, 3 enabled. Swing=NOT FOUND
 [BTCUSDT] [RENDER] renderOverlays: 3 total, 3 con renderOverlay, 3 enabled. Swing=NOT FOUND
 [BTCUSDT] [RENDER] renderOverlays: 3 total, 3 con renderOverlay, 3 enabled. Swing=NOT FOUND
 [BTCUSDT] [RENDER] renderOverlays: 3 total, 3 con renderOverlay, 3 enabled. Swing=NOT FOUND
 [BTCUSDT] [RENDER] renderOverlays: 3 total, 3 con renderOverlay, 3 enabled. Swing=NOT FOUND
 [CandleCache] 💾 BTCUSDT@1 - desde memoria (129633 velas)
 [CandleCache] OK VALIDATION BTCUSDT@1: 129633 velas sin gaps
 [BTCUSDT] Carga INCREMENTAL: desde 17/2/2026, 11:47:00 a.m. (129633 velas en cache, 100%)
 [BTCUSDT] [RENDER] renderOverlays: 3 total, 3 con renderOverlay, 3 enabled. Swing=NOT FOUND
 [BTCUSDT] drawChart: 129634 velas disponibles, zoom=0.036, chartWidth=1229, mostrando=2458, userZoomed=true
 [BTCUSDT] [RENDER] renderOverlays: 3 total, 3 con renderOverlay, 3 enabled. Swing=NOT FOUND
 [BTCUSDT] [RENDER] renderOverlays: 3 total, 3 con renderOverlay, 3 enabled. Swing=NOT FOUND
 [BTCUSDT] [RENDER] renderOverlays: 3 total, 3 con renderOverlay, 3 enabled. Swing=NOT FOUND
 [BTCUSDT] [RENDER] renderOverlays: 3 total, 3 con renderOverlay, 3 enabled. Swing=NOT FOUND
 [BTCUSDT] [RENDER] renderOverlays: 3 total, 3 con renderOverlay, 3 enabled. Swing=NOT FOUND
 [BTCUSDT] [RENDER] renderOverlays: 3 total, 3 con renderOverlay, 3 enabled. Swing=NOT FOUND
 [BTCUSDT] [RENDER] renderOverlays: 3 total, 3 con renderOverlay, 3 enabled. Swing=NOT FOUND
 [BTCUSDT] [RENDER] renderOverlays: 3 total, 3 con renderOverlay, 3 enabled. Swing=NOT FOUND
 [BTCUSDT] [RENDER] renderOverlays: 3 total, 3 con renderOverlay, 3 enabled. Swing=NOT FOUND
 [BTCUSDT] [RENDER] renderOverlays: 3 total, 3 con renderOverlay, 3 enabled. Swing=NOT FOUND
 [BTCUSDT] [RENDER] renderOverlays: 3 total, 3 con renderOverlay, 3 enabled. Swing=NOT FOUND
 [BTCUSDT] [RENDER] renderOverlays: 3 total, 3 con renderOverlay, 3 enabled. Swing=NOT FOUND
 [BTCUSDT] drawChart: 129634 velas disponibles, zoom=0.036, chartWidth=1229, mostrando=2458, userZoomed=true
 [BTCUSDT] [RENDER] renderOverlays: 3 total, 3 con renderOverlay, 3 enabled. Swing=NOT FOUND
 [BTCUSDT] [RENDER] renderOverlays: 3 total, 3 con renderOverlay, 3 enabled. Swing=NOT FOUND
 [CandleCache] ✅ BTCUSDT@1 - guardado (129633 velas, memoria: 1/4)
 [BTCUSDT] [RENDER] renderOverlays: 3 total, 3 con renderOverlay, 3 enabled. Swing=NOT FOUND
 [BTCUSDT] [RENDER] renderOverlays: 3 total, 3 con renderOverlay, 3 enabled. Swing=NOT FOUND
 [BTCUSDT] [RENDER] renderOverlays: 3 total, 3 con renderOverlay, 3 enabled. Swing=NOT FOUND
 [BTCUSDT] [RENDER] renderOverlays: 3 total, 3 con renderOverlay, 3 enabled. Swing=NOT FOUND
 [BTCUSDT] [RENDER] renderOverlays: 3 total, 3 con renderOverlay, 3 enabled. Swing=NOT FOUND
 [BTCUSDT] [RENDER] renderOverlays: 3 total, 3 con renderOverlay, 3 enabled. Swing=NOT FOUND
 [BTCUSDT] [RENDER] renderOverlays: 3 total, 3 con renderOverlay, 3 enabled. Swing=NOT FOUND
 [BTCUSDT] [RENDER] renderOverlays: 3 total, 3 con renderOverlay, 3 enabled. Swing=NOT FOUND
 [BTCUSDT] [RENDER] renderOverlays: 3 total, 3 con renderOverlay, 3 enabled. Swing=NOT FOUND
 [BTCUSDT] [RENDER] renderOverlays: 3 total, 3 con renderOverlay, 3 enabled. Swing=NOT FOUND
 [BTCUSDT] drawChart: 129634 velas disponibles, zoom=0.036, chartWidth=1229, mostrando=2458, userZoomed=true
 [BTCUSDT] [RENDER] renderOverlays: 3 total, 3 con renderOverlay, 3 enabled. Swing=NOT FOUND
 [BTCUSDT] [RENDER] renderOverlays: 3 total, 3 con renderOverlay, 3 enabled. Swing=NOT FOUND
 [BTCUSDT] [RENDER] renderOverlays: 3 total, 3 con renderOverlay, 3 enabled. Swing=NOT FOUND
 [BTCUSDT] [RENDER] renderOverlays: 3 total, 3 con renderOverlay, 3 enabled. Swing=NOT FOUND
 [BTCUSDT] [RENDER] renderOverlays: 3 total, 3 con renderOverlay, 3 enabled. Swing=NOT FOUND
 [BTCUSDT] [RENDER] renderOverlays: 3 total, 3 con renderOverlay, 3 enabled. Swing=NOT FOUND
 [BTCUSDT] [RENDER] renderOverlays: 3 total, 3 con renderOverlay, 3 enabled. Swing=NOT FOUND
 [BTCUSDT] [RENDER] renderOverlays: 3 total, 3 con renderOverlay, 3 enabled. Swing=NOT FOUND
 [BTCUSDT] [RENDER] renderOverlays: 3 total, 3 con renderOverlay, 3 enabled. Swing=NOT FOUND
 [BTCUSDT] [RENDER] renderOverlays: 3 total, 3 con renderOverlay, 3 enabled. Swing=NOT FOUND
 [BTCUSDT] [RENDER] renderOverlays: 3 total, 3 con renderOverlay, 3 enabled. Swing=NOT FOUND
 [BTCUSDT] [RENDER] renderOverlays: 3 total, 3 con renderOverlay, 3 enabled. Swing=NOT FOUND
 [BTCUSDT] [RENDER] renderOverlays: 3 total, 3 con renderOverlay, 3 enabled. Swing=NOT FOUND
 [BTCUSDT] drawChart: 129634 velas disponibles, zoom=0.036, chartWidth=1229, mostrando=2458, userZoomed=true
 [BTCUSDT] [RENDER] renderOverlays: 3 total, 3 con renderOverlay, 3 enabled. Swing=NOT FOUND
 [BTCUSDT] [RENDER] renderOverlays: 3 total, 3 con renderOverlay, 3 enabled. Swing=NOT FOUND
 [CandleCache] ✅ BTCUSDT@1 - guardado (129633 velas, memoria: 1/4)
 [BTCUSDT] [RENDER] renderOverlays: 3 total, 3 con renderOverlay, 3 enabled. Swing=NOT FOUND
 [BTCUSDT] [RENDER] renderOverlays: 3 total, 3 con renderOverlay, 3 enabled. Swing=NOT FOUND
 [BTCUSDT] [RENDER] renderOverlays: 3 total, 3 con renderOverlay, 3 enabled. Swing=NOT FOUND
 [BTCUSDT] [RENDER] renderOverlays: 3 total, 3 con renderOverlay, 3 enabled. Swing=NOT FOUND
 [BTCUSDT] [RENDER] renderOverlays: 3 total, 3 con renderOverlay, 3 enabled. Swing=NOT FOUND
 [BTCUSDT] [RENDER] renderOverlays: 3 total, 3 con renderOverlay, 3 enabled. Swing=NOT FOUND
 [BTCUSDT] [RENDER] renderOverlays: 3 total, 3 con renderOverlay, 3 enabled. Swing=NOT FOUND
 [BTCUSDT] [RENDER] renderOverlays: 3 total, 3 con renderOverlay, 3 enabled. Swing=NOT FOUND
 [BTCUSDT] [RENDER] renderOverlays: 3 total, 3 con renderOverlay, 3 enabled. Swing=NOT FOUND
 [BTCUSDT] [RENDER] renderOverlays: 3 total, 3 con renderOverlay, 3 enabled. Swing=NOT FOUND
 [BTCUSDT] [RENDER] renderOverlays: 3 total, 3 con renderOverlay, 3 enabled. Swing=NOT FOUND
 [BTCUSDT] [RENDER] renderOverlays: 3 total, 3 con renderOverlay, 3 enabled. Swing=NOT FOUND
 [BTCUSDT] drawChart: 129634 velas disponibles, zoom=0.036, chartWidth=1229, mostrando=2458, userZoomed=true
 [BTCUSDT] [RENDER] renderOverlays: 3 total, 3 con renderOverlay, 3 enabled. Swing=NOT FOUND
 [BTCUSDT] [RENDER] renderOverlays: 3 total, 3 con renderOverlay, 3 enabled. Swing=NOT FOUND
 [BTCUSDT] [RENDER] renderOverlays: 3 total, 3 con renderOverlay, 3 enabled. Swing=NOT FOUND
 [BTCUSDT] [RENDER] renderOverlays: 3 total, 3 con renderOverlay, 3 enabled. Swing=NOT FOUND
 [BTCUSDT] [RENDER] renderOverlays: 3 total, 3 con renderOverlay, 3 enabled. Swing=NOT FOUND
 [BTCUSDT] [RENDER] renderOverlays: 3 total, 3 con renderOverlay, 3 enabled. Swing=NOT FOUND
 [BTCUSDT] [RENDER] renderOverlays: 3 total, 3 con renderOverlay, 3 enabled. Swing=NOT FOUND
 [BTCUSDT] [RENDER] renderOverlays: 3 total, 3 con renderOverlay, 3 enabled. Swing=NOT FOUND
 [BTCUSDT] [RENDER] renderOverlays: 3 total, 3 con renderOverlay, 3 enabled. Swing=NOT FOUND
 [BTCUSDT] [RENDER] renderOverlays: 3 total, 3 con renderOverlay, 3 enabled. Swing=NOT FOUND
 [BTCUSDT] drawChart: 129634 velas disponibles, zoom=0.036, chartWidth=1229, mostrando=2458, userZoomed=true
 [BTCUSDT] [RENDER] renderOverlays: 3 total, 3 con renderOverlay, 3 enabled. Swing=NOT FOUND
 [CandleCache] ✅ BTCUSDT@1 - guardado (129633 velas, memoria: 1/4)
 [BTCUSDT] [RENDER] renderOverlays: 3 total, 3 con renderOverlay, 3 enabled. Swing=NOT FOUND
 [BTCUSDT] [RENDER] renderOverlays: 3 total, 3 con renderOverlay, 3 enabled. Swing=NOT FOUND
 [BTCUSDT] [RENDER] renderOverlays: 3 total, 3 con renderOverlay, 3 enabled. Swing=NOT FOUND
 [BTCUSDT] [RENDER] renderOverlays: 3 total, 3 con renderOverlay, 3 enabled. Swing=NOT FOUND
 [BTCUSDT] [RENDER] renderOverlays: 3 total, 3 con renderOverlay, 3 enabled. Swing=NOT FOUND
 [BTCUSDT] [RENDER] renderOverlays: 3 total, 3 con renderOverlay, 3 enabled. Swing=NOT FOUND
 [BTCUSDT] [RENDER] renderOverlays: 3 total, 3 con renderOverlay, 3 enabled. Swing=NOT FOUND
 [BTCUSDT] [RENDER] renderOverlays: 3 total, 3 con renderOverlay, 3 enabled. Swing=NOT FOUND
 [BTCUSDT] [RENDER] renderOverlays: 3 total, 3 con renderOverlay, 3 enabled. Swing=NOT FOUND
 [BTCUSDT] [RENDER] renderOverlays: 3 total, 3 con renderOverlay, 3 enabled. Swing=NOT FOUND
 [BTCUSDT] [RENDER] renderOverlays: 3 total, 3 con renderOverlay, 3 enabled. Swing=NOT FOUND
 [BTCUSDT] [RENDER] renderOverlays: 3 total, 3 con renderOverlay, 3 enabled. Swing=NOT FOUND
 [BTCUSDT] drawChart: 129634 velas disponibles, zoom=0.036, chartWidth=1229, mostrando=2458, userZoomed=true
 [BTCUSDT] [RENDER] renderOverlays: 3 total, 3 con renderOverlay, 3 enabled. Swing=NOT FOUND
 [BTCUSDT] [RENDER] renderOverlays: 3 total, 3 con renderOverlay, 3 enabled. Swing=NOT FOUND
 [BTCUSDT] [RENDER] renderOverlays: 3 total, 3 con renderOverlay, 3 enabled. Swing=NOT FOUND
 [BTCUSDT] [RENDER] renderOverlays: 3 total, 3 con renderOverlay, 3 enabled. Swing=NOT FOUND
 [BTCUSDT] [RENDER] renderOverlays: 3 total, 3 con renderOverlay, 3 enabled. Swing=NOT FOUND
 [BTCUSDT] [RENDER] renderOverlays: 3 total, 3 con renderOverlay, 3 enabled. Swing=NOT FOUND
 [BTCUSDT] [RENDER] renderOverlays: 3 total, 3 con renderOverlay, 3 enabled. Swing=NOT FOUND
 [BTCUSDT] [RENDER] renderOverlays: 3 total, 3 con renderOverlay, 3 enabled. Swing=NOT FOUND
 [BTCUSDT] [RENDER] renderOverlays: 3 total, 3 con renderOverlay, 3 enabled. Swing=NOT FOUND
 [BTCUSDT] [RENDER] renderOverlays: 3 total, 3 con renderOverlay, 3 enabled. Swing=NOT FOUND
 [BTCUSDT] [RENDER] renderOverlays: 3 total, 3 con renderOverlay, 3 enabled. Swing=NOT FOUND
 [BTCUSDT] [RENDER] renderOverlays: 3 total, 3 con renderOverlay, 3 enabled. Swing=NOT FOUND
 [BTCUSDT] drawChart: 129634 velas disponibles, zoom=0.036, chartWidth=1229, mostrando=2458, userZoomed=true
 [BTCUSDT] [RENDER] renderOverlays: 3 total, 3 con renderOverlay, 3 enabled. Swing=NOT FOUND
 [CandleCache] ✅ BTCUSDT@1 - guardado (129633 velas, memoria: 1/4)
 [BTCUSDT] [RENDER] renderOverlays: 3 total, 3 con renderOverlay, 3 enabled. Swing=NOT FOUND
 [BTCUSDT] [RENDER] renderOverlays: 3 total, 3 con renderOverlay, 3 enabled. Swing=NOT FOUND
 [BTCUSDT] [RENDER] renderOverlays: 3 total, 3 con renderOverlay, 3 enabled. Swing=NOT FOUND
 [BTCUSDT] [RENDER] renderOverlays: 3 total, 3 con renderOverlay, 3 enabled. Swing=NOT FOUND
 [BTCUSDT] [RENDER] renderOverlays: 3 total, 3 con renderOverlay, 3 enabled. Swing=NOT FOUND
 [BTCUSDT] [RENDER] renderOverlays: 3 total, 3 con renderOverlay, 3 enabled. Swing=NOT FOUND
 [BTCUSDT] [RENDER] renderOverlays: 3 total, 3 con renderOverlay, 3 enabled. Swing=NOT FOUND
 [BTCUSDT] [RENDER] renderOverlays: 3 total, 3 con renderOverlay, 3 enabled. Swing=NOT FOUND
 [BTCUSDT] [RENDER] renderOverlays: 3 total, 3 con renderOverlay, 3 enabled. Swing=NOT FOUND
 [BTCUSDT] [RENDER] renderOverlays: 3 total, 3 con renderOverlay, 3 enabled. Swing=NOT FOUND
 [BTCUSDT] [RENDER] renderOverlays: 3 total, 3 con renderOverlay, 3 enabled. Swing=NOT FOUND
 [BTCUSDT] drawChart: 129634 velas disponibles, zoom=0.036, chartWidth=1229, mostrando=2458, userZoomed=true
 [BTCUSDT] [RENDER] renderOverlays: 3 total, 3 con renderOverlay, 3 enabled. Swing=NOT FOUND
 [BTCUSDT] [RENDER] renderOverlays: 3 total, 3 con renderOverlay, 3 enabled. Swing=NOT FOUND
 [BTCUSDT] [RENDER] renderOverlays: 3 total, 3 con renderOverlay, 3 enabled. Swing=NOT FOUND
 [BTCUSDT] [RENDER] renderOverlays: 3 total, 3 con renderOverlay, 3 enabled. Swing=NOT FOUND
 [BTCUSDT] [RENDER] renderOverlays: 3 total, 3 con renderOverlay, 3 enabled. Swing=NOT FOUND
 [BTCUSDT] [RENDER] renderOverlays: 3 total, 3 con renderOverlay, 3 enabled. Swing=NOT FOUND
 [BTCUSDT] [RENDER] renderOverlays: 3 total, 3 con renderOverlay, 3 enabled. Swing=NOT FOUND
 [BTCUSDT] [RENDER] renderOverlays: 3 total, 3 con renderOverlay, 3 enabled. Swing=NOT FOUND
 [BTCUSDT] [RENDER] renderOverlays: 3 total, 3 con renderOverlay, 3 enabled. Swing=NOT FOUND
 [BTCUSDT] [RENDER] renderOverlays: 3 total, 3 con renderOverlay, 3 enabled. Swing=NOT FOUND
 [BTCUSDT] [RENDER] renderOverlays: 3 total, 3 con renderOverlay, 3 enabled. Swing=NOT FOUND
 [BTCUSDT] [RENDER] renderOverlays: 3 total, 3 con renderOverlay, 3 enabled. Swing=NOT FOUND
 [CandleCache] ✅ BTCUSDT@1 - guardado (129633 velas, memoria: 1/4)
 [BTCUSDT] drawChart: 129634 velas disponibles, zoom=0.036, chartWidth=1229, mostrando=2458, userZoomed=true
 [BTCUSDT] [RENDER] renderOverlays: 3 total, 3 con renderOverlay, 3 enabled. Swing=NOT FOUND
 [BTCUSDT] [RENDER] renderOverlays: 3 total, 3 con renderOverlay, 3 enabled. Swing=NOT FOUND
 [BTCUSDT] [RENDER] renderOverlays: 3 total, 3 con renderOverlay, 3 enabled. Swing=NOT FOUND
 [BTCUSDT] [RENDER] renderOverlays: 3 total, 3 con renderOverlay, 3 enabled. Swing=NOT FOUND
 [BTCUSDT] [RENDER] renderOverlays: 3 total, 3 con renderOverlay, 3 enabled. Swing=NOT FOUND
 [BTCUSDT] [RENDER] renderOverlays: 3 total, 3 con renderOverlay, 3 enabled. Swing=NOT FOUND
 [BTCUSDT] [RENDER] renderOverlays: 3 total, 3 con renderOverlay, 3 enabled. Swing=NOT FOUND
 [BTCUSDT] [RENDER] renderOverlays: 3 total, 3 con renderOverlay, 3 enabled. Swing=NOT FOUND
 [BTCUSDT] [RENDER] renderOverlays: 3 total, 3 con renderOverlay, 3 enabled. Swing=NOT FOUND
 [CandleCache] 💾 BTCUSDT@1 - desde memoria (129633 velas)
 [CandleCache] OK VALIDATION BTCUSDT@1: 129633 velas sin gaps
 [BTCUSDT] Carga INCREMENTAL: desde 17/2/2026, 11:52:00 a.m. (129633 velas en cache, 100%)
 [BTCUSDT] [RENDER] renderOverlays: 3 total, 3 con renderOverlay, 3 enabled. Swing=NOT FOUND
 [BTCUSDT] [RENDER] renderOverlays: 3 total, 3 con renderOverlay, 3 enabled. Swing=NOT FOUND
 [BTCUSDT] [RENDER] renderOverlays: 3 total, 3 con renderOverlay, 3 enabled. Swing=NOT FOUND
 [BTCUSDT] drawChart: 129634 velas disponibles, zoom=0.036, chartWidth=1229, mostrando=2458, userZoomed=true
 [BTCUSDT] [RENDER] renderOverlays: 3 total, 3 con renderOverlay, 3 enabled. Swing=NOT FOUND
 [BTCUSDT] [RENDER] renderOverlays: 3 total, 3 con renderOverlay, 3 enabled. Swing=NOT FOUND
 [BTCUSDT] [RENDER] renderOverlays: 3 total, 3 con renderOverlay, 3 enabled. Swing=NOT FOUND
 [BTCUSDT] [RENDER] renderOverlays: 3 total, 3 con renderOverlay, 3 enabled. Swing=NOT FOUND
 [BTCUSDT] [RENDER] renderOverlays: 3 total, 3 con renderOverlay, 3 enabled. Swing=NOT FOUND
 [BTCUSDT] [RENDER] renderOverlays: 3 total, 3 con renderOverlay, 3 enabled. Swing=NOT FOUND
 [BTCUSDT] [RENDER] renderOverlays: 3 total, 3 con renderOverlay, 3 enabled. Swing=NOT FOUND
 [BTCUSDT] [RENDER] renderOverlays: 3 total, 3 con renderOverlay, 3 enabled. Swing=NOT FOUND
 [BTCUSDT] [RENDER] renderOverlays: 3 total, 3 con renderOverlay, 3 enabled. Swing=NOT FOUND
 [BTCUSDT] [RENDER] renderOverlays: 3 total, 3 con renderOverlay, 3 enabled. Swing=NOT FOUND
 [BTCUSDT] [RENDER] renderOverlays: 3 total, 3 con renderOverlay, 3 enabled. Swing=NOT FOUND
 [BTCUSDT] [RENDER] renderOverlays: 3 total, 3 con renderOverlay, 3 enabled. Swing=NOT FOUND
 [BTCUSDT] [RENDER] renderOverlays: 3 total, 3 con renderOverlay, 3 enabled. Swing=NOT FOUND
 [CandleCache] ✅ BTCUSDT@1 - guardado (129633 velas, memoria: 1/4)
 [BTCUSDT] drawChart: 129634 velas disponibles, zoom=0.036, chartWidth=1229, mostrando=2458, userZoomed=true
 [BTCUSDT] [RENDER] renderOverlays: 3 total, 3 con renderOverlay, 3 enabled. Swing=NOT FOUND
 [BTCUSDT] [RENDER] renderOverlays: 3 total, 3 con renderOverlay, 3 enabled. Swing=NOT FOUND
 [BTCUSDT] [RENDER] renderOverlays: 3 total, 3 con renderOverlay, 3 enabled. Swing=NOT FOUND
 [BTCUSDT] [RENDER] renderOverlays: 3 total, 3 con renderOverlay, 3 enabled. Swing=NOT FOUND
 [BTCUSDT] [RENDER] renderOverlays: 3 total, 3 con renderOverlay, 3 enabled. Swing=NOT FOUND
 [BTCUSDT] [RENDER] renderOverlays: 3 total, 3 con renderOverlay, 3 enabled. Swing=NOT FOUND
 [BTCUSDT] [RENDER] renderOverlays: 3 total, 3 con renderOverlay, 3 enabled. Swing=NOT FOUND
 [BTCUSDT] [RENDER] renderOverlays: 3 total, 3 con renderOverlay, 3 enabled. Swing=NOT FOUND
 [BTCUSDT] [RENDER] renderOverlays: 3 total, 3 con renderOverlay, 3 enabled. Swing=NOT FOUND
 [BTCUSDT] [RENDER] renderOverlays: 3 total, 3 con renderOverlay, 3 enabled. Swing=NOT FOUND
 [BTCUSDT] [RENDER] renderOverlays: 3 total, 3 con renderOverlay, 3 enabled. Swing=NOT FOUND
 [BTCUSDT] drawChart: 129634 velas disponibles, zoom=0.036, chartWidth=1229, mostrando=2458, userZoomed=true
 [BTCUSDT] [RENDER] renderOverlays: 3 total, 3 con renderOverlay, 3 enabled. Swing=NOT FOUND
 [BTCUSDT] [RENDER] renderOverlays: 3 total, 3 con renderOverlay, 3 enabled. Swing=NOT FOUND
 [BTCUSDT] [RENDER] renderOverlays: 3 total, 3 con renderOverlay, 3 enabled. Swing=NOT FOUND
 [BTCUSDT] [RENDER] renderOverlays: 3 total, 3 con renderOverlay, 3 enabled. Swing=NOT FOUND
 [BTCUSDT] [RENDER] renderOverlays: 3 total, 3 con renderOverlay, 3 enabled. Swing=NOT FOUND
 [BTCUSDT] [RENDER] renderOverlays: 3 total, 3 con renderOverlay, 3 enabled. Swing=NOT FOUND
 [BTCUSDT] [RENDER] renderOverlays: 3 total, 3 con renderOverlay, 3 enabled. Swing=NOT FOUND
 [BTCUSDT] [RENDER] renderOverlays: 3 total, 3 con renderOverlay, 3 enabled. Swing=NOT FOUND
 [BTCUSDT] [RENDER] renderOverlays: 3 total, 3 con renderOverlay, 3 enabled. Swing=NOT FOUND
 [BTCUSDT] [RENDER] renderOverlays: 3 total, 3 con renderOverlay, 3 enabled. Swing=NOT FOUND
 [BTCUSDT] [RENDER] renderOverlays: 3 total, 3 con renderOverlay, 3 enabled. Swing=NOT FOUND
 [CandleCache] ✅ BTCUSDT@1 - guardado (129633 velas, memoria: 1/4)
 [BTCUSDT] drawChart: 129634 velas disponibles, zoom=0.036, chartWidth=1229, mostrando=2458, userZoomed=true
 [BTCUSDT] [RENDER] renderOverlays: 3 total, 3 con renderOverlay, 3 enabled. Swing=NOT FOUND
 [BTCUSDT] [RENDER] renderOverlays: 3 total, 3 con renderOverlay, 3 enabled. Swing=NOT FOUND
 [BTCUSDT] [RENDER] renderOverlays: 3 total, 3 con renderOverlay, 3 enabled. Swing=NOT FOUND
 [BTCUSDT] [RENDER] renderOverlays: 3 total, 3 con renderOverlay, 3 enabled. Swing=NOT FOUND
 [BTCUSDT] [RENDER] renderOverlays: 3 total, 3 con renderOverlay, 3 enabled. Swing=NOT FOUND
 [BTCUSDT] [RENDER] renderOverlays: 3 total, 3 con renderOverlay, 3 enabled. Swing=NOT FOUND
 [BTCUSDT] [RENDER] renderOverlays: 3 total, 3 con renderOverlay, 3 enabled. Swing=NOT FOUND
 [BTCUSDT] [RENDER] renderOverlays: 3 total, 3 con renderOverlay, 3 enabled. Swing=NOT FOUND
 [BTCUSDT] [RENDER] renderOverlays: 3 total, 3 con renderOverlay, 3 enabled. Swing=NOT FOUND
 [BTCUSDT] [RENDER] renderOverlays: 3 total, 3 con renderOverlay, 3 enabled. Swing=NOT FOUND
 [BTCUSDT] [RENDER] renderOverlays: 3 total, 3 con renderOverlay, 3 enabled. Swing=NOT FOUND
 [BTCUSDT] [RENDER] renderOverlays: 3 total, 3 con renderOverlay, 3 enabled. Swing=NOT FOUND
 [BTCUSDT] drawChart: 129634 velas disponibles, zoom=0.036, chartWidth=1229, mostrando=2458, userZoomed=true
 [BTCUSDT] [RENDER] renderOverlays: 3 total, 3 con renderOverlay, 3 enabled. Swing=NOT FOUND
 [BTCUSDT] [RENDER] renderOverlays: 3 total, 3 con renderOverlay, 3 enabled. Swing=NOT FOUND
 [BTCUSDT] [RENDER] renderOverlays: 3 total, 3 con renderOverlay, 3 enabled. Swing=NOT FOUND
 [BTCUSDT] [RENDER] renderOverlays: 3 total, 3 con renderOverlay, 3 enabled. Swing=NOT FOUND
 [BTCUSDT] [RENDER] renderOverlays: 3 total, 3 con renderOverlay, 3 enabled. Swing=NOT FOUND
 [BTCUSDT] [RENDER] renderOverlays: 3 total, 3 con renderOverlay, 3 enabled. Swing=NOT FOUND
 [BTCUSDT] [RENDER] renderOverlays: 3 total, 3 con renderOverlay, 3 enabled. Swing=NOT FOUND
 [BTCUSDT] [RENDER] renderOverlays: 3 total, 3 con renderOverlay, 3 enabled. Swing=NOT FOUND
 [BTCUSDT] [RENDER] renderOverlays: 3 total, 3 con renderOverlay, 3 enabled. Swing=NOT FOUND
 [BTCUSDT] [RENDER] renderOverlays: 3 total, 3 con renderOverlay, 3 enabled. Swing=NOT FOUND
 [BTCUSDT] [RENDER] renderOverlays: 3 total, 3 con renderOverlay, 3 enabled. Swing=NOT FOUND
 [CandleCache] ✅ BTCUSDT@1 - guardado (129633 velas, memoria: 1/4)
 [BTCUSDT] drawChart: 129634 velas disponibles, zoom=0.036, chartWidth=1229, mostrando=2458, userZoomed=true
 [BTCUSDT] [RENDER] renderOverlays: 3 total, 3 con renderOverlay, 3 enabled. Swing=NOT FOUND
 [BTCUSDT] [RENDER] renderOverlays: 3 total, 3 con renderOverlay, 3 enabled. Swing=NOT FOUND
 [BTCUSDT] [RENDER] renderOverlays: 3 total, 3 con renderOverlay, 3 enabled. Swing=NOT FOUND
 [BTCUSDT] [RENDER] renderOverlays: 3 total, 3 con renderOverlay, 3 enabled. Swing=NOT FOUND
 [BTCUSDT] [RENDER] renderOverlays: 3 total, 3 con renderOverlay, 3 enabled. Swing=NOT FOUND
 [BTCUSDT] [RENDER] renderOverlays: 3 total, 3 con renderOverlay, 3 enabled. Swing=NOT FOUND
 [BTCUSDT] [RENDER] renderOverlays: 3 total, 3 con renderOverlay, 3 enabled. Swing=NOT FOUND
 [BTCUSDT] [RENDER] renderOverlays: 3 total, 3 con renderOverlay, 3 enabled. Swing=NOT FOUND
 [BTCUSDT] [RENDER] renderOverlays: 3 total, 3 con renderOverlay, 3 enabled. Swing=NOT FOUND
 [BTCUSDT] [RENDER] renderOverlays: 3 total, 3 con renderOverlay, 3 enabled. Swing=NOT FOUND
 [BTCUSDT] [RENDER] renderOverlays: 3 total, 3 con renderOverlay, 3 enabled. Swing=NOT FOUND
 [BTCUSDT] drawChart: 129634 velas disponibles, zoom=0.036, chartWidth=1229, mostrando=2458, userZoomed=true
 [BTCUSDT] [RENDER] renderOverlays: 3 total, 3 con renderOverlay, 3 enabled. Swing=NOT FOUND
 [BTCUSDT] [RENDER] renderOverlays: 3 total, 3 con renderOverlay, 3 enabled. Swing=NOT FOUND
 [BTCUSDT] [RENDER] renderOverlays: 3 total, 3 con renderOverlay, 3 enabled. Swing=NOT FOUND
 [BTCUSDT] [RENDER] renderOverlays: 3 total, 3 con renderOverlay, 3 enabled. Swing=NOT FOUND
 [BTCUSDT] [RENDER] renderOverlays: 3 total, 3 con renderOverlay, 3 enabled. Swing=NOT FOUND
 [BTCUSDT] [RENDER] renderOverlays: 3 total, 3 con renderOverlay, 3 enabled. Swing=NOT FOUND
 [BTCUSDT] [RENDER] renderOverlays: 3 total, 3 con renderOverlay, 3 enabled. Swing=NOT FOUND
 [BTCUSDT] [RENDER] renderOverlays: 3 total, 3 con renderOverlay, 3 enabled. Swing=NOT FOUND
 [BTCUSDT] [RENDER] renderOverlays: 3 total, 3 con renderOverlay, 3 enabled. Swing=NOT FOUND
 [BTCUSDT] [RENDER] renderOverlays: 3 total, 3 con renderOverlay, 3 enabled. Swing=NOT FOUND
 [BTCUSDT] [RENDER] renderOverlays: 3 total, 3 con renderOverlay, 3 enabled. Swing=NOT FOUND
 [CandleCache] ✅ BTCUSDT@1 - guardado (129633 velas, memoria: 1/4)
 [BTCUSDT] [RENDER] renderOverlays: 3 total, 3 con renderOverlay, 3 enabled. Swing=NOT FOUND
 [BTCUSDT] drawChart: 129634 velas disponibles, zoom=0.036, chartWidth=1229, mostrando=2458, userZoomed=true
 [BTCUSDT] [RENDER] renderOverlays: 3 total, 3 con renderOverlay, 3 enabled. Swing=NOT FOUND
 [BTCUSDT] [RENDER] renderOverlays: 3 total, 3 con renderOverlay, 3 enabled. Swing=NOT FOUND
 [BTCUSDT] [RENDER] renderOverlays: 3 total, 3 con renderOverlay, 3 enabled. Swing=NOT FOUND
 [BTCUSDT] [RENDER] renderOverlays: 3 total, 3 con renderOverlay, 3 enabled. Swing=NOT FOUND
 [BTCUSDT] [RENDER] renderOverlays: 3 total, 3 con renderOverlay, 3 enabled. Swing=NOT FOUND
 [BTCUSDT] [RENDER] renderOverlays: 3 total, 3 con renderOverlay, 3 enabled. Swing=NOT FOUND
 [BTCUSDT] [RENDER] renderOverlays: 3 total, 3 con renderOverlay, 3 enabled. Swing=NOT FOUND
 [BTCUSDT] [RENDER] renderOverlays: 3 total, 3 con renderOverlay, 3 enabled. Swing=NOT FOUND
 [BTCUSDT] [RENDER] renderOverlays: 3 total, 3 con renderOverlay, 3 enabled. Swing=NOT FOUND
 [BTCUSDT] [RENDER] renderOverlays: 3 total, 3 con renderOverlay, 3 enabled. Swing=NOT FOUND
 [BTCUSDT] [RENDER] renderOverlays: 3 total, 3 con renderOverlay, 3 enabled. Swing=NOT FOUND
 [BTCUSDT] drawChart: 129634 velas disponibles, zoom=0.036, chartWidth=1229, mostrando=2458, userZoomed=true
 [BTCUSDT] [RENDER] renderOverlays: 3 total, 3 con renderOverlay, 3 enabled. Swing=NOT FOUND
 [BTCUSDT] [RENDER] renderOverlays: 3 total, 3 con renderOverlay, 3 enabled. Swing=NOT FOUND
 [BTCUSDT] [RENDER] renderOverlays: 3 total, 3 con renderOverlay, 3 enabled. Swing=NOT FOUND
 [BTCUSDT] [RENDER] renderOverlays: 3 total, 3 con renderOverlay, 3 enabled. Swing=NOT FOUND
 [BTCUSDT] [RENDER] renderOverlays: 3 total, 3 con renderOverlay, 3 enabled. Swing=NOT FOUND
 [BTCUSDT] [RENDER] renderOverlays: 3 total, 3 con renderOverlay, 3 enabled. Swing=NOT FOUND
 [BTCUSDT] [RENDER] renderOverlays: 3 total, 3 con renderOverlay, 3 enabled. Swing=NOT FOUND
 [BTCUSDT] [RENDER] renderOverlays: 3 total, 3 con renderOverlay, 3 enabled. Swing=NOT FOUND
 [BTCUSDT] [RENDER] renderOverlays: 3 total, 3 con renderOverlay, 3 enabled. Swing=NOT FOUND
 [BTCUSDT] [RENDER] renderOverlays: 3 total, 3 con renderOverlay, 3 enabled. Swing=NOT FOUND
 [BTCUSDT] [RENDER] renderOverlays: 3 total, 3 con renderOverlay, 3 enabled. Swing=NOT FOUND
 [CandleCache] ✅ BTCUSDT@1 - guardado (129633 velas, memoria: 1/4)
 [BTCUSDT] [RENDER] renderOverlays: 3 total, 3 con renderOverlay, 3 enabled. Swing=NOT FOUND
 [BTCUSDT] [RENDER] renderOverlays: 3 total, 3 con renderOverlay, 3 enabled. Swing=NOT FOUND
 [BTCUSDT] drawChart: 129634 velas disponibles, zoom=0.036, chartWidth=1229, mostrando=2458, userZoomed=true
 [BTCUSDT] [RENDER] renderOverlays: 3 total, 3 con renderOverlay, 3 enabled. Swing=NOT FOUND
 [BTCUSDT] [RENDER] renderOverlays: 3 total, 3 con renderOverlay, 3 enabled. Swing=NOT FOUND
 [BTCUSDT] [RENDER] renderOverlays: 3 total, 3 con renderOverlay, 3 enabled. Swing=NOT FOUND
 [BTCUSDT] [RENDER] renderOverlays: 3 total, 3 con renderOverlay, 3 enabled. Swing=NOT FOUND
 [BTCUSDT] [RENDER] renderOverlays: 3 total, 3 con renderOverlay, 3 enabled. Swing=NOT FOUND
 [BTCUSDT] [RENDER] renderOverlays: 3 total, 3 con renderOverlay, 3 enabled. Swing=NOT FOUND
 [BTCUSDT] [RENDER] renderOverlays: 3 total, 3 con renderOverlay, 3 enabled. Swing=NOT FOUND
 [BTCUSDT] [RENDER] renderOverlays: 3 total, 3 con renderOverlay, 3 enabled. Swing=NOT FOUND
 [CandleCache] 💾 BTCUSDT@1 - desde memoria (129633 velas)
 [CandleCache] OK VALIDATION BTCUSDT@1: 129633 velas sin gaps
 [BTCUSDT] Carga INCREMENTAL: desde 17/2/2026, 11:57:00 a.m. (129633 velas en cache, 100%)
 [BTCUSDT] [RENDER] renderOverlays: 3 total, 3 con renderOverlay, 3 enabled. Swing=NOT FOUND
 [BTCUSDT] [RENDER] renderOverlays: 3 total, 3 con renderOverlay, 3 enabled. Swing=NOT FOUND
 [BTCUSDT] [RENDER] renderOverlays: 3 total, 3 con renderOverlay, 3 enabled. Swing=NOT FOUND
 [BTCUSDT] [RENDER] renderOverlays: 3 total, 3 con renderOverlay, 3 enabled. Swing=NOT FOUND
 [BTCUSDT] [RENDER] renderOverlays: 3 total, 3 con renderOverlay, 3 enabled. Swing=NOT FOUND
 [BTCUSDT] drawChart: 129634 velas disponibles, zoom=0.036, chartWidth=1229, mostrando=2458, userZoomed=true
 [BTCUSDT] [RENDER] renderOverlays: 3 total, 3 con renderOverlay, 3 enabled. Swing=NOT FOUND
 [BTCUSDT] [RENDER] renderOverlays: 3 total, 3 con renderOverlay, 3 enabled. Swing=NOT FOUND
 [BTCUSDT] [RENDER] renderOverlays: 3 total, 3 con renderOverlay, 3 enabled. Swing=NOT FOUND
 [BTCUSDT] [RENDER] renderOverlays: 3 total, 3 con renderOverlay, 3 enabled. Swing=NOT FOUND
 [BTCUSDT] [RENDER] renderOverlays: 3 total, 3 con renderOverlay, 3 enabled. Swing=NOT FOUND
 [BTCUSDT] [RENDER] renderOverlays: 3 total, 3 con renderOverlay, 3 enabled. Swing=NOT FOUND
 [BTCUSDT] [RENDER] renderOverlays: 3 total, 3 con renderOverlay, 3 enabled. Swing=NOT FOUND
 [BTCUSDT] [RENDER] renderOverlays: 3 total, 3 con renderOverlay, 3 enabled. Swing=NOT FOUND
 [BTCUSDT] [RENDER] renderOverlays: 3 total, 3 con renderOverlay, 3 enabled. Swing=NOT FOUND
 [CandleCache] ✅ BTCUSDT@1 - guardado (129633 velas, memoria: 1/4)
 [BTCUSDT] [RENDER] renderOverlays: 3 total, 3 con renderOverlay, 3 enabled. Swing=NOT FOUND
 [BTCUSDT] [RENDER] renderOverlays: 3 total, 3 con renderOverlay, 3 enabled. Swing=NOT FOUND
 [BTCUSDT] drawChart: 129634 velas disponibles, zoom=0.036, chartWidth=1229, mostrando=2458, userZoomed=true
 [BTCUSDT] [RENDER] renderOverlays: 3 total, 3 con renderOverlay, 3 enabled. Swing=NOT FOUND
 [BTCUSDT] [RENDER] renderOverlays: 3 total, 3 con renderOverlay, 3 enabled. Swing=NOT FOUND
 [BTCUSDT] [RENDER] renderOverlays: 3 total, 3 con renderOverlay, 3 enabled. Swing=NOT FOUND
 [BTCUSDT] [RENDER] renderOverlays: 3 total, 3 con renderOverlay, 3 enabled. Swing=NOT FOUND
 [BTCUSDT] [RENDER] renderOverlays: 3 total, 3 con renderOverlay, 3 enabled. Swing=NOT FOUND
 [BTCUSDT] [RENDER] renderOverlays: 3 total, 3 con renderOverlay, 3 enabled. Swing=NOT FOUND
 [BTCUSDT] [RENDER] renderOverlays: 3 total, 3 con renderOverlay, 3 enabled. Swing=NOT FOUND
 [BTCUSDT] [RENDER] renderOverlays: 3 total, 3 con renderOverlay, 3 enabled. Swing=NOT FOUND
 [BTCUSDT] [RENDER] renderOverlays: 3 total, 3 con renderOverlay, 3 enabled. Swing=NOT FOUND
 [BTCUSDT] [RENDER] renderOverlays: 3 total, 3 con renderOverlay, 3 enabled. Swing=NOT FOUND
 [BTCUSDT] [RENDER] renderOverlays: 3 total, 3 con renderOverlay, 3 enabled. Swing=NOT FOUND
 [BTCUSDT] [RENDER] renderOverlays: 3 total, 3 con renderOverlay, 3 enabled. Swing=NOT FOUND
 [BTCUSDT] drawChart: 129634 velas disponibles, zoom=0.036, chartWidth=1229, mostrando=2458, userZoomed=true
 [BTCUSDT] [RENDER] renderOverlays: 3 total, 3 con renderOverlay, 3 enabled. Swing=NOT FOUND
 [BTCUSDT] [RENDER] renderOverlays: 3 total, 3 con renderOverlay, 3 enabled. Swing=NOT FOUND
 [BTCUSDT] [RENDER] renderOverlays: 3 total, 3 con renderOverlay, 3 enabled. Swing=NOT FOUND
 [BTCUSDT] [RENDER] renderOverlays: 3 total, 3 con renderOverlay, 3 enabled. Swing=NOT FOUND
 [BTCUSDT] [RENDER] renderOverlays: 3 total, 3 con renderOverlay, 3 enabled. Swing=NOT FOUND
 [BTCUSDT] [RENDER] renderOverlays: 3 total, 3 con renderOverlay, 3 enabled. Swing=NOT FOUND
 [BTCUSDT] [RENDER] renderOverlays: 3 total, 3 con renderOverlay, 3 enabled. Swing=NOT FOUND
 [BTCUSDT] [RENDER] renderOverlays: 3 total, 3 con renderOverlay, 3 enabled. Swing=NOT FOUND
 [BTCUSDT] [RENDER] renderOverlays: 3 total, 3 con renderOverlay, 3 enabled. Swing=NOT FOUND
 [BTCUSDT] [RENDER] renderOverlays: 3 total, 3 con renderOverlay, 3 enabled. Swing=NOT FOUND
 [CandleCache] ✅ BTCUSDT@1 - guardado (129633 velas, memoria: 1/4)
 [BTCUSDT] [RENDER] renderOverlays: 3 total, 3 con renderOverlay, 3 enabled. Swing=NOT FOUND
 [BTCUSDT] [RENDER] renderOverlays: 3 total, 3 con renderOverlay, 3 enabled. Swing=NOT FOUND
 [BTCUSDT] drawChart: 129634 velas disponibles, zoom=0.036, chartWidth=1229, mostrando=2458, userZoomed=true
 [BTCUSDT] [RENDER] renderOverlays: 3 total, 3 con renderOverlay, 3 enabled. Swing=NOT FOUND
 [BTCUSDT] [RENDER] renderOverlays: 3 total, 3 con renderOverlay, 3 enabled. Swing=NOT FOUND
 [BTCUSDT] [RENDER] renderOverlays: 3 total, 3 con renderOverlay, 3 enabled. Swing=NOT FOUND
 [BTCUSDT] [RENDER] renderOverlays: 3 total, 3 con renderOverlay, 3 enabled. Swing=NOT FOUND
 [BTCUSDT] [RENDER] renderOverlays: 3 total, 3 con renderOverlay, 3 enabled. Swing=NOT FOUND
 [BTCUSDT] [RENDER] renderOverlays: 3 total, 3 con renderOverlay, 3 enabled. Swing=NOT FOUND
 [CandleCache] 🔄 Merge: 129633 cached + 23 new = 129655 total
 [BTCUSDT] ✅ Incremental: +23 velas nuevas = 129655 total
 [BTCUSDT] ✅ Histórico final: 129655 velas
 [BTCUSDT] [RENDER] renderOverlays: 3 total, 3 con renderOverlay, 3 enabled. Swing=NOT FOUND
 [CandleCache] 🔄 Merge: 129633 cached + 18 new = 129650 total
 [BTCUSDT] ✅ Incremental: +18 velas nuevas = 129650 total
 [BTCUSDT] ✅ Histórico final: 129650 velas
 ✅ [12:00:25 p. m.] [Manager] [BTCUSDT] startAllPolling() llamado - 3 indicadores
 [BTCUSDT] [SWING] startAllPolling(): Swing Detector NOT FOUND
 ✅ [12:00:25 p. m.] [Manager] [BTCUSDT] -> Llamando startPollingIfReady() para VWAP
 ✅ [12:00:25 p. m.] [Manager] [BTCUSDT] 🚀 Polling iniciado para todos los indicadores
 [CandleCache] 🔄 Merge: 129633 cached + 13 new = 129645 total
 [BTCUSDT] ✅ Incremental: +13 velas nuevas = 129645 total
 [BTCUSDT] ✅ Histórico final: 129645 velas
 ✅ [12:00:25 p. m.] [Manager] [BTCUSDT] startAllPolling() llamado - 3 indicadores
 [BTCUSDT] [SWING] startAllPolling(): Swing Detector NOT FOUND
 ✅ [12:00:25 p. m.] [Manager] [BTCUSDT] -> Llamando startPollingIfReady() para VWAP
 ✅ [12:00:25 p. m.] [Manager] [BTCUSDT] 🚀 Polling iniciado para todos los indicadores
 [CandleCache] 🔄 Merge: 129633 cached + 8 new = 129640 total
 [BTCUSDT] ✅ Incremental: +8 velas nuevas = 129640 total
 [BTCUSDT] ✅ Histórico final: 129640 velas
 ✅ [12:00:26 p. m.] [Manager] [BTCUSDT] startAllPolling() llamado - 3 indicadores
 [BTCUSDT] [SWING] startAllPolling(): Swing Detector NOT FOUND
 ✅ [12:00:26 p. m.] [Manager] [BTCUSDT] -> Llamando startPollingIfReady() para VWAP
 ✅ [12:00:26 p. m.] [Manager] [BTCUSDT] 🚀 Polling iniciado para todos los indicadores
 [CandleCache] 🔄 Merge: 129633 cached + 3 new = 129635 total
 [BTCUSDT] ✅ Incremental: +3 velas nuevas = 129635 total
 [BTCUSDT] ✅ Histórico final: 129635 velas
 [BTCUSDT] [RENDER] renderOverlays: 3 total, 3 con renderOverlay, 3 enabled. Swing=NOT FOUND
 ✅ [12:00:26 p. m.] [Manager] [BTCUSDT] startAllPolling() llamado - 3 indicadores
 [BTCUSDT] [SWING] startAllPolling(): Swing Detector NOT FOUND
 ✅ [12:00:26 p. m.] [Manager] [BTCUSDT] -> Llamando startPollingIfReady() para VWAP
 ✅ [12:00:26 p. m.] [Manager] [BTCUSDT] 🚀 Polling iniciado para todos los indicadores
 [CandleCache] ✅ BTCUSDT@1 - guardado (129655 velas, memoria: 1/4)
 [CandleCache] ✅ BTCUSDT@1 - guardado (129650 velas, memoria: 1/4)
 [CandleCache] ✅ BTCUSDT@1 - guardado (129645 velas, memoria: 1/4)
 [CandleCache] ✅ BTCUSDT@1 - guardado (129640 velas, memoria: 1/4)
 [CandleCache] ✅ BTCUSDT@1 - guardado (129635 velas, memoria: 1/4)
 [BTCUSDT] [RENDER] renderOverlays: 3 total, 3 con renderOverlay, 3 enabled. Swing=NOT FOUND
 [BTCUSDT] [RENDER] renderOverlays: 3 total, 3 con renderOverlay, 3 enabled. Swing=NOT FOUND
 [HealthCheck] Backend reconnected
 ✅ [12:00:33 p. m.] [Manager] [BTCUSDT] startAllPolling() llamado - 3 indicadores
 [BTCUSDT] [SWING] startAllPolling(): Swing Detector NOT FOUND
 ✅ [12:00:33 p. m.] [Manager] [BTCUSDT] -> Llamando startPollingIfReady() para VWAP
 ✅ [12:00:33 p. m.] [Manager] [BTCUSDT] 🚀 Polling iniciado para todos los indicadores
 [BTCUSDT] [RENDER] renderOverlays: 3 total, 3 con renderOverlay, 3 enabled. Swing=NOT FOUND
 [BTCUSDT] [RENDER] renderOverlays: 3 total, 3 con renderOverlay, 3 enabled. Swing=NOT FOUND
 [BTCUSDT] [RENDER] renderOverlays: 3 total, 3 con renderOverlay, 3 enabled. Swing=NOT FOUND
 [BTCUSDT] drawChart: 129636 velas disponibles, zoom=0.036, chartWidth=1229, mostrando=2458, userZoomed=true
 [BTCUSDT] [RENDER] renderOverlays: 3 total, 3 con renderOverlay, 3 enabled. Swing=NOT FOUND
 [BTCUSDT] [RENDER] renderOverlays: 3 total, 3 con renderOverlay, 3 enabled. Swing=NOT FOUND
 [BTCUSDT] [RENDER] renderOverlays: 3 total, 3 con renderOverlay, 3 enabled. Swing=NOT FOUND
 [BTCUSDT] [RENDER] renderOverlays: 3 total, 3 con renderOverlay, 3 enabled. Swing=NOT FOUND
 [BTCUSDT] [RENDER] renderOverlays: 3 total, 3 con renderOverlay, 3 enabled. Swing=NOT FOUND
 [BTCUSDT] [RENDER] renderOverlays: 3 total, 3 con renderOverlay, 3 enabled. Swing=NOT FOUND
 [BTCUSDT] [RENDER] renderOverlays: 3 total, 3 con renderOverlay, 3 enabled. Swing=NOT FOUND
 [BTCUSDT] [RENDER] renderOverlays: 3 total, 3 con renderOverlay, 3 enabled. Swing=NOT FOUND
 [BTCUSDT] [RENDER] renderOverlays: 3 total, 3 con renderOverlay, 3 enabled. Swing=NOT FOUND
 [BTCUSDT] [RENDER] renderOverlays: 3 total, 3 con renderOverlay, 3 enabled. Swing=NOT FOUND
 [CandleCache] ✅ BTCUSDT@1 - guardado (129635 velas, memoria: 1/4)
 [BTCUSDT] [RENDER] renderOverlays: 3 total, 3 con renderOverlay, 3 enabled. Swing=NOT FOUND
 [BTCUSDT] [RENDER] renderOverlays: 3 total, 3 con renderOverlay, 3 enabled. Swing=NOT FOUND
 [BTCUSDT] [RENDER] renderOverlays: 3 total, 3 con renderOverlay, 3 enabled. Swing=NOT FOUND
 [BTCUSDT] drawChart: 129636 velas disponibles, zoom=0.036, chartWidth=1229, mostrando=2458, userZoomed=true
 [BTCUSDT] [RENDER] renderOverlays: 3 total, 3 con renderOverlay, 3 enabled. Swing=NOT FOUND
 [BTCUSDT] [RENDER] renderOverlays: 3 total, 3 con renderOverlay, 3 enabled. Swing=NOT FOUND
 [BTCUSDT] [RENDER] renderOverlays: 3 total, 3 con renderOverlay, 3 enabled. Swing=NOT FOUND
 [BTCUSDT] [RENDER] renderOverlays: 3 total, 3 con renderOverlay, 3 enabled. Swing=NOT FOUND
 [BTCUSDT] [RENDER] renderOverlays: 3 total, 3 con renderOverlay, 3 enabled. Swing=NOT FOUND
 [BTCUSDT] [RENDER] renderOverlays: 3 total, 3 con renderOverlay, 3 enabled. Swing=NOT FOUND
 [BTCUSDT] [RENDER] renderOverlays: 3 total, 3 con renderOverlay, 3 enabled. Swing=NOT FOUND
 [BTCUSDT] [RENDER] renderOverlays: 3 total, 3 con renderOverlay, 3 enabled. Swing=NOT FOUND
 [BTCUSDT] [RENDER] renderOverlays: 3 total, 3 con renderOverlay, 3 enabled. Swing=NOT FOUND
 [BTCUSDT] [RENDER] renderOverlays: 3 total, 3 con renderOverlay, 3 enabled. Swing=NOT FOUND
 [BTCUSDT] [RENDER] renderOverlays: 3 total, 3 con renderOverlay, 3 enabled. Swing=NOT FOUND
 [BTCUSDT] [RENDER] renderOverlays: 3 total, 3 con renderOverlay, 3 enabled. Swing=NOT FOUND
 [BTCUSDT] drawChart: 129636 velas disponibles, zoom=0.036, chartWidth=1229, mostrando=2458, userZoomed=true
 [BTCUSDT] [RENDER] renderOverlays: 3 total, 3 con renderOverlay, 3 enabled. Swing=NOT FOUND
 [BTCUSDT] [RENDER] renderOverlays: 3 total, 3 con renderOverlay, 3 enabled. Swing=NOT FOUND
 [BTCUSDT] [RENDER] renderOverlays: 3 total, 3 con renderOverlay, 3 enabled. Swing=NOT FOUND
 [BTCUSDT] [RENDER] renderOverlays: 3 total, 3 con renderOverlay, 3 enabled. Swing=NOT FOUND
 [BTCUSDT] [RENDER] renderOverlays: 3 total, 3 con renderOverlay, 3 enabled. Swing=NOT FOUND
 [BTCUSDT] [RENDER] renderOverlays: 3 total, 3 con renderOverlay, 3 enabled. Swing=NOT FOUND
 [BTCUSDT] [RENDER] renderOverlays: 3 total, 3 con renderOverlay, 3 enabled. Swing=NOT FOUND
 [BTCUSDT] [RENDER] renderOverlays: 3 total, 3 con renderOverlay, 3 enabled. Swing=NOT FOUND
 [CandleCache] ✅ BTCUSDT@1 - guardado (129635 velas, memoria: 1/4)
 [BTCUSDT] [RENDER] renderOverlays: 3 total, 3 con renderOverlay, 3 enabled. Swing=NOT FOUND
 [BTCUSDT] [RENDER] renderOverlays: 3 total, 3 con renderOverlay, 3 enabled. Swing=NOT FOUND
 [BTCUSDT] [RENDER] renderOverlays: 3 total, 3 con renderOverlay, 3 enabled. Swing=NOT FOUND
 [BTCUSDT] [RENDER] renderOverlays: 3 total, 3 con renderOverlay, 3 enabled. Swing=NOT FOUND
 [BTCUSDT] drawChart: 129636 velas disponibles, zoom=0.036, chartWidth=1229, mostrando=2458, userZoomed=true
 [BTCUSDT] [RENDER] renderOverlays: 3 total, 3 con renderOverlay, 3 enabled. Swing=NOT FOUND
 [BTCUSDT] [RENDER] renderOverlays: 3 total, 3 con renderOverlay, 3 enabled. Swing=NOT FOUND
 [BTCUSDT] [RENDER] renderOverlays: 3 total, 3 con renderOverlay, 3 enabled. Swing=NOT FOUND
 [BTCUSDT] [RENDER] renderOverlays: 3 total, 3 con renderOverlay, 3 enabled. Swing=NOT FOUND
 [BTCUSDT] [RENDER] renderOverlays: 3 total, 3 con renderOverlay, 3 enabled. Swing=NOT FOUND
 [BTCUSDT] [RENDER] renderOverlays: 3 total, 3 con renderOverlay, 3 enabled. Swing=NOT FOUND
 [BTCUSDT] [RENDER] renderOverlays: 3 total, 3 con renderOverlay, 3 enabled. Swing=NOT FOUND
 [BTCUSDT] [RENDER] renderOverlays: 3 total, 3 con renderOverlay, 3 enabled. Swing=NOT FOUND
 [BTCUSDT] [RENDER] renderOverlays: 3 total, 3 con renderOverlay, 3 enabled. Swing=NOT FOUND
 [BTCUSDT] [RENDER] renderOverlays: 3 total, 3 con renderOverlay, 3 enabled. Swing=NOT FOUND
 [BTCUSDT] [RENDER] renderOverlays: 3 total, 3 con renderOverlay, 3 enabled. Swing=NOT FOUND
 [BTCUSDT] [RENDER] renderOverlays: 3 total, 3 con renderOverlay, 3 enabled. Swing=NOT FOUND
 [BTCUSDT] [RENDER] renderOverlays: 3 total, 3 con renderOverlay, 3 enabled. Swing=NOT FOUND
 [BTCUSDT] drawChart: 129636 velas disponibles, zoom=0.036, chartWidth=1229, mostrando=2458, userZoomed=true
 [BTCUSDT] [RENDER] renderOverlays: 3 total, 3 con renderOverlay, 3 enabled. Swing=NOT FOUND
 [BTCUSDT] [RENDER] renderOverlays: 3 total, 3 con renderOverlay, 3 enabled. Swing=NOT FOUND
 [BTCUSDT] [RENDER] renderOverlays: 3 total, 3 con renderOverlay, 3 enabled. Swing=NOT FOUND
 [BTCUSDT] [RENDER] renderOverlays: 3 total, 3 con renderOverlay, 3 enabled. Swing=NOT FOUND
 [BTCUSDT] [RENDER] renderOverlays: 3 total, 3 con renderOverlay, 3 enabled. Swing=NOT FOUND
 [BTCUSDT] [RENDER] renderOverlays: 3 total, 3 con renderOverlay, 3 enabled. Swing=NOT FOUND
 [BTCUSDT] [RENDER] renderOverlays: 3 total, 3 con renderOverlay, 3 enabled. Swing=NOT FOUND
 [BTCUSDT] [RENDER] renderOverlays: 3 total, 3 con renderOverlay, 3 enabled. Swing=NOT FOUND
 [BTCUSDT] [RENDER] renderOverlays: 3 total, 3 con renderOverlay, 3 enabled. Swing=NOT FOUND
 [CandleCache] ✅ BTCUSDT@1 - guardado (129635 velas, memoria: 1/4)
 [BTCUSDT] [RENDER] renderOverlays: 3 total, 3 con renderOverlay, 3 enabled. Swing=NOT FOUND
 [BTCUSDT] [RENDER] renderOverlays: 3 total, 3 con renderOverlay, 3 enabled. Swing=NOT FOUND
 [BTCUSDT] [RENDER] renderOverlays: 3 total, 3 con renderOverlay, 3 enabled. Swing=NOT FOUND
 [BTCUSDT] drawChart: 129636 velas disponibles, zoom=0.036, chartWidth=1229, mostrando=2458, userZoomed=true
 [BTCUSDT] [RENDER] renderOverlays: 3 total, 3 con renderOverlay, 3 enabled. Swing=NOT FOUND
 [BTCUSDT] [RENDER] renderOverlays: 3 total, 3 con renderOverlay, 3 enabled. Swing=NOT FOUND
 [BTCUSDT] [RENDER] renderOverlays: 3 total, 3 con renderOverlay, 3 enabled. Swing=NOT FOUND
 [BTCUSDT] [RENDER] renderOverlays: 3 total, 3 con renderOverlay, 3 enabled. Swing=NOT FOUND
 [BTCUSDT] [RENDER] renderOverlays: 3 total, 3 con renderOverlay, 3 enabled. Swing=NOT FOUND
 [BTCUSDT] [RENDER] renderOverlays: 3 total, 3 con renderOverlay, 3 enabled. Swing=NOT FOUND
 [CandleCache] 💾 BTCUSDT@1 - desde memoria (129635 velas)
 [CandleCache] OK VALIDATION BTCUSDT@1: 129635 velas sin gaps
 [BTCUSDT] Carga INCREMENTAL: desde 17/2/2026, 12:02:00 p.m. (129635 velas en cache, 100%)
 [BTCUSDT] [RENDER] renderOverlays: 3 total, 3 con renderOverlay, 3 enabled. Swing=NOT FOUND
 [BTCUSDT] [RENDER] renderOverlays: 3 total, 3 con renderOverlay, 3 enabled. Swing=NOT FOUND
 [BTCUSDT] [RENDER] renderOverlays: 3 total, 3 con renderOverlay, 3 enabled. Swing=NOT FOUND
 [BTCUSDT] [RENDER] renderOverlays: 3 total, 3 con renderOverlay, 3 enabled. Swing=NOT FOUND
 [BTCUSDT] [RENDER] renderOverlays: 3 total, 3 con renderOverlay, 3 enabled. Swing=NOT FOUND
 [BTCUSDT] [RENDER] renderOverlays: 3 total, 3 con renderOverlay, 3 enabled. Swing=NOT FOUND
 [BTCUSDT] [RENDER] renderOverlays: 3 total, 3 con renderOverlay, 3 enabled. Swing=NOT FOUND
 [BTCUSDT] drawChart: 129636 velas disponibles, zoom=0.036, chartWidth=1229, mostrando=2458, userZoomed=true
 [BTCUSDT] [RENDER] renderOverlays: 3 total, 3 con renderOverlay, 3 enabled. Swing=NOT FOUND
 [BTCUSDT] [RENDER] renderOverlays: 3 total, 3 con renderOverlay, 3 enabled. Swing=NOT FOUND
 [BTCUSDT] [RENDER] renderOverlays: 3 total, 3 con renderOverlay, 3 enabled. Swing=NOT FOUND
 [BTCUSDT] [RENDER] renderOverlays: 3 total, 3 con renderOverlay, 3 enabled. Swing=NOT FOUND
 [BTCUSDT] [RENDER] renderOverlays: 3 total, 3 con renderOverlay, 3 enabled. Swing=NOT FOUND
 [BTCUSDT] [RENDER] renderOverlays: 3 total, 3 con renderOverlay, 3 enabled. Swing=NOT FOUND
 [BTCUSDT] [RENDER] renderOverlays: 3 total, 3 con renderOverlay, 3 enabled. Swing=NOT FOUND
 [CandleCache] ✅ BTCUSDT@1 - guardado (129635 velas, memoria: 1/4)
 [BTCUSDT] [RENDER] renderOverlays: 3 total, 3 con renderOverlay, 3 enabled. Swing=NOT FOUND
 [BTCUSDT] [RENDER] renderOverlays: 3 total, 3 con renderOverlay, 3 enabled. Swing=NOT FOUND
 [BTCUSDT] [RENDER] renderOverlays: 3 total, 3 con renderOverlay, 3 enabled. Swing=NOT FOUND
 [BTCUSDT] [RENDER] renderOverlays: 3 total, 3 con renderOverlay, 3 enabled. Swing=NOT FOUND
 [BTCUSDT] drawChart: 129636 velas disponibles, zoom=0.036, chartWidth=1229, mostrando=2458, userZoomed=true
 [BTCUSDT] [RENDER] renderOverlays: 3 total, 3 con renderOverlay, 3 enabled. Swing=NOT FOUND
 [BTCUSDT] [RENDER] renderOverlays: 3 total, 3 con renderOverlay, 3 enabled. Swing=NOT FOUND
 [BTCUSDT] [RENDER] renderOverlays: 3 total, 3 con renderOverlay, 3 enabled. Swing=NOT FOUND
 [BTCUSDT] [RENDER] renderOverlays: 3 total, 3 con renderOverlay, 3 enabled. Swing=NOT FOUND
 [BTCUSDT] [RENDER] renderOverlays: 3 total, 3 con renderOverlay, 3 enabled. Swing=NOT FOUND
 [BTCUSDT] [RENDER] renderOverlays: 3 total, 3 con renderOverlay, 3 enabled. Swing=NOT FOUND
 [BTCUSDT] [RENDER] renderOverlays: 3 total, 3 con renderOverlay, 3 enabled. Swing=NOT FOUND
 [BTCUSDT] [RENDER] renderOverlays: 3 total, 3 con renderOverlay, 3 enabled. Swing=NOT FOUND
 [BTCUSDT] [RENDER] renderOverlays: 3 total, 3 con renderOverlay, 3 enabled. Swing=NOT FOUND
 [BTCUSDT] [RENDER] renderOverlays: 3 total, 3 con renderOverlay, 3 enabled. Swing=NOT FOUND
 [BTCUSDT] [RENDER] renderOverlays: 3 total, 3 con renderOverlay, 3 enabled. Swing=NOT FOUND
 [BTCUSDT] [RENDER] renderOverlays: 3 total, 3 con renderOverlay, 3 enabled. Swing=NOT FOUND
 [BTCUSDT] drawChart: 129636 velas disponibles, zoom=0.036, chartWidth=1229, mostrando=2458, userZoomed=true
 [BTCUSDT] [RENDER] renderOverlays: 3 total, 3 con renderOverlay, 3 enabled. Swing=NOT FOUND
 [BTCUSDT] [RENDER] renderOverlays: 3 total, 3 con renderOverlay, 3 enabled. Swing=NOT FOUND
 [BTCUSDT] [RENDER] renderOverlays: 3 total, 3 con renderOverlay, 3 enabled. Swing=NOT FOUND
 [BTCUSDT] [RENDER] renderOverlays: 3 total, 3 con renderOverlay, 3 enabled. Swing=NOT FOUND
 [BTCUSDT] [RENDER] renderOverlays: 3 total, 3 con renderOverlay, 3 enabled. Swing=NOT FOUND
 [BTCUSDT] [RENDER] renderOverlays: 3 total, 3 con renderOverlay, 3 enabled. Swing=NOT FOUND
 [BTCUSDT] [RENDER] renderOverlays: 3 total, 3 con renderOverlay, 3 enabled. Swing=NOT FOUND
 [CandleCache] ✅ BTCUSDT@1 - guardado (129635 velas, memoria: 1/4)
 [BTCUSDT] [RENDER] renderOverlays: 3 total, 3 con renderOverlay, 3 enabled. Swing=NOT FOUND
 [BTCUSDT] [RENDER] renderOverlays: 3 total, 3 con renderOverlay, 3 enabled. Swing=NOT FOUND
 [BTCUSDT] [RENDER] renderOverlays: 3 total, 3 con renderOverlay, 3 enabled. Swing=NOT FOUND
 [BTCUSDT] [RENDER] renderOverlays: 3 total, 3 con renderOverlay, 3 enabled. Swing=NOT FOUND
 [BTCUSDT] [RENDER] renderOverlays: 3 total, 3 con renderOverlay, 3 enabled. Swing=NOT FOUND
 [BTCUSDT] drawChart: 129636 velas disponibles, zoom=0.036, chartWidth=1229, mostrando=2458, userZoomed=true
 [BTCUSDT] [RENDER] renderOverlays: 3 total, 3 con renderOverlay, 3 enabled. Swing=NOT FOUND
 [BTCUSDT] [RENDER] renderOverlays: 3 total, 3 con renderOverlay, 3 enabled. Swing=NOT FOUND
 [BTCUSDT] [RENDER] renderOverlays: 3 total, 3 con renderOverlay, 3 enabled. Swing=NOT FOUND
 [BTCUSDT] [RENDER] renderOverlays: 3 total, 3 con renderOverlay, 3 enabled. Swing=NOT FOUND
 [BTCUSDT] [RENDER] renderOverlays: 3 total, 3 con renderOverlay, 3 enabled. Swing=NOT FOUND
 [BTCUSDT] [RENDER] renderOverlays: 3 total, 3 con renderOverlay, 3 enabled. Swing=NOT FOUND
 [BTCUSDT] [RENDER] renderOverlays: 3 total, 3 con renderOverlay, 3 enabled. Swing=NOT FOUND
 [BTCUSDT] [RENDER] renderOverlays: 3 total, 3 con renderOverlay, 3 enabled. Swing=NOT FOUND
 [BTCUSDT] [RENDER] renderOverlays: 3 total, 3 con renderOverlay, 3 enabled. Swing=NOT FOUND
 [BTCUSDT] [RENDER] renderOverlays: 3 total, 3 con renderOverlay, 3 enabled. Swing=NOT FOUND
 [BTCUSDT] [RENDER] renderOverlays: 3 total, 3 con renderOverlay, 3 enabled. Swing=NOT FOUND
 [BTCUSDT] [RENDER] renderOverlays: 3 total, 3 con renderOverlay, 3 enabled. Swing=NOT FOUND
 [BTCUSDT] [RENDER] renderOverlays: 3 total, 3 con renderOverlay, 3 enabled. Swing=NOT FOUND
 [BTCUSDT] drawChart: 129636 velas disponibles, zoom=0.036, chartWidth=1229, mostrando=2458, userZoomed=true
 [BTCUSDT] [RENDER] renderOverlays: 3 total, 3 con renderOverlay, 3 enabled. Swing=NOT FOUND
 [BTCUSDT] [RENDER] renderOverlays: 3 total, 3 con renderOverlay, 3 enabled. Swing=NOT FOUND
 [BTCUSDT] [RENDER] renderOverlays: 3 total, 3 con renderOverlay, 3 enabled. Swing=NOT FOUND
 [BTCUSDT] [RENDER] renderOverlays: 3 total, 3 con renderOverlay, 3 enabled. Swing=NOT FOUND
 [BTCUSDT] [RENDER] renderOverlays: 3 total, 3 con renderOverlay, 3 enabled. Swing=NOT FOUND
 [BTCUSDT] [RENDER] renderOverlays: 3 total, 3 con renderOverlay, 3 enabled. Swing=NOT FOUND
 [CandleCache] ✅ BTCUSDT@1 - guardado (129635 velas, memoria: 1/4)
 [BTCUSDT] [RENDER] renderOverlays: 3 total, 3 con renderOverlay, 3 enabled. Swing=NOT FOUND
 [BTCUSDT] [RENDER] renderOverlays: 3 total, 3 con renderOverlay, 3 enabled. Swing=NOT FOUND
 [BTCUSDT] [RENDER] renderOverlays: 3 total, 3 con renderOverlay, 3 enabled. Swing=NOT FOUND
 [BTCUSDT] [RENDER] renderOverlays: 3 total, 3 con renderOverlay, 3 enabled. Swing=NOT FOUND
 [BTCUSDT] [RENDER] renderOverlays: 3 total, 3 con renderOverlay, 3 enabled. Swing=NOT FOUND
 [BTCUSDT] drawChart: 129636 velas disponibles, zoom=0.036, chartWidth=1229, mostrando=2458, userZoomed=true
 [BTCUSDT] [RENDER] renderOverlays: 3 total, 3 con renderOverlay, 3 enabled. Swing=NOT FOUND
 [BTCUSDT] [RENDER] renderOverlays: 3 total, 3 con renderOverlay, 3 enabled. Swing=NOT FOUND
 [BTCUSDT] [RENDER] renderOverlays: 3 total, 3 con renderOverlay, 3 enabled. Swing=NOT FOUND
 [BTCUSDT] [RENDER] renderOverlays: 3 total, 3 con renderOverlay, 3 enabled. Swing=NOT FOUND
 [BTCUSDT] [RENDER] renderOverlays: 3 total, 3 con renderOverlay, 3 enabled. Swing=NOT FOUND
 [BTCUSDT] [RENDER] renderOverlays: 3 total, 3 con renderOverlay, 3 enabled. Swing=NOT FOUND
 [BTCUSDT] [RENDER] renderOverlays: 3 total, 3 con renderOverlay, 3 enabled. Swing=NOT FOUND
 [BTCUSDT] [RENDER] renderOverlays: 3 total, 3 con renderOverlay, 3 enabled. Swing=NOT FOUND
 [BTCUSDT] [RENDER] renderOverlays: 3 total, 3 con renderOverlay, 3 enabled. Swing=NOT FOUND
 [BTCUSDT] [RENDER] renderOverlays: 3 total, 3 con renderOverlay, 3 enabled. Swing=NOT FOUND
 [BTCUSDT] [RENDER] renderOverlays: 3 total, 3 con renderOverlay, 3 enabled. Swing=NOT FOUND
 [BTCUSDT] drawChart: 129636 velas disponibles, zoom=0.036, chartWidth=1229, mostrando=2458, userZoomed=true
 [BTCUSDT] [RENDER] renderOverlays: 3 total, 3 con renderOverlay, 3 enabled. Swing=NOT FOUND
 [BTCUSDT] [RENDER] renderOverlays: 3 total, 3 con renderOverlay, 3 enabled. Swing=NOT FOUND
 [BTCUSDT] [RENDER] renderOverlays: 3 total, 3 con renderOverlay, 3 enabled. Swing=NOT FOUND
 [BTCUSDT] [RENDER] renderOverlays: 3 total, 3 con renderOverlay, 3 enabled. Swing=NOT FOUND
 [BTCUSDT] [RENDER] renderOverlays: 3 total, 3 con renderOverlay, 3 enabled. Swing=NOT FOUND
 [BTCUSDT] [RENDER] renderOverlays: 3 total, 3 con renderOverlay, 3 enabled. Swing=NOT FOUND
 [CandleCache] ✅ BTCUSDT@1 - guardado (129635 velas, memoria: 1/4)
 [BTCUSDT] [RENDER] renderOverlays: 3 total, 3 con renderOverlay, 3 enabled. Swing=NOT FOUND
 [BTCUSDT] [RENDER] renderOverlays: 3 total, 3 con renderOverlay, 3 enabled. Swing=NOT FOUND
 [BTCUSDT] [RENDER] renderOverlays: 3 total, 3 con renderOverlay, 3 enabled. Swing=NOT FOUND
 [BTCUSDT] [RENDER] renderOverlays: 3 total, 3 con renderOverlay, 3 enabled. Swing=NOT FOUND
 [BTCUSDT] [RENDER] renderOverlays: 3 total, 3 con renderOverlay, 3 enabled. Swing=NOT FOUND
 [BTCUSDT] drawChart: 129636 velas disponibles, zoom=0.036, chartWidth=1229, mostrando=2458, userZoomed=true
 [BTCUSDT] [RENDER] renderOverlays: 3 total, 3 con renderOverlay, 3 enabled. Swing=NOT FOUND
 [BTCUSDT] [RENDER] renderOverlays: 3 total, 3 con renderOverlay, 3 enabled. Swing=NOT FOUND
 [BTCUSDT] [RENDER] renderOverlays: 3 total, 3 con renderOverlay, 3 enabled. Swing=NOT FOUND
 [BTCUSDT] [RENDER] renderOverlays: 3 total, 3 con renderOverlay, 3 enabled. Swing=NOT FOUND
 [BTCUSDT] [RENDER] renderOverlays: 3 total, 3 con renderOverlay, 3 enabled. Swing=NOT FOUND
 [BTCUSDT] [RENDER] renderOverlays: 3 total, 3 con renderOverlay, 3 enabled. Swing=NOT FOUND
 [BTCUSDT] [RENDER] renderOverlays: 3 total, 3 con renderOverlay, 3 enabled. Swing=NOT FOUND
 [BTCUSDT] [RENDER] renderOverlays: 3 total, 3 con renderOverlay, 3 enabled. Swing=NOT FOUND
 [BTCUSDT] [RENDER] renderOverlays: 3 total, 3 con renderOverlay, 3 enabled. Swing=NOT FOUND
 [BTCUSDT] [RENDER] renderOverlays: 3 total, 3 con renderOverlay, 3 enabled. Swing=NOT FOUND
 [BTCUSDT] [RENDER] renderOverlays: 3 total, 3 con renderOverlay, 3 enabled. Swing=NOT FOUND
 [BTCUSDT] [RENDER] renderOverlays: 3 total, 3 con renderOverlay, 3 enabled. Swing=NOT FOUND
 [BTCUSDT] [RENDER] renderOverlays: 3 total, 3 con renderOverlay, 3 enabled. Swing=NOT FOUND
 [BTCUSDT] drawChart: 129636 velas disponibles, zoom=0.036, chartWidth=1229, mostrando=2458, userZoomed=true
 [BTCUSDT] [RENDER] renderOverlays: 3 total, 3 con renderOverlay, 3 enabled. Swing=NOT FOUND
 [BTCUSDT] [RENDER] renderOverlays: 3 total, 3 con renderOverlay, 3 enabled. Swing=NOT FOUND
 [BTCUSDT] [RENDER] renderOverlays: 3 total, 3 con renderOverlay, 3 enabled. Swing=NOT FOUND
 [BTCUSDT] [RENDER] renderOverlays: 3 total, 3 con renderOverlay, 3 enabled. Swing=NOT FOUND
 [BTCUSDT] [RENDER] renderOverlays: 3 total, 3 con renderOverlay, 3 enabled. Swing=NOT FOUND
 [BTCUSDT] [RENDER] renderOverlays: 3 total, 3 con renderOverlay, 3 enabled. Swing=NOT FOUND
 [CandleCache] ✅ BTCUSDT@1 - guardado (129635 velas, memoria: 1/4)
 [BTCUSDT] [RENDER] renderOverlays: 3 total, 3 con renderOverlay, 3 enabled. Swing=NOT FOUND
 [BTCUSDT] [RENDER] renderOverlays: 3 total, 3 con renderOverlay, 3 enabled. Swing=NOT FOUND
 [BTCUSDT] [RENDER] renderOverlays: 3 total, 3 con renderOverlay, 3 enabled. Swing=NOT FOUND
 [BTCUSDT] [RENDER] renderOverlays: 3 total, 3 con renderOverlay, 3 enabled. Swing=NOT FOUND
 [BTCUSDT] [RENDER] renderOverlays: 3 total, 3 con renderOverlay, 3 enabled. Swing=NOT FOUND
 [BTCUSDT] drawChart: 129636 velas disponibles, zoom=0.036, chartWidth=1229, mostrando=2458, userZoomed=true
 [BTCUSDT] [RENDER] renderOverlays: 3 total, 3 con renderOverlay, 3 enabled. Swing=NOT FOUND
 [BTCUSDT] [RENDER] renderOverlays: 3 total, 3 con renderOverlay, 3 enabled. Swing=NOT FOUND
 [BTCUSDT] [RENDER] renderOverlays: 3 total, 3 con renderOverlay, 3 enabled. Swing=NOT FOUND
 [BTCUSDT] [RENDER] renderOverlays: 3 total, 3 con renderOverlay, 3 enabled. Swing=NOT FOUND
 [CandleCache] 💾 BTCUSDT@1 - desde memoria (129635 velas)
 [CandleCache] OK VALIDATION BTCUSDT@1: 129635 velas sin gaps
 [BTCUSDT] Carga INCREMENTAL: desde 17/2/2026, 12:07:00 p.m. (129635 velas en cache, 100%)
 [BTCUSDT] [RENDER] renderOverlays: 3 total, 3 con renderOverlay, 3 enabled. Swing=NOT FOUND
 [BTCUSDT] [RENDER] renderOverlays: 3 total, 3 con renderOverlay, 3 enabled. Swing=NOT FOUND
 [BTCUSDT] [RENDER] renderOverlays: 3 total, 3 con renderOverlay, 3 enabled. Swing=NOT FOUND
 [BTCUSDT] [RENDER] renderOverlays: 3 total, 3 con renderOverlay, 3 enabled. Swing=NOT FOUND
 [BTCUSDT] [RENDER] renderOverlays: 3 total, 3 con renderOverlay, 3 enabled. Swing=NOT FOUND
 [BTCUSDT] [RENDER] renderOverlays: 3 total, 3 con renderOverlay, 3 enabled. Swing=NOT FOUND
 [BTCUSDT] [RENDER] renderOverlays: 3 total, 3 con renderOverlay, 3 enabled. Swing=NOT FOUND
 [BTCUSDT] [RENDER] renderOverlays: 3 total, 3 con renderOverlay, 3 enabled. Swing=NOT FOUND
 [BTCUSDT] drawChart: 129636 velas disponibles, zoom=0.036, chartWidth=1229, mostrando=2458, userZoomed=true
 [BTCUSDT] [RENDER] renderOverlays: 3 total, 3 con renderOverlay, 3 enabled. Swing=NOT FOUND
 [BTCUSDT] [RENDER] renderOverlays: 3 total, 3 con renderOverlay, 3 enabled. Swing=NOT FOUND
 [BTCUSDT] [RENDER] renderOverlays: 3 total, 3 con renderOverlay, 3 enabled. Swing=NOT FOUND
 [BTCUSDT] [RENDER] renderOverlays: 3 total, 3 con renderOverlay, 3 enabled. Swing=NOT FOUND
 [BTCUSDT] [RENDER] renderOverlays: 3 total, 3 con renderOverlay, 3 enabled. Swing=NOT FOUND
 [BTCUSDT] [RENDER] renderOverlays: 3 total, 3 con renderOverlay, 3 enabled. Swing=NOT FOUND
 [CandleCache] ✅ BTCUSDT@1 - guardado (129635 velas, memoria: 1/4)
 [BTCUSDT] [RENDER] renderOverlays: 3 total, 3 con renderOverlay, 3 enabled. Swing=NOT FOUND
 [BTCUSDT] [RENDER] renderOverlays: 3 total, 3 con renderOverlay, 3 enabled. Swing=NOT FOUND
 [BTCUSDT] [RENDER] renderOverlays: 3 total, 3 con renderOverlay, 3 enabled. Swing=NOT FOUND
 [BTCUSDT] [RENDER] renderOverlays: 3 total, 3 con renderOverlay, 3 enabled. Swing=NOT FOUND
 [BTCUSDT] [RENDER] renderOverlays: 3 total, 3 con renderOverlay, 3 enabled. Swing=NOT FOUND
 [BTCUSDT] drawChart: 129636 velas disponibles, zoom=0.036, chartWidth=1229, mostrando=2458, userZoomed=true
IndicatorManager.js:520 [BTCUSDT] [RENDER] renderOverlays: 3 total, 3 con renderOverlay, 3 enabled. Swing=NOT FOUND
IndicatorManager.js:520 [BTCUSDT] [RENDER] renderOverlays: 3 total, 3 con renderOverlay, 3 enabled. Swing=NOT FOUND
IndicatorManager.js:520 [BTCUSDT] [RENDER] renderOverlays: 3 total, 3 con renderOverlay, 3 enabled. Swing=NOT FOUND
IndicatorManager.js:520 [BTCUSDT] [RENDER] renderOverlays: 3 total, 3 con renderOverlay, 3 enabled. Swing=NOT FOUND
IndicatorManager.js:520 [BTCUSDT] [RENDER] renderOverlays: 3 total, 3 con renderOverlay, 3 enabled. Swing=NOT FOUND
IndicatorManager.js:520 [BTCUSDT] [RENDER] renderOverlays: 3 total, 3 con renderOverlay, 3 enabled. Swing=NOT FOUND
IndicatorManager.js:520 [BTCUSDT] [RENDER] renderOverlays: 3 total, 3 con renderOverlay, 3 enabled. Swing=NOT FOUND
IndicatorManager.js:520 [BTCUSDT] [RENDER] renderOverlays: 3 total, 3 con renderOverlay, 3 enabled. Swing=NOT FOUND
IndicatorManager.js:520 [BTCUSDT] [RENDER] renderOverlays: 3 total, 3 con renderOverlay, 3 enabled. Swing=NOT FOUND
IndicatorManager.js:520 [BTCUSDT] [RENDER] renderOverlays: 3 total, 3 con renderOverlay, 3 enabled. Swing=NOT FOUND
IndicatorManager.js:520 [BTCUSDT] [RENDER] renderOverlays: 3 total, 3 con renderOverlay, 3 enabled. Swing=NOT FOUND
IndicatorManager.js:520 [BTCUSDT] [RENDER] renderOverlays: 3 total, 3 con renderOverlay, 3 enabled. Swing=NOT FOUND
IndicatorManager.js:520 [BTCUSDT] [RENDER] renderOverlays: 3 total, 3 con renderOverlay, 3 enabled. Swing=NOT FOUND
MiniChart.jsx:765 [BTCUSDT] drawChart: 129636 velas disponibles, zoom=0.036, chartWidth=1229, mostrando=2458, userZoomed=true
IndicatorManager.js:520 [BTCUSDT] [RENDER] renderOverlays: 3 total, 3 con renderOverlay, 3 enabled. Swing=NOT FOUND
IndicatorManager.js:520 [BTCUSDT] [RENDER] renderOverlays: 3 total, 3 con renderOverlay, 3 enabled. Swing=NOT FOUND
IndicatorManager.js:520 [BTCUSDT] [RENDER] renderOverlays: 3 total, 3 con renderOverlay, 3 enabled. Swing=NOT FOUND
IndicatorManager.js:520 [BTCUSDT] [RENDER] renderOverlays: 3 total, 3 con renderOverlay, 3 enabled. Swing=NOT FOUND
IndicatorManager.js:520 [BTCUSDT] [RENDER] renderOverlays: 3 total, 3 con renderOverlay, 3 enabled. Swing=NOT FOUND
CandleCache.js:164 [CandleCache] ✅ BTCUSDT@1 - guardado (129635 velas, memoria: 1/4)
IndicatorManager.js:520 [BTCUSDT] [RENDER] renderOverlays: 3 total, 3 con renderOverlay, 3 enabled. Swing=NOT FOUND
IndicatorManager.js:520 [BTCUSDT] [RENDER] renderOverlays: 3 total, 3 con renderOverlay, 3 enabled. Swing=NOT FOUND
IndicatorManager.js:520 [BTCUSDT] [RENDER] renderOverlays: 3 total, 3 con renderOverlay, 3 enabled. Swing=NOT FOUND
IndicatorManager.js:520 [BTCUSDT] [RENDER] renderOverlays: 3 total, 3 con renderOverlay, 3 enabled. Swing=NOT FOUND
IndicatorManager.js:520 [BTCUSDT] [RENDER] renderOverlays: 3 total, 3 con renderOverlay, 3 enabled. Swing=NOT FOUND
IndicatorManager.js:520 [BTCUSDT] [RENDER] renderOverlays: 3 total, 3 con renderOverlay, 3 enabled. Swing=NOT FOUND
IndicatorManager.js:520 [BTCUSDT] [RENDER] renderOverlays: 3 total, 3 con renderOverlay, 3 enabled. Swing=NOT FOUND
MiniChart.jsx:765 [BTCUSDT] drawChart: 129636 velas disponibles, zoom=0.036, chartWidth=1229, mostrando=2458, userZoomed=true
IndicatorManager.js:520 [BTCUSDT] [RENDER] renderOverlays: 3 total, 3 con renderOverlay, 3 enabled. Swing=NOT FOUND
IndicatorManager.js:520 [BTCUSDT] [RENDER] renderOverlays: 3 total, 3 con renderOverlay, 3 enabled. Swing=NOT FOUND
IndicatorManager.js:520 [BTCUSDT] [RENDER] renderOverlays: 3 total, 3 con renderOverlay, 3 enabled. Swing=NOT FOUND
IndicatorManager.js:520 [BTCUSDT] [RENDER] renderOverlays: 3 total, 3 con renderOverlay, 3 enabled. Swing=NOT FOUND
IndicatorManager.js:520 [BTCUSDT] [RENDER] renderOverlays: 3 total, 3 con renderOverlay, 3 enabled. Swing=NOT FOUND
IndicatorManager.js:520 [BTCUSDT] [RENDER] renderOverlays: 3 total, 3 con renderOverlay, 3 enabled. Swing=NOT FOUND
IndicatorManager.js:520 [BTCUSDT] [RENDER] renderOverlays: 3 total, 3 con renderOverlay, 3 enabled. Swing=NOT FOUND
IndicatorManager.js:520 [BTCUSDT] [RENDER] renderOverlays: 3 total, 3 con renderOverlay, 3 enabled. Swing=NOT FOUND
IndicatorManager.js:520 [BTCUSDT] [RENDER] renderOverlays: 3 total, 3 con renderOverlay, 3 enabled. Swing=NOT FOUND
IndicatorManager.js:520 [BTCUSDT] [RENDER] renderOverlays: 3 total, 3 con renderOverlay, 3 enabled. Swing=NOT FOUND
IndicatorManager.js:520 [BTCUSDT] [RENDER] renderOverlays: 3 total, 3 con renderOverlay, 3 enabled. Swing=NOT FOUND
IndicatorManager.js:520 [BTCUSDT] [RENDER] renderOverlays: 3 total, 3 con renderOverlay, 3 enabled. Swing=NOT FOUND
MiniChart.jsx:765 [BTCUSDT] drawChart: 129636 velas disponibles, zoom=0.036, chartWidth=1229, mostrando=2458, userZoomed=true
IndicatorManager.js:520 [BTCUSDT] [RENDER] renderOverlays: 3 total, 3 con renderOverlay, 3 enabled. Swing=NOT FOUND
IndicatorManager.js:520 [BTCUSDT] [RENDER] renderOverlays: 3 total, 3 con renderOverlay, 3 enabled. Swing=NOT FOUND
IndicatorManager.js:520 [BTCUSDT] [RENDER] renderOverlays: 3 total, 3 con renderOverlay, 3 enabled. Swing=NOT FOUND
IndicatorManager.js:520 [BTCUSDT] [RENDER] renderOverlays: 3 total, 3 con renderOverlay, 3 enabled. Swing=NOT FOUND
IndicatorManager.js:520 [BTCUSDT] [RENDER] renderOverlays: 3 total, 3 con renderOverlay, 3 enabled. Swing=NOT FOUND
IndicatorManager.js:520 [BTCUSDT] [RENDER] renderOverlays: 3 total, 3 con renderOverlay, 3 enabled. Swing=NOT FOUND
CandleCache.js:164 [CandleCache] ✅ BTCUSDT@1 - guardado (129635 velas, memoria: 1/4)
IndicatorManager.js:520 [BTCUSDT] [RENDER] renderOverlays: 3 total, 3 con renderOverlay, 3 enabled. Swing=NOT FOUND
IndicatorManager.js:520 [BTCUSDT] [RENDER] renderOverlays: 3 total, 3 con renderOverlay, 3 enabled. Swing=NOT FOUND
IndicatorManager.js:520 [BTCUSDT] [RENDER] renderOverlays: 3 total, 3 con renderOverlay, 3 enabled. Swing=NOT FOUND
IndicatorManager.js:520 [BTCUSDT] [RENDER] renderOverlays: 3 total, 3 con renderOverlay, 3 enabled. Swing=NOT FOUND
IndicatorManager.js:520 [BTCUSDT] [RENDER] renderOverlays: 3 total, 3 con renderOverlay, 3 enabled. Swing=NOT FOUND
IndicatorManager.js:520 [BTCUSDT] [RENDER] renderOverlays: 3 total, 3 con renderOverlay, 3 enabled. Swing=NOT FOUND
MiniChart.jsx:765 [BTCUSDT] drawChart: 129636 velas disponibles, zoom=0.036, chartWidth=1229, mostrando=2458, userZoomed=true
IndicatorManager.js:520 [BTCUSDT] [RENDER] renderOverlays: 3 total, 3 con renderOverlay, 3 enabled. Swing=NOT FOUND
IndicatorManager.js:520 [BTCUSDT] [RENDER] renderOverlays: 3 total, 3 con renderOverlay, 3 enabled. Swing=NOT FOUND
IndicatorManager.js:520 [BTCUSDT] [RENDER] renderOverlays: 3 total, 3 con renderOverlay, 3 enabled. Swing=NOT FOUND
IndicatorManager.js:520 [BTCUSDT] [RENDER] renderOverlays: 3 total, 3 con renderOverlay, 3 enabled. Swing=NOT FOUND
IndicatorManager.js:520 [BTCUSDT] [RENDER] renderOverlays: 3 total, 3 con renderOverlay, 3 enabled. Swing=NOT FOUND
IndicatorManager.js:520 [BTCUSDT] [RENDER] renderOverlays: 3 total, 3 con renderOverlay, 3 enabled. Swing=NOT FOUND
IndicatorManager.js:520 [BTCUSDT] [RENDER] renderOverlays: 3 total, 3 con renderOverlay, 3 enabled. Swing=NOT FOUND
IndicatorManager.js:520 [BTCUSDT] [RENDER] renderOverlays: 3 total, 3 con renderOverlay, 3 enabled. Swing=NOT FOUND
IndicatorManager.js:520 [BTCUSDT] [RENDER] renderOverlays: 3 total, 3 con renderOverlay, 3 enabled. Swing=NOT FOUND
IndicatorManager.js:520 [BTCUSDT] [RENDER] renderOverlays: 3 total, 3 con renderOverlay, 3 enabled. Swing=NOT FOUND
IndicatorManager.js:520 [BTCUSDT] [RENDER] renderOverlays: 3 total, 3 con renderOverlay, 3 enabled. Swing=NOT FOUND
IndicatorManager.js:520 [BTCUSDT] [RENDER] renderOverlays: 3 total, 3 con renderOverlay, 3 enabled. Swing=NOT FOUND
IndicatorManager.js:520 [BTCUSDT] [RENDER] renderOverlays: 3 total, 3 con renderOverlay, 3 enabled. Swing=NOT FOUND
MiniChart.jsx:765 [BTCUSDT] drawChart: 129636 velas disponibles, zoom=0.036, chartWidth=1229, mostrando=2458, userZoomed=true
IndicatorManager.js:520 [BTCUSDT] [RENDER] renderOverlays: 3 total, 3 con renderOverlay, 3 enabled. Swing=NOT FOUND
IndicatorManager.js:520 [BTCUSDT] [RENDER] renderOverlays: 3 total, 3 con renderOverlay, 3 enabled. Swing=NOT FOUND
IndicatorManager.js:520 [BTCUSDT] [RENDER] renderOverlays: 3 total, 3 con renderOverlay, 3 enabled. Swing=NOT FOUND
IndicatorManager.js:520 [BTCUSDT] [RENDER] renderOverlays: 3 total, 3 con renderOverlay, 3 enabled. Swing=NOT FOUND
IndicatorManager.js:520 [BTCUSDT] [RENDER] renderOverlays: 3 total, 3 con renderOverlay, 3 enabled. Swing=NOT FOUND
CandleCache.js:164 [CandleCache] ✅ BTCUSDT@1 - guardado (129635 velas, memoria: 1/4)
IndicatorManager.js:520 [BTCUSDT] [RENDER] renderOverlays: 3 total, 3 con renderOverlay, 3 enabled. Swing=NOT FOUND
IndicatorManager.js:520 [BTCUSDT] [RENDER] renderOverlays: 3 total, 3 con renderOverlay, 3 enabled. Swing=NOT FOUND
IndicatorManager.js:520 [BTCUSDT] [RENDER] renderOverlays: 3 total, 3 con renderOverlay, 3 enabled. Swing=NOT FOUND
IndicatorManager.js:520 [BTCUSDT] [RENDER] renderOverlays: 3 total, 3 con renderOverlay, 3 enabled. Swing=NOT FOUND
IndicatorManager.js:520 [BTCUSDT] [RENDER] renderOverlays: 3 total, 3 con renderOverlay, 3 enabled. Swing=NOT FOUND
IndicatorManager.js:520 [BTCUSDT] [RENDER] renderOverlays: 3 total, 3 con renderOverlay, 3 enabled. Swing=NOT FOUND
IndicatorManager.js:520 [BTCUSDT] [RENDER] renderOverlays: 3 total, 3 con renderOverlay, 3 enabled. Swing=NOT FOUND
MiniChart.jsx:765 [BTCUSDT] drawChart: 129636 velas disponibles, zoom=0.036, chartWidth=1229, mostrando=2458, userZoomed=true
IndicatorManager.js:520 [BTCUSDT] [RENDER] renderOverlays: 3 total, 3 con renderOverlay, 3 enabled. Swing=NOT FOUND
IndicatorManager.js:520 [BTCUSDT] [RENDER] renderOverlays: 3 total, 3 con renderOverlay, 3 enabled. Swing=NOT FOUND
IndicatorManager.js:520 [BTCUSDT] [RENDER] renderOverlays: 3 total, 3 con renderOverlay, 3 enabled. Swing=NOT FOUND
IndicatorManager.js:520 [BTCUSDT] [RENDER] renderOverlays: 3 total, 3 con renderOverlay, 3 enabled. Swing=NOT FOUND
IndicatorManager.js:520 [BTCUSDT] [RENDER] renderOverlays: 3 total, 3 con renderOverlay, 3 enabled. Swing=NOT FOUND
IndicatorManager.js:520 [BTCUSDT] [RENDER] renderOverlays: 3 total, 3 con renderOverlay, 3 enabled. Swing=NOT FOUND
IndicatorManager.js:520 [BTCUSDT] [RENDER] renderOverlays: 3 total, 3 con renderOverlay, 3 enabled. Swing=NOT FOUND
IndicatorManager.js:520 [BTCUSDT] [RENDER] renderOverlays: 3 total, 3 con renderOverlay, 3 enabled. Swing=NOT FOUND
IndicatorManager.js:520 [BTCUSDT] [RENDER] renderOverlays: 3 total, 3 con renderOverlay, 3 enabled. Swing=NOT FOUND
IndicatorManager.js:520 [BTCUSDT] [RENDER] renderOverlays: 3 total, 3 con renderOverlay, 3 enabled. Swing=NOT FOUND
IndicatorManager.js:520 [BTCUSDT] [RENDER] renderOverlays: 3 total, 3 con renderOverlay, 3 enabled. Swing=NOT FOUND
IndicatorManager.js:520 [BTCUSDT] [RENDER] renderOverlays: 3 total, 3 con renderOverlay, 3 enabled. Swing=NOT FOUND
MiniChart.jsx:765 [BTCUSDT] drawChart: 129636 velas disponibles, zoom=0.036, chartWidth=1229, mostrando=2458, userZoomed=true
IndicatorManager.js:520 [BTCUSDT] [RENDER] renderOverlays: 3 total, 3 con renderOverlay, 3 enabled. Swing=NOT FOUND
IndicatorManager.js:520 [BTCUSDT] [RENDER] renderOverlays: 3 total, 3 con renderOverlay, 3 enabled. Swing=NOT FOUND
IndicatorManager.js:520 [BTCUSDT] [RENDER] renderOverlays: 3 total, 3 con renderOverlay, 3 enabled. Swing=NOT FOUND
IndicatorManager.js:520 [BTCUSDT] [RENDER] renderOverlays: 3 total, 3 con renderOverlay, 3 enabled. Swing=NOT FOUND
IndicatorManager.js:520 [BTCUSDT] [RENDER] renderOverlays: 3 total, 3 con renderOverlay, 3 enabled. Swing=NOT FOUND
CandleCache.js:164 [CandleCache] ✅ BTCUSDT@1 - guardado (129635 velas, memoria: 1/4)
IndicatorManager.js:520 [BTCUSDT] [RENDER] renderOverlays: 3 total, 3 con renderOverlay, 3 enabled. Swing=NOT FOUND
IndicatorManager.js:520 [BTCUSDT] [RENDER] renderOverlays: 3 total, 3 con renderOverlay, 3 enabled. Swing=NOT FOUND
IndicatorManager.js:520 [BTCUSDT] [RENDER] renderOverlays: 3 total, 3 con renderOverlay, 3 enabled. Swing=NOT FOUND
IndicatorManager.js:520 [BTCUSDT] [RENDER] renderOverlays: 3 total, 3 con renderOverlay, 3 enabled. Swing=NOT FOUND
IndicatorManager.js:520 [BTCUSDT] [RENDER] renderOverlays: 3 total, 3 con renderOverlay, 3 enabled. Swing=NOT FOUND
IndicatorManager.js:520 [BTCUSDT] [RENDER] renderOverlays: 3 total, 3 con renderOverlay, 3 enabled. Swing=NOT FOUND
IndicatorManager.js:520 [BTCUSDT] [RENDER] renderOverlays: 3 total, 3 con renderOverlay, 3 enabled. Swing=NOT FOUND
MiniChart.jsx:765 [BTCUSDT] drawChart: 129636 velas disponibles, zoom=0.036, chartWidth=1229, mostrando=2458, userZoomed=true
IndicatorManager.js:520 [BTCUSDT] [RENDER] renderOverlays: 3 total, 3 con renderOverlay, 3 enabled. Swing=NOT FOUND
IndicatorManager.js:520 [BTCUSDT] [RENDER] renderOverlays: 3 total, 3 con renderOverlay, 3 enabled. Swing=NOT FOUND
CandleCache.js:68 [CandleCache] 💾 BTCUSDT@1 - desde memoria (129635 velas)
CandleCache.js:264 [CandleCache] OK VALIDATION BTCUSDT@1: 129635 velas sin gaps
MiniChart.jsx:1323 [BTCUSDT] Carga INCREMENTAL: desde 17/2/2026, 12:12:00 p.m. (129635 velas en cache, 100%)
IndicatorManager.js:520 [BTCUSDT] [RENDER] renderOverlays: 3 total, 3 con renderOverlay, 3 enabled. Swing=NOT FOUND
IndicatorManager.js:520 [BTCUSDT] [RENDER] renderOverlays: 3 total, 3 con renderOverlay, 3 enabled. Swing=NOT FOUND
IndicatorManager.js:520 [BTCUSDT] [RENDER] renderOverlays: 3 total, 3 con renderOverlay, 3 enabled. Swing=NOT FOUND
IndicatorManager.js:520 [BTCUSDT] [RENDER] renderOverlays: 3 total, 3 con renderOverlay, 3 enabled. Swing=NOT FOUND
IndicatorManager.js:520 [BTCUSDT] [RENDER] renderOverlays: 3 total, 3 con renderOverlay, 3 enabled. Swing=NOT FOUND
IndicatorManager.js:520 [BTCUSDT] [RENDER] renderOverlays: 3 total, 3 con renderOverlay, 3 enabled. Swing=NOT FOUND
IndicatorManager.js:520 [BTCUSDT] [RENDER] renderOverlays: 3 total, 3 con renderOverlay, 3 enabled. Swing=NOT FOUND
IndicatorManager.js:520 [BTCUSDT] [RENDER] renderOverlays: 3 total, 3 con renderOverlay, 3 enabled. Swing=NOT FOUND
IndicatorManager.js:520 [BTCUSDT] [RENDER] renderOverlays: 3 total, 3 con renderOverlay, 3 enabled. Swing=NOT FOUND
IndicatorManager.js:520 [BTCUSDT] [RENDER] renderOverlays: 3 total, 3 con renderOverlay, 3 enabled. Swing=NOT FOUND
MiniChart.jsx:765 [BTCUSDT] drawChart: 129636 velas disponibles, zoom=0.036, chartWidth=1229, mostrando=2458, userZoomed=true
IndicatorManager.js:520 [BTCUSDT] [RENDER] renderOverlays: 3 total, 3 con renderOverlay, 3 enabled. Swing=NOT FOUND
IndicatorManager.js:520 [BTCUSDT] [RENDER] renderOverlays: 3 total, 3 con renderOverlay, 3 enabled. Swing=NOT FOUND
IndicatorManager.js:520 [BTCUSDT] [RENDER] renderOverlays: 3 total, 3 con renderOverlay, 3 enabled. Swing=NOT FOUND
IndicatorManager.js:520 [BTCUSDT] [RENDER] renderOverlays: 3 total, 3 con renderOverlay, 3 enabled. Swing=NOT FOUND
IndicatorManager.js:520 [BTCUSDT] [RENDER] renderOverlays: 3 total, 3 con renderOverlay, 3 enabled. Swing=NOT FOUND
CandleCache.js:164 [CandleCache] ✅ BTCUSDT@1 - guardado (129635 velas, memoria: 1/4)
IndicatorManager.js:520 [BTCUSDT] [RENDER] renderOverlays: 3 total, 3 con renderOverlay, 3 enabled. Swing=NOT FOUND
IndicatorManager.js:520 [BTCUSDT] [RENDER] renderOverlays: 3 total, 3 con renderOverlay, 3 enabled. Swing=NOT FOUND
IndicatorManager.js:520 [BTCUSDT] [RENDER] renderOverlays: 3 total, 3 con renderOverlay, 3 enabled. Swing=NOT FOUND
IndicatorManager.js:520 [BTCUSDT] [RENDER] renderOverlays: 3 total, 3 con renderOverlay, 3 enabled. Swing=NOT FOUND
IndicatorManager.js:520 [BTCUSDT] [RENDER] renderOverlays: 3 total, 3 con renderOverlay, 3 enabled. Swing=NOT FOUND
IndicatorManager.js:520 [BTCUSDT] [RENDER] renderOverlays: 3 total, 3 con renderOverlay, 3 enabled. Swing=NOT FOUND
IndicatorManager.js:520 [BTCUSDT] [RENDER] renderOverlays: 3 total, 3 con renderOverlay, 3 enabled. Swing=NOT FOUND
IndicatorManager.js:520 [BTCUSDT] [RENDER] renderOverlays: 3 total, 3 con renderOverlay, 3 enabled. Swing=NOT FOUND
MiniChart.jsx:765 [BTCUSDT] drawChart: 129636 velas disponibles, zoom=0.036, chartWidth=1229, mostrando=2458, userZoomed=true
IndicatorManager.js:520 [BTCUSDT] [RENDER] renderOverlays: 3 total, 3 con renderOverlay, 3 enabled. Swing=NOT FOUND
IndicatorManager.js:520 [BTCUSDT] [RENDER] renderOverlays: 3 total, 3 con renderOverlay, 3 enabled. Swing=NOT FOUND
IndicatorManager.js:520 [BTCUSDT] [RENDER] renderOverlays: 3 total, 3 con renderOverlay, 3 enabled. Swing=NOT FOUND
IndicatorManager.js:520 [BTCUSDT] [RENDER] renderOverlays: 3 total, 3 con renderOverlay, 3 enabled. Swing=NOT FOUND
IndicatorManager.js:520 [BTCUSDT] [RENDER] renderOverlays: 3 total, 3 con renderOverlay, 3 enabled. Swing=NOT FOUND
IndicatorManager.js:520 [BTCUSDT] [RENDER] renderOverlays: 3 total, 3 con renderOverlay, 3 enabled. Swing=NOT FOUND
IndicatorManager.js:520 [BTCUSDT] [RENDER] renderOverlays: 3 total, 3 con renderOverlay, 3 enabled. Swing=NOT FOUND
IndicatorManager.js:520 [BTCUSDT] [RENDER] renderOverlays: 3 total, 3 con renderOverlay, 3 enabled. Swing=NOT FOUND
IndicatorManager.js:520 [BTCUSDT] [RENDER] renderOverlays: 3 total, 3 con renderOverlay, 3 enabled. Swing=NOT FOUND
IndicatorManager.js:520 [BTCUSDT] [RENDER] renderOverlays: 3 total, 3 con renderOverlay, 3 enabled. Swing=NOT FOUND
IndicatorManager.js:520 [BTCUSDT] [RENDER] renderOverlays: 3 total, 3 con renderOverlay, 3 enabled. Swing=NOT FOUND
IndicatorManager.js:520 [BTCUSDT] [RENDER] renderOverlays: 3 total, 3 con renderOverlay, 3 enabled. Swing=NOT FOUND
MiniChart.jsx:765 [BTCUSDT] drawChart: 129636 velas disponibles, zoom=0.036, chartWidth=1229, mostrando=2458, userZoomed=true
IndicatorManager.js:520 [BTCUSDT] [RENDER] renderOverlays: 3 total, 3 con renderOverlay, 3 enabled. Swing=NOT FOUND
IndicatorManager.js:520 [BTCUSDT] [RENDER] renderOverlays: 3 total, 3 con renderOverlay, 3 enabled. Swing=NOT FOUND
IndicatorManager.js:520 [BTCUSDT] [RENDER] renderOverlays: 3 total, 3 con renderOverlay, 3 enabled. Swing=NOT FOUND
IndicatorManager.js:520 [BTCUSDT] [RENDER] renderOverlays: 3 total, 3 con renderOverlay, 3 enabled. Swing=NOT FOUND
CandleCache.js:164 [CandleCache] ✅ BTCUSDT@1 - guardado (129635 velas, memoria: 1/4)
IndicatorManager.js:520 [BTCUSDT] [RENDER] renderOverlays: 3 total, 3 con renderOverlay, 3 enabled. Swing=NOT FOUND
IndicatorManager.js:520 [BTCUSDT] [RENDER] renderOverlays: 3 total, 3 con renderOverlay, 3 enabled. Swing=NOT FOUND
IndicatorManager.js:520 [BTCUSDT] [RENDER] renderOverlays: 3 total, 3 con renderOverlay, 3 enabled. Swing=NOT FOUND
IndicatorManager.js:520 [BTCUSDT] [RENDER] renderOverlays: 3 total, 3 con renderOverlay, 3 enabled. Swing=NOT FOUND
IndicatorManager.js:520 [BTCUSDT] [RENDER] renderOverlays: 3 total, 3 con renderOverlay, 3 enabled. Swing=NOT FOUND
IndicatorManager.js:520 [BTCUSDT] [RENDER] renderOverlays: 3 total, 3 con renderOverlay, 3 enabled. Swing=NOT FOUND
IndicatorManager.js:520 [BTCUSDT] [RENDER] renderOverlays: 3 total, 3 con renderOverlay, 3 enabled. Swing=NOT FOUND
IndicatorManager.js:520 [BTCUSDT] [RENDER] renderOverlays: 3 total, 3 con renderOverlay, 3 enabled. Swing=NOT FOUND
IndicatorManager.js:520 [BTCUSDT] [RENDER] renderOverlays: 3 total, 3 con renderOverlay, 3 enabled. Swing=NOT FOUND
MiniChart.jsx:765 [BTCUSDT] drawChart: 129636 velas disponibles, zoom=0.036, chartWidth=1229, mostrando=2458, userZoomed=true
IndicatorManager.js:520 [BTCUSDT] [RENDER] renderOverlays: 3 total, 3 con renderOverlay, 3 enabled. Swing=NOT FOUND
IndicatorManager.js:520 [BTCUSDT] [RENDER] renderOverlays: 3 total, 3 con renderOverlay, 3 enabled. Swing=NOT FOUND
IndicatorManager.js:520 [BTCUSDT] [RENDER] renderOverlays: 3 total, 3 con renderOverlay, 3 enabled. Swing=NOT FOUND
IndicatorManager.js:520 [BTCUSDT] [RENDER] renderOverlays: 3 total, 3 con renderOverlay, 3 enabled. Swing=NOT FOUND
IndicatorManager.js:520 [BTCUSDT] [RENDER] renderOverlays: 3 total, 3 con renderOverlay, 3 enabled. Swing=NOT FOUND
IndicatorManager.js:520 [BTCUSDT] [RENDER] renderOverlays: 3 total, 3 con renderOverlay, 3 enabled. Swing=NOT FOUND
IndicatorManager.js:520 [BTCUSDT] [RENDER] renderOverlays: 3 total, 3 con renderOverlay, 3 enabled. Swing=NOT FOUND
IndicatorManager.js:520 [BTCUSDT] [RENDER] renderOverlays: 3 total, 3 con renderOverlay, 3 enabled. Swing=NOT FOUND
IndicatorManager.js:520 [BTCUSDT] [RENDER] renderOverlays: 3 total, 3 con renderOverlay, 3 enabled. Swing=NOT FOUND
IndicatorManager.js:520 [BTCUSDT] [RENDER] renderOverlays: 3 total, 3 con renderOverlay, 3 enabled. Swing=NOT FOUND
IndicatorManager.js:520 [BTCUSDT] [RENDER] renderOverlays: 3 total, 3 con renderOverlay, 3 enabled. Swing=NOT FOUND
IndicatorManager.js:520 [BTCUSDT] [RENDER] renderOverlays: 3 total, 3 con renderOverlay, 3 enabled. Swing=NOT FOUND
MiniChart.jsx:765 [BTCUSDT] drawChart: 129636 velas disponibles, zoom=0.036, chartWidth=1229, mostrando=2458, userZoomed=true
IndicatorManager.js:520 [BTCUSDT] [RENDER] renderOverlays: 3 total, 3 con renderOverlay, 3 enabled. Swing=NOT FOUND
IndicatorManager.js:520 [BTCUSDT] [RENDER] renderOverlays: 3 total, 3 con renderOverlay, 3 enabled. Swing=NOT FOUND
IndicatorManager.js:520 [BTCUSDT] [RENDER] renderOverlays: 3 total, 3 con renderOverlay, 3 enabled. Swing=NOT FOUND
CandleCache.js:164 [CandleCache] ✅ BTCUSDT@1 - guardado (129635 velas, memoria: 1/4)
IndicatorManager.js:520 [BTCUSDT] [RENDER] renderOverlays: 3 total, 3 con renderOverlay, 3 enabled. Swing=NOT FOUND
IndicatorManager.js:520 [BTCUSDT] [RENDER] renderOverlays: 3 total, 3 con renderOverlay, 3 enabled. Swing=NOT FOUND
IndicatorManager.js:520 [BTCUSDT] [RENDER] renderOverlays: 3 total, 3 con renderOverlay, 3 enabled. Swing=NOT FOUND
IndicatorManager.js:520 [BTCUSDT] [RENDER] renderOverlays: 3 total, 3 con renderOverlay, 3 enabled. Swing=NOT FOUND
IndicatorManager.js:520 [BTCUSDT] [RENDER] renderOverlays: 3 total, 3 con renderOverlay, 3 enabled. Swing=NOT FOUND
IndicatorManager.js:520 [BTCUSDT] [RENDER] renderOverlays: 3 total, 3 con renderOverlay, 3 enabled. Swing=NOT FOUND
IndicatorManager.js:520 [BTCUSDT] [RENDER] renderOverlays: 3 total, 3 con renderOverlay, 3 enabled. Swing=NOT FOUND
IndicatorManager.js:520 [BTCUSDT] [RENDER] renderOverlays: 3 total, 3 con renderOverlay, 3 enabled. Swing=NOT FOUND
MiniChart.jsx:765 [BTCUSDT] drawChart: 129636 velas disponibles, zoom=0.036, chartWidth=1229, mostrando=2458, userZoomed=true
IndicatorManager.js:520 [BTCUSDT] [RENDER] renderOverlays: 3 total, 3 con renderOverlay, 3 enabled. Swing=NOT FOUND
IndicatorManager.js:520 [BTCUSDT] [RENDER] renderOverlays: 3 total, 3 con renderOverlay, 3 enabled. Swing=NOT FOUND
IndicatorManager.js:520 [BTCUSDT] [RENDER] renderOverlays: 3 total, 3 con renderOverlay, 3 enabled. Swing=NOT FOUND
IndicatorManager.js:520 [BTCUSDT] [RENDER] renderOverlays: 3 total, 3 con renderOverlay, 3 enabled. Swing=NOT FOUND
IndicatorManager.js:520 [BTCUSDT] [RENDER] renderOverlays: 3 total, 3 con renderOverlay, 3 enabled. Swing=NOT FOUND
IndicatorManager.js:520 [BTCUSDT] [RENDER] renderOverlays: 3 total, 3 con renderOverlay, 3 enabled. Swing=NOT FOUND
IndicatorManager.js:520 [BTCUSDT] [RENDER] renderOverlays: 3 total, 3 con renderOverlay, 3 enabled. Swing=NOT FOUND
IndicatorManager.js:520 [BTCUSDT] [RENDER] renderOverlays: 3 total, 3 con renderOverlay, 3 enabled. Swing=NOT FOUND
IndicatorManager.js:520 [BTCUSDT] [RENDER] renderOverlays: 3 total, 3 con renderOverlay, 3 enabled. Swing=NOT FOUND
IndicatorManager.js:520 [BTCUSDT] [RENDER] renderOverlays: 3 total, 3 con renderOverlay, 3 enabled. Swing=NOT FOUND
IndicatorManager.js:520 [BTCUSDT] [RENDER] renderOverlays: 3 total, 3 con renderOverlay, 3 enabled. Swing=NOT FOUND
IndicatorManager.js:520 [BTCUSDT] [RENDER] renderOverlays: 3 total, 3 con renderOverlay, 3 enabled. Swing=NOT FOUND
IndicatorManager.js:520 [BTCUSDT] [RENDER] renderOverlays: 3 total, 3 con renderOverlay, 3 enabled. Swing=NOT FOUND
MiniChart.jsx:765 [BTCUSDT] drawChart: 129636 velas disponibles, zoom=0.036, chartWidth=1229, mostrando=2458, userZoomed=true
IndicatorManager.js:520 [BTCUSDT] [RENDER] renderOverlays: 3 total, 3 con renderOverlay, 3 enabled. Swing=NOT FOUND
IndicatorManager.js:520 [BTCUSDT] [RENDER] renderOverlays: 3 total, 3 con renderOverlay, 3 enabled. Swing=NOT FOUND
CandleCache.js:164 [CandleCache] ✅ BTCUSDT@1 - guardado (129635 velas, memoria: 1/4)
IndicatorManager.js:520 [BTCUSDT] [RENDER] renderOverlays: 3 total, 3 con renderOverlay, 3 enabled. Swing=NOT FOUND
IndicatorManager.js:520 [BTCUSDT] [RENDER] renderOverlays: 3 total, 3 con renderOverlay, 3 enabled. Swing=NOT FOUND
IndicatorManager.js:520 [BTCUSDT] [RENDER] renderOverlays: 3 total, 3 con renderOverlay, 3 enabled. Swing=NOT FOUND
IndicatorManager.js:520 [BTCUSDT] [RENDER] renderOverlays: 3 total, 3 con renderOverlay, 3 enabled. Swing=NOT FOUND
IndicatorManager.js:520 [BTCUSDT] [RENDER] renderOverlays: 3 total, 3 con renderOverlay, 3 enabled. Swing=NOT FOUND
IndicatorManager.js:520 [BTCUSDT] [RENDER] renderOverlays: 3 total, 3 con renderOverlay, 3 enabled. Swing=NOT FOUND
IndicatorManager.js:520 [BTCUSDT] [RENDER] renderOverlays: 3 total, 3 con renderOverlay, 3 enabled. Swing=NOT FOUND
IndicatorManager.js:520 [BTCUSDT] [RENDER] renderOverlays: 3 total, 3 con renderOverlay, 3 enabled. Swing=NOT FOUND
IndicatorManager.js:520 [BTCUSDT] [RENDER] renderOverlays: 3 total, 3 con renderOverlay, 3 enabled. Swing=NOT FOUND
IndicatorManager.js:520 [BTCUSDT] [RENDER] renderOverlays: 3 total, 3 con renderOverlay, 3 enabled. Swing=NOT FOUND
MiniChart.jsx:765 [BTCUSDT] drawChart: 129636 velas disponibles, zoom=0.036, chartWidth=1229, mostrando=2458, userZoomed=true
IndicatorManager.js:520 [BTCUSDT] [RENDER] renderOverlays: 3 total, 3 con renderOverlay, 3 enabled. Swing=NOT FOUND
IndicatorManager.js:520 [BTCUSDT] [RENDER] renderOverlays: 3 total, 3 con renderOverlay, 3 enabled. Swing=NOT FOUND
IndicatorManager.js:520 [BTCUSDT] [RENDER] renderOverlays: 3 total, 3 con renderOverlay, 3 enabled. Swing=NOT FOUND
IndicatorManager.js:520 [BTCUSDT] [RENDER] renderOverlays: 3 total, 3 con renderOverlay, 3 enabled. Swing=NOT FOUND
IndicatorManager.js:520 [BTCUSDT] [RENDER] renderOverlays: 3 total, 3 con renderOverlay, 3 enabled. Swing=NOT FOUND
IndicatorManager.js:520 [BTCUSDT] [RENDER] renderOverlays: 3 total, 3 con renderOverlay, 3 enabled. Swing=NOT FOUND
IndicatorManager.js:520 [BTCUSDT] [RENDER] renderOverlays: 3 total, 3 con renderOverlay, 3 enabled. Swing=NOT FOUND
IndicatorManager.js:520 [BTCUSDT] [RENDER] renderOverlays: 3 total, 3 con renderOverlay, 3 enabled. Swing=NOT FOUND
IndicatorManager.js:520 [BTCUSDT] [RENDER] renderOverlays: 3 total, 3 con renderOverlay, 3 enabled. Swing=NOT FOUND
IndicatorManager.js:520 [BTCUSDT] [RENDER] renderOverlays: 3 total, 3 con renderOverlay, 3 enabled. Swing=NOT FOUND
IndicatorManager.js:520 [BTCUSDT] [RENDER] renderOverlays: 3 total, 3 con renderOverlay, 3 enabled. Swing=NOT FOUND
IndicatorManager.js:520 [BTCUSDT] [RENDER] renderOverlays: 3 total, 3 con renderOverlay, 3 enabled. Swing=NOT FOUND
MiniChart.jsx:765 [BTCUSDT] drawChart: 129636 velas disponibles, zoom=0.036, chartWidth=1229, mostrando=2458, userZoomed=true
IndicatorManager.js:520 [BTCUSDT] [RENDER] renderOverlays: 3 total, 3 con renderOverlay, 3 enabled. Swing=NOT FOUND
CandleCache.js:164 [CandleCache] ✅ BTCUSDT@1 - guardado (129635 velas, memoria: 1/4)
IndicatorManager.js:520 [BTCUSDT] [RENDER] renderOverlays: 3 total, 3 con renderOverlay, 3 enabled. Swing=NOT FOUND
IndicatorManager.js:520 [BTCUSDT] [RENDER] renderOverlays: 3 total, 3 con renderOverlay, 3 enabled. Swing=NOT FOUND
IndicatorManager.js:520 [BTCUSDT] [RENDER] renderOverlays: 3 total, 3 con renderOverlay, 3 enabled. Swing=NOT FOUND
IndicatorManager.js:520 [BTCUSDT] [RENDER] renderOverlays: 3 total, 3 con renderOverlay, 3 enabled. Swing=NOT FOUND
IndicatorManager.js:520 [BTCUSDT] [RENDER] renderOverlays: 3 total, 3 con renderOverlay, 3 enabled. Swing=NOT FOUND
IndicatorManager.js:520 [BTCUSDT] [RENDER] renderOverlays: 3 total, 3 con renderOverlay, 3 enabled. Swing=NOT FOUND
IndicatorManager.js:520 [BTCUSDT] [RENDER] renderOverlays: 3 total, 3 con renderOverlay, 3 enabled. Swing=NOT FOUND
IndicatorManager.js:520 [BTCUSDT] [RENDER] renderOverlays: 3 total, 3 con renderOverlay, 3 enabled. Swing=NOT FOUND
IndicatorManager.js:520 [BTCUSDT] [RENDER] renderOverlays: 3 total, 3 con renderOverlay, 3 enabled. Swing=NOT FOUND
CandleCache.js:68 [CandleCache] 💾 BTCUSDT@1 - desde memoria (129635 velas)
CandleCache.js:264 [CandleCache] OK VALIDATION BTCUSDT@1: 129635 velas sin gaps
MiniChart.jsx:1323 [BTCUSDT] Carga INCREMENTAL: desde 17/2/2026, 12:17:00 p.m. (129635 velas en cache, 100%)
IndicatorManager.js:520 [BTCUSDT] [RENDER] renderOverlays: 3 total, 3 con renderOverlay, 3 enabled. Swing=NOT FOUND
MiniChart.jsx:765 [BTCUSDT] drawChart: 129636 velas disponibles, zoom=0.036, chartWidth=1229, mostrando=2458, userZoomed=true
IndicatorManager.js:520 [BTCUSDT] [RENDER] renderOverlays: 3 total, 3 con renderOverlay, 3 enabled. Swing=NOT FOUND
IndicatorManager.js:520 [BTCUSDT] [RENDER] renderOverlays: 3 total, 3 con renderOverlay, 3 enabled. Swing=NOT FOUND
IndicatorManager.js:520 [BTCUSDT] [RENDER] renderOverlays: 3 total, 3 con renderOverlay, 3 enabled. Swing=NOT FOUND
IndicatorManager.js:520 [BTCUSDT] [RENDER] renderOverlays: 3 total, 3 con renderOverlay, 3 enabled. Swing=NOT FOUND
IndicatorManager.js:520 [BTCUSDT] [RENDER] renderOverlays: 3 total, 3 con renderOverlay, 3 enabled. Swing=NOT FOUND
IndicatorManager.js:520 [BTCUSDT] [RENDER] renderOverlays: 3 total, 3 con renderOverlay, 3 enabled. Swing=NOT FOUND
IndicatorManager.js:520 [BTCUSDT] [RENDER] renderOverlays: 3 total, 3 con renderOverlay, 3 enabled. Swing=NOT FOUND
IndicatorManager.js:520 [BTCUSDT] [RENDER] renderOverlays: 3 total, 3 con renderOverlay, 3 enabled. Swing=NOT FOUND
IndicatorManager.js:520 [BTCUSDT] [RENDER] renderOverlays: 3 total, 3 con renderOverlay, 3 enabled. Swing=NOT FOUND
IndicatorManager.js:520 [BTCUSDT] [RENDER] renderOverlays: 3 total, 3 con renderOverlay, 3 enabled. Swing=NOT FOUND
IndicatorManager.js:520 [BTCUSDT] [RENDER] renderOverlays: 3 total, 3 con renderOverlay, 3 enabled. Swing=NOT FOUND
 [BTCUSDT] drawChart: 129636 velas disponibles, zoom=0.036, chartWidth=697, mostrando=1394, userZoomed=true
 [BTCUSDT] [RENDER] renderOverlays: 3 total, 3 con renderOverlay, 3 enabled. Swing=NOT FOUND
 [CandleCache] ✅ BTCUSDT@1 - guardado (129635 velas, memoria: 1/4)
 [BTCUSDT] [RENDER] renderOverlays: 3 total, 3 con renderOverlay, 3 enabled. Swing=NOT FOUND
 [BTCUSDT] [RENDER] renderOverlays: 3 total, 3 con renderOverlay, 3 enabled. Swing=NOT FOUND
 [BTCUSDT] [RENDER] renderOverlays: 3 total, 3 con renderOverlay, 3 enabled. Swing=NOT FOUND
 [BTCUSDT] [RENDER] renderOverlays: 3 total, 3 con renderOverlay, 3 enabled. Swing=NOT FOUND
 [BTCUSDT] [RENDER] renderOverlays: 3 total, 3 con renderOverlay, 3 enabled. Swing=NOT FOUND
