 [BTCUSDT] drawChart: 129602 velas disponibles, zoom=0.100, chartWidth=1196, mostrando=1500, userZoomed=false
 [BTCUSDT] [RENDER] renderOverlays: 3 total, 3 con renderOverlay, 3 enabled. Swing=NOT FOUND
 [BTCUSDT] [RENDER] renderOverlays: 3 total, 3 con renderOverlay, 3 enabled. Swing=NOT FOUND
 [BTCUSDT] [RENDER] renderOverlays: 3 total, 3 con renderOverlay, 3 enabled. Swing=NOT FOUND
 [BTCUSDT] [RENDER] renderOverlays: 3 total, 3 con renderOverlay, 3 enabled. Swing=NOT FOUND
 [BTCUSDT] [RENDER] renderOverlays: 3 total, 3 con renderOverlay, 3 enabled. Swing=NOT FOUND
 [BTCUSDT] [RENDER] renderOverlays: 3 total, 3 con renderOverlay, 3 enabled. Swing=NOT FOUND
 [CandleCache] ✅ BTCUSDT@1 - guardado (129601 velas, memoria: 1/4)
 [BTCUSDT] [RENDER] renderOverlays: 3 total, 3 con renderOverlay, 3 enabled. Swing=NOT FOUND
 [BTCUSDT] [RENDER] renderOverlays: 3 total, 3 con renderOverlay, 3 enabled. Swing=NOT FOUND
 [BTCUSDT] [RENDER] renderOverlays: 3 total, 3 con renderOverlay, 3 enabled. Swing=NOT FOUND
 [BTCUSDT] [RENDER] renderOverlays: 3 total, 3 con renderOverlay, 3 enabled. Swing=NOT FOUND
 [BTCUSDT] drawChart: 129602 velas disponibles, zoom=0.100, chartWidth=1196, mostrando=1500, userZoomed=false
 [BTCUSDT] [RENDER] renderOverlays: 3 total, 3 con renderOverlay, 3 enabled. Swing=NOT FOUND
 [BTCUSDT] [RENDER] renderOverlays: 3 total, 3 con renderOverlay, 3 enabled. Swing=NOT FOUND
 [BTCUSDT] [RENDER] renderOverlays: 3 total, 3 con renderOverlay, 3 enabled. Swing=NOT FOUND
 [BTCUSDT] [RENDER] renderOverlays: 3 total, 3 con renderOverlay, 3 enabled. Swing=NOT FOUND
 [BTCUSDT] [RENDER] renderOverlays: 3 total, 3 con renderOverlay, 3 enabled. Swing=NOT FOUND
 [BTCUSDT] [RENDER] renderOverlays: 3 total, 3 con renderOverlay, 3 enabled. Swing=NOT FOUND
 [BTCUSDT] [RENDER] renderOverlays: 3 total, 3 con renderOverlay, 3 enabled. Swing=NOT FOUND
 [BTCUSDT] [RENDER] renderOverlays: 3 total, 3 con renderOverlay, 3 enabled. Swing=NOT FOUND
 [BTCUSDT] [RENDER] renderOverlays: 3 total, 3 con renderOverlay, 3 enabled. Swing=NOT FOUND
 [BTCUSDT] drawChart: 129602 velas disponibles, zoom=0.100, chartWidth=1196, mostrando=1500, userZoomed=false
 [BTCUSDT] [RENDER] renderOverlays: 3 total, 3 con renderOverlay, 3 enabled. Swing=NOT FOUND
 [BTCUSDT] [RENDER] renderOverlays: 3 total, 3 con renderOverlay, 3 enabled. Swing=NOT FOUND
 [BTCUSDT] [RENDER] renderOverlays: 3 total, 3 con renderOverlay, 3 enabled. Swing=NOT FOUND
 [BTCUSDT] [RENDER] renderOverlays: 3 total, 3 con renderOverlay, 3 enabled. Swing=NOT FOUND
 [BTCUSDT] [RENDER] renderOverlays: 3 total, 3 con renderOverlay, 3 enabled. Swing=NOT FOUND
 [BTCUSDT] [RENDER] renderOverlays: 3 total, 3 con renderOverlay, 3 enabled. Swing=NOT FOUND
 [CandleCache] ✅ BTCUSDT@1 - guardado (129601 velas, memoria: 1/4)
 [BTCUSDT] [RENDER] renderOverlays: 3 total, 3 con renderOverlay, 3 enabled. Swing=NOT FOUND
 [BTCUSDT] [RENDER] renderOverlays: 3 total, 3 con renderOverlay, 3 enabled. Swing=NOT FOUND
 [BTCUSDT] [RENDER] renderOverlays: 3 total, 3 con renderOverlay, 3 enabled. Swing=NOT FOUND
 [BTCUSDT] [RENDER] renderOverlays: 3 total, 3 con renderOverlay, 3 enabled. Swing=NOT FOUND
 [BTCUSDT] [RENDER] renderOverlays: 3 total, 3 con renderOverlay, 3 enabled. Swing=NOT FOUND
 [BTCUSDT] drawChart: 129602 velas disponibles, zoom=0.100, chartWidth=1196, mostrando=1500, userZoomed=false
 [BTCUSDT] [RENDER] renderOverlays: 3 total, 3 con renderOverlay, 3 enabled. Swing=NOT FOUND
 [BTCUSDT] [RENDER] renderOverlays: 3 total, 3 con renderOverlay, 3 enabled. Swing=NOT FOUND
 [BTCUSDT] [RENDER] renderOverlays: 3 total, 3 con renderOverlay, 3 enabled. Swing=NOT FOUND
 [BTCUSDT] [RENDER] renderOverlays: 3 total, 3 con renderOverlay, 3 enabled. Swing=NOT FOUND
 [BTCUSDT] [RENDER] renderOverlays: 3 total, 3 con renderOverlay, 3 enabled. Swing=NOT FOUND
 [BTCUSDT] [RENDER] renderOverlays: 3 total, 3 con renderOverlay, 3 enabled. Swing=NOT FOUND
 [BTCUSDT] [RENDER] renderOverlays: 3 total, 3 con renderOverlay, 3 enabled. Swing=NOT FOUND
 [BTCUSDT] [RENDER] renderOverlays: 3 total, 3 con renderOverlay, 3 enabled. Swing=NOT FOUND
 [BTCUSDT] [RENDER] renderOverlays: 3 total, 3 con renderOverlay, 3 enabled. Swing=NOT FOUND
 [BTCUSDT] [RENDER] renderOverlays: 3 total, 3 con renderOverlay, 3 enabled. Swing=NOT FOUND
 [BTCUSDT] [RENDER] renderOverlays: 3 total, 3 con renderOverlay, 3 enabled. Swing=NOT FOUND
 [BTCUSDT] drawChart: 129602 velas disponibles, zoom=0.100, chartWidth=1196, mostrando=1500, userZoomed=false
 [BTCUSDT] [RENDER] renderOverlays: 3 total, 3 con renderOverlay, 3 enabled. Swing=NOT FOUND
 [BTCUSDT] [RENDER] renderOverlays: 3 total, 3 con renderOverlay, 3 enabled. Swing=NOT FOUND
 [BTCUSDT] [RENDER] renderOverlays: 3 total, 3 con renderOverlay, 3 enabled. Swing=NOT FOUND
 [BTCUSDT] [RENDER] renderOverlays: 3 total, 3 con renderOverlay, 3 enabled. Swing=NOT FOUND
 [BTCUSDT] [RENDER] renderOverlays: 3 total, 3 con renderOverlay, 3 enabled. Swing=NOT FOUND
 [BTCUSDT] [RENDER] renderOverlays: 3 total, 3 con renderOverlay, 3 enabled. Swing=NOT FOUND
 [CandleCache] ✅ BTCUSDT@1 - guardado (129601 velas, memoria: 1/4)
 [BTCUSDT] [RENDER] renderOverlays: 3 total, 3 con renderOverlay, 3 enabled. Swing=NOT FOUND
 [BTCUSDT] [RENDER] renderOverlays: 3 total, 3 con renderOverlay, 3 enabled. Swing=NOT FOUND
 [CandleCache] 💾 BTCUSDT@1 - desde memoria (129601 velas)
 [CandleCache] Limpiando cache con gaps para forzar recarga completa...
 [CandleCache] 🗑️ BTCUSDT@1 - cache limpiado
 [BTCUSDT] Carga COMPLETA: 90 dias @ 1
 [BTCUSDT] 📊 Usando carga con streaming (129700 velas estimadas)
 [BTCUSDT] 📊 Iniciando carga STREAM: 90 dias @ 1
 [BTCUSDT] [RENDER] renderOverlays: 3 total, 3 con renderOverlay, 3 enabled. Swing=NOT FOUND
 [BTCUSDT] [RENDER] renderOverlays: 3 total, 3 con renderOverlay, 3 enabled. Swing=NOT FOUND
 [BTCUSDT] [RENDER] renderOverlays: 3 total, 3 con renderOverlay, 3 enabled. Swing=NOT FOUND
 [BTCUSDT] drawChart: 129602 velas disponibles, zoom=0.100, chartWidth=1196, mostrando=1500, userZoomed=false
 [BTCUSDT] [RENDER] renderOverlays: 3 total, 3 con renderOverlay, 3 enabled. Swing=NOT FOUND
 [BTCUSDT] [RENDER] renderOverlays: 3 total, 3 con renderOverlay, 3 enabled. Swing=NOT FOUND
 [BTCUSDT] [RENDER] renderOverlays: 3 total, 3 con renderOverlay, 3 enabled. Swing=NOT FOUND
 [BTCUSDT] [RENDER] renderOverlays: 3 total, 3 con renderOverlay, 3 enabled. Swing=NOT FOUND
 [BTCUSDT] [RENDER] renderOverlays: 3 total, 3 con renderOverlay, 3 enabled. Swing=NOT FOUND
 [BTCUSDT] [RENDER] renderOverlays: 3 total, 3 con renderOverlay, 3 enabled. Swing=NOT FOUND
 [BTCUSDT] [RENDER] renderOverlays: 3 total, 3 con renderOverlay, 3 enabled. Swing=NOT FOUND
 [BTCUSDT] [RENDER] renderOverlays: 3 total, 3 con renderOverlay, 3 enabled. Swing=NOT FOUND
 [BTCUSDT] [RENDER] renderOverlays: 3 total, 3 con renderOverlay, 3 enabled. Swing=NOT FOUND
 [BTCUSDT] [RENDER] renderOverlays: 3 total, 3 con renderOverlay, 3 enabled. Swing=NOT FOUND
 [BTCUSDT] [RENDER] renderOverlays: 3 total, 3 con renderOverlay, 3 enabled. Swing=NOT FOUND
 [BTCUSDT] [RENDER] renderOverlays: 3 total, 3 con renderOverlay, 3 enabled. Swing=NOT FOUND
 [BTCUSDT] [RENDER] renderOverlays: 3 total, 3 con renderOverlay, 3 enabled. Swing=NOT FOUND
 [BTCUSDT] drawChart: 129602 velas disponibles, zoom=0.100, chartWidth=1196, mostrando=1500, userZoomed=false
 [BTCUSDT] [RENDER] renderOverlays: 3 total, 3 con renderOverlay, 3 enabled. Swing=NOT FOUND
 [BTCUSDT] [RENDER] renderOverlays: 3 total, 3 con renderOverlay, 3 enabled. Swing=NOT FOUND
 [BTCUSDT] [RENDER] renderOverlays: 3 total, 3 con renderOverlay, 3 enabled. Swing=NOT FOUND
 [BTCUSDT] [RENDER] renderOverlays: 3 total, 3 con renderOverlay, 3 enabled. Swing=NOT FOUND
 [BTCUSDT] [RENDER] renderOverlays: 3 total, 3 con renderOverlay, 3 enabled. Swing=NOT FOUND
 [CandleCache] ✅ BTCUSDT@1 - guardado (129601 velas, memoria: 1/4)
 [BTCUSDT] [RENDER] renderOverlays: 3 total, 3 con renderOverlay, 3 enabled. Swing=NOT FOUND
 [BTCUSDT] [RENDER] renderOverlays: 3 total, 3 con renderOverlay, 3 enabled. Swing=NOT FOUND
 [BTCUSDT] [RENDER] renderOverlays: 3 total, 3 con renderOverlay, 3 enabled. Swing=NOT FOUND
 [BTCUSDT] [RENDER] renderOverlays: 3 total, 3 con renderOverlay, 3 enabled. Swing=NOT FOUND
 [BTCUSDT] [RENDER] renderOverlays: 3 total, 3 con renderOverlay, 3 enabled. Swing=NOT FOUND
 [BTCUSDT] [RENDER] renderOverlays: 3 total, 3 con renderOverlay, 3 enabled. Swing=NOT FOUND
 [BTCUSDT] [RENDER] renderOverlays: 3 total, 3 con renderOverlay, 3 enabled. Swing=NOT FOUND
 [BTCUSDT] drawChart: 129602 velas disponibles, zoom=0.100, chartWidth=1196, mostrando=1500, userZoomed=false
 [BTCUSDT] [RENDER] renderOverlays: 3 total, 3 con renderOverlay, 3 enabled. Swing=NOT FOUND
 [BTCUSDT] [RENDER] renderOverlays: 3 total, 3 con renderOverlay, 3 enabled. Swing=NOT FOUND
 [BTCUSDT] [RENDER] renderOverlays: 3 total, 3 con renderOverlay, 3 enabled. Swing=NOT FOUND
 [BTCUSDT] [RENDER] renderOverlays: 3 total, 3 con renderOverlay, 3 enabled. Swing=NOT FOUND
 [BTCUSDT] [RENDER] renderOverlays: 3 total, 3 con renderOverlay, 3 enabled. Swing=NOT FOUND
 [BTCUSDT] [RENDER] renderOverlays: 3 total, 3 con renderOverlay, 3 enabled. Swing=NOT FOUND
 [BTCUSDT] [RENDER] renderOverlays: 3 total, 3 con renderOverlay, 3 enabled. Swing=NOT FOUND
 [BTCUSDT] [RENDER] renderOverlays: 3 total, 3 con renderOverlay, 3 enabled. Swing=NOT FOUND
 [BTCUSDT] [RENDER] renderOverlays: 3 total, 3 con renderOverlay, 3 enabled. Swing=NOT FOUND
 [BTCUSDT] [RENDER] renderOverlays: 3 total, 3 con renderOverlay, 3 enabled. Swing=NOT FOUND
 [BTCUSDT] drawChart: 129602 velas disponibles, zoom=0.100, chartWidth=1196, mostrando=1500, userZoomed=false
 [BTCUSDT] [RENDER] renderOverlays: 3 total, 3 con renderOverlay, 3 enabled. Swing=NOT FOUND
 [BTCUSDT] [RENDER] renderOverlays: 3 total, 3 con renderOverlay, 3 enabled. Swing=NOT FOUND
 [BTCUSDT] [RENDER] renderOverlays: 3 total, 3 con renderOverlay, 3 enabled. Swing=NOT FOUND
 [BTCUSDT] [RENDER] renderOverlays: 3 total, 3 con renderOverlay, 3 enabled. Swing=NOT FOUND
 [CandleCache] ✅ BTCUSDT@1 - guardado (129601 velas, memoria: 1/4)
 [BTCUSDT] [RENDER] renderOverlays: 3 total, 3 con renderOverlay, 3 enabled. Swing=NOT FOUND
 [BTCUSDT] [RENDER] renderOverlays: 3 total, 3 con renderOverlay, 3 enabled. Swing=NOT FOUND
 [BTCUSDT] [RENDER] renderOverlays: 3 total, 3 con renderOverlay, 3 enabled. Swing=NOT FOUND
 [BTCUSDT] [RENDER] renderOverlays: 3 total, 3 con renderOverlay, 3 enabled. Swing=NOT FOUND
 [BTCUSDT] [RENDER] renderOverlays: 3 total, 3 con renderOverlay, 3 enabled. Swing=NOT FOUND
 [BTCUSDT] [RENDER] renderOverlays: 3 total, 3 con renderOverlay, 3 enabled. Swing=NOT FOUND
 [BTCUSDT] drawChart: 129602 velas disponibles, zoom=0.100, chartWidth=1196, mostrando=1500, userZoomed=false
 [BTCUSDT] [RENDER] renderOverlays: 3 total, 3 con renderOverlay, 3 enabled. Swing=NOT FOUND
 [BTCUSDT] [RENDER] renderOverlays: 3 total, 3 con renderOverlay, 3 enabled. Swing=NOT FOUND
 [BTCUSDT] [RENDER] renderOverlays: 3 total, 3 con renderOverlay, 3 enabled. Swing=NOT FOUND
 [BTCUSDT] [RENDER] renderOverlays: 3 total, 3 con renderOverlay, 3 enabled. Swing=NOT FOUND
 [BTCUSDT] [RENDER] renderOverlays: 3 total, 3 con renderOverlay, 3 enabled. Swing=NOT FOUND
 [BTCUSDT] [RENDER] renderOverlays: 3 total, 3 con renderOverlay, 3 enabled. Swing=NOT FOUND
 [BTCUSDT] [RENDER] renderOverlays: 3 total, 3 con renderOverlay, 3 enabled. Swing=NOT FOUND
 [BTCUSDT] [RENDER] renderOverlays: 3 total, 3 con renderOverlay, 3 enabled. Swing=NOT FOUND
 [BTCUSDT] [RENDER] renderOverlays: 3 total, 3 con renderOverlay, 3 enabled. Swing=NOT FOUND
 [BTCUSDT] [RENDER] renderOverlays: 3 total, 3 con renderOverlay, 3 enabled. Swing=NOT FOUND
 [BTCUSDT] [RENDER] renderOverlays: 3 total, 3 con renderOverlay, 3 enabled. Swing=NOT FOUND
 [BTCUSDT] drawChart: 129602 velas disponibles, zoom=0.100, chartWidth=1196, mostrando=1500, userZoomed=false
 [BTCUSDT] [RENDER] renderOverlays: 3 total, 3 con renderOverlay, 3 enabled. Swing=NOT FOUND
 [BTCUSDT] [RENDER] renderOverlays: 3 total, 3 con renderOverlay, 3 enabled. Swing=NOT FOUND
 [BTCUSDT] [RENDER] renderOverlays: 3 total, 3 con renderOverlay, 3 enabled. Swing=NOT FOUND
 [BTCUSDT] [RENDER] renderOverlays: 3 total, 3 con renderOverlay, 3 enabled. Swing=NOT FOUND
CandleCache.js:164 [CandleCache] ✅ BTCUSDT@1 - guardado (129601 velas, memoria: 1/4)
IndicatorManager.js:523 [BTCUSDT] [RENDER] renderOverlays: 3 total, 3 con renderOverlay, 3 enabled. Swing=NOT FOUND
IndicatorManager.js:523 [BTCUSDT] [RENDER] renderOverlays: 3 total, 3 con renderOverlay, 3 enabled. Swing=NOT FOUND
IndicatorManager.js:523 [BTCUSDT] [RENDER] renderOverlays: 3 total, 3 con renderOverlay, 3 enabled. Swing=NOT FOUND
IndicatorManager.js:523 [BTCUSDT] [RENDER] renderOverlays: 3 total, 3 con renderOverlay, 3 enabled. Swing=NOT FOUND
IndicatorManager.js:523 [BTCUSDT] [RENDER] renderOverlays: 3 total, 3 con renderOverlay, 3 enabled. Swing=NOT FOUND
IndicatorManager.js:523 [BTCUSDT] [RENDER] renderOverlays: 3 total, 3 con renderOverlay, 3 enabled. Swing=NOT FOUND
MiniChart.jsx:765 [BTCUSDT] drawChart: 129602 velas disponibles, zoom=0.100, chartWidth=1196, mostrando=1500, userZoomed=false
IndicatorManager.js:523 [BTCUSDT] [RENDER] renderOverlays: 3 total, 3 con renderOverlay, 3 enabled. Swing=NOT FOUND
IndicatorManager.js:523 [BTCUSDT] [RENDER] renderOverlays: 3 total, 3 con renderOverlay, 3 enabled. Swing=NOT FOUND
IndicatorManager.js:523 [BTCUSDT] [RENDER] renderOverlays: 3 total, 3 con renderOverlay, 3 enabled. Swing=NOT FOUND
IndicatorManager.js:523 [BTCUSDT] [RENDER] renderOverlays: 3 total, 3 con renderOverlay, 3 enabled. Swing=NOT FOUND
IndicatorManager.js:523 [BTCUSDT] [RENDER] renderOverlays: 3 total, 3 con renderOverlay, 3 enabled. Swing=NOT FOUND
IndicatorManager.js:523 [BTCUSDT] [RENDER] renderOverlays: 3 total, 3 con renderOverlay, 3 enabled. Swing=NOT FOUND
IndicatorManager.js:523 [BTCUSDT] [RENDER] renderOverlays: 3 total, 3 con renderOverlay, 3 enabled. Swing=NOT FOUND
IndicatorManager.js:523 [BTCUSDT] [RENDER] renderOverlays: 3 total, 3 con renderOverlay, 3 enabled. Swing=NOT FOUND
IndicatorManager.js:523 [BTCUSDT] [RENDER] renderOverlays: 3 total, 3 con renderOverlay, 3 enabled. Swing=NOT FOUND
IndicatorManager.js:523 [BTCUSDT] [RENDER] renderOverlays: 3 total, 3 con renderOverlay, 3 enabled. Swing=NOT FOUND
IndicatorManager.js:523 [BTCUSDT] [RENDER] renderOverlays: 3 total, 3 con renderOverlay, 3 enabled. Swing=NOT FOUND
MiniChart.jsx:765 [BTCUSDT] drawChart: 129602 velas disponibles, zoom=0.100, chartWidth=1196, mostrando=1500, userZoomed=false
IndicatorManager.js:523 [BTCUSDT] [RENDER] renderOverlays: 3 total, 3 con renderOverlay, 3 enabled. Swing=NOT FOUND
IndicatorManager.js:523 [BTCUSDT] [RENDER] renderOverlays: 3 total, 3 con renderOverlay, 3 enabled. Swing=NOT FOUND
IndicatorManager.js:523 [BTCUSDT] [RENDER] renderOverlays: 3 total, 3 con renderOverlay, 3 enabled. Swing=NOT FOUND
CandleCache.js:164 [CandleCache] ✅ BTCUSDT@1 - guardado (129601 velas, memoria: 1/4)
IndicatorManager.js:523 [BTCUSDT] [RENDER] renderOverlays: 3 total, 3 con renderOverlay, 3 enabled. Swing=NOT FOUND
IndicatorManager.js:523 [BTCUSDT] [RENDER] renderOverlays: 3 total, 3 con renderOverlay, 3 enabled. Swing=NOT FOUND
IndicatorManager.js:523 [BTCUSDT] [RENDER] renderOverlays: 3 total, 3 con renderOverlay, 3 enabled. Swing=NOT FOUND
IndicatorManager.js:523 [BTCUSDT] [RENDER] renderOverlays: 3 total, 3 con renderOverlay, 3 enabled. Swing=NOT FOUND
IndicatorManager.js:523 [BTCUSDT] [RENDER] renderOverlays: 3 total, 3 con renderOverlay, 3 enabled. Swing=NOT FOUND
IndicatorManager.js:523 [BTCUSDT] [RENDER] renderOverlays: 3 total, 3 con renderOverlay, 3 enabled. Swing=NOT FOUND
IndicatorManager.js:523 [BTCUSDT] [RENDER] renderOverlays: 3 total, 3 con renderOverlay, 3 enabled. Swing=NOT FOUND
IndicatorManager.js:523 [BTCUSDT] [RENDER] renderOverlays: 3 total, 3 con renderOverlay, 3 enabled. Swing=NOT FOUND
MiniChart.jsx:765 [BTCUSDT] drawChart: 129602 velas disponibles, zoom=0.100, chartWidth=1196, mostrando=1500, userZoomed=false
IndicatorManager.js:523 [BTCUSDT] [RENDER] renderOverlays: 3 total, 3 con renderOverlay, 3 enabled. Swing=NOT FOUND
IndicatorManager.js:523 [BTCUSDT] [RENDER] renderOverlays: 3 total, 3 con renderOverlay, 3 enabled. Swing=NOT FOUND
IndicatorManager.js:523 [BTCUSDT] [RENDER] renderOverlays: 3 total, 3 con renderOverlay, 3 enabled. Swing=NOT FOUND
IndicatorManager.js:523 [BTCUSDT] [RENDER] renderOverlays: 3 total, 3 con renderOverlay, 3 enabled. Swing=NOT FOUND
IndicatorManager.js:523 [BTCUSDT] [RENDER] renderOverlays: 3 total, 3 con renderOverlay, 3 enabled. Swing=NOT FOUND
IndicatorManager.js:523 [BTCUSDT] [RENDER] renderOverlays: 3 total, 3 con renderOverlay, 3 enabled. Swing=NOT FOUND
IndicatorManager.js:523 [BTCUSDT] [RENDER] renderOverlays: 3 total, 3 con renderOverlay, 3 enabled. Swing=NOT FOUND
IndicatorManager.js:523 [BTCUSDT] [RENDER] renderOverlays: 3 total, 3 con renderOverlay, 3 enabled. Swing=NOT FOUND
IndicatorManager.js:523 [BTCUSDT] [RENDER] renderOverlays: 3 total, 3 con renderOverlay, 3 enabled. Swing=NOT FOUND
IndicatorManager.js:523 [BTCUSDT] [RENDER] renderOverlays: 3 total, 3 con renderOverlay, 3 enabled. Swing=NOT FOUND
MiniChart.jsx:765 [BTCUSDT] drawChart: 129602 velas disponibles, zoom=0.100, chartWidth=1196, mostrando=1500, userZoomed=false
IndicatorManager.js:523 [BTCUSDT] [RENDER] renderOverlays: 3 total, 3 con renderOverlay, 3 enabled. Swing=NOT FOUND
IndicatorManager.js:523 [BTCUSDT] [RENDER] renderOverlays: 3 total, 3 con renderOverlay, 3 enabled. Swing=NOT FOUND
CandleCache.js:164 [CandleCache] ✅ BTCUSDT@1 - guardado (129601 velas, memoria: 1/4)
IndicatorManager.js:523 [BTCUSDT] [RENDER] renderOverlays: 3 total, 3 con renderOverlay, 3 enabled. Swing=NOT FOUND
IndicatorManager.js:523 [BTCUSDT] [RENDER] renderOverlays: 3 total, 3 con renderOverlay, 3 enabled. Swing=NOT FOUND
CandleCache.js:68 [CandleCache] 💾 BTCUSDT@1 - desde memoria (129601 velas)
CandleCache.js:257 [CandleCache] Limpiando cache con gaps para forzar recarga completa...
CandleCache.js:290 [CandleCache] 🗑️ BTCUSDT@1 - cache limpiado
MiniChart.jsx:1328 [BTCUSDT] Carga COMPLETA: 90 dias @ 1
MiniChart.jsx:1336 [BTCUSDT] 📊 Usando carga con streaming (129700 velas estimadas)
MiniChart.jsx:1245 [BTCUSDT] 📊 Iniciando carga STREAM: 90 dias @ 1
IndicatorManager.js:523 [BTCUSDT] [RENDER] renderOverlays: 3 total, 3 con renderOverlay, 3 enabled. Swing=NOT FOUND
IndicatorManager.js:523 [BTCUSDT] [RENDER] renderOverlays: 3 total, 3 con renderOverlay, 3 enabled. Swing=NOT FOUND
IndicatorManager.js:523 [BTCUSDT] [RENDER] renderOverlays: 3 total, 3 con renderOverlay, 3 enabled. Swing=NOT FOUND
IndicatorManager.js:523 [BTCUSDT] [RENDER] renderOverlays: 3 total, 3 con renderOverlay, 3 enabled. Swing=NOT FOUND
IndicatorManager.js:523 [BTCUSDT] [RENDER] renderOverlays: 3 total, 3 con renderOverlay, 3 enabled. Swing=NOT FOUND
IndicatorManager.js:523 [BTCUSDT] [RENDER] renderOverlays: 3 total, 3 con renderOverlay, 3 enabled. Swing=NOT FOUND
IndicatorManager.js:523 [BTCUSDT] [RENDER] renderOverlays: 3 total, 3 con renderOverlay, 3 enabled. Swing=NOT FOUND
MiniChart.jsx:765 [BTCUSDT] drawChart: 129602 velas disponibles, zoom=0.100, chartWidth=1196, mostrando=1500, userZoomed=false
IndicatorManager.js:523 [BTCUSDT] [RENDER] renderOverlays: 3 total, 3 con renderOverlay, 3 enabled. Swing=NOT FOUND
IndicatorManager.js:523 [BTCUSDT] [RENDER] renderOverlays: 3 total, 3 con renderOverlay, 3 enabled. Swing=NOT FOUND
IndicatorManager.js:523 [BTCUSDT] [RENDER] renderOverlays: 3 total, 3 con renderOverlay, 3 enabled. Swing=NOT FOUND
IndicatorManager.js:523 [BTCUSDT] [RENDER] renderOverlays: 3 total, 3 con renderOverlay, 3 enabled. Swing=NOT FOUND
IndicatorManager.js:523 [BTCUSDT] [RENDER] renderOverlays: 3 total, 3 con renderOverlay, 3 enabled. Swing=NOT FOUND
IndicatorManager.js:523 [BTCUSDT] [RENDER] renderOverlays: 3 total, 3 con renderOverlay, 3 enabled. Swing=NOT FOUND
IndicatorManager.js:523 [BTCUSDT] [RENDER] renderOverlays: 3 total, 3 con renderOverlay, 3 enabled. Swing=NOT FOUND
IndicatorManager.js:523 [BTCUSDT] [RENDER] renderOverlays: 3 total, 3 con renderOverlay, 3 enabled. Swing=NOT FOUND
MiniChart.jsx:765 [BTCUSDT] drawChart: 129602 velas disponibles, zoom=0.100, chartWidth=1196, mostrando=1500, userZoomed=false
IndicatorManager.js:523 [BTCUSDT] [RENDER] renderOverlays: 3 total, 3 con renderOverlay, 3 enabled. Swing=NOT FOUND
CandleCache.js:164 [CandleCache] ✅ BTCUSDT@1 - guardado (129601 velas, memoria: 1/4)
IndicatorManager.js:523 [BTCUSDT] [RENDER] renderOverlays: 3 total, 3 con renderOverlay, 3 enabled. Swing=NOT FOUND
IndicatorManager.js:523 [BTCUSDT] [RENDER] renderOverlays: 3 total, 3 con renderOverlay, 3 enabled. Swing=NOT FOUND
IndicatorManager.js:523 [BTCUSDT] [RENDER] renderOverlays: 3 total, 3 con renderOverlay, 3 enabled. Swing=NOT FOUND
IndicatorManager.js:523 [BTCUSDT] [RENDER] renderOverlays: 3 total, 3 con renderOverlay, 3 enabled. Swing=NOT FOUND
IndicatorManager.js:523 [BTCUSDT] [RENDER] renderOverlays: 3 total, 3 con renderOverlay, 3 enabled. Swing=NOT FOUND
IndicatorManager.js:523 [BTCUSDT] [RENDER] renderOverlays: 3 total, 3 con renderOverlay, 3 enabled. Swing=NOT FOUND
IndicatorManager.js:523 [BTCUSDT] [RENDER] renderOverlays: 3 total, 3 con renderOverlay, 3 enabled. Swing=NOT FOUND
IndicatorManager.js:523 [BTCUSDT] [RENDER] renderOverlays: 3 total, 3 con renderOverlay, 3 enabled. Swing=NOT FOUND
MiniChart.jsx:765 [BTCUSDT] drawChart: 129602 velas disponibles, zoom=0.100, chartWidth=1196, mostrando=1500, userZoomed=false
IndicatorManager.js:523 [BTCUSDT] [RENDER] renderOverlays: 3 total, 3 con renderOverlay, 3 enabled. Swing=NOT FOUND
IndicatorManager.js:523 [BTCUSDT] [RENDER] renderOverlays: 3 total, 3 con renderOverlay, 3 enabled. Swing=NOT FOUND
IndicatorManager.js:523 [BTCUSDT] [RENDER] renderOverlays: 3 total, 3 con renderOverlay, 3 enabled. Swing=NOT FOUND
IndicatorManager.js:523 [BTCUSDT] [RENDER] renderOverlays: 3 total, 3 con renderOverlay, 3 enabled. Swing=NOT FOUND
IndicatorManager.js:523 [BTCUSDT] [RENDER] renderOverlays: 3 total, 3 con renderOverlay, 3 enabled. Swing=NOT FOUND
IndicatorManager.js:523 [BTCUSDT] [RENDER] renderOverlays: 3 total, 3 con renderOverlay, 3 enabled. Swing=NOT FOUND
IndicatorManager.js:523 [BTCUSDT] [RENDER] renderOverlays: 3 total, 3 con renderOverlay, 3 enabled. Swing=NOT FOUND
IndicatorManager.js:523 [BTCUSDT] [RENDER] renderOverlays: 3 total, 3 con renderOverlay, 3 enabled. Swing=NOT FOUND
IndicatorManager.js:523 [BTCUSDT] [RENDER] renderOverlays: 3 total, 3 con renderOverlay, 3 enabled. Swing=NOT FOUND
IndicatorManager.js:523 [BTCUSDT] [RENDER] renderOverlays: 3 total, 3 con renderOverlay, 3 enabled. Swing=NOT FOUND
MiniChart.jsx:765 [BTCUSDT] drawChart: 129602 velas disponibles, zoom=0.100, chartWidth=1196, mostrando=1500, userZoomed=false
CandleCache.js:164 [CandleCache] ✅ BTCUSDT@1 - guardado (129601 velas, memoria: 1/4)
IndicatorManager.js:523 [BTCUSDT] [RENDER] renderOverlays: 3 total, 3 con renderOverlay, 3 enabled. Swing=NOT FOUND
IndicatorManager.js:523 [BTCUSDT] [RENDER] renderOverlays: 3 total, 3 con renderOverlay, 3 enabled. Swing=NOT FOUND
IndicatorManager.js:523 [BTCUSDT] [RENDER] renderOverlays: 3 total, 3 con renderOverlay, 3 enabled. Swing=NOT FOUND
IndicatorManager.js:523 [BTCUSDT] [RENDER] renderOverlays: 3 total, 3 con renderOverlay, 3 enabled. Swing=NOT FOUND
IndicatorManager.js:523 [BTCUSDT] [RENDER] renderOverlays: 3 total, 3 con renderOverlay, 3 enabled. Swing=NOT FOUND
IndicatorManager.js:523 [BTCUSDT] [RENDER] renderOverlays: 3 total, 3 con renderOverlay, 3 enabled. Swing=NOT FOUND
IndicatorManager.js:523 [BTCUSDT] [RENDER] renderOverlays: 3 total, 3 con renderOverlay, 3 enabled. Swing=NOT FOUND
IndicatorManager.js:523 [BTCUSDT] [RENDER] renderOverlays: 3 total, 3 con renderOverlay, 3 enabled. Swing=NOT FOUND
IndicatorManager.js:523 [BTCUSDT] [RENDER] renderOverlays: 3 total, 3 con renderOverlay, 3 enabled. Swing=NOT FOUND
IndicatorManager.js:523 [BTCUSDT] [RENDER] renderOverlays: 3 total, 3 con renderOverlay, 3 enabled. Swing=NOT FOUND
IndicatorManager.js:523 [BTCUSDT] [RENDER] renderOverlays: 3 total, 3 con renderOverlay, 3 enabled. Swing=NOT FOUND
MiniChart.jsx:765 [BTCUSDT] drawChart: 129602 velas disponibles, zoom=0.100, chartWidth=1196, mostrando=1500, userZoomed=false
IndicatorManager.js:523 [BTCUSDT] [RENDER] renderOverlays: 3 total, 3 con renderOverlay, 3 enabled. Swing=NOT FOUND
IndicatorManager.js:523 [BTCUSDT] [RENDER] renderOverlays: 3 total, 3 con renderOverlay, 3 enabled. Swing=NOT FOUND
IndicatorManager.js:523 [BTCUSDT] [RENDER] renderOverlays: 3 total, 3 con renderOverlay, 3 enabled. Swing=NOT FOUND
IndicatorManager.js:523 [BTCUSDT] [RENDER] renderOverlays: 3 total, 3 con renderOverlay, 3 enabled. Swing=NOT FOUND
IndicatorManager.js:523 [BTCUSDT] [RENDER] renderOverlays: 3 total, 3 con renderOverlay, 3 enabled. Swing=NOT FOUND
IndicatorManager.js:523 [BTCUSDT] [RENDER] renderOverlays: 3 total, 3 con renderOverlay, 3 enabled. Swing=NOT FOUND
IndicatorManager.js:523 [BTCUSDT] [RENDER] renderOverlays: 3 total, 3 con renderOverlay, 3 enabled. Swing=NOT FOUND
IndicatorManager.js:523 [BTCUSDT] [RENDER] renderOverlays: 3 total, 3 con renderOverlay, 3 enabled. Swing=NOT FOUND
IndicatorManager.js:523 [BTCUSDT] [RENDER] renderOverlays: 3 total, 3 con renderOverlay, 3 enabled. Swing=NOT FOUND
IndicatorManager.js:523 [BTCUSDT] [RENDER] renderOverlays: 3 total, 3 con renderOverlay, 3 enabled. Swing=NOT FOUND
IndicatorManager.js:523 [BTCUSDT] [RENDER] renderOverlays: 3 total, 3 con renderOverlay, 3 enabled. Swing=NOT FOUND
CandleCache.js:164 [CandleCache] ✅ BTCUSDT@1 - guardado (129601 velas, memoria: 1/4)
MiniChart.jsx:765 [BTCUSDT] drawChart: 129602 velas disponibles, zoom=0.100, chartWidth=1196, mostrando=1500, userZoomed=false
IndicatorManager.js:523 [BTCUSDT] [RENDER] renderOverlays: 3 total, 3 con renderOverlay, 3 enabled. Swing=NOT FOUND
IndicatorManager.js:523 [BTCUSDT] [RENDER] renderOverlays: 3 total, 3 con renderOverlay, 3 enabled. Swing=NOT FOUND
IndicatorManager.js:523 [BTCUSDT] [RENDER] renderOverlays: 3 total, 3 con renderOverlay, 3 enabled. Swing=NOT FOUND
IndicatorManager.js:523 [BTCUSDT] [RENDER] renderOverlays: 3 total, 3 con renderOverlay, 3 enabled. Swing=NOT FOUND
IndicatorManager.js:523 [BTCUSDT] [RENDER] renderOverlays: 3 total, 3 con renderOverlay, 3 enabled. Swing=NOT FOUND
IndicatorManager.js:523 [BTCUSDT] [RENDER] renderOverlays: 3 total, 3 con renderOverlay, 3 enabled. Swing=NOT FOUND
IndicatorManager.js:523 [BTCUSDT] [RENDER] renderOverlays: 3 total, 3 con renderOverlay, 3 enabled. Swing=NOT FOUND
IndicatorManager.js:523 [BTCUSDT] [RENDER] renderOverlays: 3 total, 3 con renderOverlay, 3 enabled. Swing=NOT FOUND
IndicatorManager.js:523 [BTCUSDT] [RENDER] renderOverlays: 3 total, 3 con renderOverlay, 3 enabled. Swing=NOT FOUND
IndicatorManager.js:523 [BTCUSDT] [RENDER] renderOverlays: 3 total, 3 con renderOverlay, 3 enabled. Swing=NOT FOUND
MiniChart.jsx:765 [BTCUSDT] drawChart: 129602 velas disponibles, zoom=0.100, chartWidth=1196, mostrando=1500, userZoomed=false
IndicatorManager.js:523 [BTCUSDT] [RENDER] renderOverlays: 3 total, 3 con renderOverlay, 3 enabled. Swing=NOT FOUND
IndicatorManager.js:523 [BTCUSDT] [RENDER] renderOverlays: 3 total, 3 con renderOverlay, 3 enabled. Swing=NOT FOUND
IndicatorManager.js:523 [BTCUSDT] [RENDER] renderOverlays: 3 total, 3 con renderOverlay, 3 enabled. Swing=NOT FOUND
IndicatorManager.js:523 [BTCUSDT] [RENDER] renderOverlays: 3 total, 3 con renderOverlay, 3 enabled. Swing=NOT FOUND
IndicatorManager.js:523 [BTCUSDT] [RENDER] renderOverlays: 3 total, 3 con renderOverlay, 3 enabled. Swing=NOT FOUND
IndicatorManager.js:523 [BTCUSDT] [RENDER] renderOverlays: 3 total, 3 con renderOverlay, 3 enabled. Swing=NOT FOUND
IndicatorManager.js:523 [BTCUSDT] [RENDER] renderOverlays: 3 total, 3 con renderOverlay, 3 enabled. Swing=NOT FOUND
IndicatorManager.js:523 [BTCUSDT] [RENDER] renderOverlays: 3 total, 3 con renderOverlay, 3 enabled. Swing=NOT FOUND
IndicatorManager.js:523 [BTCUSDT] [RENDER] renderOverlays: 3 total, 3 con renderOverlay, 3 enabled. Swing=NOT FOUND
IndicatorManager.js:523 [BTCUSDT] [RENDER] renderOverlays: 3 total, 3 con renderOverlay, 3 enabled. Swing=NOT FOUND
IndicatorManager.js:523 [BTCUSDT] [RENDER] renderOverlays: 3 total, 3 con renderOverlay, 3 enabled. Swing=NOT FOUND
IndicatorManager.js:523 [BTCUSDT] [RENDER] renderOverlays: 3 total, 3 con renderOverlay, 3 enabled. Swing=NOT FOUND
CandleCache.js:164 [CandleCache] ✅ BTCUSDT@1 - guardado (129601 velas, memoria: 1/4)
MiniChart.jsx:765 [BTCUSDT] drawChart: 129602 velas disponibles, zoom=0.100, chartWidth=1196, mostrando=1500, userZoomed=false
IndicatorManager.js:523 [BTCUSDT] [RENDER] renderOverlays: 3 total, 3 con renderOverlay, 3 enabled. Swing=NOT FOUND
IndicatorManager.js:523 [BTCUSDT] [RENDER] renderOverlays: 3 total, 3 con renderOverlay, 3 enabled. Swing=NOT FOUND
IndicatorManager.js:523 [BTCUSDT] [RENDER] renderOverlays: 3 total, 3 con renderOverlay, 3 enabled. Swing=NOT FOUND
IndicatorManager.js:523 [BTCUSDT] [RENDER] renderOverlays: 3 total, 3 con renderOverlay, 3 enabled. Swing=NOT FOUND
IndicatorManager.js:523 [BTCUSDT] [RENDER] renderOverlays: 3 total, 3 con renderOverlay, 3 enabled. Swing=NOT FOUND
IndicatorManager.js:523 [BTCUSDT] [RENDER] renderOverlays: 3 total, 3 con renderOverlay, 3 enabled. Swing=NOT FOUND
IndicatorManager.js:523 [BTCUSDT] [RENDER] renderOverlays: 3 total, 3 con renderOverlay, 3 enabled. Swing=NOT FOUND
IndicatorManager.js:523 [BTCUSDT] [RENDER] renderOverlays: 3 total, 3 con renderOverlay, 3 enabled. Swing=NOT FOUND
IndicatorManager.js:523 [BTCUSDT] [RENDER] renderOverlays: 3 total, 3 con renderOverlay, 3 enabled. Swing=NOT FOUND
IndicatorManager.js:523 [BTCUSDT] [RENDER] renderOverlays: 3 total, 3 con renderOverlay, 3 enabled. Swing=NOT FOUND
IndicatorManager.js:523 [BTCUSDT] [RENDER] renderOverlays: 3 total, 3 con renderOverlay, 3 enabled. Swing=NOT FOUND
IndicatorManager.js:523 [BTCUSDT] [RENDER] renderOverlays: 3 total, 3 con renderOverlay, 3 enabled. Swing=NOT FOUND
MiniChart.jsx:765 [BTCUSDT] drawChart: 129602 velas disponibles, zoom=0.100, chartWidth=1196, mostrando=1500, userZoomed=false
IndicatorManager.js:523 [BTCUSDT] [RENDER] renderOverlays: 3 total, 3 con renderOverlay, 3 enabled. Swing=NOT FOUND
IndicatorManager.js:523 [BTCUSDT] [RENDER] renderOverlays: 3 total, 3 con renderOverlay, 3 enabled. Swing=NOT FOUND
IndicatorManager.js:523 [BTCUSDT] [RENDER] renderOverlays: 3 total, 3 con renderOverlay, 3 enabled. Swing=NOT FOUND
IndicatorManager.js:523 [BTCUSDT] [RENDER] renderOverlays: 3 total, 3 con renderOverlay, 3 enabled. Swing=NOT FOUND
IndicatorManager.js:523 [BTCUSDT] [RENDER] renderOverlays: 3 total, 3 con renderOverlay, 3 enabled. Swing=NOT FOUND
IndicatorManager.js:523 [BTCUSDT] [RENDER] renderOverlays: 3 total, 3 con renderOverlay, 3 enabled. Swing=NOT FOUND
IndicatorManager.js:523 [BTCUSDT] [RENDER] renderOverlays: 3 total, 3 con renderOverlay, 3 enabled. Swing=NOT FOUND
IndicatorManager.js:523 [BTCUSDT] [RENDER] renderOverlays: 3 total, 3 con renderOverlay, 3 enabled. Swing=NOT FOUND
IndicatorManager.js:523 [BTCUSDT] [RENDER] renderOverlays: 3 total, 3 con renderOverlay, 3 enabled. Swing=NOT FOUND
IndicatorManager.js:523 [BTCUSDT] [RENDER] renderOverlays: 3 total, 3 con renderOverlay, 3 enabled. Swing=NOT FOUND
IndicatorManager.js:523 [BTCUSDT] [RENDER] renderOverlays: 3 total, 3 con renderOverlay, 3 enabled. Swing=NOT FOUND
CandleCache.js:164 [CandleCache] ✅ BTCUSDT@1 - guardado (129601 velas, memoria: 1/4)
IndicatorManager.js:523 [BTCUSDT] [RENDER] renderOverlays: 3 total, 3 con renderOverlay, 3 enabled. Swing=NOT FOUND
MiniChart.jsx:765 [BTCUSDT] drawChart: 129602 velas disponibles, zoom=0.100, chartWidth=1196, mostrando=1500, userZoomed=false
IndicatorManager.js:523 [BTCUSDT] [RENDER] renderOverlays: 3 total, 3 con renderOverlay, 3 enabled. Swing=NOT FOUND
CandleCache.js:68 [CandleCache] 💾 BTCUSDT@1 - desde memoria (129601 velas)
CandleCache.js:257 [CandleCache] Limpiando cache con gaps para forzar recarga completa...
CandleCache.js:290 [CandleCache] 🗑️ BTCUSDT@1 - cache limpiado
MiniChart.jsx:1328 [BTCUSDT] Carga COMPLETA: 90 dias @ 1
MiniChart.jsx:1336 [BTCUSDT] 📊 Usando carga con streaming (129700 velas estimadas)
MiniChart.jsx:1245 [BTCUSDT] 📊 Iniciando carga STREAM: 90 dias @ 1
IndicatorManager.js:523 [BTCUSDT] [RENDER] renderOverlays: 3 total, 3 con renderOverlay, 3 enabled. Swing=NOT FOUND
IndicatorManager.js:523 [BTCUSDT] [RENDER] renderOverlays: 3 total, 3 con renderOverlay, 3 enabled. Swing=NOT FOUND
IndicatorManager.js:523 [BTCUSDT] [RENDER] renderOverlays: 3 total, 3 con renderOverlay, 3 enabled. Swing=NOT FOUND
IndicatorManager.js:523 [BTCUSDT] [RENDER] renderOverlays: 3 total, 3 con renderOverlay, 3 enabled. Swing=NOT FOUND
IndicatorManager.js:523 [BTCUSDT] [RENDER] renderOverlays: 3 total, 3 con renderOverlay, 3 enabled. Swing=NOT FOUND
IndicatorManager.js:523 [BTCUSDT] [RENDER] renderOverlays: 3 total, 3 con renderOverlay, 3 enabled. Swing=NOT FOUND
IndicatorManager.js:523 [BTCUSDT] [RENDER] renderOverlays: 3 total, 3 con renderOverlay, 3 enabled. Swing=NOT FOUND
IndicatorManager.js:523 [BTCUSDT] [RENDER] renderOverlays: 3 total, 3 con renderOverlay, 3 enabled. Swing=NOT FOUND
IndicatorManager.js:523 [BTCUSDT] [RENDER] renderOverlays: 3 total, 3 con renderOverlay, 3 enabled. Swing=NOT FOUND
IndicatorManager.js:523 [BTCUSDT] [RENDER] renderOverlays: 3 total, 3 con renderOverlay, 3 enabled. Swing=NOT FOUND
IndicatorManager.js:523 [BTCUSDT] [RENDER] renderOverlays: 3 total, 3 con renderOverlay, 3 enabled. Swing=NOT FOUND
IndicatorManager.js:523 [BTCUSDT] [RENDER] renderOverlays: 3 total, 3 con renderOverlay, 3 enabled. Swing=NOT FOUND
MiniChart.jsx:765 [BTCUSDT] drawChart: 129602 velas disponibles, zoom=0.100, chartWidth=1196, mostrando=1500, userZoomed=false
IndicatorManager.js:523 [BTCUSDT] [RENDER] renderOverlays: 3 total, 3 con renderOverlay, 3 enabled. Swing=NOT FOUND
IndicatorManager.js:523 [BTCUSDT] [RENDER] renderOverlays: 3 total, 3 con renderOverlay, 3 enabled. Swing=NOT FOUND
IndicatorManager.js:523 [BTCUSDT] [RENDER] renderOverlays: 3 total, 3 con renderOverlay, 3 enabled. Swing=NOT FOUND
IndicatorManager.js:523 [BTCUSDT] [RENDER] renderOverlays: 3 total, 3 con renderOverlay, 3 enabled. Swing=NOT FOUND
IndicatorManager.js:523 [BTCUSDT] [RENDER] renderOverlays: 3 total, 3 con renderOverlay, 3 enabled. Swing=NOT FOUND
IndicatorManager.js:523 [BTCUSDT] [RENDER] renderOverlays: 3 total, 3 con renderOverlay, 3 enabled. Swing=NOT FOUND
IndicatorManager.js:523 [BTCUSDT] [RENDER] renderOverlays: 3 total, 3 con renderOverlay, 3 enabled. Swing=NOT FOUND
IndicatorManager.js:523 [BTCUSDT] [RENDER] renderOverlays: 3 total, 3 con renderOverlay, 3 enabled. Swing=NOT FOUND
IndicatorManager.js:523 [BTCUSDT] [RENDER] renderOverlays: 3 total, 3 con renderOverlay, 3 enabled. Swing=NOT FOUND
IndicatorManager.js:523 [BTCUSDT] [RENDER] renderOverlays: 3 total, 3 con renderOverlay, 3 enabled. Swing=NOT FOUND
IndicatorManager.js:523 [BTCUSDT] [RENDER] renderOverlays: 3 total, 3 con renderOverlay, 3 enabled. Swing=NOT FOUND
CandleCache.js:164 [CandleCache] ✅ BTCUSDT@1 - guardado (129601 velas, memoria: 1/4)
IndicatorManager.js:523 [BTCUSDT] [RENDER] renderOverlays: 3 total, 3 con renderOverlay, 3 enabled. Swing=NOT FOUND
MiniChart.jsx:765 [BTCUSDT] drawChart: 129602 velas disponibles, zoom=0.100, chartWidth=1196, mostrando=1500, userZoomed=false
IndicatorManager.js:523 [BTCUSDT] [RENDER] renderOverlays: 3 total, 3 con renderOverlay, 3 enabled. Swing=NOT FOUND
IndicatorManager.js:523 [BTCUSDT] [RENDER] renderOverlays: 3 total, 3 con renderOverlay, 3 enabled. Swing=NOT FOUND
IndicatorManager.js:523 [BTCUSDT] [RENDER] renderOverlays: 3 total, 3 con renderOverlay, 3 enabled. Swing=NOT FOUND
IndicatorManager.js:523 [BTCUSDT] [RENDER] renderOverlays: 3 total, 3 con renderOverlay, 3 enabled. Swing=NOT FOUND
IndicatorManager.js:523 [BTCUSDT] [RENDER] renderOverlays: 3 total, 3 con renderOverlay, 3 enabled. Swing=NOT FOUND
IndicatorManager.js:523 [BTCUSDT] [RENDER] renderOverlays: 3 total, 3 con renderOverlay, 3 enabled. Swing=NOT FOUND
IndicatorManager.js:523 [BTCUSDT] [RENDER] renderOverlays: 3 total, 3 con renderOverlay, 3 enabled. Swing=NOT FOUND
IndicatorManager.js:523 [BTCUSDT] [RENDER] renderOverlays: 3 total, 3 con renderOverlay, 3 enabled. Swing=NOT FOUND
IndicatorManager.js:523 [BTCUSDT] [RENDER] renderOverlays: 3 total, 3 con renderOverlay, 3 enabled. Swing=NOT FOUND
IndicatorManager.js:523 [BTCUSDT] [RENDER] renderOverlays: 3 total, 3 con renderOverlay, 3 enabled. Swing=NOT FOUND
IndicatorManager.js:523 [BTCUSDT] [RENDER] renderOverlays: 3 total, 3 con renderOverlay, 3 enabled. Swing=NOT FOUND
IndicatorManager.js:523 [BTCUSDT] [RENDER] renderOverlays: 3 total, 3 con renderOverlay, 3 enabled. Swing=NOT FOUND
MiniChart.jsx:765 [BTCUSDT] drawChart: 129602 velas disponibles, zoom=0.100, chartWidth=1196, mostrando=1500, userZoomed=false
IndicatorManager.js:523 [BTCUSDT] [RENDER] renderOverlays: 3 total, 3 con renderOverlay, 3 enabled. Swing=NOT FOUND
IndicatorManager.js:523 [BTCUSDT] [RENDER] renderOverlays: 3 total, 3 con renderOverlay, 3 enabled. Swing=NOT FOUND
IndicatorManager.js:523 [BTCUSDT] [RENDER] renderOverlays: 3 total, 3 con renderOverlay, 3 enabled. Swing=NOT FOUND
IndicatorManager.js:523 [BTCUSDT] [RENDER] renderOverlays: 3 total, 3 con renderOverlay, 3 enabled. Swing=NOT FOUND
IndicatorManager.js:523 [BTCUSDT] [RENDER] renderOverlays: 3 total, 3 con renderOverlay, 3 enabled. Swing=NOT FOUND
IndicatorManager.js:523 [BTCUSDT] [RENDER] renderOverlays: 3 total, 3 con renderOverlay, 3 enabled. Swing=NOT FOUND
IndicatorManager.js:523 [BTCUSDT] [RENDER] renderOverlays: 3 total, 3 con renderOverlay, 3 enabled. Swing=NOT FOUND
IndicatorManager.js:523 [BTCUSDT] [RENDER] renderOverlays: 3 total, 3 con renderOverlay, 3 enabled. Swing=NOT FOUND
IndicatorManager.js:523 [BTCUSDT] [RENDER] renderOverlays: 3 total, 3 con renderOverlay, 3 enabled. Swing=NOT FOUND
IndicatorManager.js:523 [BTCUSDT] [RENDER] renderOverlays: 3 total, 3 con renderOverlay, 3 enabled. Swing=NOT FOUND
IndicatorManager.js:523 [BTCUSDT] [RENDER] renderOverlays: 3 total, 3 con renderOverlay, 3 enabled. Swing=NOT FOUND
CandleCache.js:164 [CandleCache] ✅ BTCUSDT@1 - guardado (129601 velas, memoria: 1/4)
IndicatorManager.js:523 [BTCUSDT] [RENDER] renderOverlays: 3 total, 3 con renderOverlay, 3 enabled. Swing=NOT FOUND
IndicatorManager.js:523 [BTCUSDT] [RENDER] renderOverlays: 3 total, 3 con renderOverlay, 3 enabled. Swing=NOT FOUND
MiniChart.jsx:765 [BTCUSDT] drawChart: 129602 velas disponibles, zoom=0.100, chartWidth=1196, mostrando=1500, userZoomed=false
IndicatorManager.js:523 [BTCUSDT] [RENDER] renderOverlays: 3 total, 3 con renderOverlay, 3 enabled. Swing=NOT FOUND
IndicatorManager.js:523 [BTCUSDT] [RENDER] renderOverlays: 3 total, 3 con renderOverlay, 3 enabled. Swing=NOT FOUND
IndicatorManager.js:523 [BTCUSDT] [RENDER] renderOverlays: 3 total, 3 con renderOverlay, 3 enabled. Swing=NOT FOUND
IndicatorManager.js:523 [BTCUSDT] [RENDER] renderOverlays: 3 total, 3 con renderOverlay, 3 enabled. Swing=NOT FOUND
IndicatorManager.js:523 [BTCUSDT] [RENDER] renderOverlays: 3 total, 3 con renderOverlay, 3 enabled. Swing=NOT FOUND
IndicatorManager.js:523 [BTCUSDT] [RENDER] renderOverlays: 3 total, 3 con renderOverlay, 3 enabled. Swing=NOT FOUND
IndicatorManager.js:523 [BTCUSDT] [RENDER] renderOverlays: 3 total, 3 con renderOverlay, 3 enabled. Swing=NOT FOUND
IndicatorManager.js:523 [BTCUSDT] [RENDER] renderOverlays: 3 total, 3 con renderOverlay, 3 enabled. Swing=NOT FOUND
IndicatorManager.js:523 [BTCUSDT] [RENDER] renderOverlays: 3 total, 3 con renderOverlay, 3 enabled. Swing=NOT FOUND
IndicatorManager.js:523 [BTCUSDT] [RENDER] renderOverlays: 3 total, 3 con renderOverlay, 3 enabled. Swing=NOT FOUND
IndicatorManager.js:523 [BTCUSDT] [RENDER] renderOverlays: 3 total, 3 con renderOverlay, 3 enabled. Swing=NOT FOUND
IndicatorManager.js:523 [BTCUSDT] [RENDER] renderOverlays: 3 total, 3 con renderOverlay, 3 enabled. Swing=NOT FOUND
MiniChart.jsx:765 [BTCUSDT] drawChart: 129602 velas disponibles, zoom=0.100, chartWidth=1196, mostrando=1500, userZoomed=false
IndicatorManager.js:523 [BTCUSDT] [RENDER] renderOverlays: 3 total, 3 con renderOverlay, 3 enabled. Swing=NOT FOUND
IndicatorManager.js:523 [BTCUSDT] [RENDER] renderOverlays: 3 total, 3 con renderOverlay, 3 enabled. Swing=NOT FOUND
IndicatorManager.js:523 [BTCUSDT] [RENDER] renderOverlays: 3 total, 3 con renderOverlay, 3 enabled. Swing=NOT FOUND
IndicatorManager.js:523 [BTCUSDT] [RENDER] renderOverlays: 3 total, 3 con renderOverlay, 3 enabled. Swing=NOT FOUND
IndicatorManager.js:523 [BTCUSDT] [RENDER] renderOverlays: 3 total, 3 con renderOverlay, 3 enabled. Swing=NOT FOUND
IndicatorManager.js:523 [BTCUSDT] [RENDER] renderOverlays: 3 total, 3 con renderOverlay, 3 enabled. Swing=NOT FOUND
IndicatorManager.js:523 [BTCUSDT] [RENDER] renderOverlays: 3 total, 3 con renderOverlay, 3 enabled. Swing=NOT FOUND
IndicatorManager.js:523 [BTCUSDT] [RENDER] renderOverlays: 3 total, 3 con renderOverlay, 3 enabled. Swing=NOT FOUND
IndicatorManager.js:523 [BTCUSDT] [RENDER] renderOverlays: 3 total, 3 con renderOverlay, 3 enabled. Swing=NOT FOUND
IndicatorManager.js:523 [BTCUSDT] [RENDER] renderOverlays: 3 total, 3 con renderOverlay, 3 enabled. Swing=NOT FOUND
CandleCache.js:164 [CandleCache] ✅ BTCUSDT@1 - guardado (129601 velas, memoria: 1/4)
IndicatorManager.js:523 [BTCUSDT] [RENDER] renderOverlays: 3 total, 3 con renderOverlay, 3 enabled. Swing=NOT FOUND
IndicatorManager.js:523 [BTCUSDT] [RENDER] renderOverlays: 3 total, 3 con renderOverlay, 3 enabled. Swing=NOT FOUND
MiniChart.jsx:765 [BTCUSDT] drawChart: 129602 velas disponibles, zoom=0.100, chartWidth=1196, mostrando=1500, userZoomed=false
IndicatorManager.js:523 [BTCUSDT] [RENDER] renderOverlays: 3 total, 3 con renderOverlay, 3 enabled. Swing=NOT FOUND
IndicatorManager.js:523 [BTCUSDT] [RENDER] renderOverlays: 3 total, 3 con renderOverlay, 3 enabled. Swing=NOT FOUND
IndicatorManager.js:523 [BTCUSDT] [RENDER] renderOverlays: 3 total, 3 con renderOverlay, 3 enabled. Swing=NOT FOUND
IndicatorManager.js:523 [BTCUSDT] [RENDER] renderOverlays: 3 total, 3 con renderOverlay, 3 enabled. Swing=NOT FOUND
IndicatorManager.js:523 [BTCUSDT] [RENDER] renderOverlays: 3 total, 3 con renderOverlay, 3 enabled. Swing=NOT FOUND
IndicatorManager.js:523 [BTCUSDT] [RENDER] renderOverlays: 3 total, 3 con renderOverlay, 3 enabled. Swing=NOT FOUND
IndicatorManager.js:523 [BTCUSDT] [RENDER] renderOverlays: 3 total, 3 con renderOverlay, 3 enabled. Swing=NOT FOUND
IndicatorManager.js:523 [BTCUSDT] [RENDER] renderOverlays: 3 total, 3 con renderOverlay, 3 enabled. Swing=NOT FOUND
IndicatorManager.js:523 [BTCUSDT] [RENDER] renderOverlays: 3 total, 3 con renderOverlay, 3 enabled. Swing=NOT FOUND
IndicatorManager.js:523 [BTCUSDT] [RENDER] renderOverlays: 3 total, 3 con renderOverlay, 3 enabled. Swing=NOT FOUND
IndicatorManager.js:523 [BTCUSDT] [RENDER] renderOverlays: 3 total, 3 con renderOverlay, 3 enabled. Swing=NOT FOUND
IndicatorManager.js:523 [BTCUSDT] [RENDER] renderOverlays: 3 total, 3 con renderOverlay, 3 enabled. Swing=NOT FOUND
MiniChart.jsx:765 [BTCUSDT] drawChart: 129602 velas disponibles, zoom=0.100, chartWidth=1196, mostrando=1500, userZoomed=false
IndicatorManager.js:523 [BTCUSDT] [RENDER] renderOverlays: 3 total, 3 con renderOverlay, 3 enabled. Swing=NOT FOUND
IndicatorManager.js:523 [BTCUSDT] [RENDER] renderOverlays: 3 total, 3 con renderOverlay, 3 enabled. Swing=NOT FOUND
IndicatorManager.js:523 [BTCUSDT] [RENDER] renderOverlays: 3 total, 3 con renderOverlay, 3 enabled. Swing=NOT FOUND
IndicatorManager.js:523 [BTCUSDT] [RENDER] renderOverlays: 3 total, 3 con renderOverlay, 3 enabled. Swing=NOT FOUND
IndicatorManager.js:523 [BTCUSDT] [RENDER] renderOverlays: 3 total, 3 con renderOverlay, 3 enabled. Swing=NOT FOUND
IndicatorManager.js:523 [BTCUSDT] [RENDER] renderOverlays: 3 total, 3 con renderOverlay, 3 enabled. Swing=NOT FOUND
IndicatorManager.js:523 [BTCUSDT] [RENDER] renderOverlays: 3 total, 3 con renderOverlay, 3 enabled. Swing=NOT FOUND
IndicatorManager.js:523 [BTCUSDT] [RENDER] renderOverlays: 3 total, 3 con renderOverlay, 3 enabled. Swing=NOT FOUND
IndicatorManager.js:523 [BTCUSDT] [RENDER] renderOverlays: 3 total, 3 con renderOverlay, 3 enabled. Swing=NOT FOUND
CandleCache.js:164 [CandleCache] ✅ BTCUSDT@1 - guardado (129601 velas, memoria: 1/4)
IndicatorManager.js:523 [BTCUSDT] [RENDER] renderOverlays: 3 total, 3 con renderOverlay, 3 enabled. Swing=NOT FOUND
IndicatorManager.js:523 [BTCUSDT] [RENDER] renderOverlays: 3 total, 3 con renderOverlay, 3 enabled. Swing=NOT FOUND
IndicatorManager.js:523 [BTCUSDT] [RENDER] renderOverlays: 3 total, 3 con renderOverlay, 3 enabled. Swing=NOT FOUND
MiniChart.jsx:765 [BTCUSDT] drawChart: 129602 velas disponibles, zoom=0.100, chartWidth=1196, mostrando=1500, userZoomed=false
IndicatorManager.js:523 [BTCUSDT] [RENDER] renderOverlays: 3 total, 3 con renderOverlay, 3 enabled. Swing=NOT FOUND
IndicatorManager.js:523 [BTCUSDT] [RENDER] renderOverlays: 3 total, 3 con renderOverlay, 3 enabled. Swing=NOT FOUND
IndicatorManager.js:523 [BTCUSDT] [RENDER] renderOverlays: 3 total, 3 con renderOverlay, 3 enabled. Swing=NOT FOUND
IndicatorManager.js:523 [BTCUSDT] [RENDER] renderOverlays: 3 total, 3 con renderOverlay, 3 enabled. Swing=NOT FOUND
IndicatorManager.js:523 [BTCUSDT] [RENDER] renderOverlays: 3 total, 3 con renderOverlay, 3 enabled. Swing=NOT FOUND
IndicatorManager.js:523 [BTCUSDT] [RENDER] renderOverlays: 3 total, 3 con renderOverlay, 3 enabled. Swing=NOT FOUND
IndicatorManager.js:523 [BTCUSDT] [RENDER] renderOverlays: 3 total, 3 con renderOverlay, 3 enabled. Swing=NOT FOUND
IndicatorManager.js:523 [BTCUSDT] [RENDER] renderOverlays: 3 total, 3 con renderOverlay, 3 enabled. Swing=NOT FOUND
IndicatorManager.js:523 [BTCUSDT] [RENDER] renderOverlays: 3 total, 3 con renderOverlay, 3 enabled. Swing=NOT FOUND
IndicatorManager.js:523 [BTCUSDT] [RENDER] renderOverlays: 3 total, 3 con renderOverlay, 3 enabled. Swing=NOT FOUND
IndicatorManager.js:523 [BTCUSDT] [RENDER] renderOverlays: 3 total, 3 con renderOverlay, 3 enabled. Swing=NOT FOUND
MiniChart.jsx:765 [BTCUSDT] drawChart: 129602 velas disponibles, zoom=0.100, chartWidth=1196, mostrando=1500, userZoomed=false
IndicatorManager.js:523 [BTCUSDT] [RENDER] renderOverlays: 3 total, 3 con renderOverlay, 3 enabled. Swing=NOT FOUND
IndicatorManager.js:523 [BTCUSDT] [RENDER] renderOverlays: 3 total, 3 con renderOverlay, 3 enabled. Swing=NOT FOUND
IndicatorManager.js:523 [BTCUSDT] [RENDER] renderOverlays: 3 total, 3 con renderOverlay, 3 enabled. Swing=NOT FOUND
IndicatorManager.js:523 [BTCUSDT] [RENDER] renderOverlays: 3 total, 3 con renderOverlay, 3 enabled. Swing=NOT FOUND
IndicatorManager.js:523 [BTCUSDT] [RENDER] renderOverlays: 3 total, 3 con renderOverlay, 3 enabled. Swing=NOT FOUND
IndicatorManager.js:523 [BTCUSDT] [RENDER] renderOverlays: 3 total, 3 con renderOverlay, 3 enabled. Swing=NOT FOUND
IndicatorManager.js:523 [BTCUSDT] [RENDER] renderOverlays: 3 total, 3 con renderOverlay, 3 enabled. Swing=NOT FOUND
IndicatorManager.js:523 [BTCUSDT] [RENDER] renderOverlays: 3 total, 3 con renderOverlay, 3 enabled. Swing=NOT FOUND
CandleCache.js:164 [CandleCache] ✅ BTCUSDT@1 - guardado (129601 velas, memoria: 1/4)
IndicatorManager.js:523 [BTCUSDT] [RENDER] renderOverlays: 3 total, 3 con renderOverlay, 3 enabled. Swing=NOT FOUND
IndicatorManager.js:523 [BTCUSDT] [RENDER] renderOverlays: 3 total, 3 con renderOverlay, 3 enabled. Swing=NOT FOUND
CandleCache.js:68 [CandleCache] 💾 BTCUSDT@1 - desde memoria (129601 velas)
CandleCache.js:257 [CandleCache] Limpiando cache con gaps para forzar recarga completa...
CandleCache.js:290 [CandleCache] 🗑️ BTCUSDT@1 - cache limpiado
MiniChart.jsx:1328 [BTCUSDT] Carga COMPLETA: 90 dias @ 1
MiniChart.jsx:1336 [BTCUSDT] 📊 Usando carga con streaming (129700 velas estimadas)
MiniChart.jsx:1245 [BTCUSDT] 📊 Iniciando carga STREAM: 90 dias @ 1
IndicatorManager.js:523 [BTCUSDT] [RENDER] renderOverlays: 3 total, 3 con renderOverlay, 3 enabled. Swing=NOT FOUND
MiniChart.jsx:765 [BTCUSDT] drawChart: 129602 velas disponibles, zoom=0.100, chartWidth=1196, mostrando=1500, userZoomed=false
IndicatorManager.js:523 [BTCUSDT] [RENDER] renderOverlays: 3 total, 3 con renderOverlay, 3 enabled. Swing=NOT FOUND
IndicatorManager.js:523 [BTCUSDT] [RENDER] renderOverlays: 3 total, 3 con renderOverlay, 3 enabled. Swing=NOT FOUND
IndicatorManager.js:523 [BTCUSDT] [RENDER] renderOverlays: 3 total, 3 con renderOverlay, 3 enabled. Swing=NOT FOUND
IndicatorManager.js:523 [BTCUSDT] [RENDER] renderOverlays: 3 total, 3 con renderOverlay, 3 enabled. Swing=NOT FOUND
IndicatorManager.js:523 [BTCUSDT] [RENDER] renderOverlays: 3 total, 3 con renderOverlay, 3 enabled. Swing=NOT FOUND
IndicatorManager.js:523 [BTCUSDT] [RENDER] renderOverlays: 3 total, 3 con renderOverlay, 3 enabled. Swing=NOT FOUND
IndicatorManager.js:523 [BTCUSDT] [RENDER] renderOverlays: 3 total, 3 con renderOverlay, 3 enabled. Swing=NOT FOUND
IndicatorManager.js:523 [BTCUSDT] [RENDER] renderOverlays: 3 total, 3 con renderOverlay, 3 enabled. Swing=NOT FOUND
IndicatorManager.js:523 [BTCUSDT] [RENDER] renderOverlays: 3 total, 3 con renderOverlay, 3 enabled. Swing=NOT FOUND
IndicatorManager.js:523 [BTCUSDT] [RENDER] renderOverlays: 3 total, 3 con renderOverlay, 3 enabled. Swing=NOT FOUND
IndicatorManager.js:523 [BTCUSDT] [RENDER] renderOverlays: 3 total, 3 con renderOverlay, 3 enabled. Swing=NOT FOUND
IndicatorManager.js:523 [BTCUSDT] [RENDER] renderOverlays: 3 total, 3 con renderOverlay, 3 enabled. Swing=NOT FOUND
MiniChart.jsx:765 [BTCUSDT] drawChart: 129602 velas disponibles, zoom=0.100, chartWidth=1196, mostrando=1500, userZoomed=false
IndicatorManager.js:523 [BTCUSDT] [RENDER] renderOverlays: 3 total, 3 con renderOverlay, 3 enabled. Swing=NOT FOUND
IndicatorManager.js:523 [BTCUSDT] [RENDER] renderOverlays: 3 total, 3 con renderOverlay, 3 enabled. Swing=NOT FOUND
IndicatorManager.js:523 [BTCUSDT] [RENDER] renderOverlays: 3 total, 3 con renderOverlay, 3 enabled. Swing=NOT FOUND
IndicatorManager.js:523 [BTCUSDT] [RENDER] renderOverlays: 3 total, 3 con renderOverlay, 3 enabled. Swing=NOT FOUND
IndicatorManager.js:523 [BTCUSDT] [RENDER] renderOverlays: 3 total, 3 con renderOverlay, 3 enabled. Swing=NOT FOUND
IndicatorManager.js:523 [BTCUSDT] [RENDER] renderOverlays: 3 total, 3 con renderOverlay, 3 enabled. Swing=NOT FOUND
IndicatorManager.js:523 [BTCUSDT] [RENDER] renderOverlays: 3 total, 3 con renderOverlay, 3 enabled. Swing=NOT FOUND
IndicatorManager.js:523 [BTCUSDT] [RENDER] renderOverlays: 3 total, 3 con renderOverlay, 3 enabled. Swing=NOT FOUND
CandleCache.js:164 [CandleCache] ✅ BTCUSDT@1 - guardado (129601 velas, memoria: 1/4)
IndicatorManager.js:523 [BTCUSDT] [RENDER] renderOverlays: 3 total, 3 con renderOverlay, 3 enabled. Swing=NOT FOUND
IndicatorManager.js:523 [BTCUSDT] [RENDER] renderOverlays: 3 total, 3 con renderOverlay, 3 enabled. Swing=NOT FOUND
IndicatorManager.js:523 [BTCUSDT] [RENDER] renderOverlays: 3 total, 3 con renderOverlay, 3 enabled. Swing=NOT FOUND
MiniChart.jsx:765 [BTCUSDT] drawChart: 129602 velas disponibles, zoom=0.100, chartWidth=1196, mostrando=1500, userZoomed=false
IndicatorManager.js:523 [BTCUSDT] [RENDER] renderOverlays: 3 total, 3 con renderOverlay, 3 enabled. Swing=NOT FOUND
IndicatorManager.js:523 [BTCUSDT] [RENDER] renderOverlays: 3 total, 3 con renderOverlay, 3 enabled. Swing=NOT FOUND
IndicatorManager.js:523 [BTCUSDT] [RENDER] renderOverlays: 3 total, 3 con renderOverlay, 3 enabled. Swing=NOT FOUND
IndicatorManager.js:523 [BTCUSDT] [RENDER] renderOverlays: 3 total, 3 con renderOverlay, 3 enabled. Swing=NOT FOUND
IndicatorManager.js:523 [BTCUSDT] [RENDER] renderOverlays: 3 total, 3 con renderOverlay, 3 enabled. Swing=NOT FOUND
IndicatorManager.js:523 [BTCUSDT] [RENDER] renderOverlays: 3 total, 3 con renderOverlay, 3 enabled. Swing=NOT FOUND
IndicatorManager.js:523 [BTCUSDT] [RENDER] renderOverlays: 3 total, 3 con renderOverlay, 3 enabled. Swing=NOT FOUND
IndicatorManager.js:523 [BTCUSDT] [RENDER] renderOverlays: 3 total, 3 con renderOverlay, 3 enabled. Swing=NOT FOUND
IndicatorManager.js:523 [BTCUSDT] [RENDER] renderOverlays: 3 total, 3 con renderOverlay, 3 enabled. Swing=NOT FOUND
IndicatorManager.js:523 [BTCUSDT] [RENDER] renderOverlays: 3 total, 3 con renderOverlay, 3 enabled. Swing=NOT FOUND
IndicatorManager.js:523 [BTCUSDT] [RENDER] renderOverlays: 3 total, 3 con renderOverlay, 3 enabled. Swing=NOT FOUND
IndicatorManager.js:523 [BTCUSDT] [RENDER] renderOverlays: 3 total, 3 con renderOverlay, 3 enabled. Swing=NOT FOUND
MiniChart.jsx:765 [BTCUSDT] drawChart: 129602 velas disponibles, zoom=0.100, chartWidth=1229, mostrando=1541, userZoomed=false
IndicatorManager.js:523 [BTCUSDT] [RENDER] renderOverlays: 3 total, 3 con renderOverlay, 3 enabled. Swing=NOT FOUND
IndicatorManager.js:523 [BTCUSDT] [RENDER] renderOverlays: 3 total, 3 con renderOverlay, 3 enabled. Swing=NOT FOUND
IndicatorManager.js:523 [BTCUSDT] [RENDER] renderOverlays: 3 total, 3 con renderOverlay, 3 enabled. Swing=NOT FOUND
IndicatorManager.js:523 [BTCUSDT] [RENDER] renderOverlays: 3 total, 3 con renderOverlay, 3 enabled. Swing=NOT FOUND
IndicatorManager.js:523 [BTCUSDT] [RENDER] renderOverlays: 3 total, 3 con renderOverlay, 3 enabled. Swing=NOT FOUND
IndicatorManager.js:523 [BTCUSDT] [RENDER] renderOverlays: 3 total, 3 con renderOverlay, 3 enabled. Swing=NOT FOUND
IndicatorManager.js:523 [BTCUSDT] [RENDER] renderOverlays: 3 total, 3 con renderOverlay, 3 enabled. Swing=NOT FOUND
IndicatorManager.js:523 [BTCUSDT] [RENDER] renderOverlays: 3 total, 3 con renderOverlay, 3 enabled. Swing=NOT FOUND
CandleCache.js:164 [CandleCache] ✅ BTCUSDT@1 - guardado (129601 velas, memoria: 1/4)
IndicatorManager.js:523 [BTCUSDT] [RENDER] renderOverlays: 3 total, 3 con renderOverlay, 3 enabled. Swing=NOT FOUND
IndicatorManager.js:523 [BTCUSDT] [RENDER] renderOverlays: 3 total, 3 con renderOverlay, 3 enabled. Swing=NOT FOUND
 [BTCUSDT] [RENDER] renderOverlays: 3 total, 3 con renderOverlay, 3 enabled. Swing=NOT FOUND
 [BTCUSDT] [RENDER] renderOverlays: 3 total, 3 con renderOverlay, 3 enabled. Swing=NOT FOUND
 [BTCUSDT] drawChart: 129602 velas disponibles, zoom=0.020, chartWidth=697, mostrando=1394, userZoomed=true
 [BTCUSDT] [RENDER] renderOverlays: 3 total, 3 con renderOverlay, 3 enabled. Swing=NOT FOUND
 [BTCUSDT] [RENDER] renderOverlays: 3 total, 3 con renderOverlay, 3 enabled. Swing=NOT FOUND
 [BTCUSDT] [RENDER] renderOverlays: 3 total, 3 con renderOverlay, 3 enabled. Swing=NOT FOUND
 [BTCUSDT] [RENDER] renderOverlays: 3 total, 3 con renderOverlay, 3 enabled. Swing=NOT FOUND
 [BTCUSDT] [RENDER] renderOverlays: 3 total, 3 con renderOverlay, 3 enabled. Swing=NOT FOUND
 [BTCUSDT] [RENDER] renderOverlays: 3 total, 3 con renderOverlay, 3 enabled. Swing=NOT FOUND
 [BTCUSDT] [RENDER] renderOverlays: 3 total, 3 con renderOverlay, 3 enabled. Swing=NOT FOUND
 [BTCUSDT] [RENDER] renderOverlays: 3 total, 3 con renderOverlay, 3 enabled. Swing=NOT FOUND
 [BTCUSDT] [RENDER] renderOverlays: 3 total, 3 con renderOverlay, 3 enabled. Swing=NOT FOUND
 [BTCUSDT] [RENDER] renderOverlays: 3 total, 3 con renderOverlay, 3 enabled. Swing=NOT FOUND
 [BTCUSDT] [RENDER] renderOverlays: 3 total, 3 con renderOverlay, 3 enabled. Swing=NOT FOUND
 [BTCUSDT] drawChart: 129602 velas disponibles, zoom=0.020, chartWidth=697, mostrando=1394, userZoomed=true
 [BTCUSDT] [RENDER] renderOverlays: 3 total, 3 con renderOverlay, 3 enabled. Swing=NOT FOUND
 [BTCUSDT] [RENDER] renderOverlays: 3 total, 3 con renderOverlay, 3 enabled. Swing=NOT FOUND
 [BTCUSDT] [RENDER] renderOverlays: 3 total, 3 con renderOverlay, 3 enabled. Swing=NOT FOUND
 [BTCUSDT] [RENDER] renderOverlays: 3 total, 3 con renderOverlay, 3 enabled. Swing=NOT FOUND
 [BTCUSDT] [RENDER] renderOverlays: 3 total, 3 con renderOverlay, 3 enabled. Swing=NOT FOUND
 [BTCUSDT] [RENDER] renderOverlays: 3 total, 3 con renderOverlay, 3 enabled. Swing=NOT FOUND
 [BTCUSDT] [RENDER] renderOverlays: 3 total, 3 con renderOverlay, 3 enabled. Swing=NOT FOUND
 [CandleCache] ✅ BTCUSDT@1 - guardado (129601 velas, memoria: 1/4)
 [BTCUSDT] [RENDER] renderOverlays: 3 total, 3 con renderOverlay, 3 enabled. Swing=NOT FOUND
 [BTCUSDT] [RENDER] renderOverlays: 3 total, 3 con renderOverlay, 3 enabled. Swing=NOT FOUND
 [BTCUSDT] [RENDER] renderOverlays: 3 total, 3 con renderOverlay, 3 enabled. Swing=NOT FOUND
 [BTCUSDT] drawChart: 129602 velas disponibles, zoom=0.020, chartWidth=697, mostrando=1394, userZoomed=true
 [BTCUSDT] [RENDER] renderOverlays: 3 total, 3 con renderOverlay, 3 enabled. Swing=NOT FOUND
 [BTCUSDT] [RENDER] renderOverlays: 3 total, 3 con renderOverlay, 3 enabled. Swing=NOT FOUND
 [BTCUSDT] [RENDER] renderOverlays: 3 total, 3 con renderOverlay, 3 enabled. Swing=NOT FOUND
 [BTCUSDT] [RENDER] renderOverlays: 3 total, 3 con renderOverlay, 3 enabled. Swing=NOT FOUND
 [BTCUSDT] [RENDER] renderOverlays: 3 total, 3 con renderOverlay, 3 enabled. Swing=NOT FOUND
 [BTCUSDT] [RENDER] renderOverlays: 3 total, 3 con renderOverlay, 3 enabled. Swing=NOT FOUND
 [BTCUSDT] [RENDER] renderOverlays: 3 total, 3 con renderOverlay, 3 enabled. Swing=NOT FOUND
 [BTCUSDT] [RENDER] renderOverlays: 3 total, 3 con renderOverlay, 3 enabled. Swing=NOT FOUND
 [BTCUSDT] [RENDER] renderOverlays: 3 total, 3 con renderOverlay, 3 enabled. Swing=NOT FOUND
 [BTCUSDT] [RENDER] renderOverlays: 3 total, 3 con renderOverlay, 3 enabled. Swing=NOT FOUND
 [BTCUSDT] [RENDER] renderOverlays: 3 total, 3 con renderOverlay, 3 enabled. Swing=NOT FOUND
 [BTCUSDT] drawChart: 129602 velas disponibles, zoom=0.020, chartWidth=697, mostrando=1394, userZoomed=true
 [BTCUSDT] [RENDER] renderOverlays: 3 total, 3 con renderOverlay, 3 enabled. Swing=NOT FOUND
 [BTCUSDT] [RENDER] renderOverlays: 3 total, 3 con renderOverlay, 3 enabled. Swing=NOT FOUND
 [BTCUSDT] [RENDER] renderOverlays: 3 total, 3 con renderOverlay, 3 enabled. Swing=NOT FOUND
 [BTCUSDT] [RENDER] renderOverlays: 3 total, 3 con renderOverlay, 3 enabled. Swing=NOT FOUND
 [BTCUSDT] [RENDER] renderOverlays: 3 total, 3 con renderOverlay, 3 enabled. Swing=NOT FOUND
 [BTCUSDT] [RENDER] renderOverlays: 3 total, 3 con renderOverlay, 3 enabled. Swing=NOT FOUND
 [BTCUSDT] [RENDER] renderOverlays: 3 total, 3 con renderOverlay, 3 enabled. Swing=NOT FOUND
 [BTCUSDT] [RENDER] renderOverlays: 3 total, 3 con renderOverlay, 3 enabled. Swing=NOT FOUND
 [CandleCache] ✅ BTCUSDT@1 - guardado (129601 velas, memoria: 1/4)
 [BTCUSDT] [RENDER] renderOverlays: 3 total, 3 con renderOverlay, 3 enabled. Swing=NOT FOUND
 [BTCUSDT] [RENDER] renderOverlays: 3 total, 3 con renderOverlay, 3 enabled. Swing=NOT FOUND
 [BTCUSDT] [RENDER] renderOverlays: 3 total, 3 con renderOverlay, 3 enabled. Swing=NOT FOUND
 [BTCUSDT] [RENDER] renderOverlays: 3 total, 3 con renderOverlay, 3 enabled. Swing=NOT FOUND
 [BTCUSDT] drawChart: 129602 velas disponibles, zoom=0.020, chartWidth=697, mostrando=1394, userZoomed=true
 [BTCUSDT] [RENDER] renderOverlays: 3 total, 3 con renderOverlay, 3 enabled. Swing=NOT FOUND
 [BTCUSDT] [RENDER] renderOverlays: 3 total, 3 con renderOverlay, 3 enabled. Swing=NOT FOUND
 [BTCUSDT] [RENDER] renderOverlays: 3 total, 3 con renderOverlay, 3 enabled. Swing=NOT FOUND
 [BTCUSDT] [RENDER] renderOverlays: 3 total, 3 con renderOverlay, 3 enabled. Swing=NOT FOUND
 [BTCUSDT] [RENDER] renderOverlays: 3 total, 3 con renderOverlay, 3 enabled. Swing=NOT FOUND
 [BTCUSDT] [RENDER] renderOverlays: 3 total, 3 con renderOverlay, 3 enabled. Swing=NOT FOUND
 [BTCUSDT] [RENDER] renderOverlays: 3 total, 3 con renderOverlay, 3 enabled. Swing=NOT FOUND
 [BTCUSDT] [RENDER] renderOverlays: 3 total, 3 con renderOverlay, 3 enabled. Swing=NOT FOUND
 [BTCUSDT] [RENDER] renderOverlays: 3 total, 3 con renderOverlay, 3 enabled. Swing=NOT FOUND
 [BTCUSDT] [RENDER] renderOverlays: 3 total, 3 con renderOverlay, 3 enabled. Swing=NOT FOUND
 [BTCUSDT] [RENDER] renderOverlays: 3 total, 3 con renderOverlay, 3 enabled. Swing=NOT FOUND
 [BTCUSDT] [RENDER] renderOverlays: 3 total, 3 con renderOverlay, 3 enabled. Swing=NOT FOUND
MiniChart.jsx:765 [BTCUSDT] drawChart: 129602 velas disponibles, zoom=0.020, chartWidth=697, mostrando=1394, userZoomed=true
IndicatorManager.js:523 [BTCUSDT] [RENDER] renderOverlays: 3 total, 3 con renderOverlay, 3 enabled. Swing=NOT FOUND
IndicatorManager.js:523 [BTCUSDT] [RENDER] renderOverlays: 3 total, 3 con renderOverlay, 3 enabled. Swing=NOT FOUND
IndicatorManager.js:523 [BTCUSDT] [RENDER] renderOverlays: 3 total, 3 con renderOverlay, 3 enabled. Swing=NOT FOUND
IndicatorManager.js:523 [BTCUSDT] [RENDER] renderOverlays: 3 total, 3 con renderOverlay, 3 enabled. Swing=NOT FOUND
IndicatorManager.js:523 [BTCUSDT] [RENDER] renderOverlays: 3 total, 3 con renderOverlay, 3 enabled. Swing=NOT FOUND
IndicatorManager.js:523 [BTCUSDT] [RENDER] renderOverlays: 3 total, 3 con renderOverlay, 3 enabled. Swing=NOT FOUND
IndicatorManager.js:523 [BTCUSDT] [RENDER] renderOverlays: 3 total, 3 con renderOverlay, 3 enabled. Swing=NOT FOUND
CandleCache.js:164 [CandleCache] ✅ BTCUSDT@1 - guardado (129601 velas, memoria: 1/4)
IndicatorManager.js:523 [BTCUSDT] [RENDER] renderOverlays: 3 total, 3 con renderOverlay, 3 enabled. Swing=NOT FOUND
IndicatorManager.js:523 [BTCUSDT] [RENDER] renderOverlays: 3 total, 3 con renderOverlay, 3 enabled. Swing=NOT FOUND
CandleCache.js:68 [CandleCache] 💾 BTCUSDT@1 - desde memoria (129601 velas)
CandleCache.js:257 [CandleCache] Limpiando cache con gaps para forzar recarga completa...
IndicatorManager.js:523 [BTCUSDT] [RENDER] renderOverlays: 3 total, 3 con renderOverlay, 3 enabled. Swing=NOT FOUND
CandleCache.js:290 [CandleCache] 🗑️ BTCUSDT@1 - cache limpiado
MiniChart.jsx:1328 [BTCUSDT] Carga COMPLETA: 90 dias @ 1
MiniChart.jsx:1336 [BTCUSDT] 📊 Usando carga con streaming (129700 velas estimadas)
MiniChart.jsx:1245 [BTCUSDT] 📊 Iniciando carga STREAM: 90 dias @ 1
IndicatorManager.js:523 [BTCUSDT] [RENDER] renderOverlays: 3 total, 3 con renderOverlay, 3 enabled. Swing=NOT FOUND
IndicatorManager.js:523 [BTCUSDT] [RENDER] renderOverlays: 3 total, 3 con renderOverlay, 3 enabled. Swing=NOT FOUND
MiniChart.jsx:765 [BTCUSDT] drawChart: 129602 velas disponibles, zoom=0.020, chartWidth=697, mostrando=1394, userZoomed=true
IndicatorManager.js:523 [BTCUSDT] [RENDER] renderOverlays: 3 total, 3 con renderOverlay, 3 enabled. Swing=NOT FOUND
IndicatorManager.js:523 [BTCUSDT] [RENDER] renderOverlays: 3 total, 3 con renderOverlay, 3 enabled. Swing=NOT FOUND
IndicatorManager.js:523 [BTCUSDT] [RENDER] renderOverlays: 3 total, 3 con renderOverlay, 3 enabled. Swing=NOT FOUND
IndicatorManager.js:523 [BTCUSDT] [RENDER] renderOverlays: 3 total, 3 con renderOverlay, 3 enabled. Swing=NOT FOUND
IndicatorManager.js:523 [BTCUSDT] [RENDER] renderOverlays: 3 total, 3 con renderOverlay, 3 enabled. Swing=NOT FOUND
IndicatorManager.js:523 [BTCUSDT] [RENDER] renderOverlays: 3 total, 3 con renderOverlay, 3 enabled. Swing=NOT FOUND
IndicatorManager.js:523 [BTCUSDT] [RENDER] renderOverlays: 3 total, 3 con renderOverlay, 3 enabled. Swing=NOT FOUND
IndicatorManager.js:523 [BTCUSDT] [RENDER] renderOverlays: 3 total, 3 con renderOverlay, 3 enabled. Swing=NOT FOUND
IndicatorManager.js:523 [BTCUSDT] [RENDER] renderOverlays: 3 total, 3 con renderOverlay, 3 enabled. Swing=NOT FOUND
IndicatorManager.js:523 [BTCUSDT] [RENDER] renderOverlays: 3 total, 3 con renderOverlay, 3 enabled. Swing=NOT FOUND
IndicatorManager.js:523 [BTCUSDT] [RENDER] renderOverlays: 3 total, 3 con renderOverlay, 3 enabled. Swing=NOT FOUND
MiniChart.jsx:765 [BTCUSDT] drawChart: 129602 velas disponibles, zoom=0.020, chartWidth=697, mostrando=1394, userZoomed=true
IndicatorManager.js:523 [BTCUSDT] [RENDER] renderOverlays: 3 total, 3 con renderOverlay, 3 enabled. Swing=NOT FOUND
IndicatorManager.js:523 [BTCUSDT] [RENDER] renderOverlays: 3 total, 3 con renderOverlay, 3 enabled. Swing=NOT FOUND
IndicatorManager.js:523 [BTCUSDT] [RENDER] renderOverlays: 3 total, 3 con renderOverlay, 3 enabled. Swing=NOT FOUND
IndicatorManager.js:523 [BTCUSDT] [RENDER] renderOverlays: 3 total, 3 con renderOverlay, 3 enabled. Swing=NOT FOUND
IndicatorManager.js:523 [BTCUSDT] [RENDER] renderOverlays: 3 total, 3 con renderOverlay, 3 enabled. Swing=NOT FOUND
IndicatorManager.js:523 [BTCUSDT] [RENDER] renderOverlays: 3 total, 3 con renderOverlay, 3 enabled. Swing=NOT FOUND
IndicatorManager.js:523 [BTCUSDT] [RENDER] renderOverlays: 3 total, 3 con renderOverlay, 3 enabled. Swing=NOT FOUND
CandleCache.js:164 [CandleCache] ✅ BTCUSDT@1 - guardado (129601 velas, memoria: 1/4)
IndicatorManager.js:523 [BTCUSDT] [RENDER] renderOverlays: 3 total, 3 con renderOverlay, 3 enabled. Swing=NOT FOUND
IndicatorManager.js:523 [BTCUSDT] [RENDER] renderOverlays: 3 total, 3 con renderOverlay, 3 enabled. Swing=NOT FOUND
IndicatorManager.js:523 [BTCUSDT] [RENDER] renderOverlays: 3 total, 3 con renderOverlay, 3 enabled. Swing=NOT FOUND
IndicatorManager.js:523 [BTCUSDT] [RENDER] renderOverlays: 3 total, 3 con renderOverlay, 3 enabled. Swing=NOT FOUND
MiniChart.jsx:765 [BTCUSDT] drawChart: 129602 velas disponibles, zoom=0.020, chartWidth=697, mostrando=1394, userZoomed=true
IndicatorManager.js:523 [BTCUSDT] [RENDER] renderOverlays: 3 total, 3 con renderOverlay, 3 enabled. Swing=NOT FOUND
IndicatorManager.js:523 [BTCUSDT] [RENDER] renderOverlays: 3 total, 3 con renderOverlay, 3 enabled. Swing=NOT FOUND
IndicatorManager.js:523 [BTCUSDT] [RENDER] renderOverlays: 3 total, 3 con renderOverlay, 3 enabled. Swing=NOT FOUND
IndicatorManager.js:523 [BTCUSDT] [RENDER] renderOverlays: 3 total, 3 con renderOverlay, 3 enabled. Swing=NOT FOUND
IndicatorManager.js:523 [BTCUSDT] [RENDER] renderOverlays: 3 total, 3 con renderOverlay, 3 enabled. Swing=NOT FOUND
IndicatorManager.js:523 [BTCUSDT] [RENDER] renderOverlays: 3 total, 3 con renderOverlay, 3 enabled. Swing=NOT FOUND
IndicatorManager.js:523 [BTCUSDT] [RENDER] renderOverlays: 3 total, 3 con renderOverlay, 3 enabled. Swing=NOT FOUND
IndicatorManager.js:523 [BTCUSDT] [RENDER] renderOverlays: 3 total, 3 con renderOverlay, 3 enabled. Swing=NOT FOUND
IndicatorManager.js:523 [BTCUSDT] [RENDER] renderOverlays: 3 total, 3 con renderOverlay, 3 enabled. Swing=NOT FOUND
IndicatorManager.js:523 [BTCUSDT] [RENDER] renderOverlays: 3 total, 3 con renderOverlay, 3 enabled. Swing=NOT FOUND
MiniChart.jsx:765 [BTCUSDT] drawChart: 129602 velas disponibles, zoom=0.020, chartWidth=697, mostrando=1394, userZoomed=true
IndicatorManager.js:523 [BTCUSDT] [RENDER] renderOverlays: 3 total, 3 con renderOverlay, 3 enabled. Swing=NOT FOUND
IndicatorManager.js:523 [BTCUSDT] [RENDER] renderOverlays: 3 total, 3 con renderOverlay, 3 enabled. Swing=NOT FOUND
IndicatorManager.js:523 [BTCUSDT] [RENDER] renderOverlays: 3 total, 3 con renderOverlay, 3 enabled. Swing=NOT FOUND
IndicatorManager.js:523 [BTCUSDT] [RENDER] renderOverlays: 3 total, 3 con renderOverlay, 3 enabled. Swing=NOT FOUND
IndicatorManager.js:523 [BTCUSDT] [RENDER] renderOverlays: 3 total, 3 con renderOverlay, 3 enabled. Swing=NOT FOUND
 [BTCUSDT] [RENDER] renderOverlays: 3 total, 3 con renderOverlay, 3 enabled. Swing=NOT FOUND
 [BTCUSDT] [RENDER] renderOverlays: 3 total, 3 con renderOverlay, 3 enabled. Swing=NOT FOUND
 [CandleCache] ✅ BTCUSDT@1 - guardado (129601 velas, memoria: 1/4)
 [BTCUSDT] [RENDER] renderOverlays: 3 total, 3 con renderOverlay, 3 enabled. Swing=NOT FOUND
 [BTCUSDT] [RENDER] renderOverlays: 3 total, 3 con renderOverlay, 3 enabled. Swing=NOT FOUND
 [BTCUSDT] [RENDER] renderOverlays: 3 total, 3 con renderOverlay, 3 enabled. Swing=NOT FOUND
 [BTCUSDT] [RENDER] renderOverlays: 3 total, 3 con renderOverlay, 3 enabled. Swing=NOT FOUND
