




======================================

INFO:     127.0.0.1:54822 - "GET /api/position-history/BTCUSDT?limit=1 HTTP/1.1" 200 OK
[INFO] [2026-02-09 06:31:01] WATCHLIST alert: BTCUSDT Buy @ 0 | ZONE_BREAKOUT_VA_BREAKOUT (ABRIR LONG) | Conf: 67.51284974910673%
[ALLOWED] Alert ALLOWED: BTCUSDT accepts Buy (direction=BOTH)
[INFO] Acquired lock for BTCUSDT, processing WATCHLIST alert...
[OK] GET /v5/position/list -> 0 (347ms)
[ERROR] Risk calculation error: [<class 'decimal.DivisionByZero'>]
INFO:     127.0.0.1:54824 - "POST /api/watchlist-alert HTTP/1.1" 400 Bad Request


=============================
[INFO] [2026-02-09 07:12:01] ZONE_DETECTOR alert: BTCUSDT Buy @ 69035.8 | ZONE_BREAKOUT_VA_BREAKOUT (LONG) | Conf: 62.13762127799245%
[ALLOWED] Alert ALLOWED: BTCUSDT accepts Buy (direction=BOTH)
[INFO] Acquired lock for BTCUSDT, processing ZONE_DETECTOR alert...
[OK] GET /v5/position/list -> 0 (904ms)
[OK] GET /v5/position/list -> 0 (1050ms)
[RISK] Risk Calculation:
   Risk Amount: $3.0
   Stop Loss %: 2.20%
   Investment: $136.36
   Price: $69035.8
   Base Qty: 0.00197526
   Adjusted Qty: 0.001
   Total Value: $69.04
[INFO] [CUSTOM SL] Using custom stop loss: $68672.0
[INFO] [CUSTOM TP] Using custom take profit: $69763.40000000001
[INFO] [TRADE] Executing trade (integrated): Buy BTCUSDT qty=0.001 @ 69035.8

============================================================
[EXECUTE-INTEGRATED] MARKET + TP/SL: Buy BTCUSDT
============================================================
[QTY] Quantity: 0.001 -> 0.001 -> '0.001' (step=0.001)
[OK] GET /v5/position/list -> 0 (347ms)
[OK] GET /v5/market/tickers -> 0 (849ms)
[MARKET] Using real market price for TP/SL calc: $69158.30
[SL] Stop Loss: $68672.0 (custom)
[TP] Take Profit: $69763.4 (custom)
[ORDER+TPSL] Placing MARKET Order with TP/SL: Buy BTCUSDT qty=0.001
   Take Profit: 69763.4
   Stop Loss: 68672.0
[DEBUG] MARKET+TPSL attempt 1/1 with positionIdx=0 (mode=one_way)
[OK] GET /v5/position/list -> 0 (937ms)
INFO:     127.0.0.1:51794 - "GET /api/positions HTTP/1.1" 200 OK
[OK] POST /v5/order/create -> 0 (886ms)
[DEBUG] MARKET+TPSL response: retCode=0, retMsg=OK
[OK] MARKET Order with TP/SL placed: e60b168b-2214-4c9d-a1fe-44fbf5fd4902 (positionIdx: 0)

============================================================
[SUCCESS] Integrated order completed in 1737ms
   Single API call: 887ms
============================================================

[OK] [SUCCESS] BTCUSDT: Trade completed successfully! Pattern: ZONE_BREAKOUT_VA_BREAKOUT (LONG)
[INFO] [LOCK] Released lock for BTCUSDT