VM115 C:\Users\inven\OneDrive\Documentos\GitHub\watchlist\8.AnalizadorDesktop\electron\preload.js:56 [Preload] Script cargado correctamente
VM115 C:\Users\inven\OneDrive\Documentos\GitHub\watchlist\8.AnalizadorDesktop\electron\preload.js:57 [Preload] Plataforma: win32
VM115 C:\Users\inven\OneDrive\Documentos\GitHub\watchlist\8.AnalizadorDesktop\electron\preload.js:58 [Preload] Electron: 33.4.11
chunk-ZFBEYDM4.js?v=0d753ea7:21551 Download the React DevTools for a better development experience: https://reactjs.org/link/react-devtools
config.js:19 [Config] API_BASE_URL: http://localhost:10000
config.js:20 [Config] Electron: Si
Logger.js:266 💡 Debug utilities available:
Logger.js:267    window.toggleDebugMode() - Toggle all logs
Logger.js:268    window.disableHeavyLogs() - Disable performance-heavy logs
ConfigSynchronizer.js:21 [ConfigSynchronizer] Initialized
main.jsx:15 ====================================
main.jsx:16 Analizador Desktop - Frontend
main.jsx:17 ====================================
main.jsx:21 [Electron] Ejecutando en Electron
main.jsx:22 [Electron] Versiones: Object
main.jsx:23 [Electron] Plataforma: win32
main.jsx:28 [App] Backend esperado en: http://localhost:10000
MiniChart.jsx:271 [MiniChart BTCUSDT] 🖥️ Fullscreen effect: isFullscreen=false, hasCallback=true
MiniChart.jsx:2077 [BTCUSDT] 🚀 Componente montado, iniciando...
ZoneVisualizerIndicator.js:40 [BTCUSDT] ZoneVisualizerIndicator: Inicializado
robustness.js:230 [HealthCheck] Started (interval: 30000ms)
robustness.js:496 [Robustness] Initialized
PollingCoordinator.js:49 [PollingCoordinator] Started
Logger.js:100 ✅ [8:48:54 p. m.] [SingleSymbolAnalyzer] [PollingCoordinator] Started
IndicatorManagerRegistry.js:7 [Registry] ✅ Registrado manager para BTCUSDT (total: 1)
CandleCache.js:79 [CandleCache] 💾 BTCUSDT@5 - desde IndexedDB (1450 velas)
CandleCache.js:241 [CandleCache] BTCUSDT@5 - Cache incompleto: 1450 velas (esperadas: ~34560, ratio: 4.2%)
CandleCache.js:242 [CandleCache] Se usara carga incremental para complementar el cache
CandleCache.js:264 [CandleCache] OK VALIDATION BTCUSDT@5: 1450 velas sin gaps
MiniChart.jsx:1158 [BTCUSDT] Carga INCREMENTAL: desde 4/2/2026, 8:40:00 p.m. (1450 velas en cache)
robustness.js:415 [CacheCleanup] Complete: 0/3 candles, 0/2 indicators removed
WebSocketManager.js:61 WebSocket Manager conectado [5]
WebSocketManager.js:79 ✓ Suscrito: 
CandleCache.js:192 [CandleCache] 🔄 Merge: 1450 cached + 1 new = 1450 total
MiniChart.jsx:1214 [BTCUSDT] ✅ Incremental: +1 velas nuevas = 1450 total
MiniChart.jsx:1238 [BTCUSDT] ✅ Histórico final: 1450 velas
MiniChart.jsx:680 [BTCUSDT] drawChart: 1451 velas disponibles, zoom=0.149, chartWidth=956, mostrando=800, userZoomed=false
ZoneVisualizerIndicator.js:104 [BTCUSDT] ZoneVisualizer.renderOverlay SKIP: enabled=true, showZones=true, zones=0
Logger.js:100 ✅ [8:48:56 p. m.] [Manager] [BTCUSDT] 🚀 startAllPolling() llamado - 1 indicadores
Logger.js:100 ✅ [8:48:56 p. m.] [Manager] [BTCUSDT] 🚀 Polling iniciado para todos los indicadores
CandleCache.js:164 [CandleCache] ✅ BTCUSDT@5 - guardado (1450 velas, memoria: 1/4)
Logger.js:100 ✅ [8:49:01 p. m.] [SingleSymbolAnalyzer] Backend monitoring interval: 5
SymbolList.jsx:75 [Prefetch] Activado (10s despues de carga)
MiniChart.jsx:680 [BTCUSDT] drawChart: 1451 velas disponibles, zoom=0.149, chartWidth=956, mostrando=800, userZoomed=false
MiniChart.jsx:680 [BTCUSDT] drawChart: 1451 velas disponibles, zoom=0.149, chartWidth=956, mostrando=800, userZoomed=false
CandleCache.js:164 [CandleCache] ✅ BTCUSDT@5 - guardado (1451 velas, memoria: 1/4)
MiniChart.jsx:680 [BTCUSDT] drawChart: 1452 velas disponibles, zoom=0.149, chartWidth=956, mostrando=800, userZoomed=false
MiniChart.jsx:680 [BTCUSDT] drawChart: 1452 velas disponibles, zoom=0.149, chartWidth=956, mostrando=800, userZoomed=false
MiniChart.jsx:680 [BTCUSDT] drawChart: 1452 velas disponibles, zoom=0.149, chartWidth=956, mostrando=800, userZoomed=false
MiniChart.jsx:680 [BTCUSDT] drawChart: 1452 velas disponibles, zoom=0.149, chartWidth=956, mostrando=800, userZoomed=false
MiniChart.jsx:680 [BTCUSDT] drawChart: 1452 velas disponibles, zoom=0.149, chartWidth=956, mostrando=800, userZoomed=false
MiniChart.jsx:680 [BTCUSDT] drawChart: 1452 velas disponibles, zoom=0.149, chartWidth=956, mostrando=800, userZoomed=false
MiniChart.jsx:680 [BTCUSDT] drawChart: 1452 velas disponibles, zoom=0.149, chartWidth=956, mostrando=800, userZoomed=false
CandleCache.js:68 [CandleCache] 💾 BTCUSDT@5 - desde memoria (1451 velas)
CandleCache.js:241 [CandleCache] BTCUSDT@5 - Cache incompleto: 1451 velas (esperadas: ~34560, ratio: 4.2%)
CandleCache.js:242 [CandleCache] Se usara carga incremental para complementar el cache
CandleCache.js:264 [CandleCache] OK VALIDATION BTCUSDT@5: 1451 velas sin gaps
MiniChart.jsx:1158 [BTCUSDT] Carga INCREMENTAL: desde 4/2/2026, 8:45:00 p.m. (1451 velas en cache)
CandleCache.js:192 [CandleCache] 🔄 Merge: 1451 cached + 1 new = 1451 total
MiniChart.jsx:1214 [BTCUSDT] ✅ Incremental: +1 velas nuevas = 1451 total
MiniChart.jsx:1238 [BTCUSDT] ✅ Histórico final: 1451 velas
Logger.js:100 ✅ [8:53:55 p. m.] [Manager] [BTCUSDT] 🚀 startAllPolling() llamado - 1 indicadores
Logger.js:100 ✅ [8:53:55 p. m.] [Manager] [BTCUSDT] 🚀 Polling iniciado para todos los indicadores
CandleCache.js:164 [CandleCache] ✅ BTCUSDT@5 - guardado (1451 velas, memoria: 1/4)
MiniChart.jsx:680 [BTCUSDT] drawChart: 1452 velas disponibles, zoom=0.149, chartWidth=956, mostrando=800, userZoomed=false
MiniChart.jsx:680 [BTCUSDT] drawChart: 1452 velas disponibles, zoom=0.149, chartWidth=956, mostrando=800, userZoomed=false
MiniChart.jsx:680 [BTCUSDT] drawChart: 1453 velas disponibles, zoom=0.100, chartWidth=956, mostrando=956, userZoomed=true
CandleCache.js:164 [CandleCache] ✅ BTCUSDT@5 - guardado (1452 velas, memoria: 1/4)
 [BTCUSDT] drawChart: 1453 velas disponibles, zoom=0.100, chartWidth=697, mostrando=697, userZoomed=true
