 ✅ [8:01:46 p. m.] [Manager] [BTCUSDT] Realtime zone polling iniciado (cada 15s)
 [BTCUSDT] [RENDER] renderOverlays: 2 total, 2 con renderOverlay, 2 enabled. Swing=NOT FOUND
 [BTCUSDT] [RENDER] renderOverlays: 2 total, 2 con renderOverlay, 2 enabled. Swing=NOT FOUND
 [BTCUSDT] [RENDER] renderOverlays: 2 total, 2 con renderOverlay, 2 enabled. Swing=NOT FOUND
 [BTCUSDT] drawChart: 1493 velas disponibles, zoom=0.100, chartWidth=697, mostrando=697, userZoomed=true
 [BTCUSDT] [RENDER] renderOverlays: 2 total, 2 con renderOverlay, 2 enabled. Swing=NOT FOUND
 [BTCUSDT] [RENDER] renderOverlays: 2 total, 2 con renderOverlay, 2 enabled. Swing=NOT FOUND
 [CandleCache] ✅ BTCUSDT@1 - guardado (1493 velas, memoria: 1/4)
 [BTCUSDT] [RENDER] renderOverlays: 2 total, 2 con renderOverlay, 2 enabled. Swing=NOT FOUND
 [BTCUSDT] [RENDER] renderOverlays: 2 total, 2 con renderOverlay, 2 enabled. Swing=NOT FOUND
 [BTCUSDT] [RENDER] renderOverlays: 2 total, 2 con renderOverlay, 2 enabled. Swing=NOT FOUND
 [BTCUSDT] [RENDER] renderOverlays: 2 total, 2 con renderOverlay, 2 enabled. Swing=NOT FOUND
 [BTCUSDT] [RENDER] renderOverlays: 2 total, 2 con renderOverlay, 2 enabled. Swing=NOT FOUND
 [BTCUSDT] [RENDER] renderOverlays: 2 total, 2 con renderOverlay, 2 enabled. Swing=NOT FOUND
 [BTCUSDT] [RENDER] renderOverlays: 2 total, 2 con renderOverlay, 2 enabled. Swing=NOT FOUND
 [BTCUSDT] [RENDER] renderOverlays: 2 total, 2 con renderOverlay, 2 enabled. Swing=NOT FOUND
 [BTCUSDT] [RENDER] renderOverlays: 2 total, 2 con renderOverlay, 2 enabled. Swing=NOT FOUND
 [BTCUSDT] drawChart: 1494 velas disponibles, zoom=0.100, chartWidth=697, mostrando=697, userZoomed=true
 [BTCUSDT] [RENDER] renderOverlays: 2 total, 2 con renderOverlay, 2 enabled. Swing=NOT FOUND
 [BTCUSDT] [RENDER] renderOverlays: 2 total, 2 con renderOverlay, 2 enabled. Swing=NOT FOUND
 [BTCUSDT] [RENDER] renderOverlays: 2 total, 2 con renderOverlay, 2 enabled. Swing=NOT FOUND
 [BTCUSDT] [RENDER] renderOverlays: 2 total, 2 con renderOverlay, 2 enabled. Swing=NOT FOUND
 [BTCUSDT] [RENDER] renderOverlays: 2 total, 2 con renderOverlay, 2 enabled. Swing=NOT FOUND
 [BTCUSDT] [RENDER] renderOverlays: 2 total, 2 con renderOverlay, 2 enabled. Swing=NOT FOUND
 [BTCUSDT] [RENDER] renderOverlays: 2 total, 2 con renderOverlay, 2 enabled. Swing=NOT FOUND
 [BTCUSDT] [RENDER] renderOverlays: 2 total, 2 con renderOverlay, 2 enabled. Swing=NOT FOUND
 [BTCUSDT] [RENDER] renderOverlays: 2 total, 2 con renderOverlay, 2 enabled. Swing=NOT FOUND
 [BTCUSDT] [RENDER] renderOverlays: 2 total, 2 con renderOverlay, 2 enabled. Swing=NOT FOUND
 [BTCUSDT] [RENDER] renderOverlays: 2 total, 2 con renderOverlay, 2 enabled. Swing=NOT FOUND
 [BTCUSDT] drawChart: 1494 velas disponibles, zoom=0.100, chartWidth=697, mostrando=697, userZoomed=true
 [BTCUSDT] [RENDER] renderOverlays: 2 total, 2 con renderOverlay, 2 enabled. Swing=NOT FOUND
 [BTCUSDT] [RENDER] renderOverlays: 2 total, 2 con renderOverlay, 2 enabled. Swing=NOT FOUND
 [CandleCache] ✅ BTCUSDT@1 - guardado (1494 velas, memoria: 1/4)
 [BTCUSDT] [RENDER] renderOverlays: 2 total, 2 con renderOverlay, 2 enabled. Swing=NOT FOUND
 [BTCUSDT] [RENDER] renderOverlays: 2 total, 2 con renderOverlay, 2 enabled. Swing=NOT FOUND
 [BTCUSDT] [RENDER] renderOverlays: 2 total, 2 con renderOverlay, 2 enabled. Swing=NOT FOUND
 [BTCUSDT] [RENDER] renderOverlays: 2 total, 2 con renderOverlay, 2 enabled. Swing=NOT FOUND
 [BTCUSDT] [RENDER] renderOverlays: 2 total, 2 con renderOverlay, 2 enabled. Swing=NOT FOUND
 [BTCUSDT] [RENDER] renderOverlays: 2 total, 2 con renderOverlay, 2 enabled. Swing=NOT FOUND
 [BTCUSDT] [RENDER] renderOverlays: 2 total, 2 con renderOverlay, 2 enabled. Swing=NOT FOUND
 [BTCUSDT] [RENDER] renderOverlays: 2 total, 2 con renderOverlay, 2 enabled. Swing=NOT FOUND
 [BTCUSDT] [RENDER] renderOverlays: 2 total, 2 con renderOverlay, 2 enabled. Swing=NOT FOUND
 [BTCUSDT] [RENDER] renderOverlays: 2 total, 2 con renderOverlay, 2 enabled. Swing=NOT FOUND
 [BTCUSDT] drawChart: 1495 velas disponibles, zoom=0.100, chartWidth=697, mostrando=697, userZoomed=true
 [BTCUSDT] [RENDER] renderOverlays: 2 total, 2 con renderOverlay, 2 enabled. Swing=NOT FOUND
 [BTCUSDT] [RENDER] renderOverlays: 2 total, 2 con renderOverlay, 2 enabled. Swing=NOT FOUND
 [BTCUSDT] [RENDER] renderOverlays: 2 total, 2 con renderOverlay, 2 enabled. Swing=NOT FOUND
 [BTCUSDT] [RENDER] renderOverlays: 2 total, 2 con renderOverlay, 2 enabled. Swing=NOT FOUND
 [BTCUSDT] [RENDER] renderOverlays: 2 total, 2 con renderOverlay, 2 enabled. Swing=NOT FOUND
 [BTCUSDT] [RENDER] renderOverlays: 2 total, 2 con renderOverlay, 2 enabled. Swing=NOT FOUND
 [BTCUSDT] [RENDER] renderOverlays: 2 total, 2 con renderOverlay, 2 enabled. Swing=NOT FOUND
 [BTCUSDT] [RENDER] renderOverlays: 2 total, 2 con renderOverlay, 2 enabled. Swing=NOT FOUND
 [BTCUSDT] [RENDER] renderOverlays: 2 total, 2 con renderOverlay, 2 enabled. Swing=NOT FOUND
 [BTCUSDT] [RENDER] renderOverlays: 2 total, 2 con renderOverlay, 2 enabled. Swing=NOT FOUND
 [CandleCache] ✅ BTCUSDT@1 - guardado (1495 velas, memoria: 1/4)
 [BTCUSDT] drawChart: 1496 velas disponibles, zoom=0.100, chartWidth=697, mostrando=697, userZoomed=true
 [BTCUSDT] [RENDER] renderOverlays: 2 total, 2 con renderOverlay, 2 enabled. Swing=NOT FOUND
 [BTCUSDT] [RENDER] renderOverlays: 2 total, 2 con renderOverlay, 2 enabled. Swing=NOT FOUND
 [BTCUSDT] [RENDER] renderOverlays: 2 total, 2 con renderOverlay, 2 enabled. Swing=NOT FOUND
 [BTCUSDT] [RENDER] renderOverlays: 2 total, 2 con renderOverlay, 2 enabled. Swing=NOT FOUND
 [BTCUSDT] [RENDER] renderOverlays: 2 total, 2 con renderOverlay, 2 enabled. Swing=NOT FOUND
 [BTCUSDT] [RENDER] renderOverlays: 2 total, 2 con renderOverlay, 2 enabled. Swing=NOT FOUND
 [BTCUSDT] [RENDER] renderOverlays: 2 total, 2 con renderOverlay, 2 enabled. Swing=NOT FOUND
 [BTCUSDT] [RENDER] renderOverlays: 2 total, 2 con renderOverlay, 2 enabled. Swing=NOT FOUND
 [BTCUSDT] [RENDER] renderOverlays: 2 total, 2 con renderOverlay, 2 enabled. Swing=NOT FOUND
 [BTCUSDT] [RENDER] renderOverlays: 2 total, 2 con renderOverlay, 2 enabled. Swing=NOT FOUND
 [BTCUSDT] [RENDER] renderOverlays: 2 total, 2 con renderOverlay, 2 enabled. Swing=NOT FOUND
 [BTCUSDT] drawChart: 1496 velas disponibles, zoom=0.100, chartWidth=697, mostrando=697, userZoomed=true
 [BTCUSDT] [RENDER] renderOverlays: 2 total, 2 con renderOverlay, 2 enabled. Swing=NOT FOUND
 [BTCUSDT] [RENDER] renderOverlays: 2 total, 2 con renderOverlay, 2 enabled. Swing=NOT FOUND
 [BTCUSDT] [RENDER] renderOverlays: 2 total, 2 con renderOverlay, 2 enabled. Swing=NOT FOUND
 [BTCUSDT] [RENDER] renderOverlays: 2 total, 2 con renderOverlay, 2 enabled. Swing=NOT FOUND
 [BTCUSDT] [RENDER] renderOverlays: 2 total, 2 con renderOverlay, 2 enabled. Swing=NOT FOUND
 [BTCUSDT] [RENDER] renderOverlays: 2 total, 2 con renderOverlay, 2 enabled. Swing=NOT FOUND
 [BTCUSDT] [RENDER] renderOverlays: 2 total, 2 con renderOverlay, 2 enabled. Swing=NOT FOUND
 [BTCUSDT] [RENDER] renderOverlays: 2 total, 2 con renderOverlay, 2 enabled. Swing=NOT FOUND
 [BTCUSDT] [RENDER] renderOverlays: 2 total, 2 con renderOverlay, 2 enabled. Swing=NOT FOUND
 [BTCUSDT] [RENDER] renderOverlays: 2 total, 2 con renderOverlay, 2 enabled. Swing=NOT FOUND
 [CandleCache] ✅ BTCUSDT@1 - guardado (1496 velas, memoria: 1/4)
 [BTCUSDT] drawChart: 1497 velas disponibles, zoom=0.100, chartWidth=697, mostrando=697, userZoomed=true
 [BTCUSDT] [RENDER] renderOverlays: 2 total, 2 con renderOverlay, 2 enabled. Swing=NOT FOUND
 [BTCUSDT] [RENDER] renderOverlays: 2 total, 2 con renderOverlay, 2 enabled. Swing=NOT FOUND
 [BTCUSDT] [RENDER] renderOverlays: 2 total, 2 con renderOverlay, 2 enabled. Swing=NOT FOUND
 [BTCUSDT] [RENDER] renderOverlays: 2 total, 2 con renderOverlay, 2 enabled. Swing=NOT FOUND
 [BTCUSDT] [RENDER] renderOverlays: 2 total, 2 con renderOverlay, 2 enabled. Swing=NOT FOUND
 [BTCUSDT] [RENDER] renderOverlays: 2 total, 2 con renderOverlay, 2 enabled. Swing=NOT FOUND
 [BTCUSDT] [RENDER] renderOverlays: 2 total, 2 con renderOverlay, 2 enabled. Swing=NOT FOUND
 [BTCUSDT] [RENDER] renderOverlays: 2 total, 2 con renderOverlay, 2 enabled. Swing=NOT FOUND
 [BTCUSDT] [RENDER] renderOverlays: 2 total, 2 con renderOverlay, 2 enabled. Swing=NOT FOUND
 [BTCUSDT] [RENDER] renderOverlays: 2 total, 2 con renderOverlay, 2 enabled. Swing=NOT FOUND
 [BTCUSDT] [RENDER] renderOverlays: 2 total, 2 con renderOverlay, 2 enabled. Swing=NOT FOUND
 [BTCUSDT] drawChart: 1497 velas disponibles, zoom=0.100, chartWidth=697, mostrando=697, userZoomed=true
 [BTCUSDT] [RENDER] renderOverlays: 2 total, 2 con renderOverlay, 2 enabled. Swing=NOT FOUND
 [BTCUSDT] [RENDER] renderOverlays: 2 total, 2 con renderOverlay, 2 enabled. Swing=NOT FOUND
 [BTCUSDT] [RENDER] renderOverlays: 2 total, 2 con renderOverlay, 2 enabled. Swing=NOT FOUND
 [BTCUSDT] [RENDER] renderOverlays: 2 total, 2 con renderOverlay, 2 enabled. Swing=NOT FOUND
 [BTCUSDT] [RENDER] renderOverlays: 2 total, 2 con renderOverlay, 2 enabled. Swing=NOT FOUND
 [BTCUSDT] [RENDER] renderOverlays: 2 total, 2 con renderOverlay, 2 enabled. Swing=NOT FOUND
 [BTCUSDT] [RENDER] renderOverlays: 2 total, 2 con renderOverlay, 2 enabled. Swing=NOT FOUND
 [BTCUSDT] [RENDER] renderOverlays: 2 total, 2 con renderOverlay, 2 enabled. Swing=NOT FOUND
 [BTCUSDT] [RENDER] renderOverlays: 2 total, 2 con renderOverlay, 2 enabled. Swing=NOT FOUND
 [BTCUSDT] [RENDER] renderOverlays: 2 total, 2 con renderOverlay, 2 enabled. Swing=NOT FOUND
 [BTCUSDT] [RENDER] renderOverlays: 2 total, 2 con renderOverlay, 2 enabled. Swing=NOT FOUND
 [CandleCache] ✅ BTCUSDT@1 - guardado (1497 velas, memoria: 1/4)
 [BTCUSDT] [RENDER] renderOverlays: 2 total, 2 con renderOverlay, 2 enabled. Swing=NOT FOUND
 [BTCUSDT] drawChart: 1498 velas disponibles, zoom=0.100, chartWidth=697, mostrando=697, userZoomed=true
 [BTCUSDT] [RENDER] renderOverlays: 2 total, 2 con renderOverlay, 2 enabled. Swing=NOT FOUND
 [BTCUSDT] [RENDER] renderOverlays: 2 total, 2 con renderOverlay, 2 enabled. Swing=NOT FOUND
 [BTCUSDT] [RENDER] renderOverlays: 2 total, 2 con renderOverlay, 2 enabled. Swing=NOT FOUND
 [BTCUSDT] [RENDER] renderOverlays: 2 total, 2 con renderOverlay, 2 enabled. Swing=NOT FOUND
 [BTCUSDT] [RENDER] renderOverlays: 2 total, 2 con renderOverlay, 2 enabled. Swing=NOT FOUND
 [BTCUSDT] [RENDER] renderOverlays: 2 total, 2 con renderOverlay, 2 enabled. Swing=NOT FOUND
 [BTCUSDT] [RENDER] renderOverlays: 2 total, 2 con renderOverlay, 2 enabled. Swing=NOT FOUND
 [BTCUSDT] [RENDER] renderOverlays: 2 total, 2 con renderOverlay, 2 enabled. Swing=NOT FOUND
 [BTCUSDT] [RENDER] renderOverlays: 2 total, 2 con renderOverlay, 2 enabled. Swing=NOT FOUND
 [BTCUSDT] [RENDER] renderOverlays: 2 total, 2 con renderOverlay, 2 enabled. Swing=NOT FOUND
 [BTCUSDT] drawChart: 1498 velas disponibles, zoom=0.100, chartWidth=697, mostrando=697, userZoomed=true
 [BTCUSDT] [RENDER] renderOverlays: 2 total, 2 con renderOverlay, 2 enabled. Swing=NOT FOUND
 [BTCUSDT] [RENDER] renderOverlays: 2 total, 2 con renderOverlay, 2 enabled. Swing=NOT FOUND
 [BTCUSDT] [RENDER] renderOverlays: 2 total, 2 con renderOverlay, 2 enabled. Swing=NOT FOUND
 [BTCUSDT] [RENDER] renderOverlays: 2 total, 2 con renderOverlay, 2 enabled. Swing=NOT FOUND
 [CandleCache] 💾 BTCUSDT@1 - desde memoria (1497 velas)
 [CandleCache] OK VALIDATION BTCUSDT@1: 1497 velas sin gaps
 [BTCUSDT] Carga INCREMENTAL: desde 10/2/2026, 8:05:00 p.m. (1497 velas en cache, 97%)
 [BTCUSDT] [RENDER] renderOverlays: 2 total, 2 con renderOverlay, 2 enabled. Swing=NOT FOUND
 [CandleCache] 🔄 Merge: 1497 cached + 1 new = 1497 total
 [BTCUSDT] ✅ Incremental: +1 velas nuevas = 1497 total
 [BTCUSDT] ✅ Histórico final: 1497 velas
 ✅ [8:06:46 p. m.] [Manager] [BTCUSDT] startAllPolling() llamado - 2 indicadores
 [BTCUSDT] [SWING] startAllPolling(): Swing Detector NOT FOUND
 ✅ [8:06:46 p. m.] [Manager] [BTCUSDT] -> Llamando startPollingIfReady() para VWAP
 ✅ [8:06:46 p. m.] [Manager] [BTCUSDT] 🚀 Polling iniciado para todos los indicadores
 [CandleCache] ✅ BTCUSDT@1 - guardado (1497 velas, memoria: 1/4)
 ✅ [8:06:46 p. m.] [Manager] [BTCUSDT] Servicio Zone Detector v2 activo - iniciando polling
 ✅ [8:06:46 p. m.] [Manager] [BTCUSDT] Realtime zone polling iniciado (cada 15s)
 [BTCUSDT] [RENDER] renderOverlays: 2 total, 2 con renderOverlay, 2 enabled. Swing=NOT FOUND
 [BTCUSDT] [RENDER] renderOverlays: 2 total, 2 con renderOverlay, 2 enabled. Swing=NOT FOUND
 [BTCUSDT] [RENDER] renderOverlays: 2 total, 2 con renderOverlay, 2 enabled. Swing=NOT FOUND
 [BTCUSDT] [RENDER] renderOverlays: 2 total, 2 con renderOverlay, 2 enabled. Swing=NOT FOUND
 [BTCUSDT] [RENDER] renderOverlays: 2 total, 2 con renderOverlay, 2 enabled. Swing=NOT FOUND
 [BTCUSDT] [RENDER] renderOverlays: 2 total, 2 con renderOverlay, 2 enabled. Swing=NOT FOUND
 [CandleCache] ✅ BTCUSDT@1 - guardado (1498 velas, memoria: 1/4)
 [BTCUSDT] drawChart: 1499 velas disponibles, zoom=0.100, chartWidth=697, mostrando=697, userZoomed=true
 [BTCUSDT] [RENDER] renderOverlays: 2 total, 2 con renderOverlay, 2 enabled. Swing=NOT FOUND
 [BTCUSDT] [RENDER] renderOverlays: 2 total, 2 con renderOverlay, 2 enabled. Swing=NOT FOUND
 [BTCUSDT] [RENDER] renderOverlays: 2 total, 2 con renderOverlay, 2 enabled. Swing=NOT FOUND
 [BTCUSDT] [RENDER] renderOverlays: 2 total, 2 con renderOverlay, 2 enabled. Swing=NOT FOUND
 [BTCUSDT] [RENDER] renderOverlays: 2 total, 2 con renderOverlay, 2 enabled. Swing=NOT FOUND
 [BTCUSDT] [RENDER] renderOverlays: 2 total, 2 con renderOverlay, 2 enabled. Swing=NOT FOUND
 [BTCUSDT] [RENDER] renderOverlays: 2 total, 2 con renderOverlay, 2 enabled. Swing=NOT FOUND
 [BTCUSDT] [RENDER] renderOverlays: 2 total, 2 con renderOverlay, 2 enabled. Swing=NOT FOUND
 [BTCUSDT] [RENDER] renderOverlays: 2 total, 2 con renderOverlay, 2 enabled. Swing=NOT FOUND
 [BTCUSDT] drawChart: 1499 velas disponibles, zoom=0.100, chartWidth=697, mostrando=697, userZoomed=true
 [BTCUSDT] [RENDER] renderOverlays: 2 total, 2 con renderOverlay, 2 enabled. Swing=NOT FOUND
 [BTCUSDT] [RENDER] renderOverlays: 2 total, 2 con renderOverlay, 2 enabled. Swing=NOT FOUND
 [BTCUSDT] [RENDER] renderOverlays: 2 total, 2 con renderOverlay, 2 enabled. Swing=NOT FOUND
 [BTCUSDT] [RENDER] renderOverlays: 2 total, 2 con renderOverlay, 2 enabled. Swing=NOT FOUND
 [BTCUSDT] [RENDER] renderOverlays: 2 total, 2 con renderOverlay, 2 enabled. Swing=NOT FOUND
 [BTCUSDT] [RENDER] renderOverlays: 2 total, 2 con renderOverlay, 2 enabled. Swing=NOT FOUND
 [BTCUSDT] [RENDER] renderOverlays: 2 total, 2 con renderOverlay, 2 enabled. Swing=NOT FOUND
 [BTCUSDT] [RENDER] renderOverlays: 2 total, 2 con renderOverlay, 2 enabled. Swing=NOT FOUND
 [BTCUSDT] [RENDER] renderOverlays: 2 total, 2 con renderOverlay, 2 enabled. Swing=NOT FOUND
 [CandleCache] ✅ BTCUSDT@1 - guardado (1499 velas, memoria: 1/4)
 [BTCUSDT] [RENDER] renderOverlays: 2 total, 2 con renderOverlay, 2 enabled. Swing=NOT FOUND
 [BTCUSDT] drawChart: 1500 velas disponibles, zoom=0.100, chartWidth=697, mostrando=697, userZoomed=true
 [BTCUSDT] [RENDER] renderOverlays: 2 total, 2 con renderOverlay, 2 enabled. Swing=NOT FOUND
 [BTCUSDT] [RENDER] renderOverlays: 2 total, 2 con renderOverlay, 2 enabled. Swing=NOT FOUND
 [BTCUSDT] [RENDER] renderOverlays: 2 total, 2 con renderOverlay, 2 enabled. Swing=NOT FOUND
 [BTCUSDT] [RENDER] renderOverlays: 2 total, 2 con renderOverlay, 2 enabled. Swing=NOT FOUND
 [BTCUSDT] [RENDER] renderOverlays: 2 total, 2 con renderOverlay, 2 enabled. Swing=NOT FOUND
 [BTCUSDT] [RENDER] renderOverlays: 2 total, 2 con renderOverlay, 2 enabled. Swing=NOT FOUND
 [BTCUSDT] [RENDER] renderOverlays: 2 total, 2 con renderOverlay, 2 enabled. Swing=NOT FOUND
 [BTCUSDT] [RENDER] renderOverlays: 2 total, 2 con renderOverlay, 2 enabled. Swing=NOT FOUND
 [BTCUSDT] [RENDER] renderOverlays: 2 total, 2 con renderOverlay, 2 enabled. Swing=NOT FOUND
 [BTCUSDT] [RENDER] renderOverlays: 2 total, 2 con renderOverlay, 2 enabled. Swing=NOT FOUND
 [BTCUSDT] drawChart: 1500 velas disponibles, zoom=0.100, chartWidth=697, mostrando=697, userZoomed=true
 [BTCUSDT] [RENDER] renderOverlays: 2 total, 2 con renderOverlay, 2 enabled. Swing=NOT FOUND
 [BTCUSDT] [RENDER] renderOverlays: 2 total, 2 con renderOverlay, 2 enabled. Swing=NOT FOUND
 [BTCUSDT] [RENDER] renderOverlays: 2 total, 2 con renderOverlay, 2 enabled. Swing=NOT FOUND
 [BTCUSDT] [RENDER] renderOverlays: 2 total, 2 con renderOverlay, 2 enabled. Swing=NOT FOUND
 [BTCUSDT] [RENDER] renderOverlays: 2 total, 2 con renderOverlay, 2 enabled. Swing=NOT FOUND
 [BTCUSDT] [RENDER] renderOverlays: 2 total, 2 con renderOverlay, 2 enabled. Swing=NOT FOUND
 [BTCUSDT] [RENDER] renderOverlays: 2 total, 2 con renderOverlay, 2 enabled. Swing=NOT FOUND
 [BTCUSDT] [RENDER] renderOverlays: 2 total, 2 con renderOverlay, 2 enabled. Swing=NOT FOUND
 [BTCUSDT] [RENDER] renderOverlays: 2 total, 2 con renderOverlay, 2 enabled. Swing=NOT FOUND
 [BTCUSDT] [RENDER] renderOverlays: 2 total, 2 con renderOverlay, 2 enabled. Swing=NOT FOUND
 [CandleCache] ✅ BTCUSDT@1 - guardado (1500 velas, memoria: 1/4)
 [BTCUSDT] [RENDER] renderOverlays: 2 total, 2 con renderOverlay, 2 enabled. Swing=NOT FOUND
 [BTCUSDT] drawChart: 1501 velas disponibles, zoom=0.100, chartWidth=697, mostrando=697, userZoomed=true
 [BTCUSDT] [RENDER] renderOverlays: 2 total, 2 con renderOverlay, 2 enabled. Swing=NOT FOUND
 [BTCUSDT] [RENDER] renderOverlays: 2 total, 2 con renderOverlay, 2 enabled. Swing=NOT FOUND
 [BTCUSDT] [RENDER] renderOverlays: 2 total, 2 con renderOverlay, 2 enabled. Swing=NOT FOUND
 [BTCUSDT] [RENDER] renderOverlays: 2 total, 2 con renderOverlay, 2 enabled. Swing=NOT FOUND
 [BTCUSDT] [RENDER] renderOverlays: 2 total, 2 con renderOverlay, 2 enabled. Swing=NOT FOUND
 [BTCUSDT] [RENDER] renderOverlays: 2 total, 2 con renderOverlay, 2 enabled. Swing=NOT FOUND
 [BTCUSDT] [RENDER] renderOverlays: 2 total, 2 con renderOverlay, 2 enabled. Swing=NOT FOUND
 [BTCUSDT] [RENDER] renderOverlays: 2 total, 2 con renderOverlay, 2 enabled. Swing=NOT FOUND
 [BTCUSDT] [RENDER] renderOverlays: 2 total, 2 con renderOverlay, 2 enabled. Swing=NOT FOUND
 [ZoneDetector] Preset "vp_5_rr_1" cargado
 [BTCUSDT] [RENDER] renderOverlays: 2 total, 2 con renderOverlay, 2 enabled. Swing=NOT FOUND
 [BTCUSDT] [RENDER] renderOverlays: 2 total, 2 con renderOverlay, 2 enabled. Swing=NOT FOUND
 [BTCUSDT] [RENDER] renderOverlays: 2 total, 2 con renderOverlay, 2 enabled. Swing=NOT FOUND
 [BTCUSDT] drawChart: 1501 velas disponibles, zoom=0.314, chartWidth=1229, mostrando=489, userZoomed=true
 [BTCUSDT] [RENDER] renderOverlays: 2 total, 2 con renderOverlay, 2 enabled. Swing=NOT FOUND
 [BTCUSDT] [RENDER] renderOverlays: 2 total, 2 con renderOverlay, 2 enabled. Swing=NOT FOUND
 [BTCUSDT] [RENDER] renderOverlays: 2 total, 2 con renderOverlay, 2 enabled. Swing=NOT FOUND
 [BTCUSDT] [RENDER] renderOverlays: 2 total, 2 con renderOverlay, 2 enabled. Swing=NOT FOUND
 [BTCUSDT] [RENDER] renderOverlays: 2 total, 2 con renderOverlay, 2 enabled. Swing=NOT FOUND
 [BTCUSDT] [RENDER] renderOverlays: 2 total, 2 con renderOverlay, 2 enabled. Swing=NOT FOUND
 [BTCUSDT] [RENDER] renderOverlays: 2 total, 2 con renderOverlay, 2 enabled. Swing=NOT FOUND
 [BTCUSDT] [RENDER] renderOverlays: 2 total, 2 con renderOverlay, 2 enabled. Swing=NOT FOUND
 [CandleCache] ✅ BTCUSDT@1 - guardado (1501 velas, memoria: 1/4)
 [BTCUSDT] [RENDER] renderOverlays: 2 total, 2 con renderOverlay, 2 enabled. Swing=NOT FOUND
 [BTCUSDT] [RENDER] renderOverlays: 2 total, 2 con renderOverlay, 2 enabled. Swing=NOT FOUND
 [BTCUSDT] drawChart: 1502 velas disponibles, zoom=0.314, chartWidth=1229, mostrando=489, userZoomed=true
 [BTCUSDT] [RENDER] renderOverlays: 2 total, 2 con renderOverlay, 2 enabled. Swing=NOT FOUND
 [BTCUSDT] [RENDER] renderOverlays: 2 total, 2 con renderOverlay, 2 enabled. Swing=NOT FOUND
 [BTCUSDT] [RENDER] renderOverlays: 2 total, 2 con renderOverlay, 2 enabled. Swing=NOT FOUND
 [BTCUSDT] [RENDER] renderOverlays: 2 total, 2 con renderOverlay, 2 enabled. Swing=NOT FOUND
 [ZoneDetector] Realtime config guardada: Array(4)
 [BTCUSDT] [RENDER] renderOverlays: 2 total, 2 con renderOverlay, 2 enabled. Swing=NOT FOUND
 [ZoneDetector] Realtime config guardada: Array(0)
 [BTCUSDT] [RENDER] renderOverlays: 2 total, 2 con renderOverlay, 2 enabled. Swing=NOT FOUND
 [ZoneDetector] Realtime config guardada: Array(1)
 [BTCUSDT] [RENDER] renderOverlays: 2 total, 2 con renderOverlay, 2 enabled. Swing=NOT FOUND
 [BTCUSDT] [RENDER] renderOverlays: 2 total, 2 con renderOverlay, 2 enabled. Swing=NOT FOUND
 [BTCUSDT] [RENDER] renderOverlays: 2 total, 2 con renderOverlay, 2 enabled. Swing=NOT FOUND
 [BTCUSDT] [RENDER] renderOverlays: 2 total, 2 con renderOverlay, 2 enabled. Swing=NOT FOUND
 [BTCUSDT] [RENDER] renderOverlays: 2 total, 2 con renderOverlay, 2 enabled. Swing=NOT FOUND
 [BTCUSDT] drawChart: 1502 velas disponibles, zoom=0.314, chartWidth=1229, mostrando=489, userZoomed=true
 [BTCUSDT] [RENDER] renderOverlays: 2 total, 2 con renderOverlay, 2 enabled. Swing=NOT FOUND
 [BTCUSDT] [RENDER] renderOverlays: 2 total, 2 con renderOverlay, 2 enabled. Swing=NOT FOUND
 [BTCUSDT] [RENDER] renderOverlays: 2 total, 2 con renderOverlay, 2 enabled. Swing=NOT FOUND
 [BTCUSDT] [RENDER] renderOverlays: 2 total, 2 con renderOverlay, 2 enabled. Swing=NOT FOUND
 [BTCUSDT] [RENDER] renderOverlays: 2 total, 2 con renderOverlay, 2 enabled. Swing=NOT FOUND
 [BTCUSDT] [RENDER] renderOverlays: 2 total, 2 con renderOverlay, 2 enabled. Swing=NOT FOUND
 [BTCUSDT] [RENDER] renderOverlays: 2 total, 2 con renderOverlay, 2 enabled. Swing=NOT FOUND
 [BTCUSDT] [RENDER] renderOverlays: 2 total, 2 con renderOverlay, 2 enabled. Swing=NOT FOUND
 [BTCUSDT] [RENDER] renderOverlays: 2 total, 2 con renderOverlay, 2 enabled. Swing=NOT FOUND
 [CandleCache] ✅ BTCUSDT@1 - guardado (1502 velas, memoria: 1/4)
 [BTCUSDT] [RENDER] renderOverlays: 2 total, 2 con renderOverlay, 2 enabled. Swing=NOT FOUND
 [BTCUSDT] [RENDER] renderOverlays: 2 total, 2 con renderOverlay, 2 enabled. Swing=NOT FOUND
 [BTCUSDT] drawChart: 1503 velas disponibles, zoom=0.314, chartWidth=1229, mostrando=489, userZoomed=true
 [BTCUSDT] [RENDER] renderOverlays: 2 total, 2 con renderOverlay, 2 enabled. Swing=NOT FOUND
 [BTCUSDT] [RENDER] renderOverlays: 2 total, 2 con renderOverlay, 2 enabled. Swing=NOT FOUND
 [BTCUSDT] [RENDER] renderOverlays: 2 total, 2 con renderOverlay, 2 enabled. Swing=NOT FOUND
 ✅ [8:11:16 p. m.] [Manager] [BTCUSDT] V2 Optimizacion: 3 params, metric=total_pnl_r
 [BTCUSDT] [RENDER] renderOverlays: 2 total, 2 con renderOverlay, 2 enabled. Swing=NOT FOUND
 [BTCUSDT] [RENDER] renderOverlays: 2 total, 2 con renderOverlay, 2 enabled. Swing=NOT FOUND
 [BTCUSDT] [RENDER] renderOverlays: 2 total, 2 con renderOverlay, 2 enabled. Swing=NOT FOUND
 [BTCUSDT] [RENDER] renderOverlays: 2 total, 2 con renderOverlay, 2 enabled. Swing=NOT FOUND
 [BTCUSDT] [RENDER] renderOverlays: 2 total, 2 con renderOverlay, 2 enabled. Swing=NOT FOUND
 [BTCUSDT] [RENDER] renderOverlays: 2 total, 2 con renderOverlay, 2 enabled. Swing=NOT FOUND
 [BTCUSDT] [RENDER] renderOverlays: 2 total, 2 con renderOverlay, 2 enabled. Swing=NOT FOUND
 [BTCUSDT] drawChart: 1503 velas disponibles, zoom=0.314, chartWidth=1229, mostrando=489, userZoomed=true
 [BTCUSDT] [RENDER] renderOverlays: 2 total, 2 con renderOverlay, 2 enabled. Swing=NOT FOUND
 [CandleCache] 💾 BTCUSDT@1 - desde memoria (1502 velas)
 [CandleCache] OK VALIDATION BTCUSDT@1: 1502 velas sin gaps
 [BTCUSDT] Carga INCREMENTAL: desde 10/2/2026, 8:10:00 p.m. (1502 velas en cache, 98%)
 [BTCUSDT] [RENDER] renderOverlays: 2 total, 2 con renderOverlay, 2 enabled. Swing=NOT FOUND
 [BTCUSDT] [RENDER] renderOverlays: 2 total, 2 con renderOverlay, 2 enabled. Swing=NOT FOUND
 [CandleCache] 🔄 Merge: 1502 cached + 1 new = 1502 total
 [BTCUSDT] ✅ Incremental: +1 velas nuevas = 1502 total
 [BTCUSDT] ✅ Histórico final: 1502 velas
 [BTCUSDT] [RENDER] renderOverlays: 2 total, 2 con renderOverlay, 2 enabled. Swing=NOT FOUND
 ✅ [8:11:50 p. m.] [Manager] [BTCUSDT] startAllPolling() llamado - 2 indicadores
 [BTCUSDT] [SWING] startAllPolling(): Swing Detector NOT FOUND
 ✅ [8:11:50 p. m.] [Manager] [BTCUSDT] -> Llamando startPollingIfReady() para VWAP
 ✅ [8:11:50 p. m.] [Manager] [BTCUSDT] 🚀 Polling iniciado para todos los indicadores
 [CandleCache] ✅ BTCUSDT@1 - guardado (1502 velas, memoria: 1/4)
 ✅ [8:11:50 p. m.] [Manager] [BTCUSDT] Servicio Zone Detector v2 activo - iniciando polling
 ✅ [8:11:50 p. m.] [Manager] [BTCUSDT] Realtime zone polling iniciado (cada 15s)
 [BTCUSDT] [RENDER] renderOverlays: 2 total, 2 con renderOverlay, 2 enabled. Swing=NOT FOUND
 [BTCUSDT] [RENDER] renderOverlays: 2 total, 2 con renderOverlay, 2 enabled. Swing=NOT FOUND
 [BTCUSDT] [RENDER] renderOverlays: 2 total, 2 con renderOverlay, 2 enabled. Swing=NOT FOUND
 [CandleCache] ✅ BTCUSDT@1 - guardado (1503 velas, memoria: 1/4)
 [BTCUSDT] [RENDER] renderOverlays: 2 total, 2 con renderOverlay, 2 enabled. Swing=NOT FOUND
 [BTCUSDT] [RENDER] renderOverlays: 2 total, 2 con renderOverlay, 2 enabled. Swing=NOT FOUND
 [BTCUSDT] [RENDER] renderOverlays: 2 total, 2 con renderOverlay, 2 enabled. Swing=NOT FOUND
 [BTCUSDT] drawChart: 1504 velas disponibles, zoom=0.314, chartWidth=1229, mostrando=489, userZoomed=true
 [BTCUSDT] [RENDER] renderOverlays: 2 total, 2 con renderOverlay, 2 enabled. Swing=NOT FOUND
 [BTCUSDT] [RENDER] renderOverlays: 2 total, 2 con renderOverlay, 2 enabled. Swing=NOT FOUND
 [BTCUSDT] [RENDER] renderOverlays: 2 total, 2 con renderOverlay, 2 enabled. Swing=NOT FOUND
 [BTCUSDT] [RENDER] renderOverlays: 2 total, 2 con renderOverlay, 2 enabled. Swing=NOT FOUND
 [BTCUSDT] [RENDER] renderOverlays: 2 total, 2 con renderOverlay, 2 enabled. Swing=NOT FOUND
 [BTCUSDT] [RENDER] renderOverlays: 2 total, 2 con renderOverlay, 2 enabled. Swing=NOT FOUND
 [BTCUSDT] [RENDER] renderOverlays: 2 total, 2 con renderOverlay, 2 enabled. Swing=NOT FOUND
 [BTCUSDT] [RENDER] renderOverlays: 2 total, 2 con renderOverlay, 2 enabled. Swing=NOT FOUND
 [BTCUSDT] [RENDER] renderOverlays: 2 total, 2 con renderOverlay, 2 enabled. Swing=NOT FOUND
 [BTCUSDT] drawChart: 1504 velas disponibles, zoom=0.314, chartWidth=1229, mostrando=489, userZoomed=true
 [BTCUSDT] [RENDER] renderOverlays: 2 total, 2 con renderOverlay, 2 enabled. Swing=NOT FOUND
 [BTCUSDT] [RENDER] renderOverlays: 2 total, 2 con renderOverlay, 2 enabled. Swing=NOT FOUND
 [BTCUSDT] [RENDER] renderOverlays: 2 total, 2 con renderOverlay, 2 enabled. Swing=NOT FOUND
 [BTCUSDT] [RENDER] renderOverlays: 2 total, 2 con renderOverlay, 2 enabled. Swing=NOT FOUND
 [BTCUSDT] [RENDER] renderOverlays: 2 total, 2 con renderOverlay, 2 enabled. Swing=NOT FOUND
 [CandleCache] ✅ BTCUSDT@1 - guardado (1504 velas, memoria: 1/4)
 [BTCUSDT] [RENDER] renderOverlays: 2 total, 2 con renderOverlay, 2 enabled. Swing=NOT FOUND
 [BTCUSDT] [RENDER] renderOverlays: 2 total, 2 con renderOverlay, 2 enabled. Swing=NOT FOUND
 [BTCUSDT] [RENDER] renderOverlays: 2 total, 2 con renderOverlay, 2 enabled. Swing=NOT FOUND
 [BTCUSDT] [RENDER] renderOverlays: 2 total, 2 con renderOverlay, 2 enabled. Swing=NOT FOUND
 [BTCUSDT] drawChart: 1505 velas disponibles, zoom=0.314, chartWidth=1229, mostrando=489, userZoomed=true
 [BTCUSDT] [RENDER] renderOverlays: 2 total, 2 con renderOverlay, 2 enabled. Swing=NOT FOUND
 [BTCUSDT] [RENDER] renderOverlays: 2 total, 2 con renderOverlay, 2 enabled. Swing=NOT FOUND
 [BTCUSDT] [RENDER] renderOverlays: 2 total, 2 con renderOverlay, 2 enabled. Swing=NOT FOUND
 [BTCUSDT] [RENDER] renderOverlays: 2 total, 2 con renderOverlay, 2 enabled. Swing=NOT FOUND
 [BTCUSDT] [RENDER] renderOverlays: 2 total, 2 con renderOverlay, 2 enabled. Swing=NOT FOUND
 [BTCUSDT] [RENDER] renderOverlays: 2 total, 2 con renderOverlay, 2 enabled. Swing=NOT FOUND
 [BTCUSDT] [RENDER] renderOverlays: 2 total, 2 con renderOverlay, 2 enabled. Swing=NOT FOUND
 [BTCUSDT] [RENDER] renderOverlays: 2 total, 2 con renderOverlay, 2 enabled. Swing=NOT FOUND
 [BTCUSDT] drawChart: 1505 velas disponibles, zoom=0.314, chartWidth=1229, mostrando=489, userZoomed=true
 [BTCUSDT] [RENDER] renderOverlays: 2 total, 2 con renderOverlay, 2 enabled. Swing=NOT FOUND
 [BTCUSDT] [RENDER] renderOverlays: 2 total, 2 con renderOverlay, 2 enabled. Swing=NOT FOUND
 [BTCUSDT] [RENDER] renderOverlays: 2 total, 2 con renderOverlay, 2 enabled. Swing=NOT FOUND
 [BTCUSDT] [RENDER] renderOverlays: 2 total, 2 con renderOverlay, 2 enabled. Swing=NOT FOUND
 [BTCUSDT] [RENDER] renderOverlays: 2 total, 2 con renderOverlay, 2 enabled. Swing=NOT FOUND
 [BTCUSDT] [RENDER] renderOverlays: 2 total, 2 con renderOverlay, 2 enabled. Swing=NOT FOUND
 [CandleCache] ✅ BTCUSDT@1 - guardado (1505 velas, memoria: 1/4)
 [BTCUSDT] [RENDER] renderOverlays: 2 total, 2 con renderOverlay, 2 enabled. Swing=NOT FOUND
 [BTCUSDT] [RENDER] renderOverlays: 2 total, 2 con renderOverlay, 2 enabled. Swing=NOT FOUND
 [BTCUSDT] [RENDER] renderOverlays: 2 total, 2 con renderOverlay, 2 enabled. Swing=NOT FOUND
 [BTCUSDT] [RENDER] renderOverlays: 2 total, 2 con renderOverlay, 2 enabled. Swing=NOT FOUND
 [BTCUSDT] [RENDER] renderOverlays: 2 total, 2 con renderOverlay, 2 enabled. Swing=NOT FOUND
 [BTCUSDT] drawChart: 1506 velas disponibles, zoom=0.314, chartWidth=1229, mostrando=489, userZoomed=true
 [BTCUSDT] [RENDER] renderOverlays: 2 total, 2 con renderOverlay, 2 enabled. Swing=NOT FOUND
 [BTCUSDT] [RENDER] renderOverlays: 2 total, 2 con renderOverlay, 2 enabled. Swing=NOT FOUND
 [BTCUSDT] [RENDER] renderOverlays: 2 total, 2 con renderOverlay, 2 enabled. Swing=NOT FOUND
 [BTCUSDT] [RENDER] renderOverlays: 2 total, 2 con renderOverlay, 2 enabled. Swing=NOT FOUND
 [BTCUSDT] [RENDER] renderOverlays: 2 total, 2 con renderOverlay, 2 enabled. Swing=NOT FOUND
 [BTCUSDT] [RENDER] renderOverlays: 2 total, 2 con renderOverlay, 2 enabled. Swing=NOT FOUND
 [BTCUSDT] [RENDER] renderOverlays: 2 total, 2 con renderOverlay, 2 enabled. Swing=NOT FOUND
 [BTCUSDT] [RENDER] renderOverlays: 2 total, 2 con renderOverlay, 2 enabled. Swing=NOT FOUND
 [BTCUSDT] [RENDER] renderOverlays: 2 total, 2 con renderOverlay, 2 enabled. Swing=NOT FOUND
 [BTCUSDT] [RENDER] renderOverlays: 2 total, 2 con renderOverlay, 2 enabled. Swing=NOT FOUND
 [BTCUSDT] drawChart: 1506 velas disponibles, zoom=0.314, chartWidth=1229, mostrando=489, userZoomed=true
 [BTCUSDT] [RENDER] renderOverlays: 2 total, 2 con renderOverlay, 2 enabled. Swing=NOT FOUND
 [BTCUSDT] [RENDER] renderOverlays: 2 total, 2 con renderOverlay, 2 enabled. Swing=NOT FOUND
 [BTCUSDT] [RENDER] renderOverlays: 2 total, 2 con renderOverlay, 2 enabled. Swing=NOT FOUND
 [BTCUSDT] [RENDER] renderOverlays: 2 total, 2 con renderOverlay, 2 enabled. Swing=NOT FOUND
 [CandleCache] ✅ BTCUSDT@1 - guardado (1506 velas, memoria: 1/4)
 [BTCUSDT] [RENDER] renderOverlays: 2 total, 2 con renderOverlay, 2 enabled. Swing=NOT FOUND
 [BTCUSDT] [RENDER] renderOverlays: 2 total, 2 con renderOverlay, 2 enabled. Swing=NOT FOUND
 [BTCUSDT] [RENDER] renderOverlays: 2 total, 2 con renderOverlay, 2 enabled. Swing=NOT FOUND
 [BTCUSDT] [RENDER] renderOverlays: 2 total, 2 con renderOverlay, 2 enabled. Swing=NOT FOUND
 [BTCUSDT] [RENDER] renderOverlays: 2 total, 2 con renderOverlay, 2 enabled. Swing=NOT FOUND
 [BTCUSDT] [RENDER] renderOverlays: 2 total, 2 con renderOverlay, 2 enabled. Swing=NOT FOUND
 [BTCUSDT] [RENDER] renderOverlays: 2 total, 2 con renderOverlay, 2 enabled. Swing=NOT FOUND
 [BTCUSDT] drawChart: 1507 velas disponibles, zoom=0.314, chartWidth=1229, mostrando=489, userZoomed=true
 [BTCUSDT] [RENDER] renderOverlays: 2 total, 2 con renderOverlay, 2 enabled. Swing=NOT FOUND
 [BTCUSDT] [RENDER] renderOverlays: 2 total, 2 con renderOverlay, 2 enabled. Swing=NOT FOUND
 [BTCUSDT] [RENDER] renderOverlays: 2 total, 2 con renderOverlay, 2 enabled. Swing=NOT FOUND
 [BTCUSDT] [RENDER] renderOverlays: 2 total, 2 con renderOverlay, 2 enabled. Swing=NOT FOUND
 [BTCUSDT] [RENDER] renderOverlays: 2 total, 2 con renderOverlay, 2 enabled. Swing=NOT FOUND
 [BTCUSDT] [RENDER] renderOverlays: 2 total, 2 con renderOverlay, 2 enabled. Swing=NOT FOUND
 [BTCUSDT] [RENDER] renderOverlays: 2 total, 2 con renderOverlay, 2 enabled. Swing=NOT FOUND
 [BTCUSDT] [RENDER] renderOverlays: 2 total, 2 con renderOverlay, 2 enabled. Swing=NOT FOUND
 [BTCUSDT] [RENDER] renderOverlays: 2 total, 2 con renderOverlay, 2 enabled. Swing=NOT FOUND
 [BTCUSDT] [RENDER] renderOverlays: 2 total, 2 con renderOverlay, 2 enabled. Swing=NOT FOUND
 [BTCUSDT] [RENDER] renderOverlays: 2 total, 2 con renderOverlay, 2 enabled. Swing=NOT FOUND
 [BTCUSDT] drawChart: 1507 velas disponibles, zoom=0.314, chartWidth=1229, mostrando=489, userZoomed=true
 [BTCUSDT] [RENDER] renderOverlays: 2 total, 2 con renderOverlay, 2 enabled. Swing=NOT FOUND
 [BTCUSDT] [RENDER] renderOverlays: 2 total, 2 con renderOverlay, 2 enabled. Swing=NOT FOUND
 [BTCUSDT] [RENDER] renderOverlays: 2 total, 2 con renderOverlay, 2 enabled. Swing=NOT FOUND
 [CandleCache] ✅ BTCUSDT@1 - guardado (1507 velas, memoria: 1/4)
 [BTCUSDT] [RENDER] renderOverlays: 2 total, 2 con renderOverlay, 2 enabled. Swing=NOT FOUND
 [BTCUSDT] [RENDER] renderOverlays: 2 total, 2 con renderOverlay, 2 enabled. Swing=NOT FOUND
 [BTCUSDT] [RENDER] renderOverlays: 2 total, 2 con renderOverlay, 2 enabled. Swing=NOT FOUND
 [BTCUSDT] [RENDER] renderOverlays: 2 total, 2 con renderOverlay, 2 enabled. Swing=NOT FOUND
 [BTCUSDT] [RENDER] renderOverlays: 2 total, 2 con renderOverlay, 2 enabled. Swing=NOT FOUND
 [BTCUSDT] [RENDER] renderOverlays: 2 total, 2 con renderOverlay, 2 enabled. Swing=NOT FOUND
 [BTCUSDT] [RENDER] renderOverlays: 2 total, 2 con renderOverlay, 2 enabled. Swing=NOT FOUND
 [BTCUSDT] drawChart: 1508 velas disponibles, zoom=0.314, chartWidth=1229, mostrando=489, userZoomed=true
 [BTCUSDT] [RENDER] renderOverlays: 2 total, 2 con renderOverlay, 2 enabled. Swing=NOT FOUND
 [BTCUSDT] [RENDER] renderOverlays: 2 total, 2 con renderOverlay, 2 enabled. Swing=NOT FOUND
 [BTCUSDT] [RENDER] renderOverlays: 2 total, 2 con renderOverlay, 2 enabled. Swing=NOT FOUND
 [BTCUSDT] [RENDER] renderOverlays: 2 total, 2 con renderOverlay, 2 enabled. Swing=NOT FOUND
 [BTCUSDT] [RENDER] renderOverlays: 2 total, 2 con renderOverlay, 2 enabled. Swing=NOT FOUND
 [BTCUSDT] [RENDER] renderOverlays: 2 total, 2 con renderOverlay, 2 enabled. Swing=NOT FOUND
 [BTCUSDT] [RENDER] renderOverlays: 2 total, 2 con renderOverlay, 2 enabled. Swing=NOT FOUND
 [BTCUSDT] [RENDER] renderOverlays: 2 total, 2 con renderOverlay, 2 enabled. Swing=NOT FOUND
 [CandleCache] 💾 BTCUSDT@1 - desde memoria (1507 velas)
 [CandleCache] OK VALIDATION BTCUSDT@1: 1507 velas sin gaps
 [BTCUSDT] Carga INCREMENTAL: desde 10/2/2026, 8:15:00 p.m. (1507 velas en cache, 98%)
 [BTCUSDT] [RENDER] renderOverlays: 2 total, 2 con renderOverlay, 2 enabled. Swing=NOT FOUND
 [BTCUSDT] [RENDER] renderOverlays: 2 total, 2 con renderOverlay, 2 enabled. Swing=NOT FOUND
 [BTCUSDT] drawChart: 1508 velas disponibles, zoom=0.314, chartWidth=1229, mostrando=489, userZoomed=true
 [CandleCache] 🔄 Merge: 1507 cached + 1 new = 1507 total
 [BTCUSDT] ✅ Incremental: +1 velas nuevas = 1507 total
 [BTCUSDT] ✅ Histórico final: 1507 velas
 ✅ [8:16:51 p. m.] [Manager] [BTCUSDT] startAllPolling() llamado - 2 indicadores
 [BTCUSDT] [SWING] startAllPolling(): Swing Detector NOT FOUND
 ✅ [8:16:51 p. m.] [Manager] [BTCUSDT] -> Llamando startPollingIfReady() para VWAP
 ✅ [8:16:51 p. m.] [Manager] [BTCUSDT] 🚀 Polling iniciado para todos los indicadores
 [CandleCache] ✅ BTCUSDT@1 - guardado (1507 velas, memoria: 1/4)
 ✅ [8:16:51 p. m.] [Manager] [BTCUSDT] Servicio Zone Detector v2 activo - iniciando polling
 ✅ [8:16:51 p. m.] [Manager] [BTCUSDT] Realtime zone polling iniciado (cada 15s)
 [BTCUSDT] [RENDER] renderOverlays: 2 total, 2 con renderOverlay, 2 enabled. Swing=NOT FOUND
 [BTCUSDT] [RENDER] renderOverlays: 2 total, 2 con renderOverlay, 2 enabled. Swing=NOT FOUND
 [BTCUSDT] [RENDER] renderOverlays: 2 total, 2 con renderOverlay, 2 enabled. Swing=NOT FOUND
 [BTCUSDT] [RENDER] renderOverlays: 2 total, 2 con renderOverlay, 2 enabled. Swing=NOT FOUND
 [CandleCache] ✅ BTCUSDT@1 - guardado (1508 velas, memoria: 1/4)
 [BTCUSDT] [RENDER] renderOverlays: 2 total, 2 con renderOverlay, 2 enabled. Swing=NOT FOUND
 [BTCUSDT] [RENDER] renderOverlays: 2 total, 2 con renderOverlay, 2 enabled. Swing=NOT FOUND
 [BTCUSDT] [RENDER] renderOverlays: 2 total, 2 con renderOverlay, 2 enabled. Swing=NOT FOUND
 [BTCUSDT] [RENDER] renderOverlays: 2 total, 2 con renderOverlay, 2 enabled. Swing=NOT FOUND
 [BTCUSDT] [RENDER] renderOverlays: 2 total, 2 con renderOverlay, 2 enabled. Swing=NOT FOUND
 [BTCUSDT] [RENDER] renderOverlays: 2 total, 2 con renderOverlay, 2 enabled. Swing=NOT FOUND
 [BTCUSDT] [RENDER] renderOverlays: 2 total, 2 con renderOverlay, 2 enabled. Swing=NOT FOUND
 [BTCUSDT] drawChart: 1509 velas disponibles, zoom=0.314, chartWidth=1229, mostrando=489, userZoomed=true
 [BTCUSDT] [RENDER] renderOverlays: 2 total, 2 con renderOverlay, 2 enabled. Swing=NOT FOUND
 [BTCUSDT] [RENDER] renderOverlays: 2 total, 2 con renderOverlay, 2 enabled. Swing=NOT FOUND
 [BTCUSDT] [RENDER] renderOverlays: 2 total, 2 con renderOverlay, 2 enabled. Swing=NOT FOUND
 [BTCUSDT] [RENDER] renderOverlays: 2 total, 2 con renderOverlay, 2 enabled. Swing=NOT FOUND
 [BTCUSDT] [RENDER] renderOverlays: 2 total, 2 con renderOverlay, 2 enabled. Swing=NOT FOUND
 [BTCUSDT] [RENDER] renderOverlays: 2 total, 2 con renderOverlay, 2 enabled. Swing=NOT FOUND
 [BTCUSDT] [RENDER] renderOverlays: 2 total, 2 con renderOverlay, 2 enabled. Swing=NOT FOUND
 [BTCUSDT] [RENDER] renderOverlays: 2 total, 2 con renderOverlay, 2 enabled. Swing=NOT FOUND
 [BTCUSDT] [RENDER] renderOverlays: 2 total, 2 con renderOverlay, 2 enabled. Swing=NOT FOUND
 [BTCUSDT] [RENDER] renderOverlays: 2 total, 2 con renderOverlay, 2 enabled. Swing=NOT FOUND
 [BTCUSDT] drawChart: 1509 velas disponibles, zoom=0.314, chartWidth=1229, mostrando=489, userZoomed=true
 [BTCUSDT] [RENDER] renderOverlays: 2 total, 2 con renderOverlay, 2 enabled. Swing=NOT FOUND
 [BTCUSDT] [RENDER] renderOverlays: 2 total, 2 con renderOverlay, 2 enabled. Swing=NOT FOUND
 [CandleCache] ✅ BTCUSDT@1 - guardado (1509 velas, memoria: 1/4)
 [BTCUSDT] [RENDER] renderOverlays: 2 total, 2 con renderOverlay, 2 enabled. Swing=NOT FOUND
 [BTCUSDT] [RENDER] renderOverlays: 2 total, 2 con renderOverlay, 2 enabled. Swing=NOT FOUND
 [BTCUSDT] [RENDER] renderOverlays: 2 total, 2 con renderOverlay, 2 enabled. Swing=NOT FOUND
 [BTCUSDT] [RENDER] renderOverlays: 2 total, 2 con renderOverlay, 2 enabled. Swing=NOT FOUND
 [BTCUSDT] [RENDER] renderOverlays: 2 total, 2 con renderOverlay, 2 enabled. Swing=NOT FOUND
 [BTCUSDT] [RENDER] renderOverlays: 2 total, 2 con renderOverlay, 2 enabled. Swing=NOT FOUND
 [BTCUSDT] drawChart: 1510 velas disponibles, zoom=0.314, chartWidth=1229, mostrando=489, userZoomed=true
 [BTCUSDT] [RENDER] renderOverlays: 2 total, 2 con renderOverlay, 2 enabled. Swing=NOT FOUND
 [BTCUSDT] [RENDER] renderOverlays: 2 total, 2 con renderOverlay, 2 enabled. Swing=NOT FOUND
 [BTCUSDT] [RENDER] renderOverlays: 2 total, 2 con renderOverlay, 2 enabled. Swing=NOT FOUND
 [BTCUSDT] [RENDER] renderOverlays: 2 total, 2 con renderOverlay, 2 enabled. Swing=NOT FOUND
 [BTCUSDT] [RENDER] renderOverlays: 2 total, 2 con renderOverlay, 2 enabled. Swing=NOT FOUND
 [BTCUSDT] [RENDER] renderOverlays: 2 total, 2 con renderOverlay, 2 enabled. Swing=NOT FOUND
 [BTCUSDT] [RENDER] renderOverlays: 2 total, 2 con renderOverlay, 2 enabled. Swing=NOT FOUND
 [BTCUSDT] [RENDER] renderOverlays: 2 total, 2 con renderOverlay, 2 enabled. Swing=NOT FOUND
 [BTCUSDT] [RENDER] renderOverlays: 2 total, 2 con renderOverlay, 2 enabled. Swing=NOT FOUND
 [BTCUSDT] [RENDER] renderOverlays: 2 total, 2 con renderOverlay, 2 enabled. Swing=NOT FOUND
 [BTCUSDT] drawChart: 1510 velas disponibles, zoom=0.314, chartWidth=1229, mostrando=489, userZoomed=true
 [BTCUSDT] [RENDER] renderOverlays: 2 total, 2 con renderOverlay, 2 enabled. Swing=NOT FOUND
 [BTCUSDT] [RENDER] renderOverlays: 2 total, 2 con renderOverlay, 2 enabled. Swing=NOT FOUND
 [BTCUSDT] [RENDER] renderOverlays: 2 total, 2 con renderOverlay, 2 enabled. Swing=NOT FOUND
 [CandleCache] ✅ BTCUSDT@1 - guardado (1510 velas, memoria: 1/4)
 [BTCUSDT] [RENDER] renderOverlays: 2 total, 2 con renderOverlay, 2 enabled. Swing=NOT FOUND
 [BTCUSDT] [RENDER] renderOverlays: 2 total, 2 con renderOverlay, 2 enabled. Swing=NOT FOUND
 [BTCUSDT] [RENDER] renderOverlays: 2 total, 2 con renderOverlay, 2 enabled. Swing=NOT FOUND
 [BTCUSDT] [RENDER] renderOverlays: 2 total, 2 con renderOverlay, 2 enabled. Swing=NOT FOUND
 [BTCUSDT] [RENDER] renderOverlays: 2 total, 2 con renderOverlay, 2 enabled. Swing=NOT FOUND
 [BTCUSDT] [RENDER] renderOverlays: 2 total, 2 con renderOverlay, 2 enabled. Swing=NOT FOUND
 [BTCUSDT] drawChart: 1511 velas disponibles, zoom=0.314, chartWidth=1229, mostrando=489, userZoomed=true
 [BTCUSDT] [RENDER] renderOverlays: 2 total, 2 con renderOverlay, 2 enabled. Swing=NOT FOUND
 [BTCUSDT] [RENDER] renderOverlays: 2 total, 2 con renderOverlay, 2 enabled. Swing=NOT FOUND
 [BTCUSDT] [RENDER] renderOverlays: 2 total, 2 con renderOverlay, 2 enabled. Swing=NOT FOUND
 [BTCUSDT] [RENDER] renderOverlays: 2 total, 2 con renderOverlay, 2 enabled. Swing=NOT FOUND
 [BTCUSDT] [RENDER] renderOverlays: 2 total, 2 con renderOverlay, 2 enabled. Swing=NOT FOUND
 [BTCUSDT] [RENDER] renderOverlays: 2 total, 2 con renderOverlay, 2 enabled. Swing=NOT FOUND
 [BTCUSDT] [RENDER] renderOverlays: 2 total, 2 con renderOverlay, 2 enabled. Swing=NOT FOUND
 [BTCUSDT] [RENDER] renderOverlays: 2 total, 2 con renderOverlay, 2 enabled. Swing=NOT FOUND
 [BTCUSDT] [RENDER] renderOverlays: 2 total, 2 con renderOverlay, 2 enabled. Swing=NOT FOUND
 [BTCUSDT] [RENDER] renderOverlays: 2 total, 2 con renderOverlay, 2 enabled. Swing=NOT FOUND
 [BTCUSDT] drawChart: 1511 velas disponibles, zoom=0.314, chartWidth=1229, mostrando=489, userZoomed=true
 [BTCUSDT] [RENDER] renderOverlays: 2 total, 2 con renderOverlay, 2 enabled. Swing=NOT FOUND
 [BTCUSDT] [RENDER] renderOverlays: 2 total, 2 con renderOverlay, 2 enabled. Swing=NOT FOUND
 [CandleCache] ✅ BTCUSDT@1 - guardado (1511 velas, memoria: 1/4)
 [BTCUSDT] [RENDER] renderOverlays: 2 total, 2 con renderOverlay, 2 enabled. Swing=NOT FOUND
 [BTCUSDT] [RENDER] renderOverlays: 2 total, 2 con renderOverlay, 2 enabled. Swing=NOT FOUND
 [BTCUSDT] [RENDER] renderOverlays: 2 total, 2 con renderOverlay, 2 enabled. Swing=NOT FOUND
 [BTCUSDT] [RENDER] renderOverlays: 2 total, 2 con renderOverlay, 2 enabled. Swing=NOT FOUND
 [BTCUSDT] [RENDER] renderOverlays: 2 total, 2 con renderOverlay, 2 enabled. Swing=NOT FOUND
 [BTCUSDT] [RENDER] renderOverlays: 2 total, 2 con renderOverlay, 2 enabled. Swing=NOT FOUND
 [BTCUSDT] [RENDER] renderOverlays: 2 total, 2 con renderOverlay, 2 enabled. Swing=NOT FOUND
 [BTCUSDT] drawChart: 1512 velas disponibles, zoom=0.314, chartWidth=1229, mostrando=489, userZoomed=true
 [BTCUSDT] [RENDER] renderOverlays: 2 total, 2 con renderOverlay, 2 enabled. Swing=NOT FOUND
 [BTCUSDT] [RENDER] renderOverlays: 2 total, 2 con renderOverlay, 2 enabled. Swing=NOT FOUND
 [BTCUSDT] [RENDER] renderOverlays: 2 total, 2 con renderOverlay, 2 enabled. Swing=NOT FOUND
 [BTCUSDT] [RENDER] renderOverlays: 2 total, 2 con renderOverlay, 2 enabled. Swing=NOT FOUND
 [BTCUSDT] [RENDER] renderOverlays: 2 total, 2 con renderOverlay, 2 enabled. Swing=NOT FOUND
 [BTCUSDT] [RENDER] renderOverlays: 2 total, 2 con renderOverlay, 2 enabled. Swing=NOT FOUND
 [BTCUSDT] [RENDER] renderOverlays: 2 total, 2 con renderOverlay, 2 enabled. Swing=NOT FOUND
 [BTCUSDT] [RENDER] renderOverlays: 2 total, 2 con renderOverlay, 2 enabled. Swing=NOT FOUND
 [BTCUSDT] [RENDER] renderOverlays: 2 total, 2 con renderOverlay, 2 enabled. Swing=NOT FOUND
 [BTCUSDT] drawChart: 1512 velas disponibles, zoom=0.314, chartWidth=1229, mostrando=489, userZoomed=true
 [BTCUSDT] [RENDER] renderOverlays: 2 total, 2 con renderOverlay, 2 enabled. Swing=NOT FOUND
 [BTCUSDT] [RENDER] renderOverlays: 2 total, 2 con renderOverlay, 2 enabled. Swing=NOT FOUND
 [BTCUSDT] [RENDER] renderOverlays: 2 total, 2 con renderOverlay, 2 enabled. Swing=NOT FOUND
 [CandleCache] ✅ BTCUSDT@1 - guardado (1512 velas, memoria: 1/4)
 [BTCUSDT] [RENDER] renderOverlays: 2 total, 2 con renderOverlay, 2 enabled. Swing=NOT FOUND
 [BTCUSDT] [RENDER] renderOverlays: 2 total, 2 con renderOverlay, 2 enabled. Swing=NOT FOUND
 [BTCUSDT] [RENDER] renderOverlays: 2 total, 2 con renderOverlay, 2 enabled. Swing=NOT FOUND
 [BTCUSDT] [RENDER] renderOverlays: 2 total, 2 con renderOverlay, 2 enabled. Swing=NOT FOUND
 [BTCUSDT] [RENDER] renderOverlays: 2 total, 2 con renderOverlay, 2 enabled. Swing=NOT FOUND
 [BTCUSDT] [RENDER] renderOverlays: 2 total, 2 con renderOverlay, 2 enabled. Swing=NOT FOUND
 [BTCUSDT] [RENDER] renderOverlays: 2 total, 2 con renderOverlay, 2 enabled. Swing=NOT FOUND
 [BTCUSDT] [RENDER] renderOverlays: 2 total, 2 con renderOverlay, 2 enabled. Swing=NOT FOUND
 [BTCUSDT] drawChart: 1513 velas disponibles, zoom=0.314, chartWidth=1229, mostrando=489, userZoomed=true
 [BTCUSDT] [RENDER] renderOverlays: 2 total, 2 con renderOverlay, 2 enabled. Swing=NOT FOUND
 [BTCUSDT] [RENDER] renderOverlays: 2 total, 2 con renderOverlay, 2 enabled. Swing=NOT FOUND
 [BTCUSDT] [RENDER] renderOverlays: 2 total, 2 con renderOverlay, 2 enabled. Swing=NOT FOUND
 [BTCUSDT] [RENDER] renderOverlays: 2 total, 2 con renderOverlay, 2 enabled. Swing=NOT FOUND
 [BTCUSDT] [RENDER] renderOverlays: 2 total, 2 con renderOverlay, 2 enabled. Swing=NOT FOUND
 [BTCUSDT] [RENDER] renderOverlays: 2 total, 2 con renderOverlay, 2 enabled. Swing=NOT FOUND
 [BTCUSDT] [RENDER] renderOverlays: 2 total, 2 con renderOverlay, 2 enabled. Swing=NOT FOUND
 [CandleCache] 💾 BTCUSDT@1 - desde memoria (1512 velas)
 [CandleCache] OK VALIDATION BTCUSDT@1: 1512 velas sin gaps
 [BTCUSDT] Carga INCREMENTAL: desde 10/2/2026, 8:20:00 p.m. (1512 velas en cache, 98%)
 [BTCUSDT] [RENDER] renderOverlays: 2 total, 2 con renderOverlay, 2 enabled. Swing=NOT FOUND
 [BTCUSDT] [RENDER] renderOverlays: 2 total, 2 con renderOverlay, 2 enabled. Swing=NOT FOUND
 [CandleCache] 🔄 Merge: 1512 cached + 1 new = 1512 total
 [BTCUSDT] ✅ Incremental: +1 velas nuevas = 1512 total
 [BTCUSDT] ✅ Histórico final: 1512 velas
 ✅ [8:21:51 p. m.] [Manager] [BTCUSDT] startAllPolling() llamado - 2 indicadores
 [BTCUSDT] [SWING] startAllPolling(): Swing Detector NOT FOUND
 ✅ [8:21:51 p. m.] [Manager] [BTCUSDT] -> Llamando startPollingIfReady() para VWAP
 ✅ [8:21:51 p. m.] [Manager] [BTCUSDT] 🚀 Polling iniciado para todos los indicadores
 [CandleCache] ✅ BTCUSDT@1 - guardado (1512 velas, memoria: 1/4)
 ✅ [8:21:51 p. m.] [Manager] [BTCUSDT] Servicio Zone Detector v2 activo - iniciando polling
 ✅ [8:21:51 p. m.] [Manager] [BTCUSDT] Realtime zone polling iniciado (cada 15s)
 [BTCUSDT] [RENDER] renderOverlays: 2 total, 2 con renderOverlay, 2 enabled. Swing=NOT FOUND
 [BTCUSDT] [RENDER] renderOverlays: 2 total, 2 con renderOverlay, 2 enabled. Swing=NOT FOUND
 [BTCUSDT] drawChart: 1513 velas disponibles, zoom=0.314, chartWidth=1229, mostrando=489, userZoomed=true
 [BTCUSDT] [RENDER] renderOverlays: 2 total, 2 con renderOverlay, 2 enabled. Swing=NOT FOUND
 [CandleCache] ✅ BTCUSDT@1 - guardado (1513 velas, memoria: 1/4)
 [BTCUSDT] [RENDER] renderOverlays: 2 total, 2 con renderOverlay, 2 enabled. Swing=NOT FOUND
 [BTCUSDT] [RENDER] renderOverlays: 2 total, 2 con renderOverlay, 2 enabled. Swing=NOT FOUND
 [BTCUSDT] [RENDER] renderOverlays: 2 total, 2 con renderOverlay, 2 enabled. Swing=NOT FOUND
 [BTCUSDT] [RENDER] renderOverlays: 2 total, 2 con renderOverlay, 2 enabled. Swing=NOT FOUND
 [BTCUSDT] [RENDER] renderOverlays: 2 total, 2 con renderOverlay, 2 enabled. Swing=NOT FOUND
 [BTCUSDT] [RENDER] renderOverlays: 2 total, 2 con renderOverlay, 2 enabled. Swing=NOT FOUND
 [BTCUSDT] [RENDER] renderOverlays: 2 total, 2 con renderOverlay, 2 enabled. Swing=NOT FOUND
 [BTCUSDT] [RENDER] renderOverlays: 2 total, 2 con renderOverlay, 2 enabled. Swing=NOT FOUND
 [BTCUSDT] drawChart: 1514 velas disponibles, zoom=0.314, chartWidth=1229, mostrando=489, userZoomed=true
 [BTCUSDT] [RENDER] renderOverlays: 2 total, 2 con renderOverlay, 2 enabled. Swing=NOT FOUND
 [BTCUSDT] [RENDER] renderOverlays: 2 total, 2 con renderOverlay, 2 enabled. Swing=NOT FOUND
 [BTCUSDT] [RENDER] renderOverlays: 2 total, 2 con renderOverlay, 2 enabled. Swing=NOT FOUND
 [BTCUSDT] [RENDER] renderOverlays: 2 total, 2 con renderOverlay, 2 enabled. Swing=NOT FOUND
 [BTCUSDT] [RENDER] renderOverlays: 2 total, 2 con renderOverlay, 2 enabled. Swing=NOT FOUND
 [BTCUSDT] [RENDER] renderOverlays: 2 total, 2 con renderOverlay, 2 enabled. Swing=NOT FOUND
 [BTCUSDT] [RENDER] renderOverlays: 2 total, 2 con renderOverlay, 2 enabled. Swing=NOT FOUND
 [BTCUSDT] [RENDER] renderOverlays: 2 total, 2 con renderOverlay, 2 enabled. Swing=NOT FOUND
 [BTCUSDT] [RENDER] renderOverlays: 2 total, 2 con renderOverlay, 2 enabled. Swing=NOT FOUND
 [BTCUSDT] [RENDER] renderOverlays: 2 total, 2 con renderOverlay, 2 enabled. Swing=NOT FOUND
 [BTCUSDT] [RENDER] renderOverlays: 2 total, 2 con renderOverlay, 2 enabled. Swing=NOT FOUND
 [BTCUSDT] drawChart: 1514 velas disponibles, zoom=0.314, chartWidth=1229, mostrando=489, userZoomed=true
 [BTCUSDT] [RENDER] renderOverlays: 2 total, 2 con renderOverlay, 2 enabled. Swing=NOT FOUND
 [BTCUSDT] [RENDER] renderOverlays: 2 total, 2 con renderOverlay, 2 enabled. Swing=NOT FOUND
 [CandleCache] ✅ BTCUSDT@1 - guardado (1514 velas, memoria: 1/4)
 [BTCUSDT] [RENDER] renderOverlays: 2 total, 2 con renderOverlay, 2 enabled. Swing=NOT FOUND
 [BTCUSDT] [RENDER] renderOverlays: 2 total, 2 con renderOverlay, 2 enabled. Swing=NOT FOUND
 [BTCUSDT] [RENDER] renderOverlays: 2 total, 2 con renderOverlay, 2 enabled. Swing=NOT FOUND
 [BTCUSDT] [RENDER] renderOverlays: 2 total, 2 con renderOverlay, 2 enabled. Swing=NOT FOUND
 [BTCUSDT] [RENDER] renderOverlays: 2 total, 2 con renderOverlay, 2 enabled. Swing=NOT FOUND
 [BTCUSDT] [RENDER] renderOverlays: 2 total, 2 con renderOverlay, 2 enabled. Swing=NOT FOUND
 [BTCUSDT] [RENDER] renderOverlays: 2 total, 2 con renderOverlay, 2 enabled. Swing=NOT FOUND
 [BTCUSDT] [RENDER] renderOverlays: 2 total, 2 con renderOverlay, 2 enabled. Swing=NOT FOUND
 [BTCUSDT] [RENDER] renderOverlays: 2 total, 2 con renderOverlay, 2 enabled. Swing=NOT FOUND
 [BTCUSDT] drawChart: 1515 velas disponibles, zoom=0.314, chartWidth=1229, mostrando=489, userZoomed=true
 [BTCUSDT] [RENDER] renderOverlays: 2 total, 2 con renderOverlay, 2 enabled. Swing=NOT FOUND
 [BTCUSDT] [RENDER] renderOverlays: 2 total, 2 con renderOverlay, 2 enabled. Swing=NOT FOUND
 [BTCUSDT] [RENDER] renderOverlays: 2 total, 2 con renderOverlay, 2 enabled. Swing=NOT FOUND
 [BTCUSDT] [RENDER] renderOverlays: 2 total, 2 con renderOverlay, 2 enabled. Swing=NOT FOUND
 [BTCUSDT] [RENDER] renderOverlays: 2 total, 2 con renderOverlay, 2 enabled. Swing=NOT FOUND
 [BTCUSDT] [RENDER] renderOverlays: 2 total, 2 con renderOverlay, 2 enabled. Swing=NOT FOUND
 [BTCUSDT] [RENDER] renderOverlays: 2 total, 2 con renderOverlay, 2 enabled. Swing=NOT FOUND
 [BTCUSDT] [RENDER] renderOverlays: 2 total, 2 con renderOverlay, 2 enabled. Swing=NOT FOUND
 [BTCUSDT] [RENDER] renderOverlays: 2 total, 2 con renderOverlay, 2 enabled. Swing=NOT FOUND
 [BTCUSDT] [RENDER] renderOverlays: 2 total, 2 con renderOverlay, 2 enabled. Swing=NOT FOUND
 [BTCUSDT] drawChart: 1515 velas disponibles, zoom=0.314, chartWidth=1229, mostrando=489, userZoomed=true
 [BTCUSDT] [RENDER] renderOverlays: 2 total, 2 con renderOverlay, 2 enabled. Swing=NOT FOUND
 [CandleCache] ✅ BTCUSDT@1 - guardado (1515 velas, memoria: 1/4)
 [BTCUSDT] [RENDER] renderOverlays: 2 total, 2 con renderOverlay, 2 enabled. Swing=NOT FOUND
 [BTCUSDT] [RENDER] renderOverlays: 2 total, 2 con renderOverlay, 2 enabled. Swing=NOT FOUND
 [BTCUSDT] [RENDER] renderOverlays: 2 total, 2 con renderOverlay, 2 enabled. Swing=NOT FOUND
 [BTCUSDT] [RENDER] renderOverlays: 2 total, 2 con renderOverlay, 2 enabled. Swing=NOT FOUND
 [BTCUSDT] [RENDER] renderOverlays: 2 total, 2 con renderOverlay, 2 enabled. Swing=NOT FOUND
 [BTCUSDT] [RENDER] renderOverlays: 2 total, 2 con renderOverlay, 2 enabled. Swing=NOT FOUND
 ✅ [8:24:18 p. m.] [Manager] [BTCUSDT] V2 Optimizacion completada: 462 combos en 771.4s
 [BTCUSDT] [RENDER] renderOverlays: 2 total, 2 con renderOverlay, 2 enabled. Swing=NOT FOUND
 [BTCUSDT] [RENDER] renderOverlays: 2 total, 2 con renderOverlay, 2 enabled. Swing=NOT FOUND
 [BTCUSDT] [RENDER] renderOverlays: 2 total, 2 con renderOverlay, 2 enabled. Swing=NOT FOUND
 [BTCUSDT] [RENDER] renderOverlays: 2 total, 2 con renderOverlay, 2 enabled. Swing=NOT FOUND
 [BTCUSDT] drawChart: 1516 velas disponibles, zoom=0.314, chartWidth=1229, mostrando=489, userZoomed=true
 [BTCUSDT] [RENDER] renderOverlays: 2 total, 2 con renderOverlay, 2 enabled. Swing=NOT FOUND
 [BTCUSDT] [RENDER] renderOverlays: 2 total, 2 con renderOverlay, 2 enabled. Swing=NOT FOUND
 [BTCUSDT] [RENDER] renderOverlays: 2 total, 2 con renderOverlay, 2 enabled. Swing=NOT FOUND
 [BTCUSDT] [RENDER] renderOverlays: 2 total, 2 con renderOverlay, 2 enabled. Swing=NOT FOUND
 [BTCUSDT] [RENDER] renderOverlays: 2 total, 2 con renderOverlay, 2 enabled. Swing=NOT FOUND
 [BTCUSDT] [RENDER] renderOverlays: 2 total, 2 con renderOverlay, 2 enabled. Swing=NOT FOUND
 [BTCUSDT] [RENDER] renderOverlays: 2 total, 2 con renderOverlay, 2 enabled. Swing=NOT FOUND
 [BTCUSDT] [RENDER] renderOverlays: 2 total, 2 con renderOverlay, 2 enabled. Swing=NOT FOUND
 [BTCUSDT] [RENDER] renderOverlays: 2 total, 2 con renderOverlay, 2 enabled. Swing=NOT FOUND
 [BTCUSDT] [RENDER] renderOverlays: 2 total, 2 con renderOverlay, 2 enabled. Swing=NOT FOUND
 [BTCUSDT] drawChart: 1516 velas disponibles, zoom=0.314, chartWidth=1229, mostrando=489, userZoomed=true
 [BTCUSDT] [RENDER] renderOverlays: 2 total, 2 con renderOverlay, 2 enabled. Swing=NOT FOUND
 [BTCUSDT] [RENDER] renderOverlays: 2 total, 2 con renderOverlay, 2 enabled. Swing=NOT FOUND
 [CandleCache] ✅ BTCUSDT@1 - guardado (1516 velas, memoria: 1/4)
 [BTCUSDT] [RENDER] renderOverlays: 2 total, 2 con renderOverlay, 2 enabled. Swing=NOT FOUND
 [BTCUSDT] [RENDER] renderOverlays: 2 total, 2 con renderOverlay, 2 enabled. Swing=NOT FOUND
 [BTCUSDT] [RENDER] renderOverlays: 2 total, 2 con renderOverlay, 2 enabled. Swing=NOT FOUND
 [BTCUSDT] [RENDER] renderOverlays: 2 total, 2 con renderOverlay, 2 enabled. Swing=NOT FOUND
 [BTCUSDT] [RENDER] renderOverlays: 2 total, 2 con renderOverlay, 2 enabled. Swing=NOT FOUND
 [BTCUSDT] [RENDER] renderOverlays: 2 total, 2 con renderOverlay, 2 enabled. Swing=NOT FOUND
 [BTCUSDT] [RENDER] renderOverlays: 2 total, 2 con renderOverlay, 2 enabled. Swing=NOT FOUND
 [BTCUSDT] drawChart: 1517 velas disponibles, zoom=0.314, chartWidth=1229, mostrando=489, userZoomed=true
 [BTCUSDT] [RENDER] renderOverlays: 2 total, 2 con renderOverlay, 2 enabled. Swing=NOT FOUND
 [BTCUSDT] [RENDER] renderOverlays: 2 total, 2 con renderOverlay, 2 enabled. Swing=NOT FOUND
 [BTCUSDT] [RENDER] renderOverlays: 2 total, 2 con renderOverlay, 2 enabled. Swing=NOT FOUND
 [BTCUSDT] [RENDER] renderOverlays: 2 total, 2 con renderOverlay, 2 enabled. Swing=NOT FOUND
 [BTCUSDT] [RENDER] renderOverlays: 2 total, 2 con renderOverlay, 2 enabled. Swing=NOT FOUND
 [BTCUSDT] [RENDER] renderOverlays: 2 total, 2 con renderOverlay, 2 enabled. Swing=NOT FOUND
 [BTCUSDT] [RENDER] renderOverlays: 2 total, 2 con renderOverlay, 2 enabled. Swing=NOT FOUND
 [BTCUSDT] [RENDER] renderOverlays: 2 total, 2 con renderOverlay, 2 enabled. Swing=NOT FOUND
 [BTCUSDT] [RENDER] renderOverlays: 2 total, 2 con renderOverlay, 2 enabled. Swing=NOT FOUND
 [BTCUSDT] [RENDER] renderOverlays: 2 total, 2 con renderOverlay, 2 enabled. Swing=NOT FOUND
 [BTCUSDT] [RENDER] renderOverlays: 2 total, 2 con renderOverlay, 2 enabled. Swing=NOT FOUND
 [BTCUSDT] drawChart: 1517 velas disponibles, zoom=0.314, chartWidth=1229, mostrando=489, userZoomed=true
 [BTCUSDT] [RENDER] renderOverlays: 2 total, 2 con renderOverlay, 2 enabled. Swing=NOT FOUND
 [BTCUSDT] [RENDER] renderOverlays: 2 total, 2 con renderOverlay, 2 enabled. Swing=NOT FOUND
 [CandleCache] ✅ BTCUSDT@1 - guardado (1517 velas, memoria: 1/4)
 [BTCUSDT] [RENDER] renderOverlays: 2 total, 2 con renderOverlay, 2 enabled. Swing=NOT FOUND
 [BTCUSDT] [RENDER] renderOverlays: 2 total, 2 con renderOverlay, 2 enabled. Swing=NOT FOUND
 [BTCUSDT] [RENDER] renderOverlays: 2 total, 2 con renderOverlay, 2 enabled. Swing=NOT FOUND
 [BTCUSDT] [RENDER] renderOverlays: 2 total, 2 con renderOverlay, 2 enabled. Swing=NOT FOUND
 [BTCUSDT] [RENDER] renderOverlays: 2 total, 2 con renderOverlay, 2 enabled. Swing=NOT FOUND
 [BTCUSDT] [RENDER] renderOverlays: 2 total, 2 con renderOverlay, 2 enabled. Swing=NOT FOUND
 [BTCUSDT] [RENDER] renderOverlays: 2 total, 2 con renderOverlay, 2 enabled. Swing=NOT FOUND
 [BTCUSDT] [RENDER] renderOverlays: 2 total, 2 con renderOverlay, 2 enabled. Swing=NOT FOUND
 [BTCUSDT] [RENDER] renderOverlays: 2 total, 2 con renderOverlay, 2 enabled. Swing=NOT FOUND
 [BTCUSDT] drawChart: 1518 velas disponibles, zoom=0.314, chartWidth=1229, mostrando=489, userZoomed=true
 [BTCUSDT] [RENDER] renderOverlays: 2 total, 2 con renderOverlay, 2 enabled. Swing=NOT FOUND
 [BTCUSDT] [RENDER] renderOverlays: 2 total, 2 con renderOverlay, 2 enabled. Swing=NOT FOUND
 [BTCUSDT] [RENDER] renderOverlays: 2 total, 2 con renderOverlay, 2 enabled. Swing=NOT FOUND
 [BTCUSDT] [RENDER] renderOverlays: 2 total, 2 con renderOverlay, 2 enabled. Swing=NOT FOUND
 [BTCUSDT] [RENDER] renderOverlays: 2 total, 2 con renderOverlay, 2 enabled. Swing=NOT FOUND
 [CandleCache] 💾 BTCUSDT@1 - desde memoria (1517 velas)
 [CandleCache] OK VALIDATION BTCUSDT@1: 1517 velas sin gaps
 [BTCUSDT] Carga INCREMENTAL: desde 10/2/2026, 8:25:00 p.m. (1517 velas en cache, 99%)
 [BTCUSDT] [RENDER] renderOverlays: 2 total, 2 con renderOverlay, 2 enabled. Swing=NOT FOUND
 [CandleCache] 🔄 Merge: 1517 cached + 1 new = 1517 total
 [BTCUSDT] ✅ Incremental: +1 velas nuevas = 1517 total
 [BTCUSDT] ✅ Histórico final: 1517 velas
 ✅ [8:26:46 p. m.] [Manager] [BTCUSDT] startAllPolling() llamado - 2 indicadores
 [BTCUSDT] [SWING] startAllPolling(): Swing Detector NOT FOUND
 ✅ [8:26:46 p. m.] [Manager] [BTCUSDT] -> Llamando startPollingIfReady() para VWAP
 ✅ [8:26:46 p. m.] [Manager] [BTCUSDT] 🚀 Polling iniciado para todos los indicadores
 [CandleCache] ✅ BTCUSDT@1 - guardado (1517 velas, memoria: 1/4)
 ✅ [8:26:46 p. m.] [Manager] [BTCUSDT] Servicio Zone Detector v2 activo - iniciando polling
 ✅ [8:26:46 p. m.] [Manager] [BTCUSDT] Realtime zone polling iniciado (cada 15s)
 [BTCUSDT] [RENDER] renderOverlays: 2 total, 2 con renderOverlay, 2 enabled. Swing=NOT FOUND
 [ZoneDetector] [APPLY V2] === INICIO === resultParams: {"multiplier":0.5,"ma_period":15,"atr_period":300}
 [ZoneDetector] [APPLY V2] fullConfig: {"atr_period":300,"ma_period":15,"multiplier":0.5,"max_outside_bars":5,"min_bars":8,"max_range_pct":6,"body_ratio":0.5,"max_outside_count":3,"use_ttm":true,"ttm_atr_length":30,"ttm_kc_multiplier":1,"ttm_min_squeeze_bars":10,"breakout_confirm_bars":3,"tp_rr_ratio":1,"sl_buffer_pct":0.1,"position_mode":"sequential","sl_mode":"va_poc","sl_poc_buffer_pct":50,"vp_bins_per_zone":30}
 [ZoneDetector] [APPLY V2] zoneDays: 7 symbol: BTCUSDT interval: 1
 [BTCUSDT] [backtestV2] POST /api/zones/v2/backtest Object
 [BTCUSDT] [RENDER] renderOverlays: 2 total, 2 con renderOverlay, 2 enabled. Swing=NOT FOUND
 [BTCUSDT] [RENDER] renderOverlays: 2 total, 2 con renderOverlay, 2 enabled. Swing=NOT FOUND
 [BTCUSDT] [RENDER] renderOverlays: 2 total, 2 con renderOverlay, 2 enabled. Swing=NOT FOUND
 [BTCUSDT] [RENDER] renderOverlays: 2 total, 2 con renderOverlay, 2 enabled. Swing=NOT FOUND
 [BTCUSDT] [backtestV2] Respuesta: success=true, zones=0, candles=10080
 [ZoneDetector] [APPLY V2] Respuesta backtest: Object
 [BTCUSDT] drawChart: 1519 velas disponibles, zoom=0.314, chartWidth=1229, mostrando=489, userZoomed=true
 [BTCUSDT] [RENDER] renderOverlays: 2 total, 2 con renderOverlay, 2 enabled. Swing=NOT FOUND
 [CandleCache] ✅ BTCUSDT@1 - guardado (1518 velas, memoria: 1/4)
 [BTCUSDT] [RENDER] renderOverlays: 2 total, 2 con renderOverlay, 2 enabled. Swing=NOT FOUND
 [BTCUSDT] [RENDER] renderOverlays: 2 total, 2 con renderOverlay, 2 enabled. Swing=NOT FOUND
 [BTCUSDT] [RENDER] renderOverlays: 2 total, 2 con renderOverlay, 2 enabled. Swing=NOT FOUND
 [BTCUSDT] [RENDER] renderOverlays: 2 total, 2 con renderOverlay, 2 enabled. Swing=NOT FOUND
 [BTCUSDT] [RENDER] renderOverlays: 2 total, 2 con renderOverlay, 2 enabled. Swing=NOT FOUND
 [BTCUSDT] [RENDER] renderOverlays: 2 total, 2 con renderOverlay, 2 enabled. Swing=NOT FOUND
 [BTCUSDT] [RENDER] renderOverlays: 2 total, 2 con renderOverlay, 2 enabled. Swing=NOT FOUND
 [BTCUSDT] [RENDER] renderOverlays: 2 total, 2 con renderOverlay, 2 enabled. Swing=NOT FOUND
 [BTCUSDT] [RENDER] renderOverlays: 2 total, 2 con renderOverlay, 2 enabled. Swing=NOT FOUND
 [BTCUSDT] [RENDER] renderOverlays: 2 total, 2 con renderOverlay, 2 enabled. Swing=NOT FOUND
 [BTCUSDT] [RENDER] renderOverlays: 2 total, 2 con renderOverlay, 2 enabled. Swing=NOT FOUND
 [BTCUSDT] drawChart: 1519 velas disponibles, zoom=0.314, chartWidth=1229, mostrando=489, userZoomed=true
 [BTCUSDT] [RENDER] renderOverlays: 2 total, 2 con renderOverlay, 2 enabled. Swing=NOT FOUND
 [BTCUSDT] [RENDER] renderOverlays: 2 total, 2 con renderOverlay, 2 enabled. Swing=NOT FOUND
 [BTCUSDT] [RENDER] renderOverlays: 2 total, 2 con renderOverlay, 2 enabled. Swing=NOT FOUND
 [BTCUSDT] [RENDER] renderOverlays: 2 total, 2 con renderOverlay, 2 enabled. Swing=NOT FOUND
 [BTCUSDT] [RENDER] renderOverlays: 2 total, 2 con renderOverlay, 2 enabled. Swing=NOT FOUND
 [BTCUSDT] [RENDER] renderOverlays: 2 total, 2 con renderOverlay, 2 enabled. Swing=NOT FOUND
 [BTCUSDT] [RENDER] renderOverlays: 2 total, 2 con renderOverlay, 2 enabled. Swing=NOT FOUND
 [BTCUSDT] [RENDER] renderOverlays: 2 total, 2 con renderOverlay, 2 enabled. Swing=NOT FOUND
 [BTCUSDT] [RENDER] renderOverlays: 2 total, 2 con renderOverlay, 2 enabled. Swing=NOT FOUND
 [BTCUSDT] [RENDER] renderOverlays: 2 total, 2 con renderOverlay, 2 enabled. Swing=NOT FOUND
 [BTCUSDT] [RENDER] renderOverlays: 2 total, 2 con renderOverlay, 2 enabled. Swing=NOT FOUND
 [BTCUSDT] drawChart: 1519 velas disponibles, zoom=0.314, chartWidth=1229, mostrando=489, userZoomed=true
 [BTCUSDT] [RENDER] renderOverlays: 2 total, 2 con renderOverlay, 2 enabled. Swing=NOT FOUND
 [CandleCache] ✅ BTCUSDT@1 - guardado (1519 velas, memoria: 1/4)
 [BTCUSDT] [RENDER] renderOverlays: 2 total, 2 con renderOverlay, 2 enabled. Swing=NOT FOUND
 [BTCUSDT] [RENDER] renderOverlays: 2 total, 2 con renderOverlay, 2 enabled. Swing=NOT FOUND
 [BTCUSDT] [RENDER] renderOverlays: 2 total, 2 con renderOverlay, 2 enabled. Swing=NOT FOUND
 [BTCUSDT] [RENDER] renderOverlays: 2 total, 2 con renderOverlay, 2 enabled. Swing=NOT FOUND
 [BTCUSDT] [RENDER] renderOverlays: 2 total, 2 con renderOverlay, 2 enabled. Swing=NOT FOUND
 [BTCUSDT] [RENDER] renderOverlays: 2 total, 2 con renderOverlay, 2 enabled. Swing=NOT FOUND
 [BTCUSDT] [RENDER] renderOverlays: 2 total, 2 con renderOverlay, 2 enabled. Swing=NOT FOUND
 [BTCUSDT] [RENDER] renderOverlays: 2 total, 2 con renderOverlay, 2 enabled. Swing=NOT FOUND
 [BTCUSDT] [RENDER] renderOverlays: 2 total, 2 con renderOverlay, 2 enabled. Swing=NOT FOUND
 [BTCUSDT] [RENDER] renderOverlays: 2 total, 2 con renderOverlay, 2 enabled. Swing=NOT FOUND
 [BTCUSDT] drawChart: 1520 velas disponibles, zoom=0.314, chartWidth=1229, mostrando=489, userZoomed=true
 [BTCUSDT] [RENDER] renderOverlays: 2 total, 2 con renderOverlay, 2 enabled. Swing=NOT FOUND
 [BTCUSDT] [RENDER] renderOverlays: 2 total, 2 con renderOverlay, 2 enabled. Swing=NOT FOUND
 [BTCUSDT] [RENDER] renderOverlays: 2 total, 2 con renderOverlay, 2 enabled. Swing=NOT FOUND
 [BTCUSDT] [RENDER] renderOverlays: 2 total, 2 con renderOverlay, 2 enabled. Swing=NOT FOUND
 [BTCUSDT] [RENDER] renderOverlays: 2 total, 2 con renderOverlay, 2 enabled. Swing=NOT FOUND
 [BTCUSDT] [RENDER] renderOverlays: 2 total, 2 con renderOverlay, 2 enabled. Swing=NOT FOUND
 [BTCUSDT] [RENDER] renderOverlays: 2 total, 2 con renderOverlay, 2 enabled. Swing=NOT FOUND
 [BTCUSDT] [RENDER] renderOverlays: 2 total, 2 con renderOverlay, 2 enabled. Swing=NOT FOUND
 [BTCUSDT] [RENDER] renderOverlays: 2 total, 2 con renderOverlay, 2 enabled. Swing=NOT FOUND
 [BTCUSDT] [RENDER] renderOverlays: 2 total, 2 con renderOverlay, 2 enabled. Swing=NOT FOUND
 [BTCUSDT] [RENDER] renderOverlays: 2 total, 2 con renderOverlay, 2 enabled. Swing=NOT FOUND
 [BTCUSDT] [RENDER] renderOverlays: 2 total, 2 con renderOverlay, 2 enabled. Swing=NOT FOUND
 [BTCUSDT] drawChart: 1521 velas disponibles, zoom=0.314, chartWidth=1229, mostrando=489, userZoomed=true
 [CandleCache] ✅ BTCUSDT@1 - guardado (1520 velas, memoria: 1/4)
 [BTCUSDT] [RENDER] renderOverlays: 2 total, 2 con renderOverlay, 2 enabled. Swing=NOT FOUND
 [BTCUSDT] [RENDER] renderOverlays: 2 total, 2 con renderOverlay, 2 enabled. Swing=NOT FOUND
 [BTCUSDT] [RENDER] renderOverlays: 2 total, 2 con renderOverlay, 2 enabled. Swing=NOT FOUND
 [BTCUSDT] [RENDER] renderOverlays: 2 total, 2 con renderOverlay, 2 enabled. Swing=NOT FOUND
 [BTCUSDT] [RENDER] renderOverlays: 2 total, 2 con renderOverlay, 2 enabled. Swing=NOT FOUND
 [BTCUSDT] [RENDER] renderOverlays: 2 total, 2 con renderOverlay, 2 enabled. Swing=NOT FOUND
 [BTCUSDT] [RENDER] renderOverlays: 2 total, 2 con renderOverlay, 2 enabled. Swing=NOT FOUND
 [BTCUSDT] [RENDER] renderOverlays: 2 total, 2 con renderOverlay, 2 enabled. Swing=NOT FOUND
 [BTCUSDT] [RENDER] renderOverlays: 2 total, 2 con renderOverlay, 2 enabled. Swing=NOT FOUND
 [BTCUSDT] [RENDER] renderOverlays: 2 total, 2 con renderOverlay, 2 enabled. Swing=NOT FOUND
 [ZoneDetector] Preset "vp_5_rr_2" cargado
 [BTCUSDT] drawChart: 1521 velas disponibles, zoom=0.314, chartWidth=1229, mostrando=489, userZoomed=true
 [BTCUSDT] [RENDER] renderOverlays: 2 total, 2 con renderOverlay, 2 enabled. Swing=NOT FOUND
 [BTCUSDT] [RENDER] renderOverlays: 2 total, 2 con renderOverlay, 2 enabled. Swing=NOT FOUND
 [BTCUSDT] [RENDER] renderOverlays: 2 total, 2 con renderOverlay, 2 enabled. Swing=NOT FOUND
 [BTCUSDT] [RENDER] renderOverlays: 2 total, 2 con renderOverlay, 2 enabled. Swing=NOT FOUND
 ✅ [8:29:47 p. m.] [Manager] [BTCUSDT] V2 Optimizacion: 2 params, metric=total_pnl_r
 [BTCUSDT] [RENDER] renderOverlays: 2 total, 2 con renderOverlay, 2 enabled. Swing=NOT FOUND
 [BTCUSDT] [RENDER] renderOverlays: 2 total, 2 con renderOverlay, 2 enabled. Swing=NOT FOUND
 [BTCUSDT] [RENDER] renderOverlays: 2 total, 2 con renderOverlay, 2 enabled. Swing=NOT FOUND
 [BTCUSDT] [RENDER] renderOverlays: 2 total, 2 con renderOverlay, 2 enabled. Swing=NOT FOUND
 [BTCUSDT] [RENDER] renderOverlays: 2 total, 2 con renderOverlay, 2 enabled. Swing=NOT FOUND
 [CandleCache] ✅ BTCUSDT@1 - guardado (1521 velas, memoria: 1/4)
 [BTCUSDT] [RENDER] renderOverlays: 2 total, 2 con renderOverlay, 2 enabled. Swing=NOT FOUND
 [BTCUSDT] [RENDER] renderOverlays: 2 total, 2 con renderOverlay, 2 enabled. Swing=NOT FOUND
 [BTCUSDT] [RENDER] renderOverlays: 2 total, 2 con renderOverlay, 2 enabled. Swing=NOT FOUND
 [BTCUSDT] drawChart: 1522 velas disponibles, zoom=0.314, chartWidth=1229, mostrando=489, userZoomed=true
 [BTCUSDT] [RENDER] renderOverlays: 2 total, 2 con renderOverlay, 2 enabled. Swing=NOT FOUND
 [BTCUSDT] [RENDER] renderOverlays: 2 total, 2 con renderOverlay, 2 enabled. Swing=NOT FOUND
 ✅ [8:30:13 p. m.] [Manager] [BTCUSDT] V2 Optimizacion completada: 66 combos en 11.5s
 [BTCUSDT] [RENDER] renderOverlays: 2 total, 2 con renderOverlay, 2 enabled. Swing=NOT FOUND
 [BTCUSDT] [RENDER] renderOverlays: 2 total, 2 con renderOverlay, 2 enabled. Swing=NOT FOUND
 [BTCUSDT] [RENDER] renderOverlays: 2 total, 2 con renderOverlay, 2 enabled. Swing=NOT FOUND
 [BTCUSDT] [RENDER] renderOverlays: 2 total, 2 con renderOverlay, 2 enabled. Swing=NOT FOUND
 [BTCUSDT] [RENDER] renderOverlays: 2 total, 2 con renderOverlay, 2 enabled. Swing=NOT FOUND
 [BTCUSDT] [RENDER] renderOverlays: 2 total, 2 con renderOverlay, 2 enabled. Swing=NOT FOUND
 [BTCUSDT] [RENDER] renderOverlays: 2 total, 2 con renderOverlay, 2 enabled. Swing=NOT FOUND
 [BTCUSDT] [RENDER] renderOverlays: 2 total, 2 con renderOverlay, 2 enabled. Swing=NOT FOUND
 [BTCUSDT] [RENDER] renderOverlays: 2 total, 2 con renderOverlay, 2 enabled. Swing=NOT FOUND
 [BTCUSDT] drawChart: 1522 velas disponibles, zoom=0.314, chartWidth=1229, mostrando=489, userZoomed=true
 [BTCUSDT] [RENDER] renderOverlays: 2 total, 2 con renderOverlay, 2 enabled. Swing=NOT FOUND
 [BTCUSDT] [RENDER] renderOverlays: 2 total, 2 con renderOverlay, 2 enabled. Swing=NOT FOUND
 [BTCUSDT] [RENDER] renderOverlays: 2 total, 2 con renderOverlay, 2 enabled. Swing=NOT FOUND
 [BTCUSDT] [RENDER] renderOverlays: 2 total, 2 con renderOverlay, 2 enabled. Swing=NOT FOUND
 [BTCUSDT] [RENDER] renderOverlays: 2 total, 2 con renderOverlay, 2 enabled. Swing=NOT FOUND
 [BTCUSDT] [RENDER] renderOverlays: 2 total, 2 con renderOverlay, 2 enabled. Swing=NOT FOUND
 [BTCUSDT] [RENDER] renderOverlays: 2 total, 2 con renderOverlay, 2 enabled. Swing=NOT FOUND
 [BTCUSDT] [RENDER] renderOverlays: 2 total, 2 con renderOverlay, 2 enabled. Swing=NOT FOUND
CandleCache.js:164 [CandleCache] ✅ BTCUSDT@1 - guardado (1522 velas, memoria: 1/4)
IndicatorManager.js:509 [BTCUSDT] [RENDER] renderOverlays: 2 total, 2 con renderOverlay, 2 enabled. Swing=NOT FOUND
MiniChart.jsx:716 [BTCUSDT] drawChart: 1523 velas disponibles, zoom=0.314, chartWidth=1229, mostrando=489, userZoomed=true
IndicatorManager.js:509 [BTCUSDT] [RENDER] renderOverlays: 2 total, 2 con renderOverlay, 2 enabled. Swing=NOT FOUND
IndicatorManager.js:509 [BTCUSDT] [RENDER] renderOverlays: 2 total, 2 con renderOverlay, 2 enabled. Swing=NOT FOUND
IndicatorManager.js:509 [BTCUSDT] [RENDER] renderOverlays: 2 total, 2 con renderOverlay, 2 enabled. Swing=NOT FOUND
IndicatorManager.js:509 [BTCUSDT] [RENDER] renderOverlays: 2 total, 2 con renderOverlay, 2 enabled. Swing=NOT FOUND
IndicatorManager.js:509 [BTCUSDT] [RENDER] renderOverlays: 2 total, 2 con renderOverlay, 2 enabled. Swing=NOT FOUND
IndicatorManager.js:509 [BTCUSDT] [RENDER] renderOverlays: 2 total, 2 con renderOverlay, 2 enabled. Swing=NOT FOUND
IndicatorManager.js:509 [BTCUSDT] [RENDER] renderOverlays: 2 total, 2 con renderOverlay, 2 enabled. Swing=NOT FOUND
IndicatorManager.js:509 [BTCUSDT] [RENDER] renderOverlays: 2 total, 2 con renderOverlay, 2 enabled. Swing=NOT FOUND
IndicatorManager.js:509 [BTCUSDT] [RENDER] renderOverlays: 2 total, 2 con renderOverlay, 2 enabled. Swing=NOT FOUND
MiniChart.jsx:716 [BTCUSDT] drawChart: 1523 velas disponibles, zoom=0.314, chartWidth=1229, mostrando=489, userZoomed=true
IndicatorManager.js:509 [BTCUSDT] [RENDER] renderOverlays: 2 total, 2 con renderOverlay, 2 enabled. Swing=NOT FOUND
CandleCache.js:68 [CandleCache] 💾 BTCUSDT@1 - desde memoria (1522 velas)
CandleCache.js:264 [CandleCache] OK VALIDATION BTCUSDT@1: 1522 velas sin gaps
MiniChart.jsx:1274 [BTCUSDT] Carga INCREMENTAL: desde 10/2/2026, 8:30:00 p.m. (1522 velas en cache, 99%)
IndicatorManager.js:509 [BTCUSDT] [RENDER] renderOverlays: 2 total, 2 con renderOverlay, 2 enabled. Swing=NOT FOUND
IndicatorManager.js:509 [BTCUSDT] [RENDER] renderOverlays: 2 total, 2 con renderOverlay, 2 enabled. Swing=NOT FOUND
CandleCache.js:192 [CandleCache] 🔄 Merge: 1522 cached + 1 new = 1522 total
MiniChart.jsx:1340 [BTCUSDT] ✅ Incremental: +1 velas nuevas = 1522 total
MiniChart.jsx:1364 [BTCUSDT] ✅ Histórico final: 1522 velas
Logger.js:100 ✅ [8:31:49 p. m.] [Manager] [BTCUSDT] startAllPolling() llamado - 2 indicadores
IndicatorManager.js:1446 [BTCUSDT] [SWING] startAllPolling(): Swing Detector NOT FOUND
Logger.js:100 ✅ [8:31:49 p. m.] [Manager] [BTCUSDT] -> Llamando startPollingIfReady() para VWAP
Logger.js:100 ✅ [8:31:49 p. m.] [Manager] [BTCUSDT] 🚀 Polling iniciado para todos los indicadores
CandleCache.js:164 [CandleCache] ✅ BTCUSDT@1 - guardado (1522 velas, memoria: 1/4)
Logger.js:100 ✅ [8:31:49 p. m.] [Manager] [BTCUSDT] Servicio Zone Detector v2 activo - iniciando polling
Logger.js:100 ✅ [8:31:49 p. m.] [Manager] [BTCUSDT] Realtime zone polling iniciado (cada 15s)
IndicatorManager.js:509 [BTCUSDT] [RENDER] renderOverlays: 2 total, 2 con renderOverlay, 2 enabled. Swing=NOT FOUND
IndicatorManager.js:509 [BTCUSDT] [RENDER] renderOverlays: 2 total, 2 con renderOverlay, 2 enabled. Swing=NOT FOUND
IndicatorManager.js:509 [BTCUSDT] [RENDER] renderOverlays: 2 total, 2 con renderOverlay, 2 enabled. Swing=NOT FOUND
IndicatorManager.js:509 [BTCUSDT] [RENDER] renderOverlays: 2 total, 2 con renderOverlay, 2 enabled. Swing=NOT FOUND
CandleCache.js:164 [CandleCache] ✅ BTCUSDT@1 - guardado (1523 velas, memoria: 1/4)
IndicatorManager.js:509 [BTCUSDT] [RENDER] renderOverlays: 2 total, 2 con renderOverlay, 2 enabled. Swing=NOT FOUND
MiniChart.jsx:716 [BTCUSDT] drawChart: 1524 velas disponibles, zoom=0.314, chartWidth=1229, mostrando=489, userZoomed=true
IndicatorManager.js:509 [BTCUSDT] [RENDER] renderOverlays: 2 total, 2 con renderOverlay, 2 enabled. Swing=NOT FOUND
IndicatorManager.js:509 [BTCUSDT] [RENDER] renderOverlays: 2 total, 2 con renderOverlay, 2 enabled. Swing=NOT FOUND
IndicatorManager.js:509 [BTCUSDT] [RENDER] renderOverlays: 2 total, 2 con renderOverlay, 2 enabled. Swing=NOT FOUND
IndicatorManager.js:509 [BTCUSDT] [RENDER] renderOverlays: 2 total, 2 con renderOverlay, 2 enabled. Swing=NOT FOUND
IndicatorManager.js:509 [BTCUSDT] [RENDER] renderOverlays: 2 total, 2 con renderOverlay, 2 enabled. Swing=NOT FOUND
IndicatorManager.js:509 [BTCUSDT] [RENDER] renderOverlays: 2 total, 2 con renderOverlay, 2 enabled. Swing=NOT FOUND
IndicatorManager.js:509 [BTCUSDT] [RENDER] renderOverlays: 2 total, 2 con renderOverlay, 2 enabled. Swing=NOT FOUND
IndicatorManager.js:509 [BTCUSDT] [RENDER] renderOverlays: 2 total, 2 con renderOverlay, 2 enabled. Swing=NOT FOUND
IndicatorManager.js:509 [BTCUSDT] [RENDER] renderOverlays: 2 total, 2 con renderOverlay, 2 enabled. Swing=NOT FOUND
IndicatorManager.js:509 [BTCUSDT] [RENDER] renderOverlays: 2 total, 2 con renderOverlay, 2 enabled. Swing=NOT FOUND
MiniChart.jsx:716 [BTCUSDT] drawChart: 1524 velas disponibles, zoom=0.314, chartWidth=1229, mostrando=489, userZoomed=true
IndicatorManager.js:509 [BTCUSDT] [RENDER] renderOverlays: 2 total, 2 con renderOverlay, 2 enabled. Swing=NOT FOUND
IndicatorManager.js:509 [BTCUSDT] [RENDER] renderOverlays: 2 total, 2 con renderOverlay, 2 enabled. Swing=NOT FOUND
IndicatorManager.js:509 [BTCUSDT] [RENDER] renderOverlays: 2 total, 2 con renderOverlay, 2 enabled. Swing=NOT FOUND
IndicatorManager.js:509 [BTCUSDT] [RENDER] renderOverlays: 2 total, 2 con renderOverlay, 2 enabled. Swing=NOT FOUND
IndicatorManager.js:509 [BTCUSDT] [RENDER] renderOverlays: 2 total, 2 con renderOverlay, 2 enabled. Swing=NOT FOUND
IndicatorManager.js:509 [BTCUSDT] [RENDER] renderOverlays: 2 total, 2 con renderOverlay, 2 enabled. Swing=NOT FOUND
IndicatorManager.js:509 [BTCUSDT] [RENDER] renderOverlays: 2 total, 2 con renderOverlay, 2 enabled. Swing=NOT FOUND
CandleCache.js:164 [CandleCache] ✅ BTCUSDT@1 - guardado (1524 velas, memoria: 1/4)
IndicatorManager.js:509 [BTCUSDT] [RENDER] renderOverlays: 2 total, 2 con renderOverlay, 2 enabled. Swing=NOT FOUND
IndicatorManager.js:509 [BTCUSDT] [RENDER] renderOverlays: 2 total, 2 con renderOverlay, 2 enabled. Swing=NOT FOUND
IndicatorManager.js:509 [BTCUSDT] [RENDER] renderOverlays: 2 total, 2 con renderOverlay, 2 enabled. Swing=NOT FOUND
IndicatorManager.js:509 [BTCUSDT] [RENDER] renderOverlays: 2 total, 2 con renderOverlay, 2 enabled. Swing=NOT FOUND
IndicatorManager.js:509 [BTCUSDT] [RENDER] renderOverlays: 2 total, 2 con renderOverlay, 2 enabled. Swing=NOT FOUND
MiniChart.jsx:716 [BTCUSDT] drawChart: 1525 velas disponibles, zoom=0.314, chartWidth=1229, mostrando=489, userZoomed=true
IndicatorManager.js:509 [BTCUSDT] [RENDER] renderOverlays: 2 total, 2 con renderOverlay, 2 enabled. Swing=NOT FOUND
IndicatorManager.js:509 [BTCUSDT] [RENDER] renderOverlays: 2 total, 2 con renderOverlay, 2 enabled. Swing=NOT FOUND
IndicatorManager.js:509 [BTCUSDT] [RENDER] renderOverlays: 2 total, 2 con renderOverlay, 2 enabled. Swing=NOT FOUND
IndicatorManager.js:509 [BTCUSDT] [RENDER] renderOverlays: 2 total, 2 con renderOverlay, 2 enabled. Swing=NOT FOUND
IndicatorManager.js:509 [BTCUSDT] [RENDER] renderOverlays: 2 total, 2 con renderOverlay, 2 enabled. Swing=NOT FOUND
IndicatorManager.js:509 [BTCUSDT] [RENDER] renderOverlays: 2 total, 2 con renderOverlay, 2 enabled. Swing=NOT FOUND
IndicatorManager.js:509 [BTCUSDT] [RENDER] renderOverlays: 2 total, 2 con renderOverlay, 2 enabled. Swing=NOT FOUND
IndicatorManager.js:509 [BTCUSDT] [RENDER] renderOverlays: 2 total, 2 con renderOverlay, 2 enabled. Swing=NOT FOUND
IndicatorManager.js:509 [BTCUSDT] [RENDER] renderOverlays: 2 total, 2 con renderOverlay, 2 enabled. Swing=NOT FOUND
IndicatorManager.js:509 [BTCUSDT] [RENDER] renderOverlays: 2 total, 2 con renderOverlay, 2 enabled. Swing=NOT FOUND
IndicatorManager.js:509 [BTCUSDT] [RENDER] renderOverlays: 2 total, 2 con renderOverlay, 2 enabled. Swing=NOT FOUND
IndicatorManager.js:509 [BTCUSDT] [RENDER] renderOverlays: 2 total, 2 con renderOverlay, 2 enabled. Swing=NOT FOUND
MiniChart.jsx:716 [BTCUSDT] drawChart: 1525 velas disponibles, zoom=0.314, chartWidth=1229, mostrando=489, userZoomed=true
IndicatorManager.js:509 [BTCUSDT] [RENDER] renderOverlays: 2 total, 2 con renderOverlay, 2 enabled. Swing=NOT FOUND
IndicatorManager.js:509 [BTCUSDT] [RENDER] renderOverlays: 2 total, 2 con renderOverlay, 2 enabled. Swing=NOT FOUND
IndicatorManager.js:509 [BTCUSDT] [RENDER] renderOverlays: 2 total, 2 con renderOverlay, 2 enabled. Swing=NOT FOUND
IndicatorManager.js:509 [BTCUSDT] [RENDER] renderOverlays: 2 total, 2 con renderOverlay, 2 enabled. Swing=NOT FOUND
CandleCache.js:164 [CandleCache] ✅ BTCUSDT@1 - guardado (1525 velas, memoria: 1/4)
IndicatorManager.js:509 [BTCUSDT] [RENDER] renderOverlays: 2 total, 2 con renderOverlay, 2 enabled. Swing=NOT FOUND
IndicatorManager.js:509 [BTCUSDT] [RENDER] renderOverlays: 2 total, 2 con renderOverlay, 2 enabled. Swing=NOT FOUND
IndicatorManager.js:509 [BTCUSDT] [RENDER] renderOverlays: 2 total, 2 con renderOverlay, 2 enabled. Swing=NOT FOUND
IndicatorManager.js:509 [BTCUSDT] [RENDER] renderOverlays: 2 total, 2 con renderOverlay, 2 enabled. Swing=NOT FOUND
IndicatorManager.js:509 [BTCUSDT] [RENDER] renderOverlays: 2 total, 2 con renderOverlay, 2 enabled. Swing=NOT FOUND
IndicatorManager.js:509 [BTCUSDT] [RENDER] renderOverlays: 2 total, 2 con renderOverlay, 2 enabled. Swing=NOT FOUND
MiniChart.jsx:716 [BTCUSDT] drawChart: 1526 velas disponibles, zoom=0.314, chartWidth=1229, mostrando=489, userZoomed=true
IndicatorManager.js:509 [BTCUSDT] [RENDER] renderOverlays: 2 total, 2 con renderOverlay, 2 enabled. Swing=NOT FOUND
IndicatorManager.js:509 [BTCUSDT] [RENDER] renderOverlays: 2 total, 2 con renderOverlay, 2 enabled. Swing=NOT FOUND
IndicatorManager.js:509 [BTCUSDT] [RENDER] renderOverlays: 2 total, 2 con renderOverlay, 2 enabled. Swing=NOT FOUND
IndicatorManager.js:509 [BTCUSDT] [RENDER] renderOverlays: 2 total, 2 con renderOverlay, 2 enabled. Swing=NOT FOUND
IndicatorManager.js:509 [BTCUSDT] [RENDER] renderOverlays: 2 total, 2 con renderOverlay, 2 enabled. Swing=NOT FOUND
IndicatorManager.js:509 [BTCUSDT] [RENDER] renderOverlays: 2 total, 2 con renderOverlay, 2 enabled. Swing=NOT FOUND
IndicatorManager.js:509 [BTCUSDT] [RENDER] renderOverlays: 2 total, 2 con renderOverlay, 2 enabled. Swing=NOT FOUND
IndicatorManager.js:509 [BTCUSDT] [RENDER] renderOverlays: 2 total, 2 con renderOverlay, 2 enabled. Swing=NOT FOUND
IndicatorManager.js:509 [BTCUSDT] [RENDER] renderOverlays: 2 total, 2 con renderOverlay, 2 enabled. Swing=NOT FOUND
IndicatorManager.js:509 [BTCUSDT] [RENDER] renderOverlays: 2 total, 2 con renderOverlay, 2 enabled. Swing=NOT FOUND
IndicatorManager.js:509 [BTCUSDT] [RENDER] renderOverlays: 2 total, 2 con renderOverlay, 2 enabled. Swing=NOT FOUND
IndicatorManager.js:509 [BTCUSDT] [RENDER] renderOverlays: 2 total, 2 con renderOverlay, 2 enabled. Swing=NOT FOUND
MiniChart.jsx:716 [BTCUSDT] drawChart: 1526 velas disponibles, zoom=0.314, chartWidth=1229, mostrando=489, userZoomed=true
IndicatorManager.js:509 [BTCUSDT] [RENDER] renderOverlays: 2 total, 2 con renderOverlay, 2 enabled. Swing=NOT FOUND
IndicatorManager.js:509 [BTCUSDT] [RENDER] renderOverlays: 2 total, 2 con renderOverlay, 2 enabled. Swing=NOT FOUND
IndicatorManager.js:509 [BTCUSDT] [RENDER] renderOverlays: 2 total, 2 con renderOverlay, 2 enabled. Swing=NOT FOUND
IndicatorManager.js:509 [BTCUSDT] [RENDER] renderOverlays: 2 total, 2 con renderOverlay, 2 enabled. Swing=NOT FOUND
IndicatorManager.js:509 [BTCUSDT] [RENDER] renderOverlays: 2 total, 2 con renderOverlay, 2 enabled. Swing=NOT FOUND
CandleCache.js:164 [CandleCache] ✅ BTCUSDT@1 - guardado (1526 velas, memoria: 1/4)
IndicatorManager.js:509 [BTCUSDT] [RENDER] renderOverlays: 2 total, 2 con renderOverlay, 2 enabled. Swing=NOT FOUND
IndicatorManager.js:509 [BTCUSDT] [RENDER] renderOverlays: 2 total, 2 con renderOverlay, 2 enabled. Swing=NOT FOUND
IndicatorManager.js:509 [BTCUSDT] [RENDER] renderOverlays: 2 total, 2 con renderOverlay, 2 enabled. Swing=NOT FOUND
IndicatorManager.js:509 [BTCUSDT] [RENDER] renderOverlays: 2 total, 2 con renderOverlay, 2 enabled. Swing=NOT FOUND
IndicatorManager.js:509 [BTCUSDT] [RENDER] renderOverlays: 2 total, 2 con renderOverlay, 2 enabled. Swing=NOT FOUND
IndicatorManager.js:509 [BTCUSDT] [RENDER] renderOverlays: 2 total, 2 con renderOverlay, 2 enabled. Swing=NOT FOUND
MiniChart.jsx:716 [BTCUSDT] drawChart: 1527 velas disponibles, zoom=0.314, chartWidth=1229, mostrando=489, userZoomed=true
IndicatorManager.js:509 [BTCUSDT] [RENDER] renderOverlays: 2 total, 2 con renderOverlay, 2 enabled. Swing=NOT FOUND
IndicatorManager.js:509 [BTCUSDT] [RENDER] renderOverlays: 2 total, 2 con renderOverlay, 2 enabled. Swing=NOT FOUND
IndicatorManager.js:509 [BTCUSDT] [RENDER] renderOverlays: 2 total, 2 con renderOverlay, 2 enabled. Swing=NOT FOUND
IndicatorManager.js:509 [BTCUSDT] [RENDER] renderOverlays: 2 total, 2 con renderOverlay, 2 enabled. Swing=NOT FOUND
IndicatorManager.js:509 [BTCUSDT] [RENDER] renderOverlays: 2 total, 2 con renderOverlay, 2 enabled. Swing=NOT FOUND
IndicatorManager.js:509 [BTCUSDT] [RENDER] renderOverlays: 2 total, 2 con renderOverlay, 2 enabled. Swing=NOT FOUND
IndicatorManager.js:509 [BTCUSDT] [RENDER] renderOverlays: 2 total, 2 con renderOverlay, 2 enabled. Swing=NOT FOUND
IndicatorManager.js:509 [BTCUSDT] [RENDER] renderOverlays: 2 total, 2 con renderOverlay, 2 enabled. Swing=NOT FOUND
IndicatorManager.js:509 [BTCUSDT] [RENDER] renderOverlays: 2 total, 2 con renderOverlay, 2 enabled. Swing=NOT FOUND
IndicatorManager.js:509 [BTCUSDT] [RENDER] renderOverlays: 2 total, 2 con renderOverlay, 2 enabled. Swing=NOT FOUND
MiniChart.jsx:716 [BTCUSDT] drawChart: 1527 velas disponibles, zoom=0.314, chartWidth=1229, mostrando=489, userZoomed=true
IndicatorManager.js:509 [BTCUSDT] [RENDER] renderOverlays: 2 total, 2 con renderOverlay, 2 enabled. Swing=NOT FOUND
IndicatorManager.js:509 [BTCUSDT] [RENDER] renderOverlays: 2 total, 2 con renderOverlay, 2 enabled. Swing=NOT FOUND
IndicatorManager.js:509 [BTCUSDT] [RENDER] renderOverlays: 2 total, 2 con renderOverlay, 2 enabled. Swing=NOT FOUND
IndicatorManager.js:509 [BTCUSDT] [RENDER] renderOverlays: 2 total, 2 con renderOverlay, 2 enabled. Swing=NOT FOUND
IndicatorManager.js:509 [BTCUSDT] [RENDER] renderOverlays: 2 total, 2 con renderOverlay, 2 enabled. Swing=NOT FOUND
CandleCache.js:164 [CandleCache] ✅ BTCUSDT@1 - guardado (1527 velas, memoria: 1/4)
IndicatorManager.js:509 [BTCUSDT] [RENDER] renderOverlays: 2 total, 2 con renderOverlay, 2 enabled. Swing=NOT FOUND
IndicatorManager.js:509 [BTCUSDT] [RENDER] renderOverlays: 2 total, 2 con renderOverlay, 2 enabled. Swing=NOT FOUND
IndicatorManager.js:509 [BTCUSDT] [RENDER] renderOverlays: 2 total, 2 con renderOverlay, 2 enabled. Swing=NOT FOUND
IndicatorManager.js:509 [BTCUSDT] [RENDER] renderOverlays: 2 total, 2 con renderOverlay, 2 enabled. Swing=NOT FOUND
IndicatorManager.js:509 [BTCUSDT] [RENDER] renderOverlays: 2 total, 2 con renderOverlay, 2 enabled. Swing=NOT FOUND
IndicatorManager.js:509 [BTCUSDT] [RENDER] renderOverlays: 2 total, 2 con renderOverlay, 2 enabled. Swing=NOT FOUND
MiniChart.jsx:716 [BTCUSDT] drawChart: 1528 velas disponibles, zoom=0.314, chartWidth=1229, mostrando=489, userZoomed=true
IndicatorManager.js:509 [BTCUSDT] [RENDER] renderOverlays: 2 total, 2 con renderOverlay, 2 enabled. Swing=NOT FOUND
IndicatorManager.js:509 [BTCUSDT] [RENDER] renderOverlays: 2 total, 2 con renderOverlay, 2 enabled. Swing=NOT FOUND
IndicatorManager.js:509 [BTCUSDT] [RENDER] renderOverlays: 2 total, 2 con renderOverlay, 2 enabled. Swing=NOT FOUND
IndicatorManager.js:509 [BTCUSDT] [RENDER] renderOverlays: 2 total, 2 con renderOverlay, 2 enabled. Swing=NOT FOUND
IndicatorManager.js:509 [BTCUSDT] [RENDER] renderOverlays: 2 total, 2 con renderOverlay, 2 enabled. Swing=NOT FOUND
IndicatorManager.js:509 [BTCUSDT] [RENDER] renderOverlays: 2 total, 2 con renderOverlay, 2 enabled. Swing=NOT FOUND
IndicatorManager.js:509 [BTCUSDT] [RENDER] renderOverlays: 2 total, 2 con renderOverlay, 2 enabled. Swing=NOT FOUND
IndicatorManager.js:509 [BTCUSDT] [RENDER] renderOverlays: 2 total, 2 con renderOverlay, 2 enabled. Swing=NOT FOUND
IndicatorManager.js:509 [BTCUSDT] [RENDER] renderOverlays: 2 total, 2 con renderOverlay, 2 enabled. Swing=NOT FOUND
CandleCache.js:68 [CandleCache] 💾 BTCUSDT@1 - desde memoria (1527 velas)
CandleCache.js:264 [CandleCache] OK VALIDATION BTCUSDT@1: 1527 velas sin gaps
MiniChart.jsx:1274 [BTCUSDT] Carga INCREMENTAL: desde 10/2/2026, 8:35:00 p.m. (1527 velas en cache, 99%)
CandleCache.js:192 [CandleCache] 🔄 Merge: 1527 cached + 1 new = 1527 total
MiniChart.jsx:1340 [BTCUSDT] ✅ Incremental: +1 velas nuevas = 1527 total
MiniChart.jsx:1364 [BTCUSDT] ✅ Histórico final: 1527 velas
IndicatorManager.js:509 [BTCUSDT] [RENDER] renderOverlays: 2 total, 2 con renderOverlay, 2 enabled. Swing=NOT FOUND
Logger.js:100 ✅ [8:36:46 p. m.] [Manager] [BTCUSDT] startAllPolling() llamado - 2 indicadores
IndicatorManager.js:1446 [BTCUSDT] [SWING] startAllPolling(): Swing Detector NOT FOUND
Logger.js:100 ✅ [8:36:46 p. m.] [Manager] [BTCUSDT] -> Llamando startPollingIfReady() para VWAP
Logger.js:100 ✅ [8:36:46 p. m.] [Manager] [BTCUSDT] 🚀 Polling iniciado para todos los indicadores
CandleCache.js:164 [CandleCache] ✅ BTCUSDT@1 - guardado (1527 velas, memoria: 1/4)
Logger.js:100 ✅ [8:36:46 p. m.] [Manager] [BTCUSDT] Servicio Zone Detector v2 activo - iniciando polling
Logger.js:100 ✅ [8:36:46 p. m.] [Manager] [BTCUSDT] Realtime zone polling iniciado (cada 15s)
IndicatorManager.js:509 [BTCUSDT] [RENDER] renderOverlays: 2 total, 2 con renderOverlay, 2 enabled. Swing=NOT FOUND
MiniChart.jsx:716 [BTCUSDT] drawChart: 1528 velas disponibles, zoom=0.314, chartWidth=1229, mostrando=489, userZoomed=true
IndicatorManager.js:509 [BTCUSDT] [RENDER] renderOverlays: 2 total, 2 con renderOverlay, 2 enabled. Swing=NOT FOUND
IndicatorManager.js:509 [BTCUSDT] [RENDER] renderOverlays: 2 total, 2 con renderOverlay, 2 enabled. Swing=NOT FOUND
IndicatorManager.js:509 [BTCUSDT] [RENDER] renderOverlays: 2 total, 2 con renderOverlay, 2 enabled. Swing=NOT FOUND
IndicatorManager.js:509 [BTCUSDT] [RENDER] renderOverlays: 2 total, 2 con renderOverlay, 2 enabled. Swing=NOT FOUND
CandleCache.js:164 [CandleCache] ✅ BTCUSDT@1 - guardado (1528 velas, memoria: 1/4)
IndicatorManager.js:509 [BTCUSDT] [RENDER] renderOverlays: 2 total, 2 con renderOverlay, 2 enabled. Swing=NOT FOUND
IndicatorManager.js:509 [BTCUSDT] [RENDER] renderOverlays: 2 total, 2 con renderOverlay, 2 enabled. Swing=NOT FOUND
IndicatorManager.js:509 [BTCUSDT] [RENDER] renderOverlays: 2 total, 2 con renderOverlay, 2 enabled. Swing=NOT FOUND
IndicatorManager.js:509 [BTCUSDT] [RENDER] renderOverlays: 2 total, 2 con renderOverlay, 2 enabled. Swing=NOT FOUND
MiniChart.jsx:716 [BTCUSDT] drawChart: 1529 velas disponibles, zoom=0.314, chartWidth=1229, mostrando=489, userZoomed=true
IndicatorManager.js:509 [BTCUSDT] [RENDER] renderOverlays: 2 total, 2 con renderOverlay, 2 enabled. Swing=NOT FOUND
IndicatorManager.js:509 [BTCUSDT] [RENDER] renderOverlays: 2 total, 2 con renderOverlay, 2 enabled. Swing=NOT FOUND
IndicatorManager.js:509 [BTCUSDT] [RENDER] renderOverlays: 2 total, 2 con renderOverlay, 2 enabled. Swing=NOT FOUND
IndicatorManager.js:509 [BTCUSDT] [RENDER] renderOverlays: 2 total, 2 con renderOverlay, 2 enabled. Swing=NOT FOUND
IndicatorManager.js:509 [BTCUSDT] [RENDER] renderOverlays: 2 total, 2 con renderOverlay, 2 enabled. Swing=NOT FOUND
IndicatorManager.js:509 [BTCUSDT] [RENDER] renderOverlays: 2 total, 2 con renderOverlay, 2 enabled. Swing=NOT FOUND
IndicatorManager.js:509 [BTCUSDT] [RENDER] renderOverlays: 2 total, 2 con renderOverlay, 2 enabled. Swing=NOT FOUND
IndicatorManager.js:509 [BTCUSDT] [RENDER] renderOverlays: 2 total, 2 con renderOverlay, 2 enabled. Swing=NOT FOUND
MiniChart.jsx:716 [BTCUSDT] drawChart: 1529 velas disponibles, zoom=0.314, chartWidth=1229, mostrando=489, userZoomed=true
IndicatorManager.js:509 [BTCUSDT] [RENDER] renderOverlays: 2 total, 2 con renderOverlay, 2 enabled. Swing=NOT FOUND
IndicatorManager.js:509 [BTCUSDT] [RENDER] renderOverlays: 2 total, 2 con renderOverlay, 2 enabled. Swing=NOT FOUND
IndicatorManager.js:509 [BTCUSDT] [RENDER] renderOverlays: 2 total, 2 con renderOverlay, 2 enabled. Swing=NOT FOUND
IndicatorManager.js:509 [BTCUSDT] [RENDER] renderOverlays: 2 total, 2 con renderOverlay, 2 enabled. Swing=NOT FOUND
IndicatorManager.js:509 [BTCUSDT] [RENDER] renderOverlays: 2 total, 2 con renderOverlay, 2 enabled. Swing=NOT FOUND
CandleCache.js:164 [CandleCache] ✅ BTCUSDT@1 - guardado (1529 velas, memoria: 1/4)
IndicatorManager.js:509 [BTCUSDT] [RENDER] renderOverlays: 2 total, 2 con renderOverlay, 2 enabled. Swing=NOT FOUND
IndicatorManager.js:509 [BTCUSDT] [RENDER] renderOverlays: 2 total, 2 con renderOverlay, 2 enabled. Swing=NOT FOUND
IndicatorManager.js:509 [BTCUSDT] [RENDER] renderOverlays: 2 total, 2 con renderOverlay, 2 enabled. Swing=NOT FOUND
IndicatorManager.js:509 [BTCUSDT] [RENDER] renderOverlays: 2 total, 2 con renderOverlay, 2 enabled. Swing=NOT FOUND
IndicatorManager.js:509 [BTCUSDT] [RENDER] renderOverlays: 2 total, 2 con renderOverlay, 2 enabled. Swing=NOT FOUND
IndicatorManager.js:509 [BTCUSDT] [RENDER] renderOverlays: 2 total, 2 con renderOverlay, 2 enabled. Swing=NOT FOUND
MiniChart.jsx:716 [BTCUSDT] drawChart: 1530 velas disponibles, zoom=0.314, chartWidth=1229, mostrando=489, userZoomed=true
IndicatorManager.js:509 [BTCUSDT] [RENDER] renderOverlays: 2 total, 2 con renderOverlay, 2 enabled. Swing=NOT FOUND
IndicatorManager.js:509 [BTCUSDT] [RENDER] renderOverlays: 2 total, 2 con renderOverlay, 2 enabled. Swing=NOT FOUND
IndicatorManager.js:509 [BTCUSDT] [RENDER] renderOverlays: 2 total, 2 con renderOverlay, 2 enabled. Swing=NOT FOUND
IndicatorManager.js:509 [BTCUSDT] [RENDER] renderOverlays: 2 total, 2 con renderOverlay, 2 enabled. Swing=NOT FOUND
IndicatorManager.js:509 [BTCUSDT] [RENDER] renderOverlays: 2 total, 2 con renderOverlay, 2 enabled. Swing=NOT FOUND
IndicatorManager.js:509 [BTCUSDT] [RENDER] renderOverlays: 2 total, 2 con renderOverlay, 2 enabled. Swing=NOT FOUND
IndicatorManager.js:509 [BTCUSDT] [RENDER] renderOverlays: 2 total, 2 con renderOverlay, 2 enabled. Swing=NOT FOUND
IndicatorManager.js:509 [BTCUSDT] [RENDER] renderOverlays: 2 total, 2 con renderOverlay, 2 enabled. Swing=NOT FOUND
IndicatorManager.js:509 [BTCUSDT] [RENDER] renderOverlays: 2 total, 2 con renderOverlay, 2 enabled. Swing=NOT FOUND
IndicatorManager.js:509 [BTCUSDT] [RENDER] renderOverlays: 2 total, 2 con renderOverlay, 2 enabled. Swing=NOT FOUND
IndicatorManager.js:509 [BTCUSDT] [RENDER] renderOverlays: 2 total, 2 con renderOverlay, 2 enabled. Swing=NOT FOUND
MiniChart.jsx:716 [BTCUSDT] drawChart: 1530 velas disponibles, zoom=0.314, chartWidth=1229, mostrando=489, userZoomed=true
IndicatorManager.js:509 [BTCUSDT] [RENDER] renderOverlays: 2 total, 2 con renderOverlay, 2 enabled. Swing=NOT FOUND
ZoneDetectorSettings.jsx:1145 [ZoneDetector] Realtime config guardada: Array(0)
IndicatorManager.js:509 [BTCUSDT] [RENDER] renderOverlays: 2 total, 2 con renderOverlay, 2 enabled. Swing=NOT FOUND
IndicatorManager.js:509 [BTCUSDT] [RENDER] renderOverlays: 2 total, 2 con renderOverlay, 2 enabled. Swing=NOT FOUND
IndicatorManager.js:509 [BTCUSDT] [RENDER] renderOverlays: 2 total, 2 con renderOverlay, 2 enabled. Swing=NOT FOUND
CandleCache.js:164 [CandleCache] ✅ BTCUSDT@1 - guardado (1529 velas, memoria: 1/4)
IndicatorManager.js:509 [BTCUSDT] [RENDER] renderOverlays: 2 total, 2 con renderOverlay, 2 enabled. Swing=NOT FOUND
MiniChart.jsx:716 [BTCUSDT] drawChart: 1531 velas disponibles, zoom=0.314, chartWidth=1229, mostrando=489, userZoomed=true
IndicatorManager.js:509 [BTCUSDT] [RENDER] renderOverlays: 2 total, 2 con renderOverlay, 2 enabled. Swing=NOT FOUND
IndicatorManager.js:509 [BTCUSDT] [RENDER] renderOverlays: 2 total, 2 con renderOverlay, 2 enabled. Swing=NOT FOUND
ZoneDetectorSettings.jsx:351 [ZoneDetector] Preset "vp_5_rr_1" cargado
IndicatorManager.js:509 [BTCUSDT] [RENDER] renderOverlays: 2 total, 2 con renderOverlay, 2 enabled. Swing=NOT FOUND
IndicatorManager.js:509 [BTCUSDT] [RENDER] renderOverlays: 2 total, 2 con renderOverlay, 2 enabled. Swing=NOT FOUND
ZoneDetectorSettings.jsx:1145 [ZoneDetector] Realtime config guardada: Array(0)
IndicatorManager.js:509 [BTCUSDT] [RENDER] renderOverlays: 2 total, 2 con renderOverlay, 2 enabled. Swing=NOT FOUND
ZoneDetectorSettings.jsx:1145 [ZoneDetector] Realtime config guardada: Array(1)
IndicatorManager.js:509 [BTCUSDT] [RENDER] renderOverlays: 2 total, 2 con renderOverlay, 2 enabled. Swing=NOT FOUND
IndicatorManager.js:509 [BTCUSDT] [RENDER] renderOverlays: 2 total, 2 con renderOverlay, 2 enabled. Swing=NOT FOUND
IndicatorManager.js:509 [BTCUSDT] [RENDER] renderOverlays: 2 total, 2 con renderOverlay, 2 enabled. Swing=NOT FOUND
CandleCache.js:164 [CandleCache] ✅ BTCUSDT@1 - guardado (1530 velas, memoria: 1/4)
MiniChart.jsx:716 [BTCUSDT] drawChart: 1532 velas disponibles, zoom=0.314, chartWidth=1229, mostrando=489, userZoomed=true
IndicatorManager.js:509 [BTCUSDT] [RENDER] renderOverlays: 2 total, 2 con renderOverlay, 2 enabled. Swing=NOT FOUND
Logger.js:100 ✅ [8:40:06 p. m.] [Manager] [BTCUSDT] V2 Optimizacion: 2 params, metric=total_pnl_r
IndicatorManager.js:509 [BTCUSDT] [RENDER] renderOverlays: 2 total, 2 con renderOverlay, 2 enabled. Swing=NOT FOUND
IndicatorManager.js:509 [BTCUSDT] [RENDER] renderOverlays: 2 total, 2 con renderOverlay, 2 enabled. Swing=NOT FOUND
IndicatorManager.js:509 [BTCUSDT] [RENDER] renderOverlays: 2 total, 2 con renderOverlay, 2 enabled. Swing=NOT FOUND
IndicatorManager.js:509 [BTCUSDT] [RENDER] renderOverlays: 2 total, 2 con renderOverlay, 2 enabled. Swing=NOT FOUND
IndicatorManager.js:509 [BTCUSDT] [RENDER] renderOverlays: 2 total, 2 con renderOverlay, 2 enabled. Swing=NOT FOUND
IndicatorManager.js:509 [BTCUSDT] [RENDER] renderOverlays: 2 total, 2 con renderOverlay, 2 enabled. Swing=NOT FOUND
Logger.js:100 ✅ [8:40:19 p. m.] [Manager] [BTCUSDT] V2 Optimizacion completada: 66 combos en 11.9s
IndicatorManager.js:509 [BTCUSDT] [RENDER] renderOverlays: 2 total, 2 con renderOverlay, 2 enabled. Swing=NOT FOUND
IndicatorManager.js:509 [BTCUSDT] [RENDER] renderOverlays: 2 total, 2 con renderOverlay, 2 enabled. Swing=NOT FOUND
IndicatorManager.js:509 [BTCUSDT] [RENDER] renderOverlays: 2 total, 2 con renderOverlay, 2 enabled. Swing=NOT FOUND
MiniChart.jsx:716 [BTCUSDT] drawChart: 1532 velas disponibles, zoom=0.314, chartWidth=697, mostrando=277, userZoomed=true
IndicatorManager.js:509 [BTCUSDT] [RENDER] renderOverlays: 2 total, 2 con renderOverlay, 2 enabled. Swing=NOT FOUND
IndicatorManager.js:509 [BTCUSDT] [RENDER] renderOverlays: 2 total, 2 con renderOverlay, 2 enabled. Swing=NOT FOUND
IndicatorManager.js:509 [BTCUSDT] [RENDER] renderOverlays: 2 total, 2 con renderOverlay, 2 enabled. Swing=NOT FOUND
IndicatorManager.js:509 [BTCUSDT] [RENDER] renderOverlays: 2 total, 2 con renderOverlay, 2 enabled. Swing=NOT FOUND
IndicatorManager.js:509 [BTCUSDT] [RENDER] renderOverlays: 2 total, 2 con renderOverlay, 2 enabled. Swing=NOT FOUND
IndicatorManager.js:509 [BTCUSDT] [RENDER] renderOverlays: 2 total, 2 con renderOverlay, 2 enabled. Swing=NOT FOUND
IndicatorManager.js:509 [BTCUSDT] [RENDER] renderOverlays: 2 total, 2 con renderOverlay, 2 enabled. Swing=NOT FOUND
IndicatorManager.js:509 [BTCUSDT] [RENDER] renderOverlays: 2 total, 2 con renderOverlay, 2 enabled. Swing=NOT FOUND
 [BTCUSDT] [RENDER] renderOverlays: 2 total, 2 con renderOverlay, 2 enabled. Swing=NOT FOUND
 [CandleCache] ✅ BTCUSDT@1 - guardado (1531 velas, memoria: 1/4)
