 [Preload] Script cargado correctamente
 [Preload] Plataforma: win32
 [Preload] Electron: 33.4.11
 Download the React DevTools for a better development experience: https://reactjs.org/link/react-devtools
 [Config] API_BASE_URL: http://localhost:10000
 [Config] Electron: Si
 💡 Debug utilities available:
    window.toggleDebugMode() - Toggle all logs
    window.disableHeavyLogs() - Disable performance-heavy logs
 [ConfigSynchronizer] Initialized
 ====================================
 Analizador Desktop - Frontend
 ====================================
 [Electron] Ejecutando en Electron
 [Electron] Versiones: Object
 [Electron] Plataforma: win32
 [App] Backend esperado en: http://localhost:10000
 [ZoneDetector] interval=1, maxDays=400
 [MiniChart BTCUSDT] 🖥️ Fullscreen effect: isFullscreen=false, hasCallback=true
 [BTCUSDT] 🚀 Componente montado, iniciando...
 [BTCUSDT] [SWING] initialize(): NO creado (indicatorStates['Swing Detector']=false)
 [BTCUSDT] ZoneVisualizerIndicator: Inicializado
 [HealthCheck] Started (interval: 30000ms)
 [Robustness] Initialized
 [PollingCoordinator] Started
 ✅ [7:51:44 p. m.] [SingleSymbolAnalyzer] [PollingCoordinator] Started
 [Registry] ✅ Registrado manager para BTCUSDT (total: 1)
 [BTCUSDT] [SWING] toggleIndicator(Swing Detector, false): found=false, totalIndicators=2
 [CandleCache] 💾 BTCUSDT@1 - desde IndexedDB (1482 velas)
 [CandleCache] OK VALIDATION BTCUSDT@1: 1482 velas sin gaps
 [BTCUSDT] Carga INCREMENTAL: desde 10/2/2026, 7:50:00 p.m. (1482 velas en cache, 96%)
 [CacheCleanup] Complete: 0/11 candles, 0/1 indicators removed
 WebSocket Manager conectado [1]
 ✓ Suscrito: 
 [CandleCache] 🔄 Merge: 1482 cached + 1 new = 1482 total
 [BTCUSDT] ✅ Incremental: +1 velas nuevas = 1482 total
MiniChart.jsx:1364 [BTCUSDT] ✅ Histórico final: 1482 velas
MiniChart.jsx:716 [BTCUSDT] drawChart: 1483 velas disponibles, zoom=0.100, chartWidth=1196, mostrando=1196, userZoomed=false
IndicatorManager.js:509 [BTCUSDT] [RENDER] renderOverlays: 2 total, 2 con renderOverlay, 2 enabled. Swing=NOT FOUND
ZoneVisualizerIndicator.js:149 [BTCUSDT] ZoneVisualizer.renderOverlay SKIP: enabled=true, showZones=true, zones=0
Logger.js:100 ✅ [7:51:47 p. m.] [Manager] [BTCUSDT] startAllPolling() llamado - 2 indicadores
IndicatorManager.js:1446 [BTCUSDT] [SWING] startAllPolling(): Swing Detector NOT FOUND
Logger.js:100 ✅ [7:51:47 p. m.] [Manager] [BTCUSDT] -> Llamando startPollingIfReady() para VWAP
PollingCoordinator.js:102 [PollingCoordinator] Registered: VWAP_BTCUSDT (interval: 60000ms, priority: 2)
Logger.js:100 ✅ [7:51:47 p. m.] [Manager] [BTCUSDT] 🚀 Polling iniciado para todos los indicadores
CandleCache.js:164 [CandleCache] ✅ BTCUSDT@1 - guardado (1482 velas, memoria: 1/4)
IndicatorManager.js:509 [BTCUSDT] [RENDER] renderOverlays: 2 total, 2 con renderOverlay, 2 enabled. Swing=NOT FOUND
Logger.js:100 ✅ [7:51:51 p. m.] [SingleSymbolAnalyzer] Backend monitoring interval: 1
IndicatorManager.js:509 [BTCUSDT] [RENDER] renderOverlays: 2 total, 2 con renderOverlay, 2 enabled. Swing=NOT FOUND
SymbolList.jsx:75 [Prefetch] Activado (10s despues de carga)
IndicatorManager.js:509 [BTCUSDT] [RENDER] renderOverlays: 2 total, 2 con renderOverlay, 2 enabled. Swing=NOT FOUND
IndicatorManager.js:509 [BTCUSDT] [RENDER] renderOverlays: 2 total, 2 con renderOverlay, 2 enabled. Swing=NOT FOUND
CandleCache.js:164 [CandleCache] ✅ BTCUSDT@1 - guardado (1483 velas, memoria: 1/4)
IndicatorManager.js:509 [BTCUSDT] [RENDER] renderOverlays: 2 total, 2 con renderOverlay, 2 enabled. Swing=NOT FOUND
IndicatorManager.js:509 [BTCUSDT] [RENDER] renderOverlays: 2 total, 2 con renderOverlay, 2 enabled. Swing=NOT FOUND
IndicatorManager.js:509 [BTCUSDT] [RENDER] renderOverlays: 2 total, 2 con renderOverlay, 2 enabled. Swing=NOT FOUND
IndicatorManager.js:509 [BTCUSDT] [RENDER] renderOverlays: 2 total, 2 con renderOverlay, 2 enabled. Swing=NOT FOUND
IndicatorManager.js:509 [BTCUSDT] [RENDER] renderOverlays: 2 total, 2 con renderOverlay, 2 enabled. Swing=NOT FOUND
MiniChart.jsx:716 [BTCUSDT] drawChart: 1484 velas disponibles, zoom=0.100, chartWidth=1196, mostrando=1196, userZoomed=false
IndicatorManager.js:509 [BTCUSDT] [RENDER] renderOverlays: 2 total, 2 con renderOverlay, 2 enabled. Swing=NOT FOUND
IndicatorManager.js:509 [BTCUSDT] [RENDER] renderOverlays: 2 total, 2 con renderOverlay, 2 enabled. Swing=NOT FOUND
IndicatorManager.js:509 [BTCUSDT] [RENDER] renderOverlays: 2 total, 2 con renderOverlay, 2 enabled. Swing=NOT FOUND
IndicatorManager.js:509 [BTCUSDT] [RENDER] renderOverlays: 2 total, 2 con renderOverlay, 2 enabled. Swing=NOT FOUND
IndicatorManager.js:509 [BTCUSDT] [RENDER] renderOverlays: 2 total, 2 con renderOverlay, 2 enabled. Swing=NOT FOUND
IndicatorManager.js:509 [BTCUSDT] [RENDER] renderOverlays: 2 total, 2 con renderOverlay, 2 enabled. Swing=NOT FOUND
IndicatorManager.js:509 [BTCUSDT] [RENDER] renderOverlays: 2 total, 2 con renderOverlay, 2 enabled. Swing=NOT FOUND
IndicatorManager.js:509 [BTCUSDT] [RENDER] renderOverlays: 2 total, 2 con renderOverlay, 2 enabled. Swing=NOT FOUND
IndicatorManager.js:509 [BTCUSDT] [RENDER] renderOverlays: 2 total, 2 con renderOverlay, 2 enabled. Swing=NOT FOUND
MiniChart.jsx:716 [BTCUSDT] drawChart: 1484 velas disponibles, zoom=0.100, chartWidth=1196, mostrando=1196, userZoomed=false
IndicatorManager.js:509 [BTCUSDT] [RENDER] renderOverlays: 2 total, 2 con renderOverlay, 2 enabled. Swing=NOT FOUND
IndicatorManager.js:509 [BTCUSDT] [RENDER] renderOverlays: 2 total, 2 con renderOverlay, 2 enabled. Swing=NOT FOUND
IndicatorManager.js:509 [BTCUSDT] [RENDER] renderOverlays: 2 total, 2 con renderOverlay, 2 enabled. Swing=NOT FOUND
IndicatorManager.js:509 [BTCUSDT] [RENDER] renderOverlays: 2 total, 2 con renderOverlay, 2 enabled. Swing=NOT FOUND
IndicatorManager.js:509 [BTCUSDT] [RENDER] renderOverlays: 2 total, 2 con renderOverlay, 2 enabled. Swing=NOT FOUND
IndicatorManager.js:509 [BTCUSDT] [RENDER] renderOverlays: 2 total, 2 con renderOverlay, 2 enabled. Swing=NOT FOUND
CandleCache.js:164 [CandleCache] ✅ BTCUSDT@1 - guardado (1484 velas, memoria: 1/4)
IndicatorManager.js:509 [BTCUSDT] [RENDER] renderOverlays: 2 total, 2 con renderOverlay, 2 enabled. Swing=NOT FOUND
IndicatorManager.js:509 [BTCUSDT] [RENDER] renderOverlays: 2 total, 2 con renderOverlay, 2 enabled. Swing=NOT FOUND
IndicatorManager.js:509 [BTCUSDT] [RENDER] renderOverlays: 2 total, 2 con renderOverlay, 2 enabled. Swing=NOT FOUND
IndicatorManager.js:509 [BTCUSDT] [RENDER] renderOverlays: 2 total, 2 con renderOverlay, 2 enabled. Swing=NOT FOUND
IndicatorManager.js:509 [BTCUSDT] [RENDER] renderOverlays: 2 total, 2 con renderOverlay, 2 enabled. Swing=NOT FOUND
IndicatorManager.js:509 [BTCUSDT] [RENDER] renderOverlays: 2 total, 2 con renderOverlay, 2 enabled. Swing=NOT FOUND
MiniChart.jsx:716 [BTCUSDT] drawChart: 1485 velas disponibles, zoom=0.100, chartWidth=1196, mostrando=1196, userZoomed=false
IndicatorManager.js:509 [BTCUSDT] [RENDER] renderOverlays: 2 total, 2 con renderOverlay, 2 enabled. Swing=NOT FOUND
IndicatorManager.js:509 [BTCUSDT] [RENDER] renderOverlays: 2 total, 2 con renderOverlay, 2 enabled. Swing=NOT FOUND
IndicatorManager.js:509 [BTCUSDT] [RENDER] renderOverlays: 2 total, 2 con renderOverlay, 2 enabled. Swing=NOT FOUND
IndicatorManager.js:509 [BTCUSDT] [RENDER] renderOverlays: 2 total, 2 con renderOverlay, 2 enabled. Swing=NOT FOUND
IndicatorManager.js:509 [BTCUSDT] [RENDER] renderOverlays: 2 total, 2 con renderOverlay, 2 enabled. Swing=NOT FOUND
IndicatorManager.js:509 [BTCUSDT] [RENDER] renderOverlays: 2 total, 2 con renderOverlay, 2 enabled. Swing=NOT FOUND
IndicatorManager.js:509 [BTCUSDT] [RENDER] renderOverlays: 2 total, 2 con renderOverlay, 2 enabled. Swing=NOT FOUND
IndicatorManager.js:509 [BTCUSDT] [RENDER] renderOverlays: 2 total, 2 con renderOverlay, 2 enabled. Swing=NOT FOUND
IndicatorManager.js:509 [BTCUSDT] [RENDER] renderOverlays: 2 total, 2 con renderOverlay, 2 enabled. Swing=NOT FOUND
IndicatorManager.js:509 [BTCUSDT] [RENDER] renderOverlays: 2 total, 2 con renderOverlay, 2 enabled. Swing=NOT FOUND
IndicatorManager.js:509 [BTCUSDT] [RENDER] renderOverlays: 2 total, 2 con renderOverlay, 2 enabled. Swing=NOT FOUND
ZoneDetectorSettings.jsx:351 [ZoneDetector] Preset "pruebas rápidas" cargado
IndicatorManager.js:509 [BTCUSDT] [RENDER] renderOverlays: 2 total, 2 con renderOverlay, 2 enabled. Swing=NOT FOUND
MiniChart.jsx:716 [BTCUSDT] drawChart: 1485 velas disponibles, zoom=0.100, chartWidth=1229, mostrando=1229, userZoomed=false
IndicatorManager.js:509 [BTCUSDT] [RENDER] renderOverlays: 2 total, 2 con renderOverlay, 2 enabled. Swing=NOT FOUND
IndicatorManager.js:509 [BTCUSDT] [RENDER] renderOverlays: 2 total, 2 con renderOverlay, 2 enabled. Swing=NOT FOUND
IndicatorManager.js:509 [BTCUSDT] [RENDER] renderOverlays: 2 total, 2 con renderOverlay, 2 enabled. Swing=NOT FOUND
ZoneDetectorSettings.jsx:1145 [ZoneDetector] Realtime config guardada: Array(0)
IndicatorManager.js:509 [BTCUSDT] [RENDER] renderOverlays: 2 total, 2 con renderOverlay, 2 enabled. Swing=NOT FOUND
IndicatorManager.js:509 [BTCUSDT] [RENDER] renderOverlays: 2 total, 2 con renderOverlay, 2 enabled. Swing=NOT FOUND
CandleCache.js:164 [CandleCache] ✅ BTCUSDT@1 - guardado (1485 velas, memoria: 1/4)
IndicatorManager.js:509 [BTCUSDT] [RENDER] renderOverlays: 2 total, 2 con renderOverlay, 2 enabled. Swing=NOT FOUND
IndicatorManager.js:509 [BTCUSDT] [RENDER] renderOverlays: 2 total, 2 con renderOverlay, 2 enabled. Swing=NOT FOUND
IndicatorManager.js:509 [BTCUSDT] [RENDER] renderOverlays: 2 total, 2 con renderOverlay, 2 enabled. Swing=NOT FOUND
IndicatorManager.js:509 [BTCUSDT] [RENDER] renderOverlays: 2 total, 2 con renderOverlay, 2 enabled. Swing=NOT FOUND
Logger.js:100 ✅ [7:54:14 p. m.] [Manager] [BTCUSDT] V2 Optimizacion: 3 params, metric=expectancy
IndicatorManager.js:509 [BTCUSDT] [RENDER] renderOverlays: 2 total, 2 con renderOverlay, 2 enabled. Swing=NOT FOUND
MiniChart.jsx:716 [BTCUSDT] drawChart: 1486 velas disponibles, zoom=0.100, chartWidth=1229, mostrando=1229, userZoomed=false
IndicatorManager.js:509 [BTCUSDT] [RENDER] renderOverlays: 2 total, 2 con renderOverlay, 2 enabled. Swing=NOT FOUND
IndicatorManager.js:509 [BTCUSDT] [RENDER] renderOverlays: 2 total, 2 con renderOverlay, 2 enabled. Swing=NOT FOUND
IndicatorManager.js:509 [BTCUSDT] [RENDER] renderOverlays: 2 total, 2 con renderOverlay, 2 enabled. Swing=NOT FOUND
IndicatorManager.js:509 [BTCUSDT] [RENDER] renderOverlays: 2 total, 2 con renderOverlay, 2 enabled. Swing=NOT FOUND
IndicatorManager.js:509 [BTCUSDT] [RENDER] renderOverlays: 2 total, 2 con renderOverlay, 2 enabled. Swing=NOT FOUND
IndicatorManager.js:509 [BTCUSDT] [RENDER] renderOverlays: 2 total, 2 con renderOverlay, 2 enabled. Swing=NOT FOUND
IndicatorManager.js:509 [BTCUSDT] [RENDER] renderOverlays: 2 total, 2 con renderOverlay, 2 enabled. Swing=NOT FOUND
IndicatorManager.js:509 [BTCUSDT] [RENDER] renderOverlays: 2 total, 2 con renderOverlay, 2 enabled. Swing=NOT FOUND
IndicatorManager.js:509 [BTCUSDT] [RENDER] renderOverlays: 2 total, 2 con renderOverlay, 2 enabled. Swing=NOT FOUND
IndicatorManager.js:509 [BTCUSDT] [RENDER] renderOverlays: 2 total, 2 con renderOverlay, 2 enabled. Swing=NOT FOUND
MiniChart.jsx:716 [BTCUSDT] drawChart: 1486 velas disponibles, zoom=0.100, chartWidth=1229, mostrando=1229, userZoomed=false
IndicatorManager.js:509 [BTCUSDT] [RENDER] renderOverlays: 2 total, 2 con renderOverlay, 2 enabled. Swing=NOT FOUND
IndicatorManager.js:509 [BTCUSDT] [RENDER] renderOverlays: 2 total, 2 con renderOverlay, 2 enabled. Swing=NOT FOUND
IndicatorManager.js:509 [BTCUSDT] [RENDER] renderOverlays: 2 total, 2 con renderOverlay, 2 enabled. Swing=NOT FOUND
IndicatorManager.js:509 [BTCUSDT] [RENDER] renderOverlays: 2 total, 2 con renderOverlay, 2 enabled. Swing=NOT FOUND
IndicatorManager.js:509 [BTCUSDT] [RENDER] renderOverlays: 2 total, 2 con renderOverlay, 2 enabled. Swing=NOT FOUND
CandleCache.js:164 [CandleCache] ✅ BTCUSDT@1 - guardado (1486 velas, memoria: 1/4)
IndicatorManager.js:509 [BTCUSDT] [RENDER] renderOverlays: 2 total, 2 con renderOverlay, 2 enabled. Swing=NOT FOUND
IndicatorManager.js:509 [BTCUSDT] [RENDER] renderOverlays: 2 total, 2 con renderOverlay, 2 enabled. Swing=NOT FOUND
IndicatorManager.js:509 [BTCUSDT] [RENDER] renderOverlays: 2 total, 2 con renderOverlay, 2 enabled. Swing=NOT FOUND
IndicatorManager.js:509 [BTCUSDT] [RENDER] renderOverlays: 2 total, 2 con renderOverlay, 2 enabled. Swing=NOT FOUND
IndicatorManager.js:509 [BTCUSDT] [RENDER] renderOverlays: 2 total, 2 con renderOverlay, 2 enabled. Swing=NOT FOUND
IndicatorManager.js:509 [BTCUSDT] [RENDER] renderOverlays: 2 total, 2 con renderOverlay, 2 enabled. Swing=NOT FOUND
MiniChart.jsx:716 [BTCUSDT] drawChart: 1487 velas disponibles, zoom=0.100, chartWidth=1229, mostrando=1229, userZoomed=false
IndicatorManager.js:509 [BTCUSDT] [RENDER] renderOverlays: 2 total, 2 con renderOverlay, 2 enabled. Swing=NOT FOUND
IndicatorManager.js:509 [BTCUSDT] [RENDER] renderOverlays: 2 total, 2 con renderOverlay, 2 enabled. Swing=NOT FOUND
Logger.js:100 ✅ [7:55:25 p. m.] [Manager] [BTCUSDT] V2 Optimizacion completada: 462 combos en 70.1s
IndicatorManager.js:509 [BTCUSDT] [RENDER] renderOverlays: 2 total, 2 con renderOverlay, 2 enabled. Swing=NOT FOUND
IndicatorManager.js:509 [BTCUSDT] [RENDER] renderOverlays: 2 total, 2 con renderOverlay, 2 enabled. Swing=NOT FOUND
IndicatorManager.js:509 [BTCUSDT] [RENDER] renderOverlays: 2 total, 2 con renderOverlay, 2 enabled. Swing=NOT FOUND
IndicatorManager.js:509 [BTCUSDT] [RENDER] renderOverlays: 2 total, 2 con renderOverlay, 2 enabled. Swing=NOT FOUND
IndicatorManager.js:509 [BTCUSDT] [RENDER] renderOverlays: 2 total, 2 con renderOverlay, 2 enabled. Swing=NOT FOUND
ZoneDetectorSettings.jsx:773 [ZoneDetector] [APPLY V2] === INICIO === resultParams: {"multiplier":0.5,"ma_period":10,"atr_period":200}
ZoneDetectorSettings.jsx:804 [ZoneDetector] [APPLY V2] fullConfig: {"atr_period":200,"ma_period":10,"multiplier":0.5,"max_outside_bars":8,"min_bars":8,"max_range_pct":6,"body_ratio":1,"max_outside_count":3,"use_ttm":false,"ttm_atr_length":30,"ttm_kc_multiplier":1,"ttm_min_squeeze_bars":10,"breakout_confirm_bars":3,"tp_rr_ratio":1,"sl_buffer_pct":0.1,"position_mode":"sequential","sl_mode":"va_poc","sl_poc_buffer_pct":50,"vp_bins_per_zone":30}
ZoneDetectorSettings.jsx:805 [ZoneDetector] [APPLY V2] zoneDays: 1 symbol: BTCUSDT interval: 1
IndicatorManager.js:1827 [BTCUSDT] [backtestV2] POST /api/zones/v2/backtest Object
IndicatorManager.js:1841 [BTCUSDT] [backtestV2] Respuesta: success=true, zones=2, candles=1440
ZoneDetectorSettings.jsx:813 [ZoneDetector] [APPLY V2] Respuesta backtest: Object
ZoneDetectorSettings.jsx:831 [ZoneDetector] [APPLY V2] Visualizador: OK (zones antes: 0)
ZoneVisualizerIndicator.js:93 [BTCUSDT] ZoneVisualizer: 2 zonas manuales (total: 2)
ZoneDetectorSettings.jsx:835 [ZoneDetector] [APPLY V2] setZones llamado, zones ahora: 2
IndicatorManager.js:509 [BTCUSDT] [RENDER] renderOverlays: 2 total, 2 con renderOverlay, 2 enabled. Swing=NOT FOUND
ZoneVisualizerIndicator.js:163 [BTCUSDT] 🎯 ZoneVisualizer.renderOverlay: Renderizando 2 zonas
ZoneVisualizerIndicator.js:164 [BTCUSDT] 🎯 priceContext: Object
ZoneVisualizerIndicator.js:170 [BTCUSDT] 🎯 visibleCandles range: Object
ZoneVisualizerIndicator.js:180 [BTCUSDT] 🎯 Primera zona: Object
ZoneDetectorSettings.jsx:841 [ZoneDetector] [APPLY V2] requestRedraw() ejecutado
ZoneDetectorSettings.jsx:853 [ZoneDetector] [APPLY V2] Navegando a zona: Object
Logger.js:100 ✅ [7:55:39 p. m.] [SingleSymbolAnalyzer] Zonas cargadas: 2
ZoneDetectorSettings.jsx:860 [ZoneDetector] [APPLY V2] EXITO: 2 zonas graficadas
IndicatorManager.js:509 [BTCUSDT] [RENDER] renderOverlays: 2 total, 2 con renderOverlay, 2 enabled. Swing=NOT FOUND
IndicatorManager.js:509 [BTCUSDT] [RENDER] renderOverlays: 2 total, 2 con renderOverlay, 2 enabled. Swing=NOT FOUND
ZoneDetectorSettings.jsx:773 [ZoneDetector] [APPLY V2] === INICIO === resultParams: {"multiplier":0.5,"ma_period":10,"atr_period":200}
ZoneDetectorSettings.jsx:804 [ZoneDetector] [APPLY V2] fullConfig: {"atr_period":200,"ma_period":10,"multiplier":0.5,"max_outside_bars":8,"min_bars":8,"max_range_pct":6,"body_ratio":1,"max_outside_count":3,"use_ttm":false,"ttm_atr_length":30,"ttm_kc_multiplier":1,"ttm_min_squeeze_bars":10,"breakout_confirm_bars":3,"tp_rr_ratio":1,"sl_buffer_pct":0.1,"position_mode":"sequential","sl_mode":"va_poc","sl_poc_buffer_pct":50,"vp_bins_per_zone":30}
ZoneDetectorSettings.jsx:805 [ZoneDetector] [APPLY V2] zoneDays: 1 symbol: BTCUSDT interval: 1
IndicatorManager.js:1827 [BTCUSDT] [backtestV2] POST /api/zones/v2/backtest {symbol: 'BTCUSDT', interval: '1', days: 1, configKeys: Array(19)}
IndicatorManager.js:1841 [BTCUSDT] [backtestV2] Respuesta: success=true, zones=2, candles=1440
ZoneDetectorSettings.jsx:813 [ZoneDetector] [APPLY V2] Respuesta backtest: {success: true, zonesCount: 2, stats: {…}, error: undefined}
ZoneDetectorSettings.jsx:831 [ZoneDetector] [APPLY V2] Visualizador: OK (zones antes: 2)
ZoneVisualizerIndicator.js:93 [BTCUSDT] ZoneVisualizer: 2 zonas manuales (total: 2)
ZoneDetectorSettings.jsx:835 [ZoneDetector] [APPLY V2] setZones llamado, zones ahora: 2
IndicatorManager.js:509 [BTCUSDT] [RENDER] renderOverlays: 2 total, 2 con renderOverlay, 2 enabled. Swing=NOT FOUND
ZoneVisualizerIndicator.js:163 [BTCUSDT] 🎯 ZoneVisualizer.renderOverlay: Renderizando 2 zonas
ZoneVisualizerIndicator.js:164 [BTCUSDT] 🎯 priceContext: {minPrice: 67869, maxPrice: 70508.8, hasTimeToX: true}
ZoneVisualizerIndicator.js:170 [BTCUSDT] 🎯 visibleCandles range: {firstTs: 1770717420000, lastTs: 1770759180000, firstDate: '2026-02-10T09:57:00.000Z', lastDate: '2026-02-10T21:33:00.000Z'}
ZoneVisualizerIndicator.js:180 [BTCUSDT] 🎯 Primera zona: {min_price: 69294.1, max_price: 69467.6, start_ts: 1770743340000, end_ts: 1770743760000, start_date: '2026-02-10T17:09:00.000Z', …}
ZoneDetectorSettings.jsx:841 [ZoneDetector] [APPLY V2] requestRedraw() ejecutado
ZoneDetectorSettings.jsx:853 [ZoneDetector] [APPLY V2] Navegando a zona: {id: 'zv2_BACKTEST_2', trade_result: 'WIN', timestamp: 1770746160000}
Logger.js:100 ✅ [7:55:47 p. m.] [SingleSymbolAnalyzer] Zonas cargadas: 2
ZoneDetectorSettings.jsx:860 [ZoneDetector] [APPLY V2] EXITO: 2 zonas graficadas
IndicatorManager.js:509 [BTCUSDT] [RENDER] renderOverlays: 2 total, 2 con renderOverlay, 2 enabled. Swing=NOT FOUND
MiniChart.jsx:716 [BTCUSDT] drawChart: 1487 velas disponibles, zoom=0.100, chartWidth=697, mostrando=697, userZoomed=false
IndicatorManager.js:509 [BTCUSDT] [RENDER] renderOverlays: 2 total, 2 con renderOverlay, 2 enabled. Swing=NOT FOUND
IndicatorManager.js:509 [BTCUSDT] [RENDER] renderOverlays: 2 total, 2 con renderOverlay, 2 enabled. Swing=NOT FOUND
IndicatorManager.js:509 [BTCUSDT] [RENDER] renderOverlays: 2 total, 2 con renderOverlay, 2 enabled. Swing=NOT FOUND
IndicatorManager.js:509 [BTCUSDT] [RENDER] renderOverlays: 2 total, 2 con renderOverlay, 2 enabled. Swing=NOT FOUND
IndicatorManager.js:509 [BTCUSDT] [RENDER] renderOverlays: 2 total, 2 con renderOverlay, 2 enabled. Swing=NOT FOUND
CandleCache.js:164 [CandleCache] ✅ BTCUSDT@1 - guardado (1487 velas, memoria: 1/4)
IndicatorManager.js:509 [BTCUSDT] [RENDER] renderOverlays: 2 total, 2 con renderOverlay, 2 enabled. Swing=NOT FOUND
IndicatorManager.js:509 [BTCUSDT] [RENDER] renderOverlays: 2 total, 2 con renderOverlay, 2 enabled. Swing=NOT FOUND
IndicatorManager.js:509 [BTCUSDT] [RENDER] renderOverlays: 2 total, 2 con renderOverlay, 2 enabled. Swing=NOT FOUND
IndicatorManager.js:509 [BTCUSDT] [RENDER] renderOverlays: 2 total, 2 con renderOverlay, 2 enabled. Swing=NOT FOUND
IndicatorManager.js:509 [BTCUSDT] [RENDER] renderOverlays: 2 total, 2 con renderOverlay, 2 enabled. Swing=NOT FOUND
 [BTCUSDT] drawChart: 1488 velas disponibles, zoom=0.100, chartWidth=697, mostrando=697, userZoomed=true
 [BTCUSDT] [RENDER] renderOverlays: 2 total, 2 con renderOverlay, 2 enabled. Swing=NOT FOUND
 [BTCUSDT] [RENDER] renderOverlays: 2 total, 2 con renderOverlay, 2 enabled. Swing=NOT FOUND
 [BTCUSDT] [RENDER] renderOverlays: 2 total, 2 con renderOverlay, 2 enabled. Swing=NOT FOUND
 [BTCUSDT] [RENDER] renderOverlays: 2 total, 2 con renderOverlay, 2 enabled. Swing=NOT FOUND
 [BTCUSDT] [RENDER] renderOverlays: 2 total, 2 con renderOverlay, 2 enabled. Swing=NOT FOUND
