 [BTCUSDT] SwingDetector: 300 signals from BACKEND
 [XRPUSDT] SwingDetector: 300 signals from BACKEND
 [IndicatorCache] 💾 swing@BTCUSDT desde memoria
 [IndicatorCache] 💾 swing@XRPUSDT desde memoria
 [ETHUSDT] SwingDetector: 300 signals from BACKEND
 [TRBUSDT] SwingDetector: 300 signals from BACKEND
 [GALAUSDT] SwingDetector: 300 signals from BACKEND
 [TRBUSDT] VWAP draw: 37/38 points matched, dataMap size: 7212
 [TRXUSDT] SwingDetector: 300 signals from BACKEND
 [IndicatorCache] 💾 swing@TRBUSDT desde memoria
 [SUIUSDT] SwingDetector: 300 signals from BACKEND
 [SOLUSDT] SwingDetector: 300 signals from BACKEND
 [ETHUSDT] SwingDetector: 300 signals from BACKEND
 [ADAUSDT] SwingDetector: 300 signals from BACKEND
 [TRXUSDT] SwingDetector: 300 signals from BACKEND
 [DOGEUSDT] SwingDetector: 300 signals from BACKEND
 [GALAUSDT] SwingDetector: 300 signals from BACKEND
 [SUIUSDT] SwingDetector: 300 signals from BACKEND
 [IndicatorCache] 💾 swing@SOLUSDT desde memoria
 [TRBUSDT] VWAP polling executed: updated=true, hasRedraw=true
 [TRBUSDT] requestRedraw via setRedrawTrigger
 [TRBUSDT] VWAP requestRedraw() called
 [TRBUSDT] redrawTrigger=26, ejecutando drawChart
 [IndicatorCache] 💾 swing@ADAUSDT desde memoria
 [IndicatorCache] 💾 swing@DOGEUSDT desde memoria
 [XRPUSDT] VWAP polling executed: updated=true, hasRedraw=true
 [XRPUSDT] requestRedraw via setRedrawTrigger
 [XRPUSDT] VWAP requestRedraw() called
 [XRPUSDT] redrawTrigger=27, ejecutando drawChart
 [BTCUSDT] VWAP polling executed: updated=true, hasRedraw=true
 [BTCUSDT] requestRedraw via setRedrawTrigger
 [BTCUSDT] VWAP requestRedraw() called
 [BTCUSDT] redrawTrigger=27, ejecutando drawChart
 [ETHUSDT] VWAP polling executed: updated=true, hasRedraw=true
 [ETHUSDT] requestRedraw via setRedrawTrigger
 [ETHUSDT] VWAP requestRedraw() called
 [ETHUSDT] redrawTrigger=27, ejecutando drawChart
 [SOLUSDT] VWAP polling executed: updated=true, hasRedraw=true
 [SOLUSDT] requestRedraw via setRedrawTrigger
 [SOLUSDT] VWAP requestRedraw() called
 [SOLUSDT] redrawTrigger=27, ejecutando drawChart
 [GALAUSDT] VWAP polling executed: updated=true, hasRedraw=true
 [GALAUSDT] requestRedraw via setRedrawTrigger
 [GALAUSDT] VWAP requestRedraw() called
 [GALAUSDT] redrawTrigger=27, ejecutando drawChart
 [ADAUSDT] VWAP polling executed: updated=true, hasRedraw=true
 [ADAUSDT] requestRedraw via setRedrawTrigger
 [ADAUSDT] VWAP requestRedraw() called
 [ADAUSDT] redrawTrigger=27, ejecutando drawChart
 [IndicatorCache] 💾 swing@BTCUSDT desde IndexedDB
 [IndicatorCache] 💾 swing@ETHUSDT desde IndexedDB
 [IndicatorCache] 💾 swing@TRXUSDT desde IndexedDB
 [DOGEUSDT] VWAP polling executed: updated=true, hasRedraw=true
 [DOGEUSDT] requestRedraw via setRedrawTrigger
 [DOGEUSDT] VWAP requestRedraw() called
 [DOGEUSDT] redrawTrigger=26, ejecutando drawChart
 [IndicatorCache] 💾 swing@XRPUSDT desde IndexedDB
 [IndicatorCache] 💾 swing@GALAUSDT desde IndexedDB
 [SUIUSDT] VWAP polling executed: updated=true, hasRedraw=true
 [SUIUSDT] requestRedraw via setRedrawTrigger
 [SUIUSDT] VWAP requestRedraw() called
 [SUIUSDT] redrawTrigger=27, ejecutando drawChart
 [IndicatorCache] 💾 swing@SUIUSDT desde IndexedDB
 [ETHUSDT] VWAP draw: 42/42 points matched, dataMap size: 7213
 [IndicatorCache] 💾 swing@TRBUSDT desde IndexedDB
 [IndicatorCache] 💾 swing@SOLUSDT desde IndexedDB
 [IndicatorCache] 💾 swing@ADAUSDT desde IndexedDB
 [IndicatorCache] 💾 swing@DOGEUSDT desde IndexedDB
 [IndicatorCache] 💾 swing@BTCUSDT desde memoria
 [IndicatorCache] 💾 swing@ETHUSDT desde memoria
 [IndicatorCache] 💾 swing@XRPUSDT desde memoria
 [IndicatorCache] 💾 swing@TRXUSDT desde memoria
 [IndicatorCache] 💾 swing@GALAUSDT desde memoria
 [IndicatorCache] 💾 swing@SUIUSDT desde memoria
 [IndicatorCache] 💾 swing@TRBUSDT desde memoria
 [IndicatorCache] 💾 swing@SOLUSDT desde memoria
 [IndicatorCache] 💾 swing@ADAUSDT desde memoria
 [IndicatorCache] 💾 swing@DOGEUSDT desde memoria
 [IndicatorCache] 💾 swing@BTCUSDT desde IndexedDB
 [IndicatorCache] 💾 swing@ETHUSDT desde IndexedDB
 [IndicatorCache] 💾 swing@XRPUSDT desde IndexedDB
 [IndicatorCache] 💾 swing@TRXUSDT desde IndexedDB
 [IndicatorCache] 💾 swing@GALAUSDT desde IndexedDB
 [IndicatorCache] 💾 swing@SUIUSDT desde IndexedDB
 [IndicatorCache] 💾 swing@TRBUSDT desde IndexedDB
 [IndicatorCache] 💾 swing@SOLUSDT desde IndexedDB
 [IndicatorCache] 💾 swing@BTCUSDT desde memoria
 [IndicatorCache] 💾 swing@ETHUSDT desde memoria
 [IndicatorCache] 💾 swing@ADAUSDT desde IndexedDB
 [IndicatorCache] 💾 swing@DOGEUSDT desde IndexedDB
 [IndicatorCache] 💾 swing@XRPUSDT desde memoria
 [IndicatorCache] 💾 swing@TRXUSDT desde memoria
 [IndicatorCache] 💾 swing@GALAUSDT desde memoria
 [IndicatorCache] 💾 swing@SUIUSDT desde memoria
 [IndicatorCache] 💾 swing@TRBUSDT desde memoria
 [IndicatorCache] 💾 swing@SOLUSDT desde memoria
 [ETHUSDT] VWAP draw: 42/42 points matched, dataMap size: 7213
 [IndicatorCache] 💾 swing@ADAUSDT desde memoria
 [IndicatorCache] 💾 swing@DOGEUSDT desde memoria
 [SUIUSDT] VWAP draw: 42/42 points matched, dataMap size: 7213
 [IndicatorCache] 💾 swing@BTCUSDT desde IndexedDB
 [IndicatorCache] 💾 swing@ETHUSDT desde IndexedDB
 [IndicatorCache] 💾 swing@TRXUSDT desde IndexedDB
 [IndicatorCache] 💾 swing@XRPUSDT desde IndexedDB
 [IndicatorCache] 💾 swing@GALAUSDT desde IndexedDB
 [IndicatorCache] 💾 swing@SUIUSDT desde IndexedDB
 [XRPUSDT] VWAP draw: 31/31 points matched, dataMap size: 7213
 [CandleCache] 🔄 LRU evict: candles_TRXUSDT_1 (memoria: 3/4)
 [CandleCache] 🔄 LRU evict: candles_SUIUSDT_1 (memoria: 3/4)
 [CandleCache] 🔄 LRU evict: candles_GALAUSDT_1 (memoria: 3/4)
 [CandleCache] 🔄 LRU evict: candles_TRBUSDT_1 (memoria: 3/4)
 [CandleCache] 🔄 LRU evict: candles_DOGEUSDT_1 (memoria: 3/4)
 [CandleCache] ✅ DOGEUSDT@1 - guardado (7204 velas, memoria: 4/4)
 [IndicatorCache] 🗑️ Invalidado DOGEUSDT: 1 memoria, 2 IndexedDB
 [IndicatorCache] 🗑️ Invalidado BTCUSDT: 1 memoria, 2 IndexedDB
 [IndicatorCache] 🗑️ Invalidado ADAUSDT: 1 memoria, 2 IndexedDB
 [CandleCache] ✅ BTCUSDT@1 - guardado (7200 velas, memoria: 4/4)
 [IndicatorCache] 🗑️ Invalidado ETHUSDT: 1 memoria, 2 IndexedDB
 [IndicatorCache] 🗑️ Invalidado GALAUSDT: 2 memoria, 2 IndexedDB
 [CandleCache] ✅ ADAUSDT@1 - guardado (7204 velas, memoria: 4/4)
 [CandleCache] ✅ ETHUSDT@1 - guardado (7200 velas, memoria: 4/4)
 [CandleCache] ✅ GALAUSDT@1 - guardado (7200 velas, memoria: 4/4)
 [CandleCache] 🔄 LRU evict: candles_BTCUSDT_1 (memoria: 3/4)
 [CandleCache] 🔄 LRU evict: candles_ADAUSDT_1 (memoria: 3/4)
 [CandleCache] 🔄 LRU evict: candles_ETHUSDT_1 (memoria: 3/4)
 [CandleCache] 🔄 LRU evict: candles_GALAUSDT_1 (memoria: 3/4)
 [CandleCache] 🔄 LRU evict: candles_SOLUSDT_1 (memoria: 3/4)
 [SOLUSDT] VWAP draw: 45/46 points matched, dataMap size: 7213
 [IndicatorCache] 💾 swing@TRBUSDT desde IndexedDB
 [CandleCache] ✅ SOLUSDT@1 - guardado (7204 velas, memoria: 4/4)
 [IndicatorCache] 🗑️ Invalidado SOLUSDT: 1 memoria, 2 IndexedDB
 [CandleCache] ✅ XRPUSDT@1 - guardado (7200 velas, memoria: 4/4)
 [IndicatorCache] 🗑️ Invalidado XRPUSDT: 1 memoria, 2 IndexedDB
 [IndicatorCache] 🗑️ Invalidado TRXUSDT: 1 memoria, 2 IndexedDB
 [IndicatorCache] 🗑️ Invalidado SUIUSDT: 2 memoria, 2 IndexedDB
 [IndicatorCache] 🗑️ Invalidado TRBUSDT: 1 memoria, 2 IndexedDB
 [CandleCache] ✅ TRXUSDT@1 - guardado (7200 velas, memoria: 4/4)
 [CandleCache] ✅ SUIUSDT@1 - guardado (7204 velas, memoria: 4/4)
 [CandleCache] ✅ TRBUSDT@1 - guardado (7204 velas, memoria: 4/4)
 [SOLUSDT] SwingDetector: 300 signals from BACKEND
 [TRXUSDT] VWAP polling executed: updated=true, hasRedraw=true
 [TRXUSDT] requestRedraw via setRedrawTrigger
 [TRXUSDT] VWAP requestRedraw() called
 [TRXUSDT] redrawTrigger=28, ejecutando drawChart
 [ADAUSDT] SwingDetector: 300 signals from BACKEND
 [DOGEUSDT] SwingDetector: 300 signals from BACKEND
 [BTCUSDT] SwingDetector: 300 signals from BACKEND
 [ETHUSDT] SwingDetector: 300 signals from BACKEND
 [XRPUSDT] SwingDetector: 300 signals from BACKEND
 [TRXUSDT] SwingDetector: 300 signals from BACKEND
 [GALAUSDT] SwingDetector: 300 signals from BACKEND
 [IndicatorCache] 💾 swing@TRBUSDT desde memoria
 [IndicatorCache] 💾 swing@SOLUSDT desde memoria
 [IndicatorCache] 💾 swing@ADAUSDT desde memoria
 [IndicatorCache] 💾 swing@DOGEUSDT desde memoria
 [SUIUSDT] SwingDetector: 300 signals from BACKEND
 [BTCUSDT] SwingDetector: 300 signals from BACKEND
 [ETHUSDT] SwingDetector: 300 signals from BACKEND
 [TRXUSDT] SwingDetector: 300 signals from BACKEND
 [IndicatorCache] 💾 swing@BTCUSDT desde memoria
 [IndicatorCache] 💾 swing@ETHUSDT desde memoria
 [XRPUSDT] SwingDetector: 300 signals from BACKEND
 [IndicatorCache] 💾 swing@XRPUSDT desde memoria
 [GALAUSDT] SwingDetector: 300 signals from BACKEND
 [IndicatorCache] 💾 swing@TRXUSDT desde memoria
 [IndicatorCache] 💾 swing@GALAUSDT desde memoria
 [SUIUSDT] SwingDetector: 300 signals from BACKEND
 [TRBUSDT] SwingDetector: 300 signals from BACKEND
 [IndicatorCache] 💾 swing@SUIUSDT desde memoria
 [SOLUSDT] SwingDetector: 300 signals from BACKEND
 [IndicatorCache] 💾 swing@TRBUSDT desde memoria
 [ADAUSDT] SwingDetector: 300 signals from BACKEND
 [DOGEUSDT] SwingDetector: 300 signals from BACKEND
 [IndicatorCache] 💾 swing@SOLUSDT desde memoria
 [IndicatorCache] 💾 swing@ADAUSDT desde memoria
 [IndicatorCache] 💾 swing@DOGEUSDT desde memoria
 [TRBUSDT] VWAP polling executed: updated=true, hasRedraw=true
 [TRBUSDT] requestRedraw via setRedrawTrigger
 [TRBUSDT] VWAP requestRedraw() called
 [TRBUSDT] redrawTrigger=27, ejecutando drawChart
 [BTCUSDT] VWAP polling executed: updated=true, hasRedraw=true
 [BTCUSDT] requestRedraw via setRedrawTrigger
 [BTCUSDT] VWAP requestRedraw() called
 [BTCUSDT] redrawTrigger=28, ejecutando drawChart
 [XRPUSDT] VWAP polling executed: updated=true, hasRedraw=true
 [XRPUSDT] requestRedraw via setRedrawTrigger
 [XRPUSDT] VWAP requestRedraw() called
 [XRPUSDT] redrawTrigger=28, ejecutando drawChart
 [GALAUSDT] VWAP polling executed: updated=true, hasRedraw=true
 [GALAUSDT] requestRedraw via setRedrawTrigger
 [GALAUSDT] VWAP requestRedraw() called
 [GALAUSDT] redrawTrigger=28, ejecutando drawChart
 [ETHUSDT] VWAP polling executed: updated=true, hasRedraw=true
 [ETHUSDT] requestRedraw via setRedrawTrigger
 [ETHUSDT] VWAP requestRedraw() called
 [ETHUSDT] redrawTrigger=28, ejecutando drawChart
 [SOLUSDT] VWAP polling executed: updated=true, hasRedraw=true
 [SOLUSDT] requestRedraw via setRedrawTrigger
 [SOLUSDT] VWAP requestRedraw() called
 [SOLUSDT] redrawTrigger=28, ejecutando drawChart
 [IndicatorCache] 💾 swing@BTCUSDT desde IndexedDB
 [IndicatorCache] 💾 swing@ETHUSDT desde IndexedDB
 [SOLUSDT] VWAP draw: 46/46 points matched, dataMap size: 7214
 [IndicatorCache] 💾 swing@TRXUSDT desde IndexedDB
 [SUIUSDT] VWAP polling executed: updated=true, hasRedraw=true
 [SUIUSDT] requestRedraw via setRedrawTrigger
 [SUIUSDT] VWAP requestRedraw() called
 [SUIUSDT] redrawTrigger=28, ejecutando drawChart
 [IndicatorCache] 💾 swing@XRPUSDT desde IndexedDB
 [IndicatorCache] 💾 swing@GALAUSDT desde IndexedDB
 [ADAUSDT] VWAP polling executed: updated=true, hasRedraw=true
 [ADAUSDT] requestRedraw via setRedrawTrigger
 [ADAUSDT] VWAP requestRedraw() called
 [ADAUSDT] redrawTrigger=28, ejecutando drawChart
 [IndicatorCache] 💾 swing@SUIUSDT desde IndexedDB
 [DOGEUSDT] VWAP polling executed: updated=true, hasRedraw=true
 [DOGEUSDT] requestRedraw via setRedrawTrigger
 [DOGEUSDT] VWAP requestRedraw() called
 [DOGEUSDT] redrawTrigger=27, ejecutando drawChart
 [TRBUSDT] SwingDetector: 300 signals from BACKEND
 [IndicatorCache] 💾 swing@SOLUSDT desde IndexedDB
 [IndicatorCache] 💾 swing@ADAUSDT desde IndexedDB
 [IndicatorCache] 💾 swing@DOGEUSDT desde IndexedDB
 [IndicatorCache] 💾 swing@BTCUSDT desde memoria
 [IndicatorCache] 💾 swing@ETHUSDT desde memoria
 [IndicatorCache] 💾 swing@XRPUSDT desde memoria
 [IndicatorCache] 💾 swing@TRXUSDT desde memoria
 [IndicatorCache] 💾 swing@GALAUSDT desde memoria
 [IndicatorCache] 💾 swing@SUIUSDT desde memoria
 [IndicatorCache] 💾 swing@TRBUSDT desde memoria
 [IndicatorCache] 💾 swing@SOLUSDT desde memoria
 [IndicatorCache] 💾 swing@ADAUSDT desde memoria
 [IndicatorCache] 💾 swing@DOGEUSDT desde memoria
 [IndicatorCache] 💾 swing@BTCUSDT desde IndexedDB
 [IndicatorCache] 💾 swing@ETHUSDT desde IndexedDB
 [IndicatorCache] 💾 swing@XRPUSDT desde IndexedDB
 [IndicatorCache] 💾 swing@TRXUSDT desde IndexedDB
 [IndicatorCache] 💾 swing@GALAUSDT desde IndexedDB
 [IndicatorCache] 💾 swing@SUIUSDT desde IndexedDB
 [IndicatorCache] 💾 swing@TRBUSDT desde IndexedDB
 [IndicatorCache] 💾 swing@SOLUSDT desde IndexedDB
 [IndicatorCache] 💾 swing@ADAUSDT desde IndexedDB
 [IndicatorCache] 💾 swing@BTCUSDT desde memoria
 [IndicatorCache] 💾 swing@ETHUSDT desde memoria
 [IndicatorCache] 💾 swing@DOGEUSDT desde IndexedDB
 [IndicatorCache] 💾 swing@XRPUSDT desde memoria
 [IndicatorCache] 💾 swing@TRXUSDT desde memoria
 [IndicatorCache] 💾 swing@GALAUSDT desde memoria
 [IndicatorCache] 💾 swing@SUIUSDT desde memoria
 [IndicatorCache] 💾 swing@TRBUSDT desde memoria
 [IndicatorCache] 💾 swing@SOLUSDT desde memoria
 [IndicatorCache] 💾 swing@ADAUSDT desde memoria
 [IndicatorCache] 💾 swing@DOGEUSDT desde memoria
 [IndicatorCache] 💾 swing@BTCUSDT desde IndexedDB
 [IndicatorCache] 💾 swing@ETHUSDT desde IndexedDB
 [IndicatorCache] 💾 swing@TRXUSDT desde IndexedDB
 [IndicatorCache] 💾 swing@XRPUSDT desde IndexedDB
 [IndicatorCache] 💾 swing@GALAUSDT desde IndexedDB
 [XRPUSDT] VWAP draw: 31/31 points matched, dataMap size: 7214
 [IndicatorCache] 💾 swing@SUIUSDT desde IndexedDB
 [CandleCache] 💾 XRPUSDT@1 - desde memoria (7200 velas)
 [CandleCache] OK VALIDATION XRPUSDT@1: 7200 velas sin gaps
 [CandleCache] XRPUSDT@1 - Cache valido: 7200 velas, sin gaps significativos
 [XRPUSDT] 🔄 Carga INCREMENTAL: desde 2/2/2026, 12:58:00 p.m. (7200 velas en cache)
 [CandleCache] 💾 TRXUSDT@1 - desde memoria (7200 velas)
 [CandleCache] OK VALIDATION TRXUSDT@1: 7200 velas sin gaps
 [CandleCache] TRXUSDT@1 - Cache valido: 7200 velas, sin gaps significativos
 [TRXUSDT] 🔄 Carga INCREMENTAL: desde 2/2/2026, 12:58:00 p.m. (7200 velas en cache)
 [CandleCache] 💾 SUIUSDT@1 - desde memoria (7204 velas)
 [CandleCache] OK VALIDATION SUIUSDT@1: 7204 velas sin gaps
 [CandleCache] SUIUSDT@1 - Cache valido: 7204 velas, sin gaps significativos
 [SUIUSDT] 🔄 Carga INCREMENTAL: desde 2/2/2026, 12:58:00 p.m. (7204 velas en cache)
 [CandleCache] 💾 TRBUSDT@1 - desde memoria (7204 velas)
 [CandleCache] OK VALIDATION TRBUSDT@1: 7204 velas sin gaps
 [CandleCache] TRBUSDT@1 - Cache valido: 7204 velas, sin gaps significativos
 [TRBUSDT] 🔄 Carga INCREMENTAL: desde 2/2/2026, 12:58:00 p.m. (7204 velas en cache)
 [CandleCache] 🔄 LRU evict: candles_XRPUSDT_1 (memoria: 3/4)
 [CandleCache] 💾 GALAUSDT@1 - desde IndexedDB (7200 velas)
 [CandleCache] OK VALIDATION GALAUSDT@1: 7200 velas sin gaps
 [CandleCache] GALAUSDT@1 - Cache valido: 7200 velas, sin gaps significativos
 [GALAUSDT] 🔄 Carga INCREMENTAL: desde 2/2/2026, 12:58:00 p.m. (7200 velas en cache)
 [CandleCache] 🔄 LRU evict: candles_TRXUSDT_1 (memoria: 3/4)
 [CandleCache] 💾 ADAUSDT@1 - desde IndexedDB (7204 velas)
 [CandleCache] OK VALIDATION ADAUSDT@1: 7204 velas sin gaps
 [CandleCache] ADAUSDT@1 - Cache valido: 7204 velas, sin gaps significativos
 [ADAUSDT] 🔄 Carga INCREMENTAL: desde 2/2/2026, 12:58:00 p.m. (7204 velas en cache)
 [CandleCache] 🔄 LRU evict: candles_SUIUSDT_1 (memoria: 3/4)
 [CandleCache] 💾 BTCUSDT@1 - desde IndexedDB (7200 velas)
 [CandleCache] OK VALIDATION BTCUSDT@1: 7200 velas sin gaps
 [CandleCache] BTCUSDT@1 - Cache valido: 7200 velas, sin gaps significativos
 [BTCUSDT] 🔄 Carga INCREMENTAL: desde 2/2/2026, 12:58:00 p.m. (7200 velas en cache)
 [CandleCache] 🔄 LRU evict: candles_TRBUSDT_1 (memoria: 3/4)
 [CandleCache] 💾 SOLUSDT@1 - desde IndexedDB (7204 velas)
 [CandleCache] OK VALIDATION SOLUSDT@1: 7204 velas sin gaps
 [CandleCache] SOLUSDT@1 - Cache valido: 7204 velas, sin gaps significativos
 [SOLUSDT] 🔄 Carga INCREMENTAL: desde 2/2/2026, 12:58:00 p.m. (7204 velas en cache)
 [CandleCache] 🔄 LRU evict: candles_GALAUSDT_1 (memoria: 3/4)
 [CandleCache] 💾 DOGEUSDT@1 - desde IndexedDB (7204 velas)
 [CandleCache] OK VALIDATION DOGEUSDT@1: 7204 velas sin gaps
 [CandleCache] DOGEUSDT@1 - Cache valido: 7204 velas, sin gaps significativos
 [DOGEUSDT] 🔄 Carga INCREMENTAL: desde 2/2/2026, 12:58:00 p.m. (7204 velas en cache)
 [CandleCache] 🔄 LRU evict: candles_ADAUSDT_1 (memoria: 3/4)
 [CandleCache] 💾 ETHUSDT@1 - desde IndexedDB (7200 velas)
 [CandleCache] OK VALIDATION ETHUSDT@1: 7200 velas sin gaps
 [CandleCache] ETHUSDT@1 - Cache valido: 7200 velas, sin gaps significativos
 [ETHUSDT] 🔄 Carga INCREMENTAL: desde 2/2/2026, 12:58:00 p.m. (7200 velas en cache)
 [CandleCache] 🔄 Merge: 7204 cached + 2 new = 7204 total
 [ADAUSDT] ✅ Incremental: +2 velas nuevas = 7204 total
 [CandleCache] 🔄 LRU evict: candles_BTCUSDT_1 (memoria: 3/4)
 [ADAUSDT] ✅ Histórico final: 7204 velas
 [ADAUSDT] IndicatorManager: startAllPolling() completado
 [CandleCache] 🔄 Merge: 7204 cached + 2 new = 7204 total
 [TRBUSDT] ✅ Incremental: +2 velas nuevas = 7204 total
 [CandleCache] 🔄 LRU evict: candles_SOLUSDT_1 (memoria: 3/4)
 [TRBUSDT] ✅ Histórico final: 7204 velas
 [TRBUSDT] IndicatorManager: startAllPolling() completado
 [CandleCache] 🔄 Merge: 7200 cached + 2 new = 7200 total
 [XRPUSDT] ✅ Incremental: +2 velas nuevas = 7200 total
 [CandleCache] 🔄 LRU evict: candles_DOGEUSDT_1 (memoria: 3/4)
 [XRPUSDT] ✅ Histórico final: 7200 velas
 [XRPUSDT] IndicatorManager: startAllPolling() completado
 [CandleCache] ✅ ADAUSDT@1 - guardado (7204 velas, memoria: 4/4)
 [CandleCache] ✅ TRBUSDT@1 - guardado (7204 velas, memoria: 4/4)
 [CandleCache] ✅ XRPUSDT@1 - guardado (7200 velas, memoria: 4/4)
 [CandleCache] 🔄 Merge: 7200 cached + 2 new = 7200 total
 [BTCUSDT] ✅ Incremental: +2 velas nuevas = 7200 total
 [CandleCache] 🔄 LRU evict: candles_ETHUSDT_1 (memoria: 3/4)
 [BTCUSDT] ✅ Histórico final: 7200 velas
 [BTCUSDT] IndicatorManager: startAllPolling() completado
 [CandleCache] 🔄 Merge: 7204 cached + 2 new = 7204 total
 [SOLUSDT] ✅ Incremental: +2 velas nuevas = 7204 total
 [CandleCache] 🔄 LRU evict: candles_ADAUSDT_1 (memoria: 3/4)
 [SOLUSDT] ✅ Histórico final: 7204 velas
 [SOLUSDT] IndicatorManager: startAllPolling() completado
 [CandleCache] 🔄 Merge: 7200 cached + 2 new = 7200 total
 [TRXUSDT] ✅ Incremental: +2 velas nuevas = 7200 total
 [CandleCache] 🔄 LRU evict: candles_TRBUSDT_1 (memoria: 3/4)
 [TRXUSDT] ✅ Histórico final: 7200 velas
 [TRXUSDT] IndicatorManager: startAllPolling() completado
 [CandleCache] ✅ BTCUSDT@1 - guardado (7200 velas, memoria: 4/4)
 [CandleCache] 🔄 Merge: 7200 cached + 2 new = 7200 total
 [GALAUSDT] ✅ Incremental: +2 velas nuevas = 7200 total
 [CandleCache] 🔄 LRU evict: candles_XRPUSDT_1 (memoria: 3/4)
 [GALAUSDT] ✅ Histórico final: 7200 velas
 [GALAUSDT] IndicatorManager: startAllPolling() completado
 [CandleCache] ✅ SOLUSDT@1 - guardado (7204 velas, memoria: 4/4)
 [CandleCache] ✅ TRXUSDT@1 - guardado (7200 velas, memoria: 4/4)
 [CandleCache] ✅ GALAUSDT@1 - guardado (7200 velas, memoria: 4/4)
 [CandleCache] 🔄 Merge: 7204 cached + 2 new = 7204 total
 [SUIUSDT] ✅ Incremental: +2 velas nuevas = 7204 total
 [CandleCache] 🔄 LRU evict: candles_BTCUSDT_1 (memoria: 3/4)
 [SUIUSDT] ✅ Histórico final: 7204 velas
 [SUIUSDT] IndicatorManager: startAllPolling() completado
 [CandleCache] ✅ SUIUSDT@1 - guardado (7204 velas, memoria: 4/4)
 [CandleCache] 🔄 Merge: 7204 cached + 2 new = 7204 total
 [DOGEUSDT] ✅ Incremental: +2 velas nuevas = 7204 total
 [CandleCache] 🔄 LRU evict: candles_SOLUSDT_1 (memoria: 3/4)
 [DOGEUSDT] ✅ Histórico final: 7204 velas
 [DOGEUSDT] IndicatorManager: startAllPolling() completado
 [CandleCache] 🔄 Merge: 7200 cached + 2 new = 7200 total
 [ETHUSDT] ✅ Incremental: +2 velas nuevas = 7200 total
 [CandleCache] 🔄 LRU evict: candles_TRXUSDT_1 (memoria: 3/4)
 [ETHUSDT] ✅ Histórico final: 7200 velas
 [ETHUSDT] IndicatorManager: startAllPolling() completado
 [CandleCache] ✅ DOGEUSDT@1 - guardado (7204 velas, memoria: 4/4)
 [CandleCache] ✅ ETHUSDT@1 - guardado (7200 velas, memoria: 4/4)
 [CandleCache] 🔄 LRU evict: candles_GALAUSDT_1 (memoria: 3/4)
 [CandleCache] 🔄 LRU evict: candles_SUIUSDT_1 (memoria: 3/4)
 [CandleCache] 🔄 LRU evict: candles_ETHUSDT_1 (memoria: 3/4)
 [CandleCache] ✅ ETHUSDT@1 - guardado (7200 velas, memoria: 4/4)
 [CandleCache] ✅ DOGEUSDT@1 - guardado (7204 velas, memoria: 4/4)
 [IndicatorCache] 🗑️ Invalidado ETHUSDT: 1 memoria, 2 IndexedDB
 [IndicatorCache] 🗑️ Invalidado DOGEUSDT: 1 memoria, 2 IndexedDB
 [IndicatorCache] 🗑️ Invalidado BTCUSDT: 1 memoria, 2 IndexedDB
 [IndicatorCache] 🗑️ Invalidado ADAUSDT: 1 memoria, 2 IndexedDB
 [IndicatorCache] 🗑️ Invalidado GALAUSDT: 2 memoria, 2 IndexedDB
 [CandleCache] ✅ BTCUSDT@1 - guardado (7200 velas, memoria: 4/4)
 [CandleCache] ✅ ADAUSDT@1 - guardado (7204 velas, memoria: 4/4)
 [CandleCache] ✅ GALAUSDT@1 - guardado (7200 velas, memoria: 4/4)
 [CandleCache] 🔄 LRU evict: candles_DOGEUSDT_1 (memoria: 3/4)
 [CandleCache] 🔄 LRU evict: candles_BTCUSDT_1 (memoria: 3/4)
 [CandleCache] 🔄 LRU evict: candles_ADAUSDT_1 (memoria: 3/4)
 [CandleCache] 🔄 LRU evict: candles_GALAUSDT_1 (memoria: 3/4)
 [IndicatorCache] 💾 swing@TRBUSDT desde IndexedDB
 [CandleCache] ✅ SUIUSDT@1 - guardado (7204 velas, memoria: 4/4)
 [IndicatorCache] 🗑️ Invalidado SUIUSDT: 2 memoria, 2 IndexedDB
 [IndicatorCache] 🗑️ Invalidado SOLUSDT: 1 memoria, 2 IndexedDB
 [IndicatorCache] 🗑️ Invalidado XRPUSDT: 1 memoria, 2 IndexedDB
 [IndicatorCache] 🗑️ Invalidado TRXUSDT: 1 memoria, 2 IndexedDB
 [CandleCache] ✅ SOLUSDT@1 - guardado (7204 velas, memoria: 4/4)
 [CandleCache] ✅ XRPUSDT@1 - guardado (7200 velas, memoria: 4/4)
 [CandleCache] ✅ TRXUSDT@1 - guardado (7200 velas, memoria: 4/4)
 [SOLUSDT] SwingDetector: 300 signals from BACKEND
 [XRPUSDT] VWAP draw: 30/31 points matched, dataMap size: 7214
 [TRXUSDT] VWAP polling executed: updated=true, hasRedraw=true
 [TRXUSDT] requestRedraw via setRedrawTrigger
 [TRXUSDT] VWAP requestRedraw() called
 [TRXUSDT] redrawTrigger=29, ejecutando drawChart
 [ADAUSDT] SwingDetector: 300 signals from BACKEND
 [DOGEUSDT] SwingDetector: 300 signals from BACKEND
 [BTCUSDT] SwingDetector: 300 signals from BACKEND
 [ETHUSDT] SwingDetector: 300 signals from BACKEND
 [XRPUSDT] SwingDetector: 300 signals from BACKEND
 [TRXUSDT] SwingDetector: 300 signals from BACKEND
 [GALAUSDT] SwingDetector: 300 signals from BACKEND
 [IndicatorCache] 💾 swing@TRBUSDT desde memoria
 [IndicatorCache] 💾 swing@SOLUSDT desde memoria
 [IndicatorCache] 💾 swing@ADAUSDT desde memoria
 [SUIUSDT] SwingDetector: 300 signals from BACKEND
 [IndicatorCache] 💾 swing@DOGEUSDT desde memoria
 [BTCUSDT] SwingDetector: 300 signals from BACKEND
 [ETHUSDT] SwingDetector: 300 signals from BACKEND
 [IndicatorCache] 💾 swing@TRBUSDT desde IndexedDB
 [TRXUSDT] SwingDetector: 300 signals from BACKEND
 [XRPUSDT] SwingDetector: 300 signals from BACKEND
 [IndicatorCache] 💾 swing@BTCUSDT desde memoria
 [IndicatorCache] 💾 swing@ETHUSDT desde memoria
 [GALAUSDT] SwingDetector: 300 signals from BACKEND
 [IndicatorCache] 💾 swing@XRPUSDT desde memoria
 [SOLUSDT] SwingDetector: 300 signals from BACKEND
 [IndicatorCache] 💾 swing@TRXUSDT desde memoria
 [IndicatorCache] 💾 swing@GALAUSDT desde memoria
 [SUIUSDT] SwingDetector: 300 signals from BACKEND
 [DOGEUSDT] SwingDetector: 300 signals from BACKEND
 [IndicatorCache] 💾 swing@SUIUSDT desde memoria
 [IndicatorCache] 💾 swing@TRBUSDT desde memoria
 [ADAUSDT] SwingDetector: 300 signals from BACKEND
 [IndicatorCache] 💾 swing@SOLUSDT desde memoria
 [IndicatorCache] 💾 swing@ADAUSDT desde memoria
 [IndicatorCache] 💾 swing@DOGEUSDT desde memoria
 [TRBUSDT] VWAP polling executed: updated=true, hasRedraw=true
 [TRBUSDT] requestRedraw via setRedrawTrigger
 [TRBUSDT] VWAP requestRedraw() called
 [TRBUSDT] redrawTrigger=28, ejecutando drawChart
 [XRPUSDT] VWAP polling executed: updated=true, hasRedraw=true
 [XRPUSDT] requestRedraw via setRedrawTrigger
 [XRPUSDT] VWAP requestRedraw() called
 [XRPUSDT] redrawTrigger=29, ejecutando drawChart
 [BTCUSDT] VWAP polling executed: updated=true, hasRedraw=true
 [BTCUSDT] requestRedraw via setRedrawTrigger
 [BTCUSDT] VWAP requestRedraw() called
 [BTCUSDT] redrawTrigger=29, ejecutando drawChart
 [CandleCache] 🔄 LRU evict: candles_SUIUSDT_1 (memoria: 3/4)
 [CandleCache] ✅ TRBUSDT@1 - guardado (7204 velas, memoria: 4/4)
 [IndicatorCache] 🗑️ Invalidado TRBUSDT: 1 memoria, 2 IndexedDB
 [GALAUSDT] VWAP polling executed: updated=true, hasRedraw=true
 [GALAUSDT] requestRedraw via setRedrawTrigger
 [GALAUSDT] VWAP requestRedraw() called
 [GALAUSDT] redrawTrigger=29, ejecutando drawChart
 [ADAUSDT] VWAP polling executed: updated=true, hasRedraw=true
 [ADAUSDT] requestRedraw via setRedrawTrigger
 [ADAUSDT] VWAP requestRedraw() called
 [ADAUSDT] redrawTrigger=29, ejecutando drawChart
 [SUIUSDT] VWAP polling executed: updated=true, hasRedraw=true
 [SUIUSDT] requestRedraw via setRedrawTrigger
 [SUIUSDT] VWAP requestRedraw() called
 [SUIUSDT] redrawTrigger=29, ejecutando drawChart
 [IndicatorCache] 💾 swing@BTCUSDT desde IndexedDB
 [IndicatorCache] 💾 swing@ETHUSDT desde IndexedDB
 [ETHUSDT] VWAP polling executed: updated=true, hasRedraw=true
 [ETHUSDT] requestRedraw via setRedrawTrigger
 [ETHUSDT] VWAP requestRedraw() called
 [ETHUSDT] redrawTrigger=29, ejecutando drawChart
 [ETHUSDT] VWAP draw: 42/42 points matched, dataMap size: 7215
 [IndicatorCache] 💾 swing@TRXUSDT desde IndexedDB
 [IndicatorCache] 💾 swing@XRPUSDT desde IndexedDB
 [SOLUSDT] VWAP polling executed: updated=true, hasRedraw=true
 [SOLUSDT] requestRedraw via setRedrawTrigger
 [SOLUSDT] VWAP requestRedraw() called
 [SOLUSDT] redrawTrigger=29, ejecutando drawChart
 [IndicatorCache] 💾 swing@GALAUSDT desde IndexedDB
 [DOGEUSDT] VWAP polling executed: updated=true, hasRedraw=true
 [DOGEUSDT] requestRedraw via setRedrawTrigger
 [DOGEUSDT] VWAP requestRedraw() called
 [DOGEUSDT] redrawTrigger=28, ejecutando drawChart
 [IndicatorCache] 💾 swing@SUIUSDT desde IndexedDB
 [BTCUSDT] VWAP draw: 56/56 points matched, dataMap size: 7215
 [SOLUSDT] VWAP draw: 46/46 points matched, dataMap size: 7215
 [TRBUSDT] SwingDetector: 300 signals from BACKEND
 [IndicatorCache] 💾 swing@SOLUSDT desde IndexedDB
 [SOLUSDT] VWAP draw: 46/46 points matched, dataMap size: 7215
 [IndicatorCache] 💾 swing@ADAUSDT desde IndexedDB
 [IndicatorCache] 💾 swing@DOGEUSDT desde IndexedDB
 [IndicatorCache] 💾 swing@BTCUSDT desde memoria
 [IndicatorCache] 💾 swing@ETHUSDT desde memoria
 [IndicatorCache] 💾 swing@XRPUSDT desde memoria
 [IndicatorCache] 💾 swing@TRXUSDT desde memoria
 [IndicatorCache] 💾 swing@GALAUSDT desde memoria
 [IndicatorCache] 💾 swing@SUIUSDT desde memoria
 [IndicatorCache] 💾 swing@TRBUSDT desde memoria
 [IndicatorCache] 💾 swing@SOLUSDT desde memoria
 [IndicatorCache] 💾 swing@ADAUSDT desde memoria
 [IndicatorCache] 💾 swing@DOGEUSDT desde memoria
 [IndicatorCache] 💾 swing@BTCUSDT desde IndexedDB
 [IndicatorCache] 💾 swing@ETHUSDT desde IndexedDB
 [IndicatorCache] 💾 swing@XRPUSDT desde IndexedDB
 [IndicatorCache] 💾 swing@TRXUSDT desde IndexedDB
 [IndicatorCache] 💾 swing@GALAUSDT desde IndexedDB
 [IndicatorCache] 💾 swing@SUIUSDT desde IndexedDB
 [IndicatorCache] 💾 swing@SOLUSDT desde IndexedDB
 [IndicatorCache] 💾 swing@ADAUSDT desde IndexedDB
 [IndicatorCache] 💾 swing@DOGEUSDT desde IndexedDB
 [IndicatorCache] 💾 swing@BTCUSDT desde memoria
 [IndicatorCache] 💾 swing@ETHUSDT desde memoria
 [IndicatorCache] 💾 swing@XRPUSDT desde memoria
 [TRBUSDT] SwingDetector: 300 signals from BACKEND
 [IndicatorCache] 💾 swing@TRXUSDT desde memoria
 [IndicatorCache] 💾 swing@GALAUSDT desde memoria
 [IndicatorCache] 💾 swing@SUIUSDT desde memoria
 [IndicatorCache] 💾 swing@TRBUSDT desde memoria
 [IndicatorCache] 💾 swing@SOLUSDT desde memoria
 [DOGEUSDT] VWAP draw: 62/62 points matched, dataMap size: 7215
 [IndicatorCache] 💾 swing@ADAUSDT desde memoria
 [IndicatorCache] 💾 swing@DOGEUSDT desde memoria
 [IndicatorCache] 💾 swing@BTCUSDT desde IndexedDB
 [IndicatorCache] 💾 swing@ETHUSDT desde IndexedDB
 [IndicatorCache] 💾 swing@TRXUSDT desde IndexedDB
 [IndicatorCache] 💾 swing@XRPUSDT desde IndexedDB
 [IndicatorCache] 💾 swing@GALAUSDT desde IndexedDB
 [IndicatorCache] 💾 swing@SUIUSDT desde IndexedDB
 [CandleCache] 🔄 LRU evict: candles_SOLUSDT_1 (memoria: 3/4)
 [CandleCache] 🔄 LRU evict: candles_XRPUSDT_1 (memoria: 3/4)
 [CandleCache] 🔄 LRU evict: candles_TRXUSDT_1 (memoria: 3/4)
 [CandleCache] 🔄 LRU evict: candles_TRBUSDT_1 (memoria: 3/4)
 [CandleCache] 🔄 LRU evict: candles_ETHUSDT_1 (memoria: 3/4)
 [CandleCache] 🔄 LRU evict: candles_SUIUSDT_1 (memoria: 3/4)
 [CandleCache] 🔄 LRU evict: candles_GALAUSDT_1 (memoria: 3/4)
 [CandleCache] 🔄 LRU evict: candles_SOLUSDT_1 (memoria: 3/4)
 [CandleCache] 🔄 LRU evict: candles_XRPUSDT_1 (memoria: 3/4)
 [IndicatorCache] 💾 swing@TRBUSDT desde IndexedDB
 [CandleCache] ✅ ETHUSDT@1 - guardado (7199 velas, memoria: 4/4)
 [CandleCache] ✅ SUIUSDT@1 - guardado (7203 velas, memoria: 4/4)
 [CandleCache] ✅ GALAUSDT@1 - guardado (7199 velas, memoria: 4/4)
 [IndicatorCache] 🗑️ Invalidado ETHUSDT: 1 memoria, 2 IndexedDB
 [IndicatorCache] 🗑️ Invalidado SUIUSDT: 2 memoria, 2 IndexedDB
 [IndicatorCache] 🗑️ Invalidado GALAUSDT: 2 memoria, 2 IndexedDB
 [IndicatorCache] 🗑️ Invalidado SOLUSDT: 1 memoria, 2 IndexedDB
 [IndicatorCache] 🗑️ Invalidado XRPUSDT: 1 memoria, 2 IndexedDB
 [CandleCache] ✅ SOLUSDT@1 - guardado (7203 velas, memoria: 4/4)
 [IndicatorCache] 🗑️ Invalidado DOGEUSDT: 1 memoria, 2 IndexedDB
 [IndicatorCache] 🗑️ Invalidado BTCUSDT: 1 memoria, 2 IndexedDB
 [IndicatorCache] 🗑️ Invalidado ADAUSDT: 1 memoria, 2 IndexedDB
 [IndicatorCache] 🗑️ Invalidado TRXUSDT: 1 memoria, 2 IndexedDB
 [CandleCache] ✅ XRPUSDT@1 - guardado (7199 velas, memoria: 4/4)
 [CandleCache] ✅ DOGEUSDT@1 - guardado (7203 velas, memoria: 4/4)
 [CandleCache] ✅ BTCUSDT@1 - guardado (7199 velas, memoria: 4/4)
 [CandleCache] ✅ ADAUSDT@1 - guardado (7203 velas, memoria: 4/4)
 [CandleCache] ✅ TRXUSDT@1 - guardado (7199 velas, memoria: 4/4)
 [CandleCache] 🔄 LRU evict: candles_DOGEUSDT_1 (memoria: 3/4)
 [CandleCache] ✅ TRBUSDT@1 - guardado (7204 velas, memoria: 4/4)
 [IndicatorCache] 🗑️ Invalidado TRBUSDT: 2 memoria, 2 IndexedDB
 [SOLUSDT] SwingDetector: 300 signals from BACKEND
 [GALAUSDT] VWAP draw: 25/26 points matched, dataMap size: 7215
 [TRXUSDT] VWAP polling executed: updated=true, hasRedraw=true
 [TRXUSDT] requestRedraw via setRedrawTrigger
 [TRXUSDT] VWAP requestRedraw() called
 [TRXUSDT] redrawTrigger=30, ejecutando drawChart
 [ADAUSDT] SwingDetector: 300 signals from BACKEND
 [DOGEUSDT] SwingDetector: 300 signals from BACKEND
 [BTCUSDT] SwingDetector: 300 signals from BACKEND
 [ETHUSDT] SwingDetector: 300 signals from BACKEND
 [XRPUSDT] SwingDetector: 300 signals from BACKEND
 [TRXUSDT] SwingDetector: 300 signals from BACKEND
 [GALAUSDT] SwingDetector: 300 signals from BACKEND
 [IndicatorCache] 💾 swing@SOLUSDT desde memoria
 [IndicatorCache] 💾 swing@ADAUSDT desde memoria
 [SUIUSDT] SwingDetector: 300 signals from BACKEND
 [IndicatorCache] 💾 swing@DOGEUSDT desde memoria
 [TRBUSDT] SwingDetector: 300 signals from BACKEND
 [BTCUSDT] SwingDetector: 300 signals from BACKEND
 [ETHUSDT] SwingDetector: 300 signals from BACKEND
 [XRPUSDT] SwingDetector: 300 signals from BACKEND
 [IndicatorCache] 💾 swing@BTCUSDT desde memoria
 [GALAUSDT] SwingDetector: 300 signals from BACKEND
 [IndicatorCache] 💾 swing@ETHUSDT desde memoria
 [TRBUSDT] SwingDetector: 300 signals from BACKEND
 [IndicatorCache] 💾 swing@XRPUSDT desde memoria
 [ADAUSDT] SwingDetector: 300 signals from BACKEND
 [IndicatorCache] 💾 swing@GALAUSDT desde memoria
 [DOGEUSDT] SwingDetector: 300 signals from BACKEND
 [SOLUSDT] SwingDetector: 300 signals from BACKEND
 [IndicatorCache] 💾 swing@TRBUSDT desde memoria
 [SUIUSDT] SwingDetector: 300 signals from BACKEND
 [TRXUSDT] SwingDetector: 300 signals from BACKEND
 [TRXUSDT] SwingDetector: 300 signals from BACKEND
 [SUIUSDT] SwingDetector: 300 signals from BACKEND
 [IndicatorCache] 💾 swing@SOLUSDT desde memoria
 [IndicatorCache] 💾 swing@ADAUSDT desde memoria
 [IndicatorCache] 💾 swing@DOGEUSDT desde memoria
 [TRBUSDT] VWAP polling executed: updated=true, hasRedraw=true
 [TRBUSDT] requestRedraw via setRedrawTrigger
 [TRBUSDT] VWAP requestRedraw() called
 [TRBUSDT] redrawTrigger=29, ejecutando drawChart
 [BTCUSDT] VWAP polling executed: updated=true, hasRedraw=true
 [BTCUSDT] requestRedraw via setRedrawTrigger
 [BTCUSDT] VWAP requestRedraw() called
 [BTCUSDT] redrawTrigger=30, ejecutando drawChart
 [XRPUSDT] VWAP polling executed: updated=true, hasRedraw=true
 [XRPUSDT] requestRedraw via setRedrawTrigger
 [XRPUSDT] VWAP requestRedraw() called
 [XRPUSDT] redrawTrigger=30, ejecutando drawChart
 [DOGEUSDT] VWAP draw: 61/62 points matched, dataMap size: 7215
 [GALAUSDT] VWAP polling executed: updated=true, hasRedraw=true
 [GALAUSDT] requestRedraw via setRedrawTrigger
 [GALAUSDT] VWAP requestRedraw() called
 [GALAUSDT] redrawTrigger=30, ejecutando drawChart
 [XRPUSDT] VWAP draw: 31/31 points matched, dataMap size: 7216
 [DOGEUSDT] VWAP polling executed: updated=true, hasRedraw=true
 [DOGEUSDT] requestRedraw via setRedrawTrigger
 [DOGEUSDT] VWAP requestRedraw() called
 [DOGEUSDT] redrawTrigger=29, ejecutando drawChart
 [SOLUSDT] VWAP polling executed: updated=true, hasRedraw=true
 [SOLUSDT] requestRedraw via setRedrawTrigger
 [SOLUSDT] VWAP requestRedraw() called
 [SOLUSDT] redrawTrigger=30, ejecutando drawChart
 [XRPUSDT] VWAP draw: 31/31 points matched, dataMap size: 7216
 [IndicatorCache] 💾 swing@BTCUSDT desde IndexedDB
 [IndicatorCache] 💾 swing@ETHUSDT desde IndexedDB
 [ADAUSDT] VWAP polling executed: updated=true, hasRedraw=true
 [ADAUSDT] requestRedraw via setRedrawTrigger
 [ADAUSDT] VWAP requestRedraw() called
 [ADAUSDT] redrawTrigger=30, ejecutando drawChart
 [IndicatorCache] 💾 swing@TRXUSDT desde IndexedDB
 [IndicatorCache] 💾 swing@XRPUSDT desde IndexedDB
 [SUIUSDT] VWAP polling executed: updated=true, hasRedraw=true
 [SUIUSDT] requestRedraw via setRedrawTrigger
 [SUIUSDT] VWAP requestRedraw() called
 [SUIUSDT] redrawTrigger=30, ejecutando drawChart
 [IndicatorCache] 💾 swing@GALAUSDT desde IndexedDB
 [ETHUSDT] VWAP polling executed: updated=true, hasRedraw=true
 [ETHUSDT] requestRedraw via setRedrawTrigger
 [ETHUSDT] VWAP requestRedraw() called
 [ETHUSDT] redrawTrigger=30, ejecutando drawChart
 [IndicatorCache] 💾 swing@SUIUSDT desde IndexedDB
 [SOLUSDT] VWAP draw: 46/46 points matched, dataMap size: 7216
 [TRBUSDT] VWAP draw: 38/38 points matched, dataMap size: 7216
 [IndicatorCache] 💾 swing@TRBUSDT desde IndexedDB
 [IndicatorCache] 💾 swing@SOLUSDT desde IndexedDB
 [ETHUSDT] VWAP draw: 42/42 points matched, dataMap size: 7216
 [IndicatorCache] 💾 swing@ADAUSDT desde IndexedDB
 [IndicatorCache] 💾 swing@DOGEUSDT desde IndexedDB
 [IndicatorCache] 💾 swing@BTCUSDT desde memoria
 [IndicatorCache] 💾 swing@ETHUSDT desde memoria
 [IndicatorCache] 💾 swing@XRPUSDT desde memoria
 [IndicatorCache] 💾 swing@TRXUSDT desde memoria
 [IndicatorCache] 💾 swing@GALAUSDT desde memoria
 [IndicatorCache] 💾 swing@SUIUSDT desde memoria
 [IndicatorCache] 💾 swing@TRBUSDT desde memoria
 [IndicatorCache] 💾 swing@SOLUSDT desde memoria
 [IndicatorCache] 💾 swing@ADAUSDT desde memoria
 [IndicatorCache] 💾 swing@DOGEUSDT desde memoria
 [IndicatorCache] 💾 swing@BTCUSDT desde IndexedDB
 [IndicatorCache] 💾 swing@ETHUSDT desde IndexedDB
 [IndicatorCache] 💾 swing@XRPUSDT desde IndexedDB
 [IndicatorCache] 💾 swing@TRXUSDT desde IndexedDB
 [IndicatorCache] 💾 swing@GALAUSDT desde IndexedDB
 [IndicatorCache] 💾 swing@SUIUSDT desde IndexedDB
 [IndicatorCache] 💾 swing@TRBUSDT desde IndexedDB
 [IndicatorCache] 💾 swing@SOLUSDT desde IndexedDB
 [IndicatorCache] 💾 swing@ADAUSDT desde IndexedDB
 [IndicatorCache] 💾 swing@DOGEUSDT desde IndexedDB
 [IndicatorCache] 💾 swing@BTCUSDT desde memoria
 [IndicatorCache] 💾 swing@ETHUSDT desde memoria
 [IndicatorCache] 💾 swing@XRPUSDT desde memoria
 [IndicatorCache] 💾 swing@TRXUSDT desde memoria
 [IndicatorCache] 💾 swing@GALAUSDT desde memoria
 [IndicatorCache] 💾 swing@SUIUSDT desde memoria
 [IndicatorCache] 💾 swing@TRBUSDT desde memoria
 [IndicatorCache] 💾 swing@SOLUSDT desde memoria
 [IndicatorCache] 💾 swing@ADAUSDT desde memoria
 [IndicatorCache] 💾 swing@DOGEUSDT desde memoria
 [IndicatorCache] 💾 swing@BTCUSDT desde IndexedDB
 [IndicatorCache] 💾 swing@ETHUSDT desde IndexedDB
 [IndicatorCache] 💾 swing@TRXUSDT desde IndexedDB
 [IndicatorCache] 💾 swing@XRPUSDT desde IndexedDB
 [IndicatorCache] 💾 swing@GALAUSDT desde IndexedDB
 [IndicatorCache] 💾 swing@SUIUSDT desde IndexedDB
 [CandleCache] 🔄 LRU evict: candles_BTCUSDT_1 (memoria: 3/4)
 [CandleCache] 🔄 LRU evict: candles_ADAUSDT_1 (memoria: 3/4)
 [CandleCache] 🔄 LRU evict: candles_TRXUSDT_1 (memoria: 3/4)
 [CandleCache] 🔄 LRU evict: candles_TRBUSDT_1 (memoria: 3/4)
 [CandleCache] 🔄 LRU evict: candles_ETHUSDT_1 (memoria: 3/4)
 [CandleCache] ✅ ETHUSDT@1 - guardado (7199 velas, memoria: 4/4)
 [CandleCache] ✅ DOGEUSDT@1 - guardado (7203 velas, memoria: 4/4)
 [IndicatorCache] 🗑️ Invalidado ETHUSDT: 1 memoria, 2 IndexedDB
 [IndicatorCache] 🗑️ Invalidado DOGEUSDT: 1 memoria, 2 IndexedDB
 [IndicatorCache] 🗑️ Invalidado BTCUSDT: 1 memoria, 2 IndexedDB
 [IndicatorCache] 🗑️ Invalidado GALAUSDT: 2 memoria, 2 IndexedDB
 [IndicatorCache] 🗑️ Invalidado ADAUSDT: 1 memoria, 2 IndexedDB
 [CandleCache] ✅ BTCUSDT@1 - guardado (7199 velas, memoria: 4/4)
 [CandleCache] ✅ GALAUSDT@1 - guardado (7199 velas, memoria: 4/4)
 [CandleCache] ✅ ADAUSDT@1 - guardado (7203 velas, memoria: 4/4)
 [CandleCache] 🔄 LRU evict: candles_DOGEUSDT_1 (memoria: 3/4)
 [CandleCache] 🔄 LRU evict: candles_BTCUSDT_1 (memoria: 3/4)
 [CandleCache] 🔄 LRU evict: candles_GALAUSDT_1 (memoria: 3/4)
 [IndicatorCache] 💾 swing@TRBUSDT desde IndexedDB
 [CandleCache] ✅ SUIUSDT@1 - guardado (7203 velas, memoria: 4/4)
 [IndicatorCache] 🗑️ Invalidado SUIUSDT: 2 memoria, 2 IndexedDB
 [IndicatorCache] 🗑️ Invalidado SOLUSDT: 1 memoria, 2 IndexedDB
 [IndicatorCache] 🗑️ Invalidado XRPUSDT: 1 memoria, 2 IndexedDB
 [CandleCache] ✅ SOLUSDT@1 - guardado (7203 velas, memoria: 4/4)
 [CandleCache] ✅ XRPUSDT@1 - guardado (7199 velas, memoria: 4/4)
 [SOLUSDT] SwingDetector: 300 signals from BACKEND
 [CandleCache] 🔄 LRU evict: candles_ADAUSDT_1 (memoria: 3/4)
 [CandleCache] ✅ TRXUSDT@1 - guardado (7199 velas, memoria: 4/4)
 [IndicatorCache] 🗑️ Invalidado TRXUSDT: 1 memoria, 2 IndexedDB
 [ADAUSDT] SwingDetector: 300 signals from BACKEND
 [TRXUSDT] VWAP polling executed: updated=true, hasRedraw=true
 [TRXUSDT] requestRedraw via setRedrawTrigger
 [TRXUSDT] VWAP requestRedraw() called
 [TRXUSDT] redrawTrigger=31, ejecutando drawChart
 [DOGEUSDT] SwingDetector: 300 signals from BACKEND
 [BTCUSDT] SwingDetector: 300 signals from BACKEND
 [ETHUSDT] SwingDetector: 300 signals from BACKEND
 [XRPUSDT] SwingDetector: 300 signals from BACKEND
 [TRXUSDT] SwingDetector: 300 signals from BACKEND
 [GALAUSDT] SwingDetector: 300 signals from BACKEND
 [IndicatorCache] 💾 swing@TRBUSDT desde memoria
 [IndicatorCache] 💾 swing@SOLUSDT desde memoria
 [IndicatorCache] 💾 swing@ADAUSDT desde memoria
 [IndicatorCache] 💾 swing@DOGEUSDT desde memoria
 [SUIUSDT] SwingDetector: 300 signals from BACKEND
 [BTCUSDT] SwingDetector: 300 signals from BACKEND
 [ETHUSDT] SwingDetector: 300 signals from BACKEND
 [IndicatorCache] 💾 swing@TRBUSDT desde IndexedDB
 [XRPUSDT] SwingDetector: 300 signals from BACKEND
 [GALAUSDT] SwingDetector: 300 signals from BACKEND
 [IndicatorCache] 💾 swing@BTCUSDT desde memoria
 [IndicatorCache] 💾 swing@ETHUSDT desde memoria
 [TRXUSDT] SwingDetector: 300 signals from BACKEND
 [IndicatorCache] 💾 swing@XRPUSDT desde memoria
 [SOLUSDT] SwingDetector: 300 signals from BACKEND
 [IndicatorCache] 💾 swing@TRXUSDT desde memoria
 [IndicatorCache] 💾 swing@GALAUSDT desde memoria
 [ADAUSDT] SwingDetector: 300 signals from BACKEND
 [SUIUSDT] SwingDetector: 300 signals from BACKEND
 [IndicatorCache] 💾 swing@SUIUSDT desde memoria
 [IndicatorCache] 💾 swing@TRBUSDT desde memoria
 [DOGEUSDT] SwingDetector: 300 signals from BACKEND
 [IndicatorCache] 💾 swing@SOLUSDT desde memoria
 [IndicatorCache] 💾 swing@ADAUSDT desde memoria
 [IndicatorCache] 💾 swing@DOGEUSDT desde memoria
 [TRBUSDT] VWAP polling executed: updated=true, hasRedraw=true
 [TRBUSDT] requestRedraw via setRedrawTrigger
 [TRBUSDT] VWAP requestRedraw() called
 [TRBUSDT] redrawTrigger=30, ejecutando drawChart
 [ETHUSDT] VWAP draw: 41/42 points matched, dataMap size: 7216
 [BTCUSDT] VWAP draw: 55/56 points matched, dataMap size: 7216
 [XRPUSDT] VWAP polling executed: updated=true, hasRedraw=true
 [XRPUSDT] requestRedraw via setRedrawTrigger
 [XRPUSDT] VWAP requestRedraw() called
 [XRPUSDT] redrawTrigger=31, ejecutando drawChart
 [BTCUSDT] VWAP polling executed: updated=true, hasRedraw=true
 [BTCUSDT] requestRedraw via setRedrawTrigger
 [BTCUSDT] VWAP requestRedraw() called
 [BTCUSDT] redrawTrigger=31, ejecutando drawChart
 [ADAUSDT] VWAP polling executed: updated=true, hasRedraw=true
 [ADAUSDT] requestRedraw via setRedrawTrigger
 [ADAUSDT] VWAP requestRedraw() called
 [ADAUSDT] redrawTrigger=31, ejecutando drawChart
 [IndicatorCache] 💾 swing@BTCUSDT desde IndexedDB
 [IndicatorCache] 💾 swing@ETHUSDT desde IndexedDB
 [SUIUSDT] VWAP polling executed: updated=true, hasRedraw=true
 [SUIUSDT] requestRedraw via setRedrawTrigger
 [SUIUSDT] VWAP requestRedraw() called
 [SUIUSDT] redrawTrigger=31, ejecutando drawChart
 [IndicatorCache] 💾 swing@TRXUSDT desde IndexedDB
 [IndicatorCache] 💾 swing@XRPUSDT desde IndexedDB
 [IndicatorCache] 💾 swing@GALAUSDT desde IndexedDB
 [SOLUSDT] VWAP polling executed: updated=true, hasRedraw=true
 [SOLUSDT] requestRedraw via setRedrawTrigger
 [SOLUSDT] VWAP requestRedraw() called
 [SOLUSDT] redrawTrigger=31, ejecutando drawChart
 [CandleCache] 🔄 LRU evict: candles_SUIUSDT_1 (memoria: 3/4)
 [CandleCache] ✅ TRBUSDT@1 - guardado (7204 velas, memoria: 4/4)
 [IndicatorCache] 🗑️ Invalidado TRBUSDT: 1 memoria, 2 IndexedDB
 [IndicatorCache] 💾 swing@SUIUSDT desde IndexedDB
 [DOGEUSDT] VWAP polling executed: updated=true, hasRedraw=true
 [DOGEUSDT] requestRedraw via setRedrawTrigger
 [DOGEUSDT] VWAP requestRedraw() called
 [DOGEUSDT] redrawTrigger=30, ejecutando drawChart
 [ETHUSDT] VWAP polling executed: updated=true, hasRedraw=true
 [ETHUSDT] requestRedraw via setRedrawTrigger
 [ETHUSDT] VWAP requestRedraw() called
 [ETHUSDT] redrawTrigger=31, ejecutando drawChart
 [GALAUSDT] VWAP polling executed: updated=true, hasRedraw=true
 [GALAUSDT] requestRedraw via setRedrawTrigger
 [GALAUSDT] VWAP requestRedraw() called
 [GALAUSDT] redrawTrigger=31, ejecutando drawChart
 [TRBUSDT] SwingDetector: 300 signals from BACKEND
 [IndicatorCache] 💾 swing@SOLUSDT desde IndexedDB
 [IndicatorCache] 💾 swing@ADAUSDT desde IndexedDB
 [IndicatorCache] 💾 swing@DOGEUSDT desde IndexedDB
 [IndicatorCache] 💾 swing@BTCUSDT desde memoria
 [IndicatorCache] 💾 swing@ETHUSDT desde memoria
 [IndicatorCache] 💾 swing@XRPUSDT desde memoria
 [IndicatorCache] 💾 swing@TRXUSDT desde memoria
 [IndicatorCache] 💾 swing@GALAUSDT desde memoria
 [IndicatorCache] 💾 swing@SUIUSDT desde memoria
 [IndicatorCache] 💾 swing@TRBUSDT desde memoria
 [IndicatorCache] 💾 swing@SOLUSDT desde memoria
 [IndicatorCache] 💾 swing@ADAUSDT desde memoria
 [IndicatorCache] 💾 swing@DOGEUSDT desde memoria
 [IndicatorCache] 💾 swing@BTCUSDT desde IndexedDB
 [IndicatorCache] 💾 swing@ETHUSDT desde IndexedDB
 [IndicatorCache] 💾 swing@XRPUSDT desde IndexedDB
 [IndicatorCache] 💾 swing@TRXUSDT desde IndexedDB
 [IndicatorCache] 💾 swing@GALAUSDT desde IndexedDB
 [IndicatorCache] 💾 swing@SUIUSDT desde IndexedDB
 [IndicatorCache] 💾 swing@SOLUSDT desde IndexedDB
 [IndicatorCache] 💾 swing@BTCUSDT desde memoria
 [IndicatorCache] 💾 swing@ADAUSDT desde IndexedDB
 [TRBUSDT] SwingDetector: 300 signals from BACKEND
 [IndicatorCache] 💾 swing@DOGEUSDT desde IndexedDB
 [IndicatorCache] 💾 swing@ETHUSDT desde memoria
 [IndicatorCache] 💾 swing@XRPUSDT desde memoria
 [IndicatorCache] 💾 swing@TRXUSDT desde memoria
 [IndicatorCache] 💾 swing@GALAUSDT desde memoria
 [IndicatorCache] 💾 swing@SUIUSDT desde memoria
 [IndicatorCache] 💾 swing@TRBUSDT desde memoria
 [IndicatorCache] 💾 swing@SOLUSDT desde memoria
 [IndicatorCache] 💾 swing@ADAUSDT desde memoria
 [IndicatorCache] 💾 swing@DOGEUSDT desde memoria
 [ADAUSDT] VWAP draw: 46/46 points matched, dataMap size: 7217
 [ADAUSDT] VWAP draw: 46/46 points matched, dataMap size: 7217
 [IndicatorCache] 💾 swing@BTCUSDT desde IndexedDB
 [IndicatorCache] 💾 swing@ETHUSDT desde IndexedDB
 [ETHUSDT] VWAP draw: 42/42 points matched, dataMap size: 7217
 [IndicatorCache] 💾 swing@TRXUSDT desde IndexedDB
 [IndicatorCache] 💾 swing@XRPUSDT desde IndexedDB
 [IndicatorCache] 💾 swing@GALAUSDT desde IndexedDB
 [TRXUSDT] VWAP draw: 35/35 points matched, dataMap size: 7217
 [IndicatorCache] 💾 swing@SUIUSDT desde IndexedDB
 [TRXUSDT] VWAP draw: 35/35 points matched, dataMap size: 7217
 [XRPUSDT] VWAP draw: 31/31 points matched, dataMap size: 7217
 [CandleCache] 🔄 LRU evict: candles_SOLUSDT_1 (memoria: 3/4)
 [CandleCache] 🔄 LRU evict: candles_XRPUSDT_1 (memoria: 3/4)
 [CandleCache] 🔄 LRU evict: candles_TRXUSDT_1 (memoria: 3/4)
 [CandleCache] 🔄 LRU evict: candles_TRBUSDT_1 (memoria: 3/4)
 [CandleCache] 🔄 LRU evict: candles_DOGEUSDT_1 (memoria: 3/4)
 [CandleCache] ✅ DOGEUSDT@1 - guardado (7203 velas, memoria: 4/4)
 [CandleCache] ✅ BTCUSDT@1 - guardado (7199 velas, memoria: 4/4)
 [IndicatorCache] 🗑️ Invalidado DOGEUSDT: 1 memoria, 2 IndexedDB
 [IndicatorCache] 🗑️ Invalidado BTCUSDT: 1 memoria, 2 IndexedDB
 [IndicatorCache] 🗑️ Invalidado ADAUSDT: 1 memoria, 2 IndexedDB
 [IndicatorCache] 🗑️ Invalidado ETHUSDT: 1 memoria, 2 IndexedDB
 [IndicatorCache] 🗑️ Invalidado GALAUSDT: 2 memoria, 2 IndexedDB
 [CandleCache] ✅ ADAUSDT@1 - guardado (7203 velas, memoria: 4/4)
 [CandleCache] ✅ ETHUSDT@1 - guardado (7199 velas, memoria: 4/4)
 [CandleCache] ✅ GALAUSDT@1 - guardado (7199 velas, memoria: 4/4)
 [CandleCache] 🔄 LRU evict: candles_BTCUSDT_1 (memoria: 3/4)
 [CandleCache] 🔄 LRU evict: candles_ADAUSDT_1 (memoria: 3/4)
 [CandleCache] 🔄 LRU evict: candles_ETHUSDT_1 (memoria: 3/4)
 [CandleCache] 🔄 LRU evict: candles_GALAUSDT_1 (memoria: 3/4)
 [CandleCache] 🔄 LRU evict: candles_SOLUSDT_1 (memoria: 3/4)
 [DOGEUSDT] VWAP draw: 61/62 points matched, dataMap size: 7217
 [IndicatorCache] 💾 swing@TRBUSDT desde IndexedDB
 [CandleCache] ✅ SOLUSDT@1 - guardado (7203 velas, memoria: 4/4)
 [CandleCache] ✅ XRPUSDT@1 - guardado (7199 velas, memoria: 4/4)
 [CandleCache] ✅ TRXUSDT@1 - guardado (7199 velas, memoria: 4/4)
 [IndicatorCache] 🗑️ Invalidado SOLUSDT: 1 memoria, 2 IndexedDB
 [IndicatorCache] 🗑️ Invalidado XRPUSDT: 1 memoria, 2 IndexedDB
 [IndicatorCache] 🗑️ Invalidado TRXUSDT: 1 memoria, 2 IndexedDB
 [IndicatorCache] 🗑️ Invalidado SUIUSDT: 2 memoria, 2 IndexedDB
 [IndicatorCache] 🗑️ Invalidado TRBUSDT: 1 memoria, 2 IndexedDB
 [CandleCache] ✅ SUIUSDT@1 - guardado (7203 velas, memoria: 4/4)
 [CandleCache] ✅ TRBUSDT@1 - guardado (7204 velas, memoria: 4/4)
 [SOLUSDT] SwingDetector: 300 signals from BACKEND
 [XRPUSDT] VWAP draw: 30/31 points matched, dataMap size: 7217
 [XRPUSDT] VWAP draw: 30/31 points matched, dataMap size: 7217
 [ETHUSDT] VWAP draw: 41/42 points matched, dataMap size: 7217
 [ETHUSDT] VWAP draw: 41/42 points matched, dataMap size: 7217
 [ETHUSDT] VWAP draw: 28/29 points matched, dataMap size: 7217
 [ADAUSDT] SwingDetector: 300 signals from BACKEND
 [TRXUSDT] VWAP polling executed: updated=true, hasRedraw=true
 [TRXUSDT] requestRedraw via setRedrawTrigger
 [TRXUSDT] VWAP requestRedraw() called
 [TRXUSDT] redrawTrigger=32, ejecutando drawChart
 [DOGEUSDT] SwingDetector: 300 signals from BACKEND
 [BTCUSDT] SwingDetector: 300 signals from BACKEND
 [ETHUSDT] SwingDetector: 300 signals from BACKEND
 [XRPUSDT] SwingDetector: 300 signals from BACKEND
 [TRXUSDT] SwingDetector: 300 signals from BACKEND
 [IndicatorCache] 💾 swing@TRBUSDT desde memoria
 [GALAUSDT] SwingDetector: 300 signals from BACKEND
 [IndicatorCache] 💾 swing@SOLUSDT desde memoria
 [IndicatorCache] 💾 swing@ADAUSDT desde memoria
 [IndicatorCache] 💾 swing@DOGEUSDT desde memoria
 [SUIUSDT] SwingDetector: 300 signals from BACKEND
 [BTCUSDT] SwingDetector: 300 signals from BACKEND
 [ETHUSDT] SwingDetector: 300 signals from BACKEND
 [TRXUSDT] SwingDetector: 300 signals from BACKEND
 [XRPUSDT] SwingDetector: 300 signals from BACKEND
 [IndicatorCache] 💾 swing@BTCUSDT desde memoria
 [IndicatorCache] 💾 swing@ETHUSDT desde memoria
 [TRBUSDT] SwingDetector: 300 signals from BACKEND
 [IndicatorCache] 💾 swing@XRPUSDT desde memoria
 [SUIUSDT] SwingDetector: 300 signals from BACKEND
 [IndicatorCache] 💾 swing@TRXUSDT desde memoria
 [SOLUSDT] SwingDetector: 300 signals from BACKEND
 [GALAUSDT] SwingDetector: 300 signals from BACKEND
 [DOGEUSDT] SwingDetector: 300 signals from BACKEND
 [IndicatorCache] 💾 swing@SUIUSDT desde memoria
 [IndicatorCache] 💾 swing@TRBUSDT desde memoria
 [ADAUSDT] SwingDetector: 300 signals from BACKEND
 [GALAUSDT] SwingDetector: 300 signals from BACKEND
 [IndicatorCache] 💾 swing@SOLUSDT desde memoria
 [IndicatorCache] 💾 swing@ADAUSDT desde memoria
 [BTCUSDT] VWAP draw: 55/56 points matched, dataMap size: 7217
 [IndicatorCache] 💾 swing@DOGEUSDT desde memoria
 [BTCUSDT] VWAP draw: 55/56 points matched, dataMap size: 7217
 [TRBUSDT] VWAP polling executed: updated=true, hasRedraw=true
 [TRBUSDT] requestRedraw via setRedrawTrigger
 [TRBUSDT] VWAP requestRedraw() called
 [TRBUSDT] redrawTrigger=31, ejecutando drawChart
 [BTCUSDT] VWAP polling executed: updated=true, hasRedraw=true
 [BTCUSDT] requestRedraw via setRedrawTrigger
 [BTCUSDT] VWAP requestRedraw() called
 [BTCUSDT] redrawTrigger=32, ejecutando drawChart
 [DOGEUSDT] VWAP draw: 61/62 points matched, dataMap size: 7217
 [ETHUSDT] VWAP polling executed: updated=true, hasRedraw=true
 [ETHUSDT] requestRedraw via setRedrawTrigger
 [ETHUSDT] VWAP requestRedraw() called
 [ETHUSDT] redrawTrigger=32, ejecutando drawChart
 [ADAUSDT] VWAP polling executed: updated=true, hasRedraw=true
 [ADAUSDT] requestRedraw via setRedrawTrigger
 [ADAUSDT] VWAP requestRedraw() called
 [ADAUSDT] redrawTrigger=32, ejecutando drawChart
 [IndicatorCache] 💾 swing@BTCUSDT desde IndexedDB
 [IndicatorCache] 💾 swing@ETHUSDT desde IndexedDB
 [IndicatorCache] 💾 swing@TRXUSDT desde IndexedDB
 [XRPUSDT] VWAP polling executed: updated=true, hasRedraw=true
 [XRPUSDT] requestRedraw via setRedrawTrigger
 [XRPUSDT] VWAP requestRedraw() called
 [XRPUSDT] redrawTrigger=32, ejecutando drawChart
 [IndicatorCache] 💾 swing@XRPUSDT desde IndexedDB
 [BTCUSDT] VWAP draw: 26/26 points matched, dataMap size: 7218
VWAPIndicator.js:390 [SUIUSDT] VWAP draw: 41/42 points matched, dataMap size: 7217
IndicatorCache.js:85 [IndicatorCache] 💾 swing@GALAUSDT desde IndexedDB
VWAPIndicator.js:75 [GALAUSDT] VWAP polling executed: updated=true, hasRedraw=true
MiniChart.jsx:1996 [GALAUSDT] requestRedraw via setRedrawTrigger
VWAPIndicator.js:79 [GALAUSDT] VWAP requestRedraw() called
MiniChart.jsx:1060 [GALAUSDT] redrawTrigger=32, ejecutando drawChart
VWAPIndicator.js:390 [SUIUSDT] VWAP draw: 41/42 points matched, dataMap size: 7217
IndicatorCache.js:85 [IndicatorCache] 💾 swing@SUIUSDT desde IndexedDB
VWAPIndicator.js:75 [SOLUSDT] VWAP polling executed: updated=true, hasRedraw=true
MiniChart.jsx:1996 [SOLUSDT] requestRedraw via setRedrawTrigger
VWAPIndicator.js:79 [SOLUSDT] VWAP requestRedraw() called
MiniChart.jsx:1060 [SOLUSDT] redrawTrigger=32, ejecutando drawChart
VWAPIndicator.js:75 [DOGEUSDT] VWAP polling executed: updated=true, hasRedraw=true
MiniChart.jsx:1996 [DOGEUSDT] requestRedraw via setRedrawTrigger
VWAPIndicator.js:79 [DOGEUSDT] VWAP requestRedraw() called
MiniChart.jsx:1060 [DOGEUSDT] redrawTrigger=31, ejecutando drawChart
VWAPIndicator.js:75 [SUIUSDT] VWAP polling executed: updated=true, hasRedraw=true
MiniChart.jsx:1996 [SUIUSDT] requestRedraw via setRedrawTrigger
VWAPIndicator.js:79 [SUIUSDT] VWAP requestRedraw() called
MiniChart.jsx:1060 [SUIUSDT] redrawTrigger=32, ejecutando drawChart
SwingDetectorIndicator.js:160 [TRBUSDT] SwingDetector: 300 signals from BACKEND
IndicatorCache.js:85 [IndicatorCache] 💾 swing@SOLUSDT desde IndexedDB
VWAPIndicator.js:390 [TRBUSDT] VWAP draw: 21/21 points matched, dataMap size: 7218
IndicatorCache.js:85 [IndicatorCache] 💾 swing@ADAUSDT desde IndexedDB
IndicatorCache.js:85 [IndicatorCache] 💾 swing@DOGEUSDT desde IndexedDB
IndicatorCache.js:71 [IndicatorCache] 💾 swing@BTCUSDT desde memoria
IndicatorCache.js:71 [IndicatorCache] 💾 swing@ETHUSDT desde memoria
IndicatorCache.js:71 [IndicatorCache] 💾 swing@XRPUSDT desde memoria
IndicatorCache.js:71 [IndicatorCache] 💾 swing@TRXUSDT desde memoria
IndicatorCache.js:71 [IndicatorCache] 💾 swing@GALAUSDT desde memoria
IndicatorCache.js:71 [IndicatorCache] 💾 swing@SUIUSDT desde memoria
IndicatorCache.js:71 [IndicatorCache] 💾 swing@TRBUSDT desde memoria
IndicatorCache.js:71 [IndicatorCache] 💾 swing@SOLUSDT desde memoria
IndicatorCache.js:71 [IndicatorCache] 💾 swing@ADAUSDT desde memoria
IndicatorCache.js:71 [IndicatorCache] 💾 swing@DOGEUSDT desde memoria
IndicatorCache.js:85 [IndicatorCache] 💾 swing@BTCUSDT desde IndexedDB
IndicatorCache.js:85 [IndicatorCache] 💾 swing@ETHUSDT desde IndexedDB
IndicatorCache.js:85 [IndicatorCache] 💾 swing@XRPUSDT desde IndexedDB
IndicatorCache.js:85 [IndicatorCache] 💾 swing@TRXUSDT desde IndexedDB
IndicatorCache.js:85 [IndicatorCache] 💾 swing@GALAUSDT desde IndexedDB
IndicatorCache.js:85 [IndicatorCache] 💾 swing@SUIUSDT desde IndexedDB
IndicatorCache.js:85 [IndicatorCache] 💾 swing@TRBUSDT desde IndexedDB
IndicatorCache.js:85 [IndicatorCache] 💾 swing@SOLUSDT desde IndexedDB
IndicatorCache.js:85 [IndicatorCache] 💾 swing@ADAUSDT desde IndexedDB
IndicatorCache.js:85 [IndicatorCache] 💾 swing@DOGEUSDT desde IndexedDB
IndicatorCache.js:71 [IndicatorCache] 💾 swing@BTCUSDT desde memoria
IndicatorCache.js:71 [IndicatorCache] 💾 swing@ETHUSDT desde memoria
IndicatorCache.js:71 [IndicatorCache] 💾 swing@XRPUSDT desde memoria
IndicatorCache.js:71 [IndicatorCache] 💾 swing@TRXUSDT desde memoria
IndicatorCache.js:71 [IndicatorCache] 💾 swing@GALAUSDT desde memoria
IndicatorCache.js:71 [IndicatorCache] 💾 swing@SUIUSDT desde memoria
IndicatorCache.js:71 [IndicatorCache] 💾 swing@TRBUSDT desde memoria
IndicatorCache.js:71 [IndicatorCache] 💾 swing@SOLUSDT desde memoria
VWAPIndicator.js:390 [ADAUSDT] VWAP draw: 35/35 points matched, dataMap size: 7218
IndicatorCache.js:71 [IndicatorCache] 💾 swing@ADAUSDT desde memoria
IndicatorCache.js:71 [IndicatorCache] 💾 swing@DOGEUSDT desde memoria
VWAPIndicator.js:390 [ADAUSDT] VWAP draw: 24/24 points matched, dataMap size: 7218
VWAPIndicator.js:390 [DOGEUSDT] VWAP draw: 26/26 points matched, dataMap size: 7218
VWAPIndicator.js:390 [GALAUSDT] VWAP draw: 26/26 points matched, dataMap size: 7218
IndicatorCache.js:85 [IndicatorCache] 💾 swing@BTCUSDT desde IndexedDB
IndicatorCache.js:85 [IndicatorCache] 💾 swing@ETHUSDT desde IndexedDB
VWAPIndicator.js:390 [ETHUSDT] VWAP draw: 29/29 points matched, dataMap size: 7218
IndicatorCache.js:85 [IndicatorCache] 💾 swing@TRXUSDT desde IndexedDB
IndicatorCache.js:85 [IndicatorCache] 💾 swing@XRPUSDT desde IndexedDB
IndicatorCache.js:85 [IndicatorCache] 💾 swing@GALAUSDT desde IndexedDB
IndicatorCache.js:85 [IndicatorCache] 💾 swing@SUIUSDT desde IndexedDB
CandleCache.js:115 [CandleCache] 🔄 LRU evict: candles_XRPUSDT_1 (memoria: 3/4)
CandleCache.js:115 [CandleCache] 🔄 LRU evict: candles_TRXUSDT_1 (memoria: 3/4)
CandleCache.js:115 [CandleCache] 🔄 LRU evict: candles_SUIUSDT_1 (memoria: 3/4)
CandleCache.js:168 [CandleCache] ✅ ETHUSDT@1 - guardado (7199 velas, memoria: 4/4)
CandleCache.js:168 [CandleCache] ✅ GALAUSDT@1 - guardado (7199 velas, memoria: 4/4)
IndicatorCache.js:211 [IndicatorCache] 🗑️ Invalidado ETHUSDT: 1 memoria, 2 IndexedDB
IndicatorCache.js:211 [IndicatorCache] 🗑️ Invalidado GALAUSDT: 2 memoria, 2 IndexedDB
IndicatorCache.js:211 [IndicatorCache] 🗑️ Invalidado BTCUSDT: 1 memoria, 2 IndexedDB
CandleCache.js:168 [CandleCache] ✅ BTCUSDT@1 - guardado (7199 velas, memoria: 4/4)
CandleCache.js:115 [CandleCache] 🔄 LRU evict: candles_TRBUSDT_1 (memoria: 3/4)
CandleCache.js:115 [CandleCache] 🔄 LRU evict: candles_ETHUSDT_1 (memoria: 3/4)
IndicatorCache.js:85 [IndicatorCache] 💾 swing@TRBUSDT desde IndexedDB
CandleCache.js:168 [CandleCache] ✅ XRPUSDT@1 - guardado (7199 velas, memoria: 4/4)
IndicatorCache.js:211 [IndicatorCache] 🗑️ Invalidado XRPUSDT: 1 memoria, 2 IndexedDB
CandleCache.js:168 [CandleCache] ✅ TRXUSDT@1 - guardado (7199 velas, memoria: 4/4)
IndicatorCache.js:211 [IndicatorCache] 🗑️ Invalidado TRXUSDT: 1 memoria, 2 IndexedDB
IndicatorCache.js:85 [IndicatorCache] 💾 swing@SOLUSDT desde IndexedDB
VWAPIndicator.js:390 [XRPUSDT] VWAP draw: 10/11 points matched, dataMap size: 7218
IndicatorCache.js:85 [IndicatorCache] 💾 swing@ADAUSDT desde IndexedDB
IndicatorCache.js:85 [IndicatorCache] 💾 swing@DOGEUSDT desde IndexedDB
IndicatorCache.js:71 [IndicatorCache] 💾 swing@SUIUSDT desde memoria
IndicatorCache.js:71 [IndicatorCache] 💾 swing@TRBUSDT desde memoria
IndicatorCache.js:71 [IndicatorCache] 💾 swing@SOLUSDT desde memoria
IndicatorCache.js:71 [IndicatorCache] 💾 swing@ADAUSDT desde memoria
IndicatorCache.js:71 [IndicatorCache] 💾 swing@DOGEUSDT desde memoria
IndicatorCache.js:71 [IndicatorCache] 💾 swing@SUIUSDT desde memoria
IndicatorCache.js:71 [IndicatorCache] 💾 swing@TRBUSDT desde memoria
IndicatorCache.js:71 [IndicatorCache] 💾 swing@SOLUSDT desde memoria
IndicatorCache.js:71 [IndicatorCache] 💾 swing@ADAUSDT desde memoria
IndicatorCache.js:71 [IndicatorCache] 💾 swing@DOGEUSDT desde memoria
IndicatorCache.js:71 [IndicatorCache] 💾 swing@SUIUSDT desde memoria
IndicatorCache.js:71 [IndicatorCache] 💾 swing@TRBUSDT desde memoria
IndicatorCache.js:71 [IndicatorCache] 💾 swing@SOLUSDT desde memoria
 [TRXUSDT] SwingDetector: 300 signals from BACKEND
 [GALAUSDT] SwingDetector: 300 signals from BACKEND
 [TRXUSDT] SwingDetector: 300 signals from BACKEND
 [TRXUSDT] SwingDetector: 300 signals from BACKEND
 [GALAUSDT] SwingDetector: 300 signals from BACKEND
 [XRPUSDT] SwingDetector: 300 signals from BACKEND
 [ETHUSDT] SwingDetector: 300 signals from BACKEND
 [BTCUSDT] SwingDetector: 300 signals from BACKEND
 [GALAUSDT] SwingDetector: 300 signals from BACKEND
 [XRPUSDT] SwingDetector: 300 signals from BACKEND
 [ETHUSDT] SwingDetector: 300 signals from BACKEND
 [BTCUSDT] SwingDetector: 300 signals from BACKEND
 [XRPUSDT] SwingDetector: 300 signals from BACKEND
 [ETHUSDT] SwingDetector: 300 signals from BACKEND
 [BTCUSDT] SwingDetector: 300 signals from BACKEND
