 [IndicatorCache] 💾 swing@ADAUSDT desde memoria
 [IndicatorCache] 💾 swing@TRXUSDT desde IndexedDB
 [IndicatorCache] 💾 swing@GALAUSDT desde IndexedDB
 [IndicatorCache] 💾 swing@SUIUSDT desde IndexedDB
 [IndicatorCache] 💾 swing@TRBUSDT desde IndexedDB
 [IndicatorCache] 💾 swing@DOGEUSDT desde memoria
 [TRXUSDT] VWAP polling executed: updated=true, hasRedraw=true
 [TRXUSDT] requestRedraw: hasCandles=true (7199), hasDrawChart=true
 [TRXUSDT] VWAP requestRedraw() called
 [IndicatorCache] 💾 swing@BTCUSDT desde IndexedDB
 [IndicatorCache] 💾 swing@ETHUSDT desde IndexedDB
 [IndicatorCache] 💾 swing@XRPUSDT desde IndexedDB
 [IndicatorCache] 💾 swing@TRXUSDT desde IndexedDB
 [IndicatorCache] 💾 swing@BTCUSDT desde IndexedDB
 [CandleCache] 🔄 LRU evict: candles_TRBUSDT_1 (memoria: 3/4)
 [CandleCache] 🔄 LRU evict: candles_SOLUSDT_1 (memoria: 3/4)
 [CandleCache] 🔄 LRU evict: candles_XRPUSDT_1 (memoria: 3/4)
 [CandleCache] 🔄 LRU evict: candles_TRXUSDT_1 (memoria: 3/4)
 [CandleCache] 🔄 LRU evict: candles_DOGEUSDT_1 (memoria: 3/4)
 [CandleCache] ✅ DOGEUSDT@1 - guardado (7199 velas, memoria: 4/4)
 [CandleCache] ✅ BTCUSDT@1 - guardado (7199 velas, memoria: 4/4)
 [IndicatorCache] 🗑️ Invalidado DOGEUSDT: 1 memoria, 2 IndexedDB
 [IndicatorCache] 🗑️ Invalidado BTCUSDT: 2 memoria, 2 IndexedDB
 [CandleCache] ✅ ADAUSDT@1 - guardado (7200 velas, memoria: 4/4)
 [IndicatorCache] 🗑️ Invalidado ADAUSDT: 1 memoria, 2 IndexedDB
 [IndicatorCache] 🗑️ Invalidado ETHUSDT: 1 memoria, 2 IndexedDB
 [IndicatorCache] 🗑️ Invalidado GALAUSDT: 1 memoria, 2 IndexedDB
 [CandleCache] ✅ ETHUSDT@1 - guardado (7199 velas, memoria: 4/4)
 [CandleCache] ✅ GALAUSDT@1 - guardado (7199 velas, memoria: 4/4)
 [CandleCache] 🔄 LRU evict: candles_BTCUSDT_1 (memoria: 3/4)
 [CandleCache] 🔄 LRU evict: candles_ADAUSDT_1 (memoria: 3/4)
 [CandleCache] 🔄 LRU evict: candles_ETHUSDT_1 (memoria: 3/4)
 [CandleCache] 🔄 LRU evict: candles_GALAUSDT_1 (memoria: 3/4)
 [CandleCache] 🔄 LRU evict: candles_XRPUSDT_1 (memoria: 3/4)
 [CandleCache] ✅ XRPUSDT@1 - guardado (7199 velas, memoria: 4/4)
 [CandleCache] ✅ TRXUSDT@1 - guardado (7199 velas, memoria: 4/4)
 [IndicatorCache] 🗑️ Invalidado XRPUSDT: 1 memoria, 2 IndexedDB
 [IndicatorCache] 🗑️ Invalidado TRXUSDT: 2 memoria, 2 IndexedDB
 [IndicatorCache] 🗑️ Invalidado SUIUSDT: 1 memoria, 2 IndexedDB
 [IndicatorCache] 🗑️ Invalidado SOLUSDT: 1 memoria, 2 IndexedDB
 [IndicatorCache] 🗑️ Invalidado TRBUSDT: 1 memoria, 2 IndexedDB
 [CandleCache] ✅ SUIUSDT@1 - guardado (7199 velas, memoria: 4/4)
 [CandleCache] ✅ SOLUSDT@1 - guardado (7199 velas, memoria: 4/4)
 [CandleCache] ✅ TRBUSDT@1 - guardado (7200 velas, memoria: 4/4)
 [ETHUSDT] SwingDetector: 300 signals from BACKEND
 [XRPUSDT] SwingDetector: 300 signals from BACKEND
 [TRXUSDT] SwingDetector: 300 signals from BACKEND
 [GALAUSDT] SwingDetector: 300 signals from BACKEND
 [SUIUSDT] SwingDetector: 300 signals from BACKEND
 [TRBUSDT] SwingDetector: 300 signals from BACKEND
 [SOLUSDT] SwingDetector: 300 signals from BACKEND
 [ADAUSDT] SwingDetector: 300 signals from BACKEND
 [GALAUSDT] SwingDetector: 300 signals from BACKEND
 [SUIUSDT] SwingDetector: 300 signals from BACKEND
 [TRBUSDT] SwingDetector: 300 signals from BACKEND
 [SOLUSDT] SwingDetector: 300 signals from BACKEND
 [DOGEUSDT] SwingDetector: 300 signals from BACKEND
 [ADAUSDT] SwingDetector: 300 signals from BACKEND
 [DOGEUSDT] SwingDetector: 300 signals from BACKEND
 [BTCUSDT] SwingDetector: 300 signals from BACKEND
 [IndicatorCache] 💾 swing@ETHUSDT desde IndexedDB
 [IndicatorCache] 💾 swing@XRPUSDT desde IndexedDB
 [IndicatorCache] 💾 swing@TRXUSDT desde IndexedDB
 [IndicatorCache] 💾 swing@GALAUSDT desde IndexedDB
 [IndicatorCache] 💾 swing@SUIUSDT desde IndexedDB
 [IndicatorCache] 💾 swing@TRBUSDT desde IndexedDB
 [IndicatorCache] 💾 swing@SOLUSDT desde IndexedDB
 [IndicatorCache] 💾 swing@ADAUSDT desde IndexedDB
 [IndicatorCache] 💾 swing@DOGEUSDT desde memoria
 [DOGEUSDT] VWAP polling executed: updated=true, hasRedraw=true
 [DOGEUSDT] requestRedraw: hasCandles=true (7199), hasDrawChart=true
 [DOGEUSDT] VWAP requestRedraw() called
 [BTCUSDT] SwingDetector: 300 signals from BACKEND
 [ETHUSDT] SwingDetector: 300 signals from BACKEND
 [XRPUSDT] SwingDetector: 300 signals from BACKEND
 [TRXUSDT] SwingDetector: 300 signals from BACKEND
 [IndicatorCache] 💾 swing@BTCUSDT desde IndexedDB
 [SUIUSDT] VWAP polling executed: updated=true, hasRedraw=true
 [SUIUSDT] requestRedraw: hasCandles=true (7199), hasDrawChart=true
 [SUIUSDT] VWAP requestRedraw() called
 [BTCUSDT] VWAP polling executed: updated=true, hasRedraw=true
 [BTCUSDT] requestRedraw: hasCandles=true (7199), hasDrawChart=true
 [BTCUSDT] VWAP requestRedraw() called
 [XRPUSDT] VWAP polling executed: updated=true, hasRedraw=true
 [XRPUSDT] requestRedraw: hasCandles=true (7199), hasDrawChart=true
 [XRPUSDT] VWAP requestRedraw() called
 [IndicatorCache] 💾 swing@ETHUSDT desde IndexedDB
 [GALAUSDT] VWAP polling executed: updated=true, hasRedraw=true
 [GALAUSDT] requestRedraw: hasCandles=true (7199), hasDrawChart=true
 [GALAUSDT] VWAP requestRedraw() called
 [IndicatorCache] 💾 swing@XRPUSDT desde IndexedDB
 [IndicatorCache] 💾 swing@TRXUSDT desde IndexedDB
 [TRBUSDT] VWAP polling executed: updated=true, hasRedraw=true
 [TRBUSDT] requestRedraw: hasCandles=true (7200), hasDrawChart=true
 [TRBUSDT] VWAP requestRedraw() called
 [IndicatorCache] 💾 swing@GALAUSDT desde IndexedDB
 [IndicatorCache] 💾 swing@SUIUSDT desde IndexedDB
 [ADAUSDT] VWAP polling executed: updated=true, hasRedraw=true
 [ADAUSDT] requestRedraw: hasCandles=true (7200), hasDrawChart=true
 [ADAUSDT] VWAP requestRedraw() called
 [IndicatorCache] 💾 swing@TRBUSDT desde IndexedDB
 [IndicatorCache] 💾 swing@SOLUSDT desde IndexedDB
 [IndicatorCache] 💾 swing@ADAUSDT desde IndexedDB
 [IndicatorCache] 💾 swing@GALAUSDT desde IndexedDB
 [IndicatorCache] 💾 swing@SUIUSDT desde IndexedDB
 [ETHUSDT] VWAP polling executed: updated=true, hasRedraw=true
 [ETHUSDT] requestRedraw: hasCandles=true (7199), hasDrawChart=true
 [ETHUSDT] VWAP requestRedraw() called
 [IndicatorCache] 💾 swing@TRBUSDT desde IndexedDB
 [IndicatorCache] 💾 swing@SOLUSDT desde IndexedDB
 [IndicatorCache] 💾 swing@ADAUSDT desde IndexedDB
 [IndicatorCache] 💾 swing@DOGEUSDT desde IndexedDB
 [IndicatorCache] 💾 swing@DOGEUSDT desde IndexedDB
 [SOLUSDT] VWAP polling executed: updated=true, hasRedraw=true
 [SOLUSDT] requestRedraw: hasCandles=true (7199), hasDrawChart=true
 [SOLUSDT] VWAP requestRedraw() called
 [IndicatorCache] 💾 swing@BTCUSDT desde IndexedDB
 [IndicatorCache] 💾 swing@ETHUSDT desde IndexedDB
 [IndicatorCache] 💾 swing@XRPUSDT desde IndexedDB
 [IndicatorCache] 💾 swing@SOLUSDT desde memoria
 [IndicatorCache] 💾 swing@ADAUSDT desde memoria
 [IndicatorCache] 💾 swing@TRXUSDT desde IndexedDB
 [IndicatorCache] 💾 swing@GALAUSDT desde IndexedDB
 [IndicatorCache] 💾 swing@SUIUSDT desde IndexedDB
 [IndicatorCache] 💾 swing@TRBUSDT desde IndexedDB
 [IndicatorCache] 💾 swing@DOGEUSDT desde memoria
 [TRXUSDT] VWAP polling executed: updated=true, hasRedraw=true
 [TRXUSDT] requestRedraw: hasCandles=true (7199), hasDrawChart=true
 [TRXUSDT] VWAP requestRedraw() called
 [IndicatorCache] 💾 swing@BTCUSDT desde IndexedDB
 [IndicatorCache] 💾 swing@ETHUSDT desde IndexedDB
 [IndicatorCache] 💾 swing@XRPUSDT desde IndexedDB
 [IndicatorCache] 💾 swing@TRXUSDT desde IndexedDB
 [IndicatorCache] 💾 swing@BTCUSDT desde IndexedDB
 [CandleCache] 🔄 LRU evict: candles_TRXUSDT_1 (memoria: 3/4)
 [CandleCache] 🔄 LRU evict: candles_SUIUSDT_1 (memoria: 3/4)
 [CandleCache] 🔄 LRU evict: candles_SOLUSDT_1 (memoria: 3/4)
 [CandleCache] 🔄 LRU evict: candles_TRBUSDT_1 (memoria: 3/4)
 [CandleCache] 🔄 LRU evict: candles_DOGEUSDT_1 (memoria: 3/4)
 [CandleCache] ✅ DOGEUSDT@1 - guardado (7199 velas, memoria: 4/4)
 [CandleCache] ✅ BTCUSDT@1 - guardado (7199 velas, memoria: 4/4)
 [CandleCache] ✅ ADAUSDT@1 - guardado (7200 velas, memoria: 4/4)
 [CandleCache] ✅ ETHUSDT@1 - guardado (7199 velas, memoria: 4/4)
 [IndicatorCache] 🗑️ Invalidado DOGEUSDT: 1 memoria, 2 IndexedDB
 [IndicatorCache] 🗑️ Invalidado BTCUSDT: 2 memoria, 2 IndexedDB
 [IndicatorCache] 🗑️ Invalidado ADAUSDT: 1 memoria, 2 IndexedDB
 [IndicatorCache] 🗑️ Invalidado ETHUSDT: 1 memoria, 2 IndexedDB
 [IndicatorCache] 🗑️ Invalidado GALAUSDT: 1 memoria, 2 IndexedDB
 [CandleCache] ✅ GALAUSDT@1 - guardado (7199 velas, memoria: 4/4)
 [CandleCache] 🔄 LRU evict: candles_BTCUSDT_1 (memoria: 3/4)
 [CandleCache] 🔄 LRU evict: candles_ADAUSDT_1 (memoria: 3/4)
 [CandleCache] 🔄 LRU evict: candles_ETHUSDT_1 (memoria: 3/4)
 [CandleCache] 🔄 LRU evict: candles_GALAUSDT_1 (memoria: 3/4)
 [CandleCache] ✅ TRXUSDT@1 - guardado (7199 velas, memoria: 4/4)
 [IndicatorCache] 🗑️ Invalidado TRXUSDT: 2 memoria, 2 IndexedDB
 [IndicatorCache] 🗑️ Invalidado SUIUSDT: 1 memoria, 2 IndexedDB
 [IndicatorCache] 🗑️ Invalidado XRPUSDT: 1 memoria, 2 IndexedDB
 [CandleCache] ✅ SUIUSDT@1 - guardado (7199 velas, memoria: 4/4)
 [IndicatorCache] 🗑️ Invalidado SOLUSDT: 1 memoria, 2 IndexedDB
 [CandleCache] ✅ XRPUSDT@1 - guardado (7199 velas, memoria: 4/4)
 [CandleCache] ✅ SOLUSDT@1 - guardado (7199 velas, memoria: 4/4)
 [CandleCache] 🔄 LRU evict: candles_TRXUSDT_1 (memoria: 3/4)
 [IndicatorCache] 🗑️ Invalidado TRBUSDT: 1 memoria, 2 IndexedDB
 [CandleCache] ✅ TRBUSDT@1 - guardado (7200 velas, memoria: 4/4)
 [ETHUSDT] SwingDetector: 300 signals from BACKEND
 [XRPUSDT] SwingDetector: 300 signals from BACKEND
 [TRXUSDT] SwingDetector: 300 signals from BACKEND
 [GALAUSDT] SwingDetector: 300 signals from BACKEND
 [SUIUSDT] SwingDetector: 300 signals from BACKEND
 [TRBUSDT] SwingDetector: 300 signals from BACKEND
 [SOLUSDT] SwingDetector: 300 signals from BACKEND
 [ADAUSDT] SwingDetector: 300 signals from BACKEND
 [GALAUSDT] SwingDetector: 300 signals from BACKEND
 [SUIUSDT] SwingDetector: 300 signals from BACKEND
 [TRBUSDT] SwingDetector: 300 signals from BACKEND
 [SOLUSDT] SwingDetector: 300 signals from BACKEND
 [ADAUSDT] SwingDetector: 300 signals from BACKEND
 [DOGEUSDT] SwingDetector: 300 signals from BACKEND
 [DOGEUSDT] SwingDetector: 300 signals from BACKEND
 [BTCUSDT] SwingDetector: 300 signals from BACKEND
 [IndicatorCache] 💾 swing@ETHUSDT desde IndexedDB
 [IndicatorCache] 💾 swing@XRPUSDT desde IndexedDB
 [IndicatorCache] 💾 swing@TRXUSDT desde IndexedDB
 [IndicatorCache] 💾 swing@GALAUSDT desde IndexedDB
 [IndicatorCache] 💾 swing@SUIUSDT desde IndexedDB
 [IndicatorCache] 💾 swing@TRBUSDT desde IndexedDB
 [IndicatorCache] 💾 swing@SOLUSDT desde IndexedDB
 [IndicatorCache] 💾 swing@ADAUSDT desde IndexedDB
 [IndicatorCache] 💾 swing@DOGEUSDT desde memoria
 [DOGEUSDT] VWAP polling executed: updated=true, hasRedraw=true
 [DOGEUSDT] requestRedraw: hasCandles=true (7199), hasDrawChart=true
 [DOGEUSDT] VWAP requestRedraw() called
 [BTCUSDT] SwingDetector: 300 signals from BACKEND
 [ETHUSDT] SwingDetector: 300 signals from BACKEND
 [XRPUSDT] SwingDetector: 300 signals from BACKEND
 [TRXUSDT] SwingDetector: 300 signals from BACKEND
 [IndicatorCache] 💾 swing@BTCUSDT desde IndexedDB
 [IndicatorCache] 💾 swing@ETHUSDT desde IndexedDB
 [IndicatorCache] 💾 swing@XRPUSDT desde IndexedDB
 [IndicatorCache] 💾 swing@TRXUSDT desde IndexedDB
 [SUIUSDT] VWAP polling executed: updated=true, hasRedraw=true
 [SUIUSDT] requestRedraw: hasCandles=true (7199), hasDrawChart=true
 [SUIUSDT] VWAP requestRedraw() called
 [IndicatorCache] 💾 swing@GALAUSDT desde IndexedDB
 [IndicatorCache] 💾 swing@SUIUSDT desde IndexedDB
 [XRPUSDT] VWAP polling executed: updated=true, hasRedraw=true
 [XRPUSDT] requestRedraw: hasCandles=true (7199), hasDrawChart=true
 [XRPUSDT] VWAP requestRedraw() called
 [IndicatorCache] 💾 swing@TRBUSDT desde IndexedDB
 [IndicatorCache] 💾 swing@SOLUSDT desde IndexedDB
 [IndicatorCache] 💾 swing@ADAUSDT desde IndexedDB
 [BTCUSDT] VWAP polling executed: updated=true, hasRedraw=true
 [BTCUSDT] requestRedraw: hasCandles=true (7199), hasDrawChart=true
 [BTCUSDT] VWAP requestRedraw() called
 [IndicatorCache] 💾 swing@GALAUSDT desde IndexedDB
 [IndicatorCache] 💾 swing@SUIUSDT desde IndexedDB
 [IndicatorCache] 💾 swing@TRBUSDT desde IndexedDB
 [IndicatorCache] 💾 swing@SOLUSDT desde IndexedDB
 [IndicatorCache] 💾 swing@ADAUSDT desde IndexedDB
 [IndicatorCache] 💾 swing@DOGEUSDT desde IndexedDB
 [GALAUSDT] VWAP polling executed: updated=true, hasRedraw=true
 [GALAUSDT] requestRedraw: hasCandles=true (7199), hasDrawChart=true
 [GALAUSDT] VWAP requestRedraw() called
 [IndicatorCache] 💾 swing@DOGEUSDT desde IndexedDB
 [IndicatorCache] 💾 swing@BTCUSDT desde IndexedDB
 [IndicatorCache] 💾 swing@ETHUSDT desde IndexedDB
 [ETHUSDT] VWAP polling executed: updated=true, hasRedraw=true
 [ETHUSDT] requestRedraw: hasCandles=true (7199), hasDrawChart=true
 [ETHUSDT] VWAP requestRedraw() called
 [IndicatorCache] 💾 swing@XRPUSDT desde IndexedDB
 [IndicatorCache] 💾 swing@TRXUSDT desde IndexedDB
 [IndicatorCache] 💾 swing@GALAUSDT desde IndexedDB
 [IndicatorCache] 💾 swing@SUIUSDT desde IndexedDB
 [IndicatorCache] 💾 swing@TRBUSDT desde IndexedDB
 [IndicatorCache] 💾 swing@DOGEUSDT desde memoria
 [IndicatorCache] 💾 swing@SOLUSDT desde IndexedDB
 [IndicatorCache] 💾 swing@ADAUSDT desde IndexedDB
 [ADAUSDT] VWAP polling executed: updated=true, hasRedraw=true
 [ADAUSDT] requestRedraw: hasCandles=true (7200), hasDrawChart=true
 [ADAUSDT] VWAP requestRedraw() called
 [SOLUSDT] VWAP polling executed: updated=true, hasRedraw=true
 [SOLUSDT] requestRedraw: hasCandles=true (7199), hasDrawChart=true
 [SOLUSDT] VWAP requestRedraw() called
 [TRBUSDT] VWAP polling executed: updated=true, hasRedraw=true
 [TRBUSDT] requestRedraw: hasCandles=true (7200), hasDrawChart=true
 [TRBUSDT] VWAP requestRedraw() called
 [TRXUSDT] VWAP polling executed: updated=true, hasRedraw=true
 [TRXUSDT] requestRedraw: hasCandles=true (7199), hasDrawChart=true
 [TRXUSDT] VWAP requestRedraw() called
 [IndicatorCache] 💾 swing@BTCUSDT desde IndexedDB
 [IndicatorCache] 💾 swing@ETHUSDT desde IndexedDB
 [IndicatorCache] 💾 swing@XRPUSDT desde IndexedDB
 [IndicatorCache] 💾 swing@TRXUSDT desde IndexedDB
 [IndicatorCache] 💾 swing@BTCUSDT desde IndexedDB
 [CandleCache] 🔄 LRU evict: candles_SUIUSDT_1 (memoria: 3/4)
 [CandleCache] 🔄 LRU evict: candles_XRPUSDT_1 (memoria: 3/4)
 [CandleCache] 🔄 LRU evict: candles_SOLUSDT_1 (memoria: 3/4)
 [CandleCache] 🔄 LRU evict: candles_TRBUSDT_1 (memoria: 3/4)
 [CandleCache] 🔄 LRU evict: candles_BTCUSDT_1 (memoria: 3/4)
 [CandleCache] ✅ BTCUSDT@1 - guardado (7199 velas, memoria: 4/4)
 [CandleCache] ✅ ADAUSDT@1 - guardado (7200 velas, memoria: 4/4)
 [IndicatorCache] 🗑️ Invalidado BTCUSDT: 2 memoria, 2 IndexedDB
 [IndicatorCache] 🗑️ Invalidado ADAUSDT: 1 memoria, 2 IndexedDB
 [IndicatorCache] 🗑️ Invalidado ETHUSDT: 1 memoria, 2 IndexedDB
 [IndicatorCache] 🗑️ Invalidado GALAUSDT: 1 memoria, 2 IndexedDB
 [CandleCache] ✅ ETHUSDT@1 - guardado (7199 velas, memoria: 4/4)
 [IndicatorCache] 🗑️ Invalidado DOGEUSDT: 1 memoria, 2 IndexedDB
 [CandleCache] ✅ GALAUSDT@1 - guardado (7199 velas, memoria: 4/4)
 [CandleCache] ✅ DOGEUSDT@1 - guardado (7199 velas, memoria: 4/4)
 [CandleCache] 🔄 LRU evict: candles_ADAUSDT_1 (memoria: 3/4)
 [CandleCache] 🔄 LRU evict: candles_ETHUSDT_1 (memoria: 3/4)
 [CandleCache] 🔄 LRU evict: candles_GALAUSDT_1 (memoria: 3/4)
 [CandleCache] 🔄 LRU evict: candles_DOGEUSDT_1 (memoria: 3/4)
 [CandleCache] 🔄 LRU evict: candles_TRXUSDT_1 (memoria: 3/4)
 [CandleCache] ✅ TRXUSDT@1 - guardado (7199 velas, memoria: 4/4)
 [CandleCache] ✅ SUIUSDT@1 - guardado (7199 velas, memoria: 4/4)
 [CandleCache] ✅ XRPUSDT@1 - guardado (7199 velas, memoria: 4/4)
 [IndicatorCache] 🗑️ Invalidado TRXUSDT: 2 memoria, 2 IndexedDB
 [IndicatorCache] 🗑️ Invalidado SUIUSDT: 1 memoria, 2 IndexedDB
 [IndicatorCache] 🗑️ Invalidado XRPUSDT: 1 memoria, 2 IndexedDB
 [CandleCache] ✅ SOLUSDT@1 - guardado (7199 velas, memoria: 4/4)
 [IndicatorCache] 🗑️ Invalidado SOLUSDT: 1 memoria, 2 IndexedDB
 [IndicatorCache] 🗑️ Invalidado TRBUSDT: 1 memoria, 2 IndexedDB
 [CandleCache] ✅ TRBUSDT@1 - guardado (7200 velas, memoria: 4/4)
 [ETHUSDT] SwingDetector: 300 signals from BACKEND
 [XRPUSDT] SwingDetector: 300 signals from BACKEND
 [TRXUSDT] SwingDetector: 300 signals from BACKEND
 [GALAUSDT] SwingDetector: 300 signals from BACKEND
 [SUIUSDT] SwingDetector: 300 signals from BACKEND
 [TRBUSDT] SwingDetector: 300 signals from BACKEND
 [SOLUSDT] SwingDetector: 300 signals from BACKEND
 [ADAUSDT] SwingDetector: 300 signals from BACKEND
 [GALAUSDT] SwingDetector: 300 signals from BACKEND
 [SUIUSDT] SwingDetector: 300 signals from BACKEND
 [TRBUSDT] SwingDetector: 300 signals from BACKEND
 [SOLUSDT] SwingDetector: 300 signals from BACKEND
 [ADAUSDT] SwingDetector: 300 signals from BACKEND
 [DOGEUSDT] SwingDetector: 300 signals from BACKEND
 [DOGEUSDT] SwingDetector: 300 signals from BACKEND
 [BTCUSDT] SwingDetector: 300 signals from BACKEND
 [IndicatorCache] 💾 swing@ETHUSDT desde IndexedDB
 [IndicatorCache] 💾 swing@XRPUSDT desde IndexedDB
 [IndicatorCache] 💾 swing@TRXUSDT desde IndexedDB
 [IndicatorCache] 💾 swing@GALAUSDT desde IndexedDB
 [IndicatorCache] 💾 swing@SUIUSDT desde IndexedDB
 [IndicatorCache] 💾 swing@TRBUSDT desde IndexedDB
 [IndicatorCache] 💾 swing@SOLUSDT desde IndexedDB
 [IndicatorCache] 💾 swing@ADAUSDT desde IndexedDB
 [IndicatorCache] 💾 swing@DOGEUSDT desde memoria
 [DOGEUSDT] VWAP polling executed: updated=true, hasRedraw=true
 [DOGEUSDT] requestRedraw: hasCandles=true (7199), hasDrawChart=true
 [DOGEUSDT] VWAP requestRedraw() called
 [BTCUSDT] SwingDetector: 300 signals from BACKEND
 [ETHUSDT] SwingDetector: 300 signals from BACKEND
 [XRPUSDT] SwingDetector: 300 signals from BACKEND
 [TRXUSDT] SwingDetector: 300 signals from BACKEND
 [IndicatorCache] 💾 swing@BTCUSDT desde IndexedDB
 [IndicatorCache] 💾 swing@ETHUSDT desde IndexedDB
 [IndicatorCache] 💾 swing@XRPUSDT desde IndexedDB
 [SUIUSDT] VWAP polling executed: updated=true, hasRedraw=true
 [SUIUSDT] requestRedraw: hasCandles=true (7199), hasDrawChart=true
 [SUIUSDT] VWAP requestRedraw() called
 [IndicatorCache] 💾 swing@TRXUSDT desde IndexedDB
 [IndicatorCache] 💾 swing@GALAUSDT desde IndexedDB
 [IndicatorCache] 💾 swing@SUIUSDT desde IndexedDB
 [ADAUSDT] VWAP polling executed: updated=true, hasRedraw=true
 [ADAUSDT] requestRedraw: hasCandles=true (7200), hasDrawChart=true
 [ADAUSDT] VWAP requestRedraw() called
 [IndicatorCache] 💾 swing@TRBUSDT desde IndexedDB
 [IndicatorCache] 💾 swing@SOLUSDT desde IndexedDB
 [XRPUSDT] VWAP polling executed: updated=true, hasRedraw=true
 [XRPUSDT] requestRedraw: hasCandles=true (7199), hasDrawChart=true
 [XRPUSDT] VWAP requestRedraw() called
 [IndicatorCache] 💾 swing@ADAUSDT desde IndexedDB
 [IndicatorCache] 💾 swing@GALAUSDT desde IndexedDB
 [IndicatorCache] 💾 swing@SUIUSDT desde IndexedDB
 [IndicatorCache] 💾 swing@TRBUSDT desde IndexedDB
 [IndicatorCache] 💾 swing@SOLUSDT desde IndexedDB
 [IndicatorCache] 💾 swing@ADAUSDT desde IndexedDB
 [IndicatorCache] 💾 swing@DOGEUSDT desde IndexedDB
 [BTCUSDT] VWAP polling executed: updated=true, hasRedraw=true
 [BTCUSDT] requestRedraw: hasCandles=true (7199), hasDrawChart=true
 [BTCUSDT] VWAP requestRedraw() called
 [IndicatorCache] 💾 swing@DOGEUSDT desde IndexedDB
 [GALAUSDT] VWAP polling executed: updated=true, hasRedraw=true
 [GALAUSDT] requestRedraw: hasCandles=true (7199), hasDrawChart=true
 [GALAUSDT] VWAP requestRedraw() called
 [IndicatorCache] 💾 swing@BTCUSDT desde IndexedDB
 [IndicatorCache] 💾 swing@ETHUSDT desde IndexedDB
 [IndicatorCache] 💾 swing@XRPUSDT desde IndexedDB
 [IndicatorCache] 💾 swing@TRXUSDT desde IndexedDB
 [IndicatorCache] 💾 swing@ADAUSDT desde memoria
 [IndicatorCache] 💾 swing@DOGEUSDT desde memoria
 [IndicatorCache] 💾 swing@GALAUSDT desde IndexedDB
 [IndicatorCache] 💾 swing@SUIUSDT desde IndexedDB
 [IndicatorCache] 💾 swing@TRBUSDT desde IndexedDB
 [IndicatorCache] 💾 swing@SOLUSDT desde IndexedDB
 [ETHUSDT] VWAP polling executed: updated=true, hasRedraw=true
 [ETHUSDT] requestRedraw: hasCandles=true (7199), hasDrawChart=true
 [ETHUSDT] VWAP requestRedraw() called
 [SOLUSDT] VWAP polling executed: updated=true, hasRedraw=true
 [SOLUSDT] requestRedraw: hasCandles=true (7199), hasDrawChart=true
 [SOLUSDT] VWAP requestRedraw() called
 [TRBUSDT] VWAP polling executed: updated=true, hasRedraw=true
 [TRBUSDT] requestRedraw: hasCandles=true (7200), hasDrawChart=true
 [TRBUSDT] VWAP requestRedraw() called
 [TRXUSDT] VWAP polling executed: updated=true, hasRedraw=true
 [TRXUSDT] requestRedraw: hasCandles=true (7199), hasDrawChart=true
 [TRXUSDT] VWAP requestRedraw() called
 [IndicatorCache] 💾 swing@BTCUSDT desde IndexedDB
 [IndicatorCache] 💾 swing@ETHUSDT desde IndexedDB
 [IndicatorCache] 💾 swing@XRPUSDT desde IndexedDB
 [IndicatorCache] 💾 swing@TRXUSDT desde IndexedDB
 [IndicatorCache] 💾 swing@BTCUSDT desde IndexedDB
 [CandleCache] 🔄 LRU evict: candles_SUIUSDT_1 (memoria: 3/4)
 [CandleCache] 🔄 LRU evict: candles_XRPUSDT_1 (memoria: 3/4)
 [CandleCache] 🔄 LRU evict: candles_SOLUSDT_1 (memoria: 3/4)
 [CandleCache] 🔄 LRU evict: candles_TRBUSDT_1 (memoria: 3/4)
 [CandleCache] 🔄 LRU evict: candles_DOGEUSDT_1 (memoria: 3/4)
 [CandleCache] ✅ DOGEUSDT@1 - guardado (7199 velas, memoria: 4/4)
 [IndicatorCache] 🗑️ Invalidado DOGEUSDT: 1 memoria, 2 IndexedDB
 [CandleCache] ✅ BTCUSDT@1 - guardado (7199 velas, memoria: 4/4)
 [IndicatorCache] 🗑️ Invalidado BTCUSDT: 2 memoria, 2 IndexedDB
 [IndicatorCache] 🗑️ Invalidado ADAUSDT: 1 memoria, 2 IndexedDB
 [IndicatorCache] 🗑️ Invalidado ETHUSDT: 1 memoria, 2 IndexedDB
 [IndicatorCache] 🗑️ Invalidado GALAUSDT: 1 memoria, 2 IndexedDB
 [CandleCache] ✅ ADAUSDT@1 - guardado (7200 velas, memoria: 4/4)
 [CandleCache] ✅ ETHUSDT@1 - guardado (7199 velas, memoria: 4/4)
 [CandleCache] ✅ GALAUSDT@1 - guardado (7199 velas, memoria: 4/4)
 [CandleCache] 🔄 LRU evict: candles_BTCUSDT_1 (memoria: 3/4)
 [CandleCache] 🔄 LRU evict: candles_ADAUSDT_1 (memoria: 3/4)
 [CandleCache] 🔄 LRU evict: candles_ETHUSDT_1 (memoria: 3/4)
 [CandleCache] 🔄 LRU evict: candles_GALAUSDT_1 (memoria: 3/4)
 [CandleCache] 🔄 LRU evict: candles_TRXUSDT_1 (memoria: 3/4)
 [CandleCache] ✅ TRXUSDT@1 - guardado (7199 velas, memoria: 4/4)
 [CandleCache] ✅ SUIUSDT@1 - guardado (7199 velas, memoria: 4/4)
 [IndicatorCache] 🗑️ Invalidado TRXUSDT: 2 memoria, 2 IndexedDB
 [IndicatorCache] 🗑️ Invalidado SUIUSDT: 1 memoria, 2 IndexedDB
 [IndicatorCache] 🗑️ Invalidado TRBUSDT: 1 memoria, 2 IndexedDB
 [IndicatorCache] 🗑️ Invalidado XRPUSDT: 1 memoria, 2 IndexedDB
 [IndicatorCache] 🗑️ Invalidado SOLUSDT: 1 memoria, 2 IndexedDB
 [CandleCache] ✅ TRBUSDT@1 - guardado (7200 velas, memoria: 4/4)
 [CandleCache] ✅ XRPUSDT@1 - guardado (7199 velas, memoria: 4/4)
 [CandleCache] ✅ SOLUSDT@1 - guardado (7199 velas, memoria: 4/4)
 [ETHUSDT] SwingDetector: 300 signals from BACKEND
 [XRPUSDT] SwingDetector: 300 signals from BACKEND
 [TRXUSDT] SwingDetector: 300 signals from BACKEND
 [GALAUSDT] SwingDetector: 300 signals from BACKEND
 [SUIUSDT] SwingDetector: 300 signals from BACKEND
 [TRBUSDT] SwingDetector: 300 signals from BACKEND
 [SOLUSDT] SwingDetector: 300 signals from BACKEND
 [ADAUSDT] SwingDetector: 300 signals from BACKEND
 [GALAUSDT] SwingDetector: 300 signals from BACKEND
 [SUIUSDT] SwingDetector: 300 signals from BACKEND
 [TRBUSDT] SwingDetector: 300 signals from BACKEND
 [SOLUSDT] SwingDetector: 300 signals from BACKEND
 [DOGEUSDT] SwingDetector: 300 signals from BACKEND
 [ADAUSDT] SwingDetector: 300 signals from BACKEND
 [DOGEUSDT] SwingDetector: 300 signals from BACKEND
 [BTCUSDT] SwingDetector: 300 signals from BACKEND
 [IndicatorCache] 💾 swing@ETHUSDT desde IndexedDB
 [IndicatorCache] 💾 swing@XRPUSDT desde IndexedDB
 [IndicatorCache] 💾 swing@TRXUSDT desde IndexedDB
 [IndicatorCache] 💾 swing@GALAUSDT desde IndexedDB
 [IndicatorCache] 💾 swing@SUIUSDT desde IndexedDB
 [IndicatorCache] 💾 swing@TRBUSDT desde IndexedDB
 [IndicatorCache] 💾 swing@SOLUSDT desde IndexedDB
 [IndicatorCache] 💾 swing@ADAUSDT desde IndexedDB
 [IndicatorCache] 💾 swing@DOGEUSDT desde memoria
 [DOGEUSDT] VWAP polling executed: updated=true, hasRedraw=true
 [DOGEUSDT] requestRedraw: hasCandles=true (7199), hasDrawChart=true
 [DOGEUSDT] VWAP requestRedraw() called
 [BTCUSDT] SwingDetector: 300 signals from BACKEND
 [ETHUSDT] SwingDetector: 300 signals from BACKEND
 [XRPUSDT] SwingDetector: 300 signals from BACKEND
 [TRXUSDT] SwingDetector: 300 signals from BACKEND
 [IndicatorCache] 💾 swing@BTCUSDT desde IndexedDB
 [IndicatorCache] 💾 swing@ETHUSDT desde IndexedDB
 [IndicatorCache] 💾 swing@XRPUSDT desde IndexedDB
 [IndicatorCache] 💾 swing@TRXUSDT desde IndexedDB
 [IndicatorCache] 💾 swing@GALAUSDT desde IndexedDB
 [IndicatorCache] 💾 swing@SUIUSDT desde IndexedDB
 [IndicatorCache] 💾 swing@TRBUSDT desde IndexedDB
 [IndicatorCache] 💾 swing@SOLUSDT desde IndexedDB
 [IndicatorCache] 💾 swing@ADAUSDT desde IndexedDB
 [IndicatorCache] 💾 swing@GALAUSDT desde IndexedDB
 [IndicatorCache] 💾 swing@SUIUSDT desde IndexedDB
 [IndicatorCache] 💾 swing@TRBUSDT desde IndexedDB
 [IndicatorCache] 💾 swing@SOLUSDT desde IndexedDB
 [IndicatorCache] 💾 swing@ADAUSDT desde IndexedDB
 [IndicatorCache] 💾 swing@DOGEUSDT desde IndexedDB
 [SUIUSDT] VWAP polling executed: updated=true, hasRedraw=true
 [SUIUSDT] requestRedraw: hasCandles=true (7199), hasDrawChart=true
 [SUIUSDT] VWAP requestRedraw() called
 [IndicatorCache] 💾 swing@DOGEUSDT desde IndexedDB
 [IndicatorCache] 💾 swing@BTCUSDT desde IndexedDB
 [IndicatorCache] 💾 swing@ETHUSDT desde IndexedDB
 [IndicatorCache] 💾 swing@XRPUSDT desde IndexedDB
 [IndicatorCache] 💾 swing@SOLUSDT desde memoria
 [IndicatorCache] 💾 swing@TRXUSDT desde IndexedDB
 [IndicatorCache] 💾 swing@GALAUSDT desde IndexedDB
 [IndicatorCache] 💾 swing@SUIUSDT desde IndexedDB
 [IndicatorCache] 💾 swing@TRBUSDT desde IndexedDB
 [IndicatorCache] 💾 swing@DOGEUSDT desde memoria
 [IndicatorCache] 💾 swing@ADAUSDT desde IndexedDB
 [BTCUSDT] VWAP polling executed: updated=true, hasRedraw=true
 [BTCUSDT] requestRedraw: hasCandles=true (7199), hasDrawChart=true
 [BTCUSDT] VWAP requestRedraw() called
 [ETHUSDT] VWAP polling executed: updated=true, hasRedraw=true
 [ETHUSDT] requestRedraw: hasCandles=true (7199), hasDrawChart=true
 [ETHUSDT] VWAP requestRedraw() called
 [ADAUSDT] VWAP polling executed: updated=true, hasRedraw=true
 [ADAUSDT] requestRedraw: hasCandles=true (7200), hasDrawChart=true
 [ADAUSDT] VWAP requestRedraw() called
 [TRBUSDT] VWAP polling executed: updated=true, hasRedraw=true
 [TRBUSDT] requestRedraw: hasCandles=true (7200), hasDrawChart=true
 [TRBUSDT] VWAP requestRedraw() called
 [XRPUSDT] VWAP polling executed: updated=true, hasRedraw=true
 [XRPUSDT] requestRedraw: hasCandles=true (7199), hasDrawChart=true
 [XRPUSDT] VWAP requestRedraw() called
 [GALAUSDT] VWAP polling executed: updated=true, hasRedraw=true
 [GALAUSDT] requestRedraw: hasCandles=true (7199), hasDrawChart=true
 [GALAUSDT] VWAP requestRedraw() called
 [SOLUSDT] VWAP polling executed: updated=true, hasRedraw=true
 [SOLUSDT] requestRedraw: hasCandles=true (7199), hasDrawChart=true
 [SOLUSDT] VWAP requestRedraw() called
 [TRXUSDT] VWAP polling executed: updated=true, hasRedraw=true
 [TRXUSDT] requestRedraw: hasCandles=true (7199), hasDrawChart=true
 [TRXUSDT] VWAP requestRedraw() called
 [CandleCache] 💾 XRPUSDT@1 - desde memoria (7199 velas)
 [CandleCache] OK VALIDATION XRPUSDT@1: 7199 velas sin gaps
 [CandleCache] XRPUSDT@1 - Cache valido: 7199 velas, sin gaps significativos
 [XRPUSDT] 🔄 Carga INCREMENTAL: desde 1/2/2026, 10:30:00 p.m. (7199 velas en cache)
 [CandleCache] 🔄 LRU evict: candles_SUIUSDT_1 (memoria: 3/4)
 [CandleCache] 💾 TRXUSDT@1 - desde IndexedDB (7199 velas)
 [CandleCache] OK VALIDATION TRXUSDT@1: 7199 velas sin gaps
 [CandleCache] TRXUSDT@1 - Cache valido: 7199 velas, sin gaps significativos
 [TRXUSDT] 🔄 Carga INCREMENTAL: desde 1/2/2026, 10:30:00 p.m. (7199 velas en cache)
 [CandleCache] 🔄 LRU evict: candles_TRBUSDT_1 (memoria: 3/4)
 [CandleCache] 💾 GALAUSDT@1 - desde IndexedDB (7199 velas)
 [CandleCache] OK VALIDATION GALAUSDT@1: 7199 velas sin gaps
 [CandleCache] GALAUSDT@1 - Cache valido: 7199 velas, sin gaps significativos
 [GALAUSDT] 🔄 Carga INCREMENTAL: desde 1/2/2026, 10:30:00 p.m. (7199 velas en cache)
 [CandleCache] 🔄 LRU evict: candles_SOLUSDT_1 (memoria: 3/4)
 [CandleCache] 💾 BTCUSDT@1 - desde IndexedDB (7199 velas)
 [CandleCache] OK VALIDATION BTCUSDT@1: 7199 velas sin gaps
 [CandleCache] BTCUSDT@1 - Cache valido: 7199 velas, sin gaps significativos
 [BTCUSDT] 🔄 Carga INCREMENTAL: desde 1/2/2026, 10:30:00 p.m. (7199 velas en cache)
 [CandleCache] 🔄 LRU evict: candles_XRPUSDT_1 (memoria: 3/4)
 [CandleCache] 💾 ETHUSDT@1 - desde IndexedDB (7199 velas)
 [CandleCache] OK VALIDATION ETHUSDT@1: 7199 velas sin gaps
 [CandleCache] ETHUSDT@1 - Cache valido: 7199 velas, sin gaps significativos
 [ETHUSDT] 🔄 Carga INCREMENTAL: desde 1/2/2026, 10:30:00 p.m. (7199 velas en cache)
 [CandleCache] 🔄 LRU evict: candles_TRXUSDT_1 (memoria: 3/4)
 [CandleCache] 💾 ADAUSDT@1 - desde IndexedDB (7200 velas)
 [CandleCache] OK VALIDATION ADAUSDT@1: 7200 velas sin gaps
 [CandleCache] ADAUSDT@1 - Cache valido: 7200 velas, sin gaps significativos
 [ADAUSDT] 🔄 Carga INCREMENTAL: desde 1/2/2026, 10:30:00 p.m. (7200 velas en cache)
 [CandleCache] 🔄 LRU evict: candles_GALAUSDT_1 (memoria: 3/4)
 [CandleCache] 💾 SOLUSDT@1 - desde IndexedDB (7199 velas)
 [CandleCache] OK VALIDATION SOLUSDT@1: 7199 velas sin gaps
 [CandleCache] SOLUSDT@1 - Cache valido: 7199 velas, sin gaps significativos
 [SOLUSDT] 🔄 Carga INCREMENTAL: desde 1/2/2026, 10:30:00 p.m. (7199 velas en cache)
 [CandleCache] 🔄 LRU evict: candles_BTCUSDT_1 (memoria: 3/4)
 [CandleCache] 💾 DOGEUSDT@1 - desde IndexedDB (7199 velas)
 [CandleCache] OK VALIDATION DOGEUSDT@1: 7199 velas sin gaps
 [CandleCache] DOGEUSDT@1 - Cache valido: 7199 velas, sin gaps significativos
 [DOGEUSDT] 🔄 Carga INCREMENTAL: desde 1/2/2026, 10:30:00 p.m. (7199 velas en cache)
 [CandleCache] 🔄 LRU evict: candles_ETHUSDT_1 (memoria: 3/4)
 [CandleCache] 💾 TRBUSDT@1 - desde IndexedDB (7200 velas)
 [CandleCache] OK VALIDATION TRBUSDT@1: 7200 velas sin gaps
 [CandleCache] TRBUSDT@1 - Cache valido: 7200 velas, sin gaps significativos
 [TRBUSDT] 🔄 Carga INCREMENTAL: desde 1/2/2026, 10:30:00 p.m. (7200 velas en cache)
 [CandleCache] 🔄 LRU evict: candles_ADAUSDT_1 (memoria: 3/4)
 [CandleCache] 💾 SUIUSDT@1 - desde IndexedDB (7199 velas)
 [CandleCache] OK VALIDATION SUIUSDT@1: 7199 velas sin gaps
 [CandleCache] SUIUSDT@1 - Cache valido: 7199 velas, sin gaps significativos
 [SUIUSDT] 🔄 Carga INCREMENTAL: desde 1/2/2026, 10:30:00 p.m. (7199 velas en cache)
 [CandleCache] 🔄 Merge: 7199 cached + 1 new = 7199 total
 [XRPUSDT] ✅ Incremental: +1 velas nuevas = 7199 total
 [CandleCache] 🔄 LRU evict: candles_SOLUSDT_1 (memoria: 3/4)
 [XRPUSDT] ✅ Histórico final: 7199 velas
 [XRPUSDT] IndicatorManager: startAllPolling() completado
 [CandleCache] 🔄 Merge: 7199 cached + 1 new = 7199 total
 [TRXUSDT] ✅ Incremental: +1 velas nuevas = 7199 total
 [CandleCache] 🔄 LRU evict: candles_DOGEUSDT_1 (memoria: 3/4)
 [TRXUSDT] ✅ Histórico final: 7199 velas
 [TRXUSDT] IndicatorManager: startAllPolling() completado
 [CandleCache] 🔄 Merge: 7199 cached + 1 new = 7199 total
 [GALAUSDT] ✅ Incremental: +1 velas nuevas = 7199 total
 [CandleCache] 🔄 LRU evict: candles_TRBUSDT_1 (memoria: 3/4)
 [GALAUSDT] ✅ Histórico final: 7199 velas
 [GALAUSDT] IndicatorManager: startAllPolling() completado
 [CandleCache] ✅ XRPUSDT@1 - guardado (7199 velas, memoria: 4/4)
 [CandleCache] ✅ TRXUSDT@1 - guardado (7199 velas, memoria: 4/4)
 [CandleCache] ✅ GALAUSDT@1 - guardado (7199 velas, memoria: 4/4)
 [CandleCache] 🔄 Merge: 7199 cached + 1 new = 7199 total
 [BTCUSDT] ✅ Incremental: +1 velas nuevas = 7199 total
 [CandleCache] 🔄 LRU evict: candles_SUIUSDT_1 (memoria: 3/4)
 [BTCUSDT] ✅ Histórico final: 7199 velas
 [BTCUSDT] IndicatorManager: startAllPolling() completado
 [CandleCache] ✅ BTCUSDT@1 - guardado (7199 velas, memoria: 4/4)
 [CandleCache] 🔄 Merge: 7200 cached + 1 new = 7200 total
 [ADAUSDT] ✅ Incremental: +1 velas nuevas = 7200 total
 [CandleCache] 🔄 LRU evict: candles_XRPUSDT_1 (memoria: 3/4)
 [ADAUSDT] ✅ Histórico final: 7200 velas
 [ADAUSDT] IndicatorManager: startAllPolling() completado
 [CandleCache] ✅ ADAUSDT@1 - guardado (7200 velas, memoria: 4/4)
 [CandleCache] 🔄 Merge: 7199 cached + 1 new = 7199 total
 [ETHUSDT] ✅ Incremental: +1 velas nuevas = 7199 total
 [CandleCache] 🔄 LRU evict: candles_TRXUSDT_1 (memoria: 3/4)
 [ETHUSDT] ✅ Histórico final: 7199 velas
 [ETHUSDT] IndicatorManager: startAllPolling() completado
 [CandleCache] ✅ ETHUSDT@1 - guardado (7199 velas, memoria: 4/4)
 [CandleCache] 🔄 Merge: 7199 cached + 1 new = 7199 total
 [SOLUSDT] ✅ Incremental: +1 velas nuevas = 7199 total
 [CandleCache] 🔄 LRU evict: candles_GALAUSDT_1 (memoria: 3/4)
 [SOLUSDT] ✅ Histórico final: 7199 velas
 [SOLUSDT] IndicatorManager: startAllPolling() completado
 [CandleCache] 🔄 Merge: 7199 cached + 1 new = 7199 total
 [DOGEUSDT] ✅ Incremental: +1 velas nuevas = 7199 total
 [CandleCache] 🔄 LRU evict: candles_BTCUSDT_1 (memoria: 3/4)
 [DOGEUSDT] ✅ Histórico final: 7199 velas
 [DOGEUSDT] IndicatorManager: startAllPolling() completado
 [CandleCache] ✅ SOLUSDT@1 - guardado (7199 velas, memoria: 4/4)
 [CandleCache] 🔄 Merge: 7200 cached + 1 new = 7200 total
 [TRBUSDT] ✅ Incremental: +1 velas nuevas = 7200 total
 [CandleCache] 🔄 LRU evict: candles_ADAUSDT_1 (memoria: 3/4)
 [TRBUSDT] ✅ Histórico final: 7200 velas
 [TRBUSDT] IndicatorManager: startAllPolling() completado
 [CandleCache] ✅ DOGEUSDT@1 - guardado (7199 velas, memoria: 4/4)
 [CandleCache] 🔄 Merge: 7199 cached + 1 new = 7199 total
 [SUIUSDT] ✅ Incremental: +1 velas nuevas = 7199 total
 [CandleCache] 🔄 LRU evict: candles_ETHUSDT_1 (memoria: 3/4)
 [SUIUSDT] ✅ Histórico final: 7199 velas
 [SUIUSDT] IndicatorManager: startAllPolling() completado
 [CandleCache] ✅ TRBUSDT@1 - guardado (7200 velas, memoria: 4/4)
 [CandleCache] ✅ SUIUSDT@1 - guardado (7199 velas, memoria: 4/4)
 [IndicatorCache] 💾 swing@BTCUSDT desde IndexedDB
 [IndicatorCache] 💾 swing@ETHUSDT desde IndexedDB
 [IndicatorCache] 💾 swing@XRPUSDT desde IndexedDB
 [IndicatorCache] 💾 swing@TRXUSDT desde IndexedDB
 [IndicatorCache] 💾 swing@BTCUSDT desde IndexedDB
 [CandleCache] 🔄 LRU evict: candles_SOLUSDT_1 (memoria: 3/4)
 [CandleCache] 🔄 LRU evict: candles_TRBUSDT_1 (memoria: 3/4)
 [CandleCache] 🔄 LRU evict: candles_SUIUSDT_1 (memoria: 3/4)
 [CandleCache] 🔄 LRU evict: candles_DOGEUSDT_1 (memoria: 3/4)
 [CandleCache] ✅ DOGEUSDT@1 - guardado (7199 velas, memoria: 4/4)
 [IndicatorCache] 🗑️ Invalidado DOGEUSDT: 1 memoria, 2 IndexedDB
 [IndicatorCache] 🗑️ Invalidado BTCUSDT: 2 memoria, 2 IndexedDB
 [CandleCache] ✅ BTCUSDT@1 - guardado (7199 velas, memoria: 4/4)
 [IndicatorCache] 🗑️ Invalidado ADAUSDT: 1 memoria, 2 IndexedDB
 [IndicatorCache] 🗑️ Invalidado ETHUSDT: 1 memoria, 2 IndexedDB
 [CandleCache] ✅ ADAUSDT@1 - guardado (7200 velas, memoria: 4/4)
 [IndicatorCache] 🗑️ Invalidado GALAUSDT: 1 memoria, 2 IndexedDB
 [CandleCache] ✅ ETHUSDT@1 - guardado (7199 velas, memoria: 4/4)
 [CandleCache] ✅ GALAUSDT@1 - guardado (7199 velas, memoria: 4/4)
 [CandleCache] 🔄 LRU evict: candles_BTCUSDT_1 (memoria: 3/4)
 [CandleCache] 🔄 LRU evict: candles_ADAUSDT_1 (memoria: 3/4)
 [CandleCache] 🔄 LRU evict: candles_ETHUSDT_1 (memoria: 3/4)
 [CandleCache] 🔄 LRU evict: candles_GALAUSDT_1 (memoria: 3/4)
 [CandleCache] ✅ TRXUSDT@1 - guardado (7199 velas, memoria: 4/4)
 [CandleCache] ✅ SUIUSDT@1 - guardado (7199 velas, memoria: 4/4)
 [IndicatorCache] 🗑️ Invalidado TRXUSDT: 2 memoria, 2 IndexedDB
 [IndicatorCache] 🗑️ Invalidado SUIUSDT: 1 memoria, 2 IndexedDB
 [IndicatorCache] 🗑️ Invalidado XRPUSDT: 1 memoria, 2 IndexedDB
 [IndicatorCache] 🗑️ Invalidado SOLUSDT: 1 memoria, 2 IndexedDB
 [CandleCache] ✅ XRPUSDT@1 - guardado (7199 velas, memoria: 4/4)
 [CandleCache] ✅ SOLUSDT@1 - guardado (7199 velas, memoria: 4/4)
 [CandleCache] 🔄 LRU evict: candles_TRXUSDT_1 (memoria: 3/4)
 [IndicatorCache] 🗑️ Invalidado TRBUSDT: 1 memoria, 2 IndexedDB
 [CandleCache] ✅ TRBUSDT@1 - guardado (7200 velas, memoria: 4/4)
 [ETHUSDT] SwingDetector: 300 signals from BACKEND
 [XRPUSDT] SwingDetector: 300 signals from BACKEND
 [TRXUSDT] SwingDetector: 300 signals from BACKEND
 [GALAUSDT] SwingDetector: 300 signals from BACKEND
 [SUIUSDT] SwingDetector: 300 signals from BACKEND
 [TRBUSDT] SwingDetector: 300 signals from BACKEND
 [SOLUSDT] SwingDetector: 300 signals from BACKEND
 [ADAUSDT] SwingDetector: 300 signals from BACKEND
 [GALAUSDT] SwingDetector: 300 signals from BACKEND
 [SUIUSDT] SwingDetector: 300 signals from BACKEND
 [TRBUSDT] SwingDetector: 300 signals from BACKEND
 [SOLUSDT] SwingDetector: 300 signals from BACKEND
 [DOGEUSDT] SwingDetector: 300 signals from BACKEND
 [ADAUSDT] SwingDetector: 300 signals from BACKEND
 [DOGEUSDT] SwingDetector: 300 signals from BACKEND
 [BTCUSDT] SwingDetector: 300 signals from BACKEND
 [IndicatorCache] 💾 swing@ETHUSDT desde IndexedDB
 [IndicatorCache] 💾 swing@XRPUSDT desde IndexedDB
 [IndicatorCache] 💾 swing@TRXUSDT desde IndexedDB
 [IndicatorCache] 💾 swing@GALAUSDT desde IndexedDB
 [IndicatorCache] 💾 swing@SUIUSDT desde IndexedDB
 [IndicatorCache] 💾 swing@TRBUSDT desde IndexedDB
 [IndicatorCache] 💾 swing@SOLUSDT desde IndexedDB
 [IndicatorCache] 💾 swing@ADAUSDT desde IndexedDB
 [IndicatorCache] 💾 swing@DOGEUSDT desde memoria
 [DOGEUSDT] VWAP polling executed: updated=true, hasRedraw=true
 [DOGEUSDT] requestRedraw: hasCandles=true (7199), hasDrawChart=true
 [DOGEUSDT] VWAP requestRedraw() called
 [BTCUSDT] SwingDetector: 300 signals from BACKEND
 [ETHUSDT] SwingDetector: 300 signals from BACKEND
 [XRPUSDT] SwingDetector: 300 signals from BACKEND
 [TRXUSDT] SwingDetector: 300 signals from BACKEND
 [IndicatorCache] 💾 swing@BTCUSDT desde IndexedDB
 [IndicatorCache] 💾 swing@ETHUSDT desde IndexedDB
 [IndicatorCache] 💾 swing@XRPUSDT desde IndexedDB
 [IndicatorCache] 💾 swing@TRXUSDT desde IndexedDB
 [IndicatorCache] 💾 swing@GALAUSDT desde IndexedDB
 [IndicatorCache] 💾 swing@SUIUSDT desde IndexedDB
 [IndicatorCache] 💾 swing@TRBUSDT desde IndexedDB
 [IndicatorCache] 💾 swing@SOLUSDT desde IndexedDB
 [IndicatorCache] 💾 swing@ADAUSDT desde IndexedDB
 [IndicatorCache] 💾 swing@GALAUSDT desde IndexedDB
 [IndicatorCache] 💾 swing@SUIUSDT desde IndexedDB
 [IndicatorCache] 💾 swing@TRBUSDT desde IndexedDB
 [IndicatorCache] 💾 swing@SOLUSDT desde IndexedDB
 [IndicatorCache] 💾 swing@ADAUSDT desde IndexedDB
 [IndicatorCache] 💾 swing@DOGEUSDT desde IndexedDB
 [IndicatorCache] 💾 swing@DOGEUSDT desde IndexedDB
 [IndicatorCache] 💾 swing@BTCUSDT desde IndexedDB
 [IndicatorCache] 💾 swing@ETHUSDT desde IndexedDB
 [IndicatorCache] 💾 swing@XRPUSDT desde IndexedDB
 [IndicatorCache] 💾 swing@TRXUSDT desde IndexedDB
 [IndicatorCache] 💾 swing@GALAUSDT desde IndexedDB
 [IndicatorCache] 💾 swing@DOGEUSDT desde memoria
 [IndicatorCache] 💾 swing@SUIUSDT desde IndexedDB
 [IndicatorCache] 💾 swing@TRBUSDT desde IndexedDB
 [IndicatorCache] 💾 swing@SOLUSDT desde IndexedDB
 [IndicatorCache] 💾 swing@ADAUSDT desde IndexedDB
 [SUIUSDT] VWAP polling executed: updated=true, hasRedraw=true
 [SUIUSDT] requestRedraw: hasCandles=true (7199), hasDrawChart=true
 [SUIUSDT] VWAP requestRedraw() called
 [BTCUSDT] VWAP polling executed: updated=true, hasRedraw=true
 [BTCUSDT] requestRedraw: hasCandles=true (7199), hasDrawChart=true
 [BTCUSDT] VWAP requestRedraw() called
 [SOLUSDT] VWAP polling executed: updated=true, hasRedraw=true
 [SOLUSDT] requestRedraw: hasCandles=true (7199), hasDrawChart=true
 [SOLUSDT] VWAP requestRedraw() called
 [ADAUSDT] VWAP polling executed: updated=true, hasRedraw=true
 [ADAUSDT] requestRedraw: hasCandles=true (7200), hasDrawChart=true
 [ADAUSDT] VWAP requestRedraw() called
 [XRPUSDT] VWAP polling executed: updated=true, hasRedraw=true
 [XRPUSDT] requestRedraw: hasCandles=true (7199), hasDrawChart=true
 [XRPUSDT] VWAP requestRedraw() called
 [ETHUSDT] VWAP polling executed: updated=true, hasRedraw=true
 [ETHUSDT] requestRedraw: hasCandles=true (7199), hasDrawChart=true
 [ETHUSDT] VWAP requestRedraw() called
 [TRBUSDT] VWAP polling executed: updated=true, hasRedraw=true
 [TRBUSDT] requestRedraw: hasCandles=true (7200), hasDrawChart=true
 [TRBUSDT] VWAP requestRedraw() called
 [GALAUSDT] VWAP polling executed: updated=true, hasRedraw=true
 [GALAUSDT] requestRedraw: hasCandles=true (7199), hasDrawChart=true
 [GALAUSDT] VWAP requestRedraw() called
 [TRXUSDT] VWAP polling executed: updated=true, hasRedraw=true
 [TRXUSDT] requestRedraw: hasCandles=true (7199), hasDrawChart=true
 [TRXUSDT] VWAP requestRedraw() called
 [IndicatorCache] 💾 swing@BTCUSDT desde IndexedDB
 [IndicatorCache] 💾 swing@ETHUSDT desde IndexedDB
 [IndicatorCache] 💾 swing@XRPUSDT desde IndexedDB
 [IndicatorCache] 💾 swing@TRXUSDT desde IndexedDB
 [IndicatorCache] 💾 swing@BTCUSDT desde IndexedDB
 [CandleCache] 🔄 LRU evict: candles_SUIUSDT_1 (memoria: 3/4)
 [CandleCache] 🔄 LRU evict: candles_XRPUSDT_1 (memoria: 3/4)
 [CandleCache] 🔄 LRU evict: candles_SOLUSDT_1 (memoria: 3/4)
 [CandleCache] 🔄 LRU evict: candles_TRBUSDT_1 (memoria: 3/4)
 [CandleCache] 🔄 LRU evict: candles_DOGEUSDT_1 (memoria: 3/4)
 [CandleCache] ✅ DOGEUSDT@1 - guardado (7199 velas, memoria: 4/4)
 [IndicatorCache] 🗑️ Invalidado DOGEUSDT: 1 memoria, 2 IndexedDB
 [IndicatorCache] 🗑️ Invalidado BTCUSDT: 2 memoria, 2 IndexedDB
 [CandleCache] ✅ BTCUSDT@1 - guardado (7199 velas, memoria: 4/4)
 [IndicatorCache] 🗑️ Invalidado ADAUSDT: 1 memoria, 2 IndexedDB
 [IndicatorCache] 🗑️ Invalidado ETHUSDT: 1 memoria, 2 IndexedDB
 [IndicatorCache] 🗑️ Invalidado GALAUSDT: 1 memoria, 2 IndexedDB
 [CandleCache] ✅ ADAUSDT@1 - guardado (7200 velas, memoria: 4/4)
 [CandleCache] ✅ ETHUSDT@1 - guardado (7199 velas, memoria: 4/4)
 [CandleCache] ✅ GALAUSDT@1 - guardado (7199 velas, memoria: 4/4)
 [CandleCache] 🔄 LRU evict: candles_BTCUSDT_1 (memoria: 3/4)
 [CandleCache] 🔄 LRU evict: candles_ADAUSDT_1 (memoria: 3/4)
 [CandleCache] 🔄 LRU evict: candles_ETHUSDT_1 (memoria: 3/4)
 [CandleCache] 🔄 LRU evict: candles_GALAUSDT_1 (memoria: 3/4)
 [CandleCache] 🔄 LRU evict: candles_TRXUSDT_1 (memoria: 3/4)
 [CandleCache] ✅ TRXUSDT@1 - guardado (7199 velas, memoria: 4/4)
 [IndicatorCache] 🗑️ Invalidado TRXUSDT: 2 memoria, 2 IndexedDB
 [CandleCache] ✅ SUIUSDT@1 - guardado (7199 velas, memoria: 4/4)
 [IndicatorCache] 🗑️ Invalidado SUIUSDT: 1 memoria, 2 IndexedDB
 [IndicatorCache] 🗑️ Invalidado TRBUSDT: 1 memoria, 2 IndexedDB
 [IndicatorCache] 🗑️ Invalidado XRPUSDT: 1 memoria, 2 IndexedDB
 [IndicatorCache] 🗑️ Invalidado SOLUSDT: 1 memoria, 2 IndexedDB
 [CandleCache] ✅ TRBUSDT@1 - guardado (7200 velas, memoria: 4/4)
 [CandleCache] ✅ XRPUSDT@1 - guardado (7199 velas, memoria: 4/4)
 [CandleCache] ✅ SOLUSDT@1 - guardado (7199 velas, memoria: 4/4)
 [ETHUSDT] SwingDetector: 300 signals from BACKEND
 [XRPUSDT] SwingDetector: 300 signals from BACKEND
 [TRXUSDT] SwingDetector: 300 signals from BACKEND
 [GALAUSDT] SwingDetector: 300 signals from BACKEND
 [SUIUSDT] SwingDetector: 300 signals from BACKEND
 [TRBUSDT] SwingDetector: 300 signals from BACKEND
 [SOLUSDT] SwingDetector: 300 signals from BACKEND
 [ADAUSDT] SwingDetector: 300 signals from BACKEND
 [GALAUSDT] SwingDetector: 300 signals from BACKEND
 [SUIUSDT] SwingDetector: 300 signals from BACKEND
 [TRBUSDT] SwingDetector: 300 signals from BACKEND
 [SOLUSDT] SwingDetector: 300 signals from BACKEND
 [DOGEUSDT] SwingDetector: 300 signals from BACKEND
 [ADAUSDT] SwingDetector: 300 signals from BACKEND
 [DOGEUSDT] SwingDetector: 300 signals from BACKEND
 [BTCUSDT] SwingDetector: 300 signals from BACKEND
 [IndicatorCache] 💾 swing@ETHUSDT desde IndexedDB
 [IndicatorCache] 💾 swing@XRPUSDT desde IndexedDB
 [IndicatorCache] 💾 swing@TRXUSDT desde IndexedDB
 [IndicatorCache] 💾 swing@GALAUSDT desde IndexedDB
 [IndicatorCache] 💾 swing@SUIUSDT desde IndexedDB
 [IndicatorCache] 💾 swing@TRBUSDT desde IndexedDB
 [IndicatorCache] 💾 swing@SOLUSDT desde IndexedDB
 [IndicatorCache] 💾 swing@ADAUSDT desde IndexedDB
 [IndicatorCache] 💾 swing@DOGEUSDT desde memoria
 [DOGEUSDT] VWAP polling executed: updated=true, hasRedraw=true
 [DOGEUSDT] requestRedraw: hasCandles=true (7199), hasDrawChart=true
 [DOGEUSDT] VWAP requestRedraw() called
 [BTCUSDT] SwingDetector: 300 signals from BACKEND
 [ETHUSDT] SwingDetector: 300 signals from BACKEND
 [XRPUSDT] SwingDetector: 300 signals from BACKEND
 [TRXUSDT] SwingDetector: 300 signals from BACKEND
 [IndicatorCache] 💾 swing@BTCUSDT desde IndexedDB
 [IndicatorCache] 💾 swing@ETHUSDT desde IndexedDB
 [IndicatorCache] 💾 swing@XRPUSDT desde IndexedDB
 [IndicatorCache] 💾 swing@TRXUSDT desde IndexedDB
 [IndicatorCache] 💾 swing@GALAUSDT desde IndexedDB
 [IndicatorCache] 💾 swing@SUIUSDT desde IndexedDB
 [IndicatorCache] 💾 swing@TRBUSDT desde IndexedDB
 [IndicatorCache] 💾 swing@SOLUSDT desde IndexedDB
 [IndicatorCache] 💾 swing@ADAUSDT desde IndexedDB
 [IndicatorCache] 💾 swing@GALAUSDT desde IndexedDB
 [IndicatorCache] 💾 swing@SUIUSDT desde IndexedDB
 [IndicatorCache] 💾 swing@TRBUSDT desde IndexedDB
 [IndicatorCache] 💾 swing@SOLUSDT desde IndexedDB
 [IndicatorCache] 💾 swing@ADAUSDT desde IndexedDB
 [IndicatorCache] 💾 swing@DOGEUSDT desde IndexedDB
 [IndicatorCache] 💾 swing@DOGEUSDT desde IndexedDB
 [IndicatorCache] 💾 swing@BTCUSDT desde IndexedDB
 [IndicatorCache] 💾 swing@ETHUSDT desde IndexedDB
 [IndicatorCache] 💾 swing@XRPUSDT desde IndexedDB
 [IndicatorCache] 💾 swing@TRXUSDT desde IndexedDB
 [IndicatorCache] 💾 swing@GALAUSDT desde IndexedDB
 [IndicatorCache] 💾 swing@SUIUSDT desde IndexedDB
 [IndicatorCache] 💾 swing@TRBUSDT desde IndexedDB
 [IndicatorCache] 💾 swing@SOLUSDT desde IndexedDB
 [IndicatorCache] 💾 swing@ADAUSDT desde IndexedDB
 [IndicatorCache] 💾 swing@DOGEUSDT desde memoria
 [SUIUSDT] VWAP polling executed: updated=true, hasRedraw=true
 [SUIUSDT] requestRedraw: hasCandles=true (7199), hasDrawChart=true
 [SUIUSDT] VWAP requestRedraw() called
 [XRPUSDT] VWAP polling executed: updated=true, hasRedraw=true
 [XRPUSDT] requestRedraw: hasCandles=true (7199), hasDrawChart=true
 [XRPUSDT] VWAP requestRedraw() called
 [BTCUSDT] VWAP polling executed: updated=true, hasRedraw=true
 [BTCUSDT] requestRedraw: hasCandles=true (7199), hasDrawChart=true
 [BTCUSDT] VWAP requestRedraw() called
 [GALAUSDT] VWAP polling executed: updated=true, hasRedraw=true
 [GALAUSDT] requestRedraw: hasCandles=true (7199), hasDrawChart=true
 [GALAUSDT] VWAP requestRedraw() called
 [ADAUSDT] VWAP polling executed: updated=true, hasRedraw=true
 [ADAUSDT] requestRedraw: hasCandles=true (7200), hasDrawChart=true
 [ADAUSDT] VWAP requestRedraw() called
 [TRBUSDT] VWAP polling executed: updated=true, hasRedraw=true
 [TRBUSDT] requestRedraw: hasCandles=true (7200), hasDrawChart=true
 [TRBUSDT] VWAP requestRedraw() called
 [ETHUSDT] VWAP polling executed: updated=true, hasRedraw=true
 [ETHUSDT] requestRedraw: hasCandles=true (7199), hasDrawChart=true
 [ETHUSDT] VWAP requestRedraw() called
 [SOLUSDT] VWAP polling executed: updated=true, hasRedraw=true
 [SOLUSDT] requestRedraw: hasCandles=true (7199), hasDrawChart=true
 [SOLUSDT] VWAP requestRedraw() called
 [TRXUSDT] VWAP polling executed: updated=true, hasRedraw=true
 [TRXUSDT] requestRedraw: hasCandles=true (7199), hasDrawChart=true
 [TRXUSDT] VWAP requestRedraw() called
 [IndicatorCache] 💾 swing@BTCUSDT desde IndexedDB
 [IndicatorCache] 💾 swing@ETHUSDT desde IndexedDB
 [IndicatorCache] 💾 swing@XRPUSDT desde IndexedDB
 [IndicatorCache] 💾 swing@TRXUSDT desde IndexedDB
 [IndicatorCache] 💾 swing@BTCUSDT desde IndexedDB
 [CandleCache] 🔄 LRU evict: candles_SUIUSDT_1 (memoria: 3/4)
 [CandleCache] 🔄 LRU evict: candles_TRBUSDT_1 (memoria: 3/4)
 [CandleCache] 🔄 LRU evict: candles_XRPUSDT_1 (memoria: 3/4)
 [CandleCache] 🔄 LRU evict: candles_SOLUSDT_1 (memoria: 3/4)
 [CandleCache] 🔄 LRU evict: candles_DOGEUSDT_1 (memoria: 3/4)
 [CandleCache] ✅ DOGEUSDT@1 - guardado (7199 velas, memoria: 4/4)
 [CandleCache] ✅ BTCUSDT@1 - guardado (7199 velas, memoria: 4/4)
 [IndicatorCache] 🗑️ Invalidado DOGEUSDT: 1 memoria, 2 IndexedDB
 [CandleCache] ✅ ADAUSDT@1 - guardado (7200 velas, memoria: 4/4)
 [IndicatorCache] 🗑️ Invalidado BTCUSDT: 2 memoria, 2 IndexedDB
 [IndicatorCache] 🗑️ Invalidado ADAUSDT: 1 memoria, 2 IndexedDB
 [IndicatorCache] 🗑️ Invalidado ETHUSDT: 1 memoria, 2 IndexedDB
 [IndicatorCache] 🗑️ Invalidado GALAUSDT: 1 memoria, 2 IndexedDB
 [CandleCache] ✅ ETHUSDT@1 - guardado (7199 velas, memoria: 4/4)
 [CandleCache] ✅ GALAUSDT@1 - guardado (7199 velas, memoria: 4/4)
 [CandleCache] 🔄 LRU evict: candles_BTCUSDT_1 (memoria: 3/4)
 [CandleCache] 🔄 LRU evict: candles_ADAUSDT_1 (memoria: 3/4)
 [CandleCache] 🔄 LRU evict: candles_ETHUSDT_1 (memoria: 3/4)
 [CandleCache] 🔄 LRU evict: candles_GALAUSDT_1 (memoria: 3/4)
 [CandleCache] 🔄 LRU evict: candles_TRXUSDT_1 (memoria: 3/4)
 [CandleCache] ✅ TRXUSDT@1 - guardado (7199 velas, memoria: 4/4)
 [CandleCache] ✅ SUIUSDT@1 - guardado (7199 velas, memoria: 4/4)
 [IndicatorCache] 🗑️ Invalidado TRXUSDT: 2 memoria, 2 IndexedDB
 [CandleCache] ✅ TRBUSDT@1 - guardado (7200 velas, memoria: 4/4)
 [IndicatorCache] 🗑️ Invalidado SUIUSDT: 1 memoria, 2 IndexedDB
 [IndicatorCache] 🗑️ Invalidado TRBUSDT: 1 memoria, 2 IndexedDB
 [IndicatorCache] 🗑️ Invalidado XRPUSDT: 1 memoria, 2 IndexedDB
 [IndicatorCache] 🗑️ Invalidado SOLUSDT: 1 memoria, 2 IndexedDB
 [CandleCache] ✅ XRPUSDT@1 - guardado (7199 velas, memoria: 4/4)
 [CandleCache] ✅ SOLUSDT@1 - guardado (7199 velas, memoria: 4/4)
 [ETHUSDT] SwingDetector: 300 signals from BACKEND
 [XRPUSDT] SwingDetector: 300 signals from BACKEND
 [TRXUSDT] SwingDetector: 300 signals from BACKEND
 [GALAUSDT] SwingDetector: 300 signals from BACKEND
 [SUIUSDT] SwingDetector: 300 signals from BACKEND
 [TRBUSDT] SwingDetector: 300 signals from BACKEND
 [SOLUSDT] SwingDetector: 300 signals from BACKEND
 [ADAUSDT] SwingDetector: 300 signals from BACKEND
 [GALAUSDT] SwingDetector: 300 signals from BACKEND
 [SUIUSDT] SwingDetector: 300 signals from BACKEND
 [TRBUSDT] SwingDetector: 300 signals from BACKEND
 [SOLUSDT] SwingDetector: 300 signals from BACKEND
 [DOGEUSDT] SwingDetector: 300 signals from BACKEND
 [ADAUSDT] SwingDetector: 300 signals from BACKEND
 [DOGEUSDT] SwingDetector: 300 signals from BACKEND
 [BTCUSDT] SwingDetector: 300 signals from BACKEND
 [IndicatorCache] 💾 swing@ETHUSDT desde IndexedDB
 [IndicatorCache] 💾 swing@XRPUSDT desde IndexedDB
 [IndicatorCache] 💾 swing@TRXUSDT desde IndexedDB
 [IndicatorCache] 💾 swing@GALAUSDT desde IndexedDB
 [IndicatorCache] 💾 swing@SUIUSDT desde IndexedDB
 [IndicatorCache] 💾 swing@TRBUSDT desde IndexedDB
 [IndicatorCache] 💾 swing@SOLUSDT desde IndexedDB
 [IndicatorCache] 💾 swing@ADAUSDT desde IndexedDB
 [IndicatorCache] 💾 swing@DOGEUSDT desde memoria
 [DOGEUSDT] VWAP polling executed: updated=true, hasRedraw=true
 [DOGEUSDT] requestRedraw: hasCandles=true (7199), hasDrawChart=true
 [DOGEUSDT] VWAP requestRedraw() called
 [BTCUSDT] SwingDetector: 300 signals from BACKEND
 [ETHUSDT] SwingDetector: 300 signals from BACKEND
 [XRPUSDT] SwingDetector: 300 signals from BACKEND
 [TRXUSDT] SwingDetector: 300 signals from BACKEND
 [IndicatorCache] 💾 swing@BTCUSDT desde IndexedDB
 [IndicatorCache] 💾 swing@ETHUSDT desde IndexedDB
 [IndicatorCache] 💾 swing@XRPUSDT desde IndexedDB
 [IndicatorCache] 💾 swing@TRXUSDT desde IndexedDB
 [IndicatorCache] 💾 swing@GALAUSDT desde IndexedDB
 [IndicatorCache] 💾 swing@SUIUSDT desde IndexedDB
 [IndicatorCache] 💾 swing@TRBUSDT desde IndexedDB
 [IndicatorCache] 💾 swing@SOLUSDT desde IndexedDB
 [IndicatorCache] 💾 swing@ADAUSDT desde IndexedDB
 [IndicatorCache] 💾 swing@GALAUSDT desde IndexedDB
 [IndicatorCache] 💾 swing@SUIUSDT desde IndexedDB
 [IndicatorCache] 💾 swing@TRBUSDT desde IndexedDB
 [IndicatorCache] 💾 swing@SOLUSDT desde IndexedDB
 [IndicatorCache] 💾 swing@ADAUSDT desde IndexedDB
 [IndicatorCache] 💾 swing@DOGEUSDT desde IndexedDB
 [IndicatorCache] 💾 swing@DOGEUSDT desde IndexedDB
 [IndicatorCache] 💾 swing@BTCUSDT desde IndexedDB
 [IndicatorCache] 💾 swing@ETHUSDT desde IndexedDB
 [IndicatorCache] 💾 swing@XRPUSDT desde IndexedDB
 [IndicatorCache] 💾 swing@TRXUSDT desde IndexedDB
 [IndicatorCache] 💾 swing@GALAUSDT desde IndexedDB
 [IndicatorCache] 💾 swing@SUIUSDT desde IndexedDB
 [IndicatorCache] 💾 swing@TRBUSDT desde IndexedDB
 [IndicatorCache] 💾 swing@SOLUSDT desde IndexedDB
 [IndicatorCache] 💾 swing@ADAUSDT desde IndexedDB
 [IndicatorCache] 💾 swing@DOGEUSDT desde memoria
 [SUIUSDT] VWAP polling executed: updated=true, hasRedraw=true
 [SUIUSDT] requestRedraw: hasCandles=true (7199), hasDrawChart=true
 [SUIUSDT] VWAP requestRedraw() called
 [BTCUSDT] VWAP polling executed: updated=true, hasRedraw=true
 [BTCUSDT] requestRedraw: hasCandles=true (7199), hasDrawChart=true
 [BTCUSDT] VWAP requestRedraw() called
 [XRPUSDT] VWAP polling executed: updated=true, hasRedraw=true
 [XRPUSDT] requestRedraw: hasCandles=true (7199), hasDrawChart=true
 [XRPUSDT] VWAP requestRedraw() called
VWAPIndicator.js:75 [SOLUSDT] VWAP polling executed: updated=true, hasRedraw=true
MiniChart.jsx:1989 [SOLUSDT] requestRedraw: hasCandles=true (7199), hasDrawChart=true
VWAPIndicator.js:79 [SOLUSDT] VWAP requestRedraw() called
VWAPIndicator.js:75 [ADAUSDT] VWAP polling executed: updated=true, hasRedraw=true
MiniChart.jsx:1989 [ADAUSDT] requestRedraw: hasCandles=true (7200), hasDrawChart=true
VWAPIndicator.js:79 [ADAUSDT] VWAP requestRedraw() called
VWAPIndicator.js:75 [TRBUSDT] VWAP polling executed: updated=true, hasRedraw=true
MiniChart.jsx:1989 [TRBUSDT] requestRedraw: hasCandles=true (7200), hasDrawChart=true
VWAPIndicator.js:79 [TRBUSDT] VWAP requestRedraw() called
VWAPIndicator.js:75 [ETHUSDT] VWAP polling executed: updated=true, hasRedraw=true
MiniChart.jsx:1989 [ETHUSDT] requestRedraw: hasCandles=true (7199), hasDrawChart=true
VWAPIndicator.js:79 [ETHUSDT] VWAP requestRedraw() called
VWAPIndicator.js:75 [GALAUSDT] VWAP polling executed: updated=true, hasRedraw=true
MiniChart.jsx:1989 [GALAUSDT] requestRedraw: hasCandles=true (7199), hasDrawChart=true
VWAPIndicator.js:79 [GALAUSDT] VWAP requestRedraw() called
VWAPIndicator.js:75 [TRXUSDT] VWAP polling executed: updated=true, hasRedraw=true
MiniChart.jsx:1989 [TRXUSDT] requestRedraw: hasCandles=true (7199), hasDrawChart=true
VWAPIndicator.js:79 [TRXUSDT] VWAP requestRedraw() called
IndicatorCache.js:85 [IndicatorCache] 💾 swing@BTCUSDT desde IndexedDB
IndicatorCache.js:85 [IndicatorCache] 💾 swing@ETHUSDT desde IndexedDB
IndicatorCache.js:85 [IndicatorCache] 💾 swing@XRPUSDT desde IndexedDB
IndicatorCache.js:85 [IndicatorCache] 💾 swing@TRXUSDT desde IndexedDB
IndicatorCache.js:85 [IndicatorCache] 💾 swing@BTCUSDT desde IndexedDB
CandleCache.js:115 [CandleCache] 🔄 LRU evict: candles_SUIUSDT_1 (memoria: 3/4)
CandleCache.js:115 [CandleCache] 🔄 LRU evict: candles_TRBUSDT_1 (memoria: 3/4)
CandleCache.js:115 [CandleCache] 🔄 LRU evict: candles_XRPUSDT_1 (memoria: 3/4)
CandleCache.js:115 [CandleCache] 🔄 LRU evict: candles_SOLUSDT_1 (memoria: 3/4)
CandleCache.js:115 [CandleCache] 🔄 LRU evict: candles_DOGEUSDT_1 (memoria: 3/4)
CandleCache.js:168 [CandleCache] ✅ DOGEUSDT@1 - guardado (7199 velas, memoria: 4/4)
CandleCache.js:168 [CandleCache] ✅ BTCUSDT@1 - guardado (7199 velas, memoria: 4/4)
IndicatorCache.js:211 [IndicatorCache] 🗑️ Invalidado DOGEUSDT: 1 memoria, 2 IndexedDB
IndicatorCache.js:211 [IndicatorCache] 🗑️ Invalidado BTCUSDT: 2 memoria, 2 IndexedDB
IndicatorCache.js:211 [IndicatorCache] 🗑️ Invalidado ADAUSDT: 1 memoria, 2 IndexedDB
IndicatorCache.js:211 [IndicatorCache] 🗑️ Invalidado ETHUSDT: 1 memoria, 2 IndexedDB
CandleCache.js:168 [CandleCache] ✅ ADAUSDT@1 - guardado (7200 velas, memoria: 4/4)
IndicatorCache.js:211 [IndicatorCache] 🗑️ Invalidado GALAUSDT: 1 memoria, 2 IndexedDB
CandleCache.js:168 [CandleCache] ✅ ETHUSDT@1 - guardado (7199 velas, memoria: 4/4)
CandleCache.js:168 [CandleCache] ✅ GALAUSDT@1 - guardado (7199 velas, memoria: 4/4)
CandleCache.js:115 [CandleCache] 🔄 LRU evict: candles_BTCUSDT_1 (memoria: 3/4)
CandleCache.js:115 [CandleCache] 🔄 LRU evict: candles_ADAUSDT_1 (memoria: 3/4)
CandleCache.js:115 [CandleCache] 🔄 LRU evict: candles_ETHUSDT_1 (memoria: 3/4)
CandleCache.js:115 [CandleCache] 🔄 LRU evict: candles_GALAUSDT_1 (memoria: 3/4)
CandleCache.js:168 [CandleCache] ✅ TRXUSDT@1 - guardado (7199 velas, memoria: 4/4)
IndicatorCache.js:211 [IndicatorCache] 🗑️ Invalidado TRXUSDT: 2 memoria, 2 IndexedDB
CandleCache.js:168 [CandleCache] ✅ SUIUSDT@1 - guardado (7199 velas, memoria: 4/4)
IndicatorCache.js:211 [IndicatorCache] 🗑️ Invalidado SUIUSDT: 1 memoria, 2 IndexedDB
IndicatorCache.js:211 [IndicatorCache] 🗑️ Invalidado XRPUSDT: 1 memoria, 2 IndexedDB
IndicatorCache.js:211 [IndicatorCache] 🗑️ Invalidado SOLUSDT: 1 memoria, 2 IndexedDB
CandleCache.js:168 [CandleCache] ✅ XRPUSDT@1 - guardado (7199 velas, memoria: 4/4)
CandleCache.js:168 [CandleCache] ✅ SOLUSDT@1 - guardado (7199 velas, memoria: 4/4)
CandleCache.js:115 [CandleCache] 🔄 LRU evict: candles_TRXUSDT_1 (memoria: 3/4)
CandleCache.js:168 [CandleCache] ✅ TRBUSDT@1 - guardado (7200 velas, memoria: 4/4)
IndicatorCache.js:211 [IndicatorCache] 🗑️ Invalidado TRBUSDT: 1 memoria, 2 IndexedDB
SwingDetectorIndicator.js:160 [ETHUSDT] SwingDetector: 300 signals from BACKEND
SwingDetectorIndicator.js:160 [XRPUSDT] SwingDetector: 300 signals from BACKEND
SwingDetectorIndicator.js:160 [TRXUSDT] SwingDetector: 300 signals from BACKEND
SwingDetectorIndicator.js:160 [GALAUSDT] SwingDetector: 300 signals from BACKEND
SwingDetectorIndicator.js:160 [SUIUSDT] SwingDetector: 300 signals from BACKEND
SwingDetectorIndicator.js:160 [TRBUSDT] SwingDetector: 300 signals from BACKEND
SwingDetectorIndicator.js:160 [SOLUSDT] SwingDetector: 300 signals from BACKEND
SwingDetectorIndicator.js:160 [ADAUSDT] SwingDetector: 300 signals from BACKEND
SwingDetectorIndicator.js:160 [GALAUSDT] SwingDetector: 300 signals from BACKEND
SwingDetectorIndicator.js:160 [SUIUSDT] SwingDetector: 300 signals from BACKEND
SwingDetectorIndicator.js:160 [TRBUSDT] SwingDetector: 300 signals from BACKEND
SwingDetectorIndicator.js:160 [SOLUSDT] SwingDetector: 300 signals from BACKEND
SwingDetectorIndicator.js:160 [ADAUSDT] SwingDetector: 300 signals from BACKEND
SwingDetectorIndicator.js:160 [DOGEUSDT] SwingDetector: 300 signals from BACKEND
SwingDetectorIndicator.js:160 [DOGEUSDT] SwingDetector: 300 signals from BACKEND
SwingDetectorIndicator.js:160 [BTCUSDT] SwingDetector: 300 signals from BACKEND
IndicatorCache.js:85 [IndicatorCache] 💾 swing@ETHUSDT desde IndexedDB
IndicatorCache.js:85 [IndicatorCache] 💾 swing@XRPUSDT desde IndexedDB
IndicatorCache.js:85 [IndicatorCache] 💾 swing@TRXUSDT desde IndexedDB
IndicatorCache.js:85 [IndicatorCache] 💾 swing@GALAUSDT desde IndexedDB
IndicatorCache.js:85 [IndicatorCache] 💾 swing@SUIUSDT desde IndexedDB
IndicatorCache.js:85 [IndicatorCache] 💾 swing@TRBUSDT desde IndexedDB
IndicatorCache.js:85 [IndicatorCache] 💾 swing@SOLUSDT desde IndexedDB
IndicatorCache.js:85 [IndicatorCache] 💾 swing@ADAUSDT desde IndexedDB
IndicatorCache.js:71 [IndicatorCache] 💾 swing@DOGEUSDT desde memoria
