   Total: 728 footprints
   Rango completo: 31/1/2026, 8:25:00 a.m. -> 31/1/2026, 8:33:00 p.m.
   Grupos contiguos: 2
     Grupo 1: 31/1/2026, 8:25:00 a.m. -> 31/1/2026, 8:22:00 p.m. (718 fps, 717 min)
     >>> GAP: 2 minutos <<<
     Grupo 2: 31/1/2026, 8:24:00 p.m. -> 31/1/2026, 8:33:00 p.m. (10 fps, 9 min)
 [OrderFlow] [ETHUSDT] fetchFootprints: 728 -> 728 footprints
 [ETHUSDT] 🔄 requestRedraw called (candles: 1500)
 [ETHUSDT] 🔄 Redraw executing drawChart...
 [PollingCoordinator] Completed: OrderFlow_ETHUSDT
 [CandleCache] ✅ ETHUSDT@1 - guardado (1501 velas, memoria: 1/4)
 [ETHUSDT] SwingDetector: 254/254 signals for interval 1 (cached)
 [PollingCoordinator] Executing: OrderFlow_ETHUSDT
 [OrderFlow] [ETHUSDT] fetchFootprints: requesting hours=24, interval=1
 ✅ [8:35:02 p. m.] [VWAP] [ETHUSDT] VWAP updated (polling): 1448 points
 [ETHUSDT] 🔄 requestRedraw called (candles: 1501)
 [ETHUSDT] 🔄 Redraw executing drawChart...
 [OrderFlow] [ETHUSDT] FOOTPRINT RANGES:
   Total: 729 footprints
   Rango completo: 31/1/2026, 8:25:00 a.m. -> 31/1/2026, 8:34:00 p.m.
   Grupos contiguos: 2
     Grupo 1: 31/1/2026, 8:25:00 a.m. -> 31/1/2026, 8:22:00 p.m. (718 fps, 717 min)
     >>> GAP: 2 minutos <<<
     Grupo 2: 31/1/2026, 8:24:00 p.m. -> 31/1/2026, 8:34:00 p.m. (11 fps, 10 min)
 [OrderFlow] [ETHUSDT] fetchFootprints: 728 -> 729 footprints
 [ETHUSDT] 🔄 requestRedraw called (candles: 1501)
 [ETHUSDT] 🔄 Redraw executing drawChart...
 [MiniChart] OrderFlow conditions: Object
 [PollingCoordinator] Completed: OrderFlow_ETHUSDT
 [PollingCoordinator] Executing: OrderFlow_ETHUSDT
 [OrderFlow] [ETHUSDT] fetchFootprints: requesting hours=24, interval=1
 [OrderFlow] [ETHUSDT] FOOTPRINT RANGES:
   Total: 729 footprints
   Rango completo: 31/1/2026, 8:25:00 a.m. -> 31/1/2026, 8:34:00 p.m.
   Grupos contiguos: 2
     Grupo 1: 31/1/2026, 8:25:00 a.m. -> 31/1/2026, 8:22:00 p.m. (718 fps, 717 min)
     >>> GAP: 2 minutos <<<
     Grupo 2: 31/1/2026, 8:24:00 p.m. -> 31/1/2026, 8:34:00 p.m. (11 fps, 10 min)
 [OrderFlow] [ETHUSDT] fetchFootprints: 729 -> 729 footprints
 [ETHUSDT] 🔄 requestRedraw called (candles: 1501)
 [ETHUSDT] 🔄 Redraw executing drawChart...
 [PollingCoordinator] Completed: OrderFlow_ETHUSDT
 ✅ [8:35:10 p. m.] [Manager] [ETHUSDT] renderOverlays: VWAP found, enabled=true, dataMap.size=1448
 [PollingCoordinator] Executing: OrderFlow_ETHUSDT
 [OrderFlow] [ETHUSDT] fetchFootprints: requesting hours=24, interval=1
 [OrderFlow] [ETHUSDT] FOOTPRINT RANGES:
   Total: 729 footprints
   Rango completo: 31/1/2026, 8:25:00 a.m. -> 31/1/2026, 8:34:00 p.m.
   Grupos contiguos: 2
     Grupo 1: 31/1/2026, 8:25:00 a.m. -> 31/1/2026, 8:22:00 p.m. (718 fps, 717 min)
     >>> GAP: 2 minutos <<<
     Grupo 2: 31/1/2026, 8:24:00 p.m. -> 31/1/2026, 8:34:00 p.m. (11 fps, 10 min)
 [OrderFlow] [ETHUSDT] fetchFootprints: 729 -> 729 footprints
 [ETHUSDT] 🔄 requestRedraw called (candles: 1501)
 [ETHUSDT] 🔄 Redraw executing drawChart...
 [PollingCoordinator] Completed: OrderFlow_ETHUSDT
 [PollingCoordinator] Executing: SymbolList_PriceChanges
 [PollingCoordinator] Completed: SymbolList_PriceChanges
 [PollingCoordinator] Executing: SwingDetector_Status_ETHUSDT
 [PollingCoordinator] Completed: SwingDetector_Status_ETHUSDT
 [PollingCoordinator] Executing: SwingDetector_Signals_ETHUSDT
 [IndicatorCache] 💾 swing@ETHUSDT desde memoria
 [ETHUSDT] 🔄 requestRedraw called (candles: 1501)
 [ETHUSDT] 🔄 Redraw executing drawChart...
 [PollingCoordinator] Completed: SwingDetector_Signals_ETHUSDT
 [PollingCoordinator] Executing: OrderFlow_ETHUSDT
 [OrderFlow] [ETHUSDT] fetchFootprints: requesting hours=24, interval=1
 [OrderFlow] [ETHUSDT] FOOTPRINT RANGES:
   Total: 729 footprints
   Rango completo: 31/1/2026, 8:25:00 a.m. -> 31/1/2026, 8:34:00 p.m.
   Grupos contiguos: 2
     Grupo 1: 31/1/2026, 8:25:00 a.m. -> 31/1/2026, 8:22:00 p.m. (718 fps, 717 min)
     >>> GAP: 2 minutos <<<
     Grupo 2: 31/1/2026, 8:24:00 p.m. -> 31/1/2026, 8:34:00 p.m. (11 fps, 10 min)
 [OrderFlow] [ETHUSDT] fetchFootprints: 729 -> 729 footprints
 [ETHUSDT] 🔄 requestRedraw called (candles: 1501)
 [ETHUSDT] 🔄 Redraw executing drawChart...
 [PollingCoordinator] Completed: OrderFlow_ETHUSDT
 [PollingCoordinator] Executing: OrderFlow_ETHUSDT
 [OrderFlow] [ETHUSDT] fetchFootprints: requesting hours=24, interval=1
 [OrderFlow] [ETHUSDT] FOOTPRINT RANGES:
   Total: 729 footprints
   Rango completo: 31/1/2026, 8:25:00 a.m. -> 31/1/2026, 8:34:00 p.m.
   Grupos contiguos: 2
     Grupo 1: 31/1/2026, 8:25:00 a.m. -> 31/1/2026, 8:22:00 p.m. (718 fps, 717 min)
     >>> GAP: 2 minutos <<<
     Grupo 2: 31/1/2026, 8:24:00 p.m. -> 31/1/2026, 8:34:00 p.m. (11 fps, 10 min)
 [OrderFlow] [ETHUSDT] fetchFootprints: 729 -> 729 footprints
 [ETHUSDT] 🔄 requestRedraw called (candles: 1501)
 [ETHUSDT] 🔄 Redraw executing drawChart...
 [PollingCoordinator] Completed: OrderFlow_ETHUSDT
 [PollingCoordinator] Executing: OrderFlow_ETHUSDT
 [OrderFlow] [ETHUSDT] fetchFootprints: requesting hours=24, interval=1
 [OrderFlow] [ETHUSDT] FOOTPRINT RANGES:
   Total: 729 footprints
   Rango completo: 31/1/2026, 8:25:00 a.m. -> 31/1/2026, 8:34:00 p.m.
   Grupos contiguos: 2
     Grupo 1: 31/1/2026, 8:25:00 a.m. -> 31/1/2026, 8:22:00 p.m. (718 fps, 717 min)
     >>> GAP: 2 minutos <<<
     Grupo 2: 31/1/2026, 8:24:00 p.m. -> 31/1/2026, 8:34:00 p.m. (11 fps, 10 min)
 [OrderFlow] [ETHUSDT] fetchFootprints: 729 -> 729 footprints
 [ETHUSDT] 🔄 requestRedraw called (candles: 1501)
 [ETHUSDT] 🔄 Redraw executing drawChart...
 [PollingCoordinator] Completed: OrderFlow_ETHUSDT
 [PollingCoordinator] Executing: VWAP_ETHUSDT
 ✅ [8:35:30 p. m.] [VWAP] [ETHUSDT] VWAP updated (polling): 1448 points
 [ETHUSDT] 🔄 requestRedraw called (candles: 1501)
 [ETHUSDT] 🔄 Redraw executing drawChart...
 ✅ [8:35:30 p. m.] [VWAP] [ETHUSDT] VWAP requestRedraw() called after polling
 [PollingCoordinator] Completed: VWAP_ETHUSDT
 [PollingCoordinator] Executing: OrderFlow_ETHUSDT
 [OrderFlow] [ETHUSDT] fetchFootprints: requesting hours=24, interval=1
 [OrderFlow] [ETHUSDT] FOOTPRINT RANGES:
   Total: 729 footprints
   Rango completo: 31/1/2026, 8:25:00 a.m. -> 31/1/2026, 8:34:00 p.m.
   Grupos contiguos: 2
     Grupo 1: 31/1/2026, 8:25:00 a.m. -> 31/1/2026, 8:22:00 p.m. (718 fps, 717 min)
     >>> GAP: 2 minutos <<<
     Grupo 2: 31/1/2026, 8:24:00 p.m. -> 31/1/2026, 8:34:00 p.m. (11 fps, 10 min)
 [OrderFlow] [ETHUSDT] fetchFootprints: 729 -> 729 footprints
 [ETHUSDT] 🔄 requestRedraw called (candles: 1501)
 [ETHUSDT] 🔄 Redraw executing drawChart...
 [PollingCoordinator] Completed: OrderFlow_ETHUSDT
 [PollingCoordinator] Executing: OrderFlow_ETHUSDT
 [OrderFlow] [ETHUSDT] fetchFootprints: requesting hours=24, interval=1
 [OrderFlow] [ETHUSDT] FOOTPRINT RANGES:
   Total: 729 footprints
   Rango completo: 31/1/2026, 8:25:00 a.m. -> 31/1/2026, 8:34:00 p.m.
   Grupos contiguos: 2
     Grupo 1: 31/1/2026, 8:25:00 a.m. -> 31/1/2026, 8:22:00 p.m. (718 fps, 717 min)
     >>> GAP: 2 minutos <<<
     Grupo 2: 31/1/2026, 8:24:00 p.m. -> 31/1/2026, 8:34:00 p.m. (11 fps, 10 min)
 [OrderFlow] [ETHUSDT] fetchFootprints: 729 -> 729 footprints
 [ETHUSDT] 🔄 requestRedraw called (candles: 1501)
 [ETHUSDT] 🔄 Redraw executing drawChart...
 [PollingCoordinator] Completed: OrderFlow_ETHUSDT
 [PollingCoordinator] Executing: OrderFlow_ETHUSDT
 [OrderFlow] [ETHUSDT] fetchFootprints: requesting hours=24, interval=1
 [OrderFlow] [ETHUSDT] FOOTPRINT RANGES:
   Total: 729 footprints
   Rango completo: 31/1/2026, 8:25:00 a.m. -> 31/1/2026, 8:34:00 p.m.
   Grupos contiguos: 2
     Grupo 1: 31/1/2026, 8:25:00 a.m. -> 31/1/2026, 8:22:00 p.m. (718 fps, 717 min)
     >>> GAP: 2 minutos <<<
     Grupo 2: 31/1/2026, 8:24:00 p.m. -> 31/1/2026, 8:34:00 p.m. (11 fps, 10 min)
 [OrderFlow] [ETHUSDT] fetchFootprints: 729 -> 729 footprints
 [ETHUSDT] 🔄 requestRedraw called (candles: 1501)
 [ETHUSDT] 🔄 Redraw executing drawChart...
 [PollingCoordinator] Completed: OrderFlow_ETHUSDT
 [PollingCoordinator] Executing: SwingDetector_Signals_ETHUSDT
 [IndicatorCache] 💾 swing@ETHUSDT desde memoria
 [ETHUSDT] 🔄 requestRedraw called (candles: 1501)
 [ETHUSDT] 🔄 Redraw executing drawChart...
 [PollingCoordinator] Completed: SwingDetector_Signals_ETHUSDT
 [PollingCoordinator] Executing: OrderFlow_ETHUSDT
 [OrderFlow] [ETHUSDT] fetchFootprints: requesting hours=24, interval=1
 [OrderFlow] [ETHUSDT] FOOTPRINT RANGES:
   Total: 729 footprints
   Rango completo: 31/1/2026, 8:25:00 a.m. -> 31/1/2026, 8:34:00 p.m.
   Grupos contiguos: 2
     Grupo 1: 31/1/2026, 8:25:00 a.m. -> 31/1/2026, 8:22:00 p.m. (718 fps, 717 min)
     >>> GAP: 2 minutos <<<
     Grupo 2: 31/1/2026, 8:24:00 p.m. -> 31/1/2026, 8:34:00 p.m. (11 fps, 10 min)
 [OrderFlow] [ETHUSDT] fetchFootprints: 729 -> 729 footprints
 [ETHUSDT] 🔄 requestRedraw called (candles: 1501)
 [ETHUSDT] 🔄 Redraw executing drawChart...
 [PollingCoordinator] Completed: OrderFlow_ETHUSDT
 [PollingCoordinator] Executing: OrderFlow_ETHUSDT
 [OrderFlow] [ETHUSDT] fetchFootprints: requesting hours=24, interval=1
 [OrderFlow] [ETHUSDT] FOOTPRINT RANGES:
   Total: 729 footprints
   Rango completo: 31/1/2026, 8:25:00 a.m. -> 31/1/2026, 8:34:00 p.m.
   Grupos contiguos: 2
     Grupo 1: 31/1/2026, 8:25:00 a.m. -> 31/1/2026, 8:22:00 p.m. (718 fps, 717 min)
     >>> GAP: 2 minutos <<<
     Grupo 2: 31/1/2026, 8:24:00 p.m. -> 31/1/2026, 8:34:00 p.m. (11 fps, 10 min)
 [OrderFlow] [ETHUSDT] fetchFootprints: 729 -> 729 footprints
 [ETHUSDT] 🔄 requestRedraw called (candles: 1501)
 [ETHUSDT] 🔄 Redraw executing drawChart...
 [PollingCoordinator] Completed: OrderFlow_ETHUSDT
 ✅ [8:35:57 p. m.] [Manager] [ETHUSDT] renderOverlays: VWAP found, enabled=true, dataMap.size=1448
 [CandleCache] ✅ ETHUSDT@1 - guardado (1502 velas, memoria: 1/4)
 [ETHUSDT] SwingDetector: 254/254 signals for interval 1 (cached)
 [PollingCoordinator] Executing: OrderFlow_ETHUSDT
 [OrderFlow] [ETHUSDT] fetchFootprints: requesting hours=24, interval=1
 [OrderFlow] [ETHUSDT] FOOTPRINT RANGES:
   Total: 730 footprints
   Rango completo: 31/1/2026, 8:25:00 a.m. -> 31/1/2026, 8:35:00 p.m.
   Grupos contiguos: 2
     Grupo 1: 31/1/2026, 8:25:00 a.m. -> 31/1/2026, 8:22:00 p.m. (718 fps, 717 min)
     >>> GAP: 2 minutos <<<
     Grupo 2: 31/1/2026, 8:24:00 p.m. -> 31/1/2026, 8:35:00 p.m. (12 fps, 11 min)
 [OrderFlow] [ETHUSDT] fetchFootprints: 729 -> 730 footprints
 [ETHUSDT] 🔄 requestRedraw called (candles: 1502)
 [ETHUSDT] 🔄 Redraw executing drawChart...
 [MiniChart] OrderFlow conditions: Object
 [PollingCoordinator] Completed: OrderFlow_ETHUSDT
 ✅ [8:36:01 p. m.] [VWAP] [ETHUSDT] VWAP updated (polling): 1449 points
 [ETHUSDT] 🔄 requestRedraw called (candles: 1502)
 [ETHUSDT] 🔄 Redraw executing drawChart...
 [PollingCoordinator] Executing: OrderFlow_ETHUSDT
 [OrderFlow] [ETHUSDT] fetchFootprints: requesting hours=24, interval=1
 [OrderFlow] [ETHUSDT] FOOTPRINT RANGES:
   Total: 730 footprints
   Rango completo: 31/1/2026, 8:25:00 a.m. -> 31/1/2026, 8:35:00 p.m.
   Grupos contiguos: 2
     Grupo 1: 31/1/2026, 8:25:00 a.m. -> 31/1/2026, 8:22:00 p.m. (718 fps, 717 min)
     >>> GAP: 2 minutos <<<
     Grupo 2: 31/1/2026, 8:24:00 p.m. -> 31/1/2026, 8:35:00 p.m. (12 fps, 11 min)
 [OrderFlow] [ETHUSDT] fetchFootprints: 730 -> 730 footprints
 [ETHUSDT] 🔄 requestRedraw called (candles: 1502)
 [ETHUSDT] 🔄 Redraw executing drawChart...
 [PollingCoordinator] Completed: OrderFlow_ETHUSDT
 [PollingCoordinator] Executing: OrderFlow_ETHUSDT
 [OrderFlow] [ETHUSDT] fetchFootprints: requesting hours=24, interval=1
 [OrderFlow] [ETHUSDT] FOOTPRINT RANGES:
   Total: 730 footprints
   Rango completo: 31/1/2026, 8:25:00 a.m. -> 31/1/2026, 8:35:00 p.m.
   Grupos contiguos: 2
     Grupo 1: 31/1/2026, 8:25:00 a.m. -> 31/1/2026, 8:22:00 p.m. (718 fps, 717 min)
     >>> GAP: 2 minutos <<<
     Grupo 2: 31/1/2026, 8:24:00 p.m. -> 31/1/2026, 8:35:00 p.m. (12 fps, 11 min)
 [OrderFlow] [ETHUSDT] fetchFootprints: 730 -> 730 footprints
 [ETHUSDT] 🔄 requestRedraw called (candles: 1502)
 [ETHUSDT] 🔄 Redraw executing drawChart...
 [PollingCoordinator] Completed: OrderFlow_ETHUSDT
 [PollingCoordinator] Executing: OrderFlow_ETHUSDT
 [OrderFlow] [ETHUSDT] fetchFootprints: requesting hours=24, interval=1
 [OrderFlow] [ETHUSDT] FOOTPRINT RANGES:
   Total: 730 footprints
   Rango completo: 31/1/2026, 8:25:00 a.m. -> 31/1/2026, 8:35:00 p.m.
   Grupos contiguos: 2
     Grupo 1: 31/1/2026, 8:25:00 a.m. -> 31/1/2026, 8:22:00 p.m. (718 fps, 717 min)
     >>> GAP: 2 minutos <<<
     Grupo 2: 31/1/2026, 8:24:00 p.m. -> 31/1/2026, 8:35:00 p.m. (12 fps, 11 min)
 [OrderFlow] [ETHUSDT] fetchFootprints: 730 -> 730 footprints
 [ETHUSDT] 🔄 requestRedraw called (candles: 1502)
 [ETHUSDT] 🔄 Redraw executing drawChart...
 [PollingCoordinator] Completed: OrderFlow_ETHUSDT
 [PollingCoordinator] Executing: SymbolList_PriceChanges
 [PollingCoordinator] Executing: SwingDetector_Status_ETHUSDT
 [PollingCoordinator] Completed: SwingDetector_Status_ETHUSDT
 [PollingCoordinator] Executing: SwingDetector_Signals_ETHUSDT
 [IndicatorCache] 💾 swing@ETHUSDT desde memoria
 [ETHUSDT] 🔄 requestRedraw called (candles: 1502)
 [ETHUSDT] 🔄 Redraw executing drawChart...
 [PollingCoordinator] Completed: SwingDetector_Signals_ETHUSDT
 [PollingCoordinator] Completed: SymbolList_PriceChanges
 [PollingCoordinator] Executing: OrderFlow_ETHUSDT
 [OrderFlow] [ETHUSDT] fetchFootprints: requesting hours=24, interval=1
 [OrderFlow] [ETHUSDT] FOOTPRINT RANGES:
   Total: 730 footprints
   Rango completo: 31/1/2026, 8:25:00 a.m. -> 31/1/2026, 8:35:00 p.m.
   Grupos contiguos: 2
     Grupo 1: 31/1/2026, 8:25:00 a.m. -> 31/1/2026, 8:22:00 p.m. (718 fps, 717 min)
     >>> GAP: 2 minutos <<<
     Grupo 2: 31/1/2026, 8:24:00 p.m. -> 31/1/2026, 8:35:00 p.m. (12 fps, 11 min)
 [OrderFlow] [ETHUSDT] fetchFootprints: 730 -> 730 footprints
 [ETHUSDT] 🔄 requestRedraw called (candles: 1502)
 [ETHUSDT] 🔄 Redraw executing drawChart...
 [PollingCoordinator] Completed: OrderFlow_ETHUSDT
 [PollingCoordinator] Executing: OrderFlow_ETHUSDT
 [OrderFlow] [ETHUSDT] fetchFootprints: requesting hours=24, interval=1
 [OrderFlow] [ETHUSDT] FOOTPRINT RANGES:
   Total: 730 footprints
   Rango completo: 31/1/2026, 8:25:00 a.m. -> 31/1/2026, 8:35:00 p.m.
   Grupos contiguos: 2
     Grupo 1: 31/1/2026, 8:25:00 a.m. -> 31/1/2026, 8:22:00 p.m. (718 fps, 717 min)
     >>> GAP: 2 minutos <<<
     Grupo 2: 31/1/2026, 8:24:00 p.m. -> 31/1/2026, 8:35:00 p.m. (12 fps, 11 min)
 [OrderFlow] [ETHUSDT] fetchFootprints: 730 -> 730 footprints
 [ETHUSDT] 🔄 requestRedraw called (candles: 1502)
 [ETHUSDT] 🔄 Redraw executing drawChart...
 [PollingCoordinator] Completed: OrderFlow_ETHUSDT
 [PollingCoordinator] Executing: OrderFlow_ETHUSDT
 [OrderFlow] [ETHUSDT] fetchFootprints: requesting hours=24, interval=1
 [OrderFlow] [ETHUSDT] FOOTPRINT RANGES:
   Total: 730 footprints
   Rango completo: 31/1/2026, 8:25:00 a.m. -> 31/1/2026, 8:35:00 p.m.
   Grupos contiguos: 2
     Grupo 1: 31/1/2026, 8:25:00 a.m. -> 31/1/2026, 8:22:00 p.m. (718 fps, 717 min)
     >>> GAP: 2 minutos <<<
     Grupo 2: 31/1/2026, 8:24:00 p.m. -> 31/1/2026, 8:35:00 p.m. (12 fps, 11 min)
 [OrderFlow] [ETHUSDT] fetchFootprints: 730 -> 730 footprints
 [ETHUSDT] 🔄 requestRedraw called (candles: 1502)
 [ETHUSDT] 🔄 Redraw executing drawChart...
 [PollingCoordinator] Completed: OrderFlow_ETHUSDT
 [PollingCoordinator] Executing: VWAP_ETHUSDT
 ✅ [8:36:32 p. m.] [VWAP] [ETHUSDT] VWAP updated (polling): 1449 points
 [ETHUSDT] 🔄 requestRedraw called (candles: 1502)
 [ETHUSDT] 🔄 Redraw executing drawChart...
 ✅ [8:36:32 p. m.] [VWAP] [ETHUSDT] VWAP requestRedraw() called after polling
 [PollingCoordinator] Completed: VWAP_ETHUSDT
 [PollingCoordinator] Executing: OrderFlow_ETHUSDT
 [OrderFlow] [ETHUSDT] fetchFootprints: requesting hours=24, interval=1
 [OrderFlow] [ETHUSDT] FOOTPRINT RANGES:
   Total: 730 footprints
   Rango completo: 31/1/2026, 8:25:00 a.m. -> 31/1/2026, 8:35:00 p.m.
   Grupos contiguos: 2
     Grupo 1: 31/1/2026, 8:25:00 a.m. -> 31/1/2026, 8:22:00 p.m. (718 fps, 717 min)
     >>> GAP: 2 minutos <<<
     Grupo 2: 31/1/2026, 8:24:00 p.m. -> 31/1/2026, 8:35:00 p.m. (12 fps, 11 min)
 [OrderFlow] [ETHUSDT] fetchFootprints: 730 -> 730 footprints
 [ETHUSDT] 🔄 requestRedraw called (candles: 1502)
 [ETHUSDT] 🔄 Redraw executing drawChart...
 [PollingCoordinator] Completed: OrderFlow_ETHUSDT
 [PollingCoordinator] Executing: OrderFlow_ETHUSDT
 [OrderFlow] [ETHUSDT] fetchFootprints: requesting hours=24, interval=1
 [OrderFlow] [ETHUSDT] FOOTPRINT RANGES:
   Total: 730 footprints
   Rango completo: 31/1/2026, 8:25:00 a.m. -> 31/1/2026, 8:35:00 p.m.
   Grupos contiguos: 2
     Grupo 1: 31/1/2026, 8:25:00 a.m. -> 31/1/2026, 8:22:00 p.m. (718 fps, 717 min)
     >>> GAP: 2 minutos <<<
     Grupo 2: 31/1/2026, 8:24:00 p.m. -> 31/1/2026, 8:35:00 p.m. (12 fps, 11 min)
 [OrderFlow] [ETHUSDT] fetchFootprints: 730 -> 730 footprints
 [ETHUSDT] 🔄 requestRedraw called (candles: 1502)
 [ETHUSDT] 🔄 Redraw executing drawChart...
 [PollingCoordinator] Completed: OrderFlow_ETHUSDT
 ✅ [8:36:45 p. m.] [Manager] [ETHUSDT] renderOverlays: VWAP found, enabled=true, dataMap.size=1449
 [PollingCoordinator] Executing: OrderFlow_ETHUSDT
 [OrderFlow] [ETHUSDT] fetchFootprints: requesting hours=24, interval=1
 [OrderFlow] [ETHUSDT] FOOTPRINT RANGES:
   Total: 730 footprints
   Rango completo: 31/1/2026, 8:25:00 a.m. -> 31/1/2026, 8:35:00 p.m.
   Grupos contiguos: 2
     Grupo 1: 31/1/2026, 8:25:00 a.m. -> 31/1/2026, 8:22:00 p.m. (718 fps, 717 min)
     >>> GAP: 2 minutos <<<
     Grupo 2: 31/1/2026, 8:24:00 p.m. -> 31/1/2026, 8:35:00 p.m. (12 fps, 11 min)
 [OrderFlow] [ETHUSDT] fetchFootprints: 730 -> 730 footprints
 [ETHUSDT] 🔄 requestRedraw called (candles: 1502)
 [ETHUSDT] 🔄 Redraw executing drawChart...
 [PollingCoordinator] Completed: OrderFlow_ETHUSDT
 [PollingCoordinator] Executing: SwingDetector_Signals_ETHUSDT
 [IndicatorCache] 💾 swing@ETHUSDT desde memoria
 [ETHUSDT] 🔄 requestRedraw called (candles: 1502)
 [ETHUSDT] 🔄 Redraw executing drawChart...
 [PollingCoordinator] Completed: SwingDetector_Signals_ETHUSDT
 [PollingCoordinator] Executing: OrderFlow_ETHUSDT
 [OrderFlow] [ETHUSDT] fetchFootprints: requesting hours=24, interval=1
 [OrderFlow] [ETHUSDT] FOOTPRINT RANGES:
   Total: 730 footprints
   Rango completo: 31/1/2026, 8:25:00 a.m. -> 31/1/2026, 8:35:00 p.m.
   Grupos contiguos: 2
     Grupo 1: 31/1/2026, 8:25:00 a.m. -> 31/1/2026, 8:22:00 p.m. (718 fps, 717 min)
     >>> GAP: 2 minutos <<<
     Grupo 2: 31/1/2026, 8:24:00 p.m. -> 31/1/2026, 8:35:00 p.m. (12 fps, 11 min)
 [OrderFlow] [ETHUSDT] fetchFootprints: 730 -> 730 footprints
 [ETHUSDT] 🔄 requestRedraw called (candles: 1502)
 [ETHUSDT] 🔄 Redraw executing drawChart...
 [PollingCoordinator] Completed: OrderFlow_ETHUSDT
 [PollingCoordinator] Executing: OrderFlow_ETHUSDT
 [OrderFlow] [ETHUSDT] fetchFootprints: requesting hours=24, interval=1
 [OrderFlow] [ETHUSDT] FOOTPRINT RANGES:
   Total: 730 footprints
   Rango completo: 31/1/2026, 8:25:00 a.m. -> 31/1/2026, 8:35:00 p.m.
   Grupos contiguos: 2
     Grupo 1: 31/1/2026, 8:25:00 a.m. -> 31/1/2026, 8:22:00 p.m. (718 fps, 717 min)
     >>> GAP: 2 minutos <<<
     Grupo 2: 31/1/2026, 8:24:00 p.m. -> 31/1/2026, 8:35:00 p.m. (12 fps, 11 min)
 [OrderFlow] [ETHUSDT] fetchFootprints: 730 -> 730 footprints
 [ETHUSDT] 🔄 requestRedraw called (candles: 1502)
 [ETHUSDT] 🔄 Redraw executing drawChart...
 [PollingCoordinator] Completed: OrderFlow_ETHUSDT
 [CandleCache] ✅ ETHUSDT@1 - guardado (1503 velas, memoria: 1/4)
 [ETHUSDT] SwingDetector: 254/254 signals for interval 1 (cached)
 ✅ [8:37:01 p. m.] [VWAP] [ETHUSDT] VWAP updated (polling): 1450 points
 [ETHUSDT] 🔄 requestRedraw called (candles: 1503)
 [ETHUSDT] 🔄 Redraw executing drawChart...
 [PollingCoordinator] Executing: OrderFlow_ETHUSDT
 [OrderFlow] [ETHUSDT] fetchFootprints: requesting hours=24, interval=1
 [OrderFlow] [ETHUSDT] FOOTPRINT RANGES:
   Total: 731 footprints
   Rango completo: 31/1/2026, 8:25:00 a.m. -> 31/1/2026, 8:36:00 p.m.
   Grupos contiguos: 2
     Grupo 1: 31/1/2026, 8:25:00 a.m. -> 31/1/2026, 8:22:00 p.m. (718 fps, 717 min)
     >>> GAP: 2 minutos <<<
     Grupo 2: 31/1/2026, 8:24:00 p.m. -> 31/1/2026, 8:36:00 p.m. (13 fps, 12 min)
 [OrderFlow] [ETHUSDT] fetchFootprints: 730 -> 731 footprints
 [ETHUSDT] 🔄 requestRedraw called (candles: 1503)
 [ETHUSDT] 🔄 Redraw executing drawChart...
 [MiniChart] OrderFlow conditions: Object
 [PollingCoordinator] Completed: OrderFlow_ETHUSDT
 [CandleCache] 💾 ETHUSDT@1 - desde memoria (1503 velas)
 [CandleCache] OK VALIDATION ETHUSDT@1: 1503 velas sin gaps
 [CandleCache] ETHUSDT@1 - Cache valido: 1503 velas, sin gaps significativos
 [ETHUSDT] Carga INCREMENTAL: desde 31/1/2026, 8:36:00 p.m. (1503 velas en cache)
 [CandleCache] OK CACHE-ANTES-MERGE ETHUSDT: 1503 velas sin gaps
 [CandleCache] 🔄 Merge: 1503 cached + 1 new = 1503 total
 [ETHUSDT] Incremental: +1 velas nuevas = 1503 total
 [CandleCache] OK MERGED ETHUSDT: 1503 velas sin gaps
 [ETHUSDT] ✅ Histórico final: 1503 velas
 [OrderFlow] [ETHUSDT] fetchFootprints: requesting hours=24, interval=1
 [CandleCache] ✅ ETHUSDT@1 - guardado (1503 velas, memoria: 1/4)
 [OrderFlow] [ETHUSDT] FOOTPRINT RANGES:
   Total: 731 footprints
   Rango completo: 31/1/2026, 8:25:00 a.m. -> 31/1/2026, 8:36:00 p.m.
   Grupos contiguos: 2
     Grupo 1: 31/1/2026, 8:25:00 a.m. -> 31/1/2026, 8:22:00 p.m. (718 fps, 717 min)
     >>> GAP: 2 minutos <<<
     Grupo 2: 31/1/2026, 8:24:00 p.m. -> 31/1/2026, 8:36:00 p.m. (13 fps, 12 min)
 [OrderFlow] [ETHUSDT] fetchFootprints: 731 -> 731 footprints
 [PollingCoordinator] Executing: OrderFlow_ETHUSDT
 [OrderFlow] [ETHUSDT] fetchFootprints: requesting hours=24, interval=1
 [OrderFlow] [ETHUSDT] FOOTPRINT RANGES:
   Total: 731 footprints
   Rango completo: 31/1/2026, 8:25:00 a.m. -> 31/1/2026, 8:36:00 p.m.
   Grupos contiguos: 2
     Grupo 1: 31/1/2026, 8:25:00 a.m. -> 31/1/2026, 8:22:00 p.m. (718 fps, 717 min)
     >>> GAP: 2 minutos <<<
     Grupo 2: 31/1/2026, 8:24:00 p.m. -> 31/1/2026, 8:36:00 p.m. (13 fps, 12 min)
 [OrderFlow] [ETHUSDT] fetchFootprints: 731 -> 731 footprints
 [ETHUSDT] 🔄 requestRedraw called (candles: 1503)
 [ETHUSDT] 🔄 Redraw executing drawChart...
 [PollingCoordinator] Completed: OrderFlow_ETHUSDT
 [ETHUSDT] SwingDetector initialized with 1 days
 [IndicatorCache] 💾 swing@ETHUSDT desde memoria
 [ETHUSDT] 🔄 requestRedraw called (candles: 1503)
 [ETHUSDT] 🔄 Redraw executing drawChart...
 ✅ [8:37:14 p. m.] [Manager] [ETHUSDT] 🚀 startAllPolling() llamado - 3 indicadores
 ✅ [8:37:14 p. m.] [Manager] [ETHUSDT] -> Llamando startPollingIfReady() para VWAP
 ✅ [8:37:14 p. m.] [VWAP] [ETHUSDT] VWAP startPollingIfReady: pollingId=true, enabled=true, destroyed=false
 ✅ [8:37:14 p. m.] [Manager] [ETHUSDT] -> Llamando startPollingIfReady() para Swing Detector
 [ETHUSDT] SwingDetector startPollingIfReady: pollingId=true, enabled=true, config.enabled=true
 ✅ [8:37:14 p. m.] [Manager] [ETHUSDT] -> Llamando startPollingIfReady() para Order Flow
 ✅ [8:37:14 p. m.] [Manager] [ETHUSDT] 🚀 Polling iniciado para todos los indicadores
 [PollingCoordinator] Executing: OrderFlow_ETHUSDT
 [OrderFlow] [ETHUSDT] fetchFootprints: requesting hours=24, interval=1
 [OrderFlow] [ETHUSDT] FOOTPRINT RANGES:
   Total: 731 footprints
   Rango completo: 31/1/2026, 8:25:00 a.m. -> 31/1/2026, 8:36:00 p.m.
   Grupos contiguos: 2
     Grupo 1: 31/1/2026, 8:25:00 a.m. -> 31/1/2026, 8:22:00 p.m. (718 fps, 717 min)
     >>> GAP: 2 minutos <<<
     Grupo 2: 31/1/2026, 8:24:00 p.m. -> 31/1/2026, 8:36:00 p.m. (13 fps, 12 min)
 [OrderFlow] [ETHUSDT] fetchFootprints: 731 -> 731 footprints
 [ETHUSDT] 🔄 requestRedraw called (candles: 1503)
 [ETHUSDT] 🔄 Redraw executing drawChart...
 [PollingCoordinator] Completed: OrderFlow_ETHUSDT
 [PollingCoordinator] Executing: SwingDetector_Status_ETHUSDT
 [PollingCoordinator] Completed: SwingDetector_Status_ETHUSDT
 [PollingCoordinator] Executing: SwingDetector_Signals_ETHUSDT
 [IndicatorCache] 💾 swing@ETHUSDT desde memoria
 [ETHUSDT] 🔄 requestRedraw called (candles: 1503)
 [ETHUSDT] 🔄 Redraw executing drawChart...
 [PollingCoordinator] Completed: SwingDetector_Signals_ETHUSDT
 [PollingCoordinator] Executing: SymbolList_PriceChanges
 [PollingCoordinator] Completed: SymbolList_PriceChanges
 [PollingCoordinator] Executing: OrderFlow_ETHUSDT
 [OrderFlow] [ETHUSDT] fetchFootprints: requesting hours=24, interval=1
 [OrderFlow] [ETHUSDT] FOOTPRINT RANGES:
   Total: 731 footprints
   Rango completo: 31/1/2026, 8:25:00 a.m. -> 31/1/2026, 8:36:00 p.m.
   Grupos contiguos: 2
     Grupo 1: 31/1/2026, 8:25:00 a.m. -> 31/1/2026, 8:22:00 p.m. (718 fps, 717 min)
     >>> GAP: 2 minutos <<<
     Grupo 2: 31/1/2026, 8:24:00 p.m. -> 31/1/2026, 8:36:00 p.m. (13 fps, 12 min)
 [OrderFlow] [ETHUSDT] fetchFootprints: 731 -> 731 footprints
 [ETHUSDT] 🔄 requestRedraw called (candles: 1503)
 [ETHUSDT] 🔄 Redraw executing drawChart...
 [PollingCoordinator] Completed: OrderFlow_ETHUSDT
 [PollingCoordinator] Executing: OrderFlow_ETHUSDT
 [OrderFlow] [ETHUSDT] fetchFootprints: requesting hours=24, interval=1
 [OrderFlow] [ETHUSDT] FOOTPRINT RANGES:
   Total: 731 footprints
   Rango completo: 31/1/2026, 8:25:00 a.m. -> 31/1/2026, 8:36:00 p.m.
   Grupos contiguos: 2
     Grupo 1: 31/1/2026, 8:25:00 a.m. -> 31/1/2026, 8:22:00 p.m. (718 fps, 717 min)
     >>> GAP: 2 minutos <<<
     Grupo 2: 31/1/2026, 8:24:00 p.m. -> 31/1/2026, 8:36:00 p.m. (13 fps, 12 min)
 [OrderFlow] [ETHUSDT] fetchFootprints: 731 -> 731 footprints
 [ETHUSDT] 🔄 requestRedraw called (candles: 1503)
 [ETHUSDT] 🔄 Redraw executing drawChart...
 [PollingCoordinator] Completed: OrderFlow_ETHUSDT
 [PollingCoordinator] Executing: OrderFlow_ETHUSDT
 [OrderFlow] [ETHUSDT] fetchFootprints: requesting hours=24, interval=1
 [OrderFlow] [ETHUSDT] FOOTPRINT RANGES:
   Total: 731 footprints
   Rango completo: 31/1/2026, 8:25:00 a.m. -> 31/1/2026, 8:36:00 p.m.
   Grupos contiguos: 2
     Grupo 1: 31/1/2026, 8:25:00 a.m. -> 31/1/2026, 8:22:00 p.m. (718 fps, 717 min)
     >>> GAP: 2 minutos <<<
     Grupo 2: 31/1/2026, 8:24:00 p.m. -> 31/1/2026, 8:36:00 p.m. (13 fps, 12 min)
 [OrderFlow] [ETHUSDT] fetchFootprints: 731 -> 731 footprints
 [ETHUSDT] 🔄 requestRedraw called (candles: 1503)
 [ETHUSDT] 🔄 Redraw executing drawChart...
 ✅ [8:37:30 p. m.] [Manager] [ETHUSDT] renderOverlays: VWAP found, enabled=true, dataMap.size=1450
 [PollingCoordinator] Completed: OrderFlow_ETHUSDT
 [PollingCoordinator] Executing: VWAP_ETHUSDT
 ✅ [8:37:34 p. m.] [VWAP] [ETHUSDT] VWAP updated (polling): 1450 points
 [ETHUSDT] 🔄 requestRedraw called (candles: 1503)
 [ETHUSDT] 🔄 Redraw executing drawChart...
 ✅ [8:37:34 p. m.] [VWAP] [ETHUSDT] VWAP requestRedraw() called after polling
 [PollingCoordinator] Completed: VWAP_ETHUSDT
 [PollingCoordinator] Executing: OrderFlow_ETHUSDT
 [OrderFlow] [ETHUSDT] fetchFootprints: requesting hours=24, interval=1
 [OrderFlow] [ETHUSDT] FOOTPRINT RANGES:
   Total: 731 footprints
   Rango completo: 31/1/2026, 8:25:00 a.m. -> 31/1/2026, 8:36:00 p.m.
   Grupos contiguos: 2
     Grupo 1: 31/1/2026, 8:25:00 a.m. -> 31/1/2026, 8:22:00 p.m. (718 fps, 717 min)
     >>> GAP: 2 minutos <<<
     Grupo 2: 31/1/2026, 8:24:00 p.m. -> 31/1/2026, 8:36:00 p.m. (13 fps, 12 min)
 [OrderFlow] [ETHUSDT] fetchFootprints: 731 -> 731 footprints
 [ETHUSDT] 🔄 requestRedraw called (candles: 1503)
 [ETHUSDT] 🔄 Redraw executing drawChart...
 [PollingCoordinator] Completed: OrderFlow_ETHUSDT
 [PollingCoordinator] Executing: OrderFlow_ETHUSDT
 [OrderFlow] [ETHUSDT] fetchFootprints: requesting hours=24, interval=1
 [OrderFlow] [ETHUSDT] FOOTPRINT RANGES:
   Total: 731 footprints
   Rango completo: 31/1/2026, 8:25:00 a.m. -> 31/1/2026, 8:36:00 p.m.
   Grupos contiguos: 2
     Grupo 1: 31/1/2026, 8:25:00 a.m. -> 31/1/2026, 8:22:00 p.m. (718 fps, 717 min)
     >>> GAP: 2 minutos <<<
     Grupo 2: 31/1/2026, 8:24:00 p.m. -> 31/1/2026, 8:36:00 p.m. (13 fps, 12 min)
 [OrderFlow] [ETHUSDT] fetchFootprints: 731 -> 731 footprints
 [ETHUSDT] 🔄 requestRedraw called (candles: 1503)
 [ETHUSDT] 🔄 Redraw executing drawChart...
 [PollingCoordinator] Completed: OrderFlow_ETHUSDT
 [PollingCoordinator] Executing: OrderFlow_ETHUSDT
 [OrderFlow] [ETHUSDT] fetchFootprints: requesting hours=24, interval=1
 [OrderFlow] [ETHUSDT] FOOTPRINT RANGES:
   Total: 731 footprints
   Rango completo: 31/1/2026, 8:25:00 a.m. -> 31/1/2026, 8:36:00 p.m.
   Grupos contiguos: 2
     Grupo 1: 31/1/2026, 8:25:00 a.m. -> 31/1/2026, 8:22:00 p.m. (718 fps, 717 min)
     >>> GAP: 2 minutos <<<
     Grupo 2: 31/1/2026, 8:24:00 p.m. -> 31/1/2026, 8:36:00 p.m. (13 fps, 12 min)
 [OrderFlow] [ETHUSDT] fetchFootprints: 731 -> 731 footprints
 [ETHUSDT] 🔄 requestRedraw called (candles: 1503)
 [ETHUSDT] 🔄 Redraw executing drawChart...
 [PollingCoordinator] Completed: OrderFlow_ETHUSDT
 [PollingCoordinator] Executing: SwingDetector_Signals_ETHUSDT
 [IndicatorCache] 💾 swing@ETHUSDT desde memoria
 [ETHUSDT] 🔄 requestRedraw called (candles: 1503)
 [ETHUSDT] 🔄 Redraw executing drawChart...
 [PollingCoordinator] Completed: SwingDetector_Signals_ETHUSDT
 [PollingCoordinator] Executing: OrderFlow_ETHUSDT
 [OrderFlow] [ETHUSDT] fetchFootprints: requesting hours=24, interval=1
 [OrderFlow] [ETHUSDT] FOOTPRINT RANGES:
   Total: 731 footprints
   Rango completo: 31/1/2026, 8:25:00 a.m. -> 31/1/2026, 8:36:00 p.m.
   Grupos contiguos: 2
     Grupo 1: 31/1/2026, 8:25:00 a.m. -> 31/1/2026, 8:22:00 p.m. (718 fps, 717 min)
     >>> GAP: 2 minutos <<<
     Grupo 2: 31/1/2026, 8:24:00 p.m. -> 31/1/2026, 8:36:00 p.m. (13 fps, 12 min)
 [OrderFlow] [ETHUSDT] fetchFootprints: 731 -> 731 footprints
 [ETHUSDT] 🔄 requestRedraw called (candles: 1503)
 [ETHUSDT] 🔄 Redraw executing drawChart...
 [PollingCoordinator] Completed: OrderFlow_ETHUSDT
 [PollingCoordinator] Executing: OrderFlow_ETHUSDT
 [OrderFlow] [ETHUSDT] fetchFootprints: requesting hours=24, interval=1
 [OrderFlow] [ETHUSDT] FOOTPRINT RANGES:
   Total: 731 footprints
   Rango completo: 31/1/2026, 8:25:00 a.m. -> 31/1/2026, 8:36:00 p.m.
   Grupos contiguos: 2
     Grupo 1: 31/1/2026, 8:25:00 a.m. -> 31/1/2026, 8:22:00 p.m. (718 fps, 717 min)
     >>> GAP: 2 minutos <<<
     Grupo 2: 31/1/2026, 8:24:00 p.m. -> 31/1/2026, 8:36:00 p.m. (13 fps, 12 min)
 [OrderFlow] [ETHUSDT] fetchFootprints: 731 -> 731 footprints
 [ETHUSDT] 🔄 requestRedraw called (candles: 1503)
 [ETHUSDT] 🔄 Redraw executing drawChart...
 [PollingCoordinator] Completed: OrderFlow_ETHUSDT
 [CandleCache] ✅ ETHUSDT@1 - guardado (1504 velas, memoria: 1/4)
 [ETHUSDT] SwingDetector: 253/253 signals for interval 1 (cached)
 [PollingCoordinator] Executing: OrderFlow_ETHUSDT
 [OrderFlow] [ETHUSDT] fetchFootprints: requesting hours=24, interval=1
 ✅ [8:38:01 p. m.] [VWAP] [ETHUSDT] VWAP updated (polling): 1451 points
 [ETHUSDT] 🔄 requestRedraw called (candles: 1504)
 [ETHUSDT] 🔄 Redraw executing drawChart...
 [OrderFlow] [ETHUSDT] FOOTPRINT RANGES:
   Total: 732 footprints
   Rango completo: 31/1/2026, 8:25:00 a.m. -> 31/1/2026, 8:37:00 p.m.
   Grupos contiguos: 2
     Grupo 1: 31/1/2026, 8:25:00 a.m. -> 31/1/2026, 8:22:00 p.m. (718 fps, 717 min)
     >>> GAP: 2 minutos <<<
     Grupo 2: 31/1/2026, 8:24:00 p.m. -> 31/1/2026, 8:37:00 p.m. (14 fps, 13 min)
 [OrderFlow] [ETHUSDT] fetchFootprints: 731 -> 732 footprints
 [ETHUSDT] 🔄 requestRedraw called (candles: 1504)
 [ETHUSDT] 🔄 Redraw executing drawChart...
 [MiniChart] OrderFlow conditions: Object
 [PollingCoordinator] Completed: OrderFlow_ETHUSDT
 [PollingCoordinator] Executing: OrderFlow_ETHUSDT
 [OrderFlow] [ETHUSDT] fetchFootprints: requesting hours=24, interval=1
 [OrderFlow] [ETHUSDT] FOOTPRINT RANGES:
   Total: 732 footprints
   Rango completo: 31/1/2026, 8:25:00 a.m. -> 31/1/2026, 8:37:00 p.m.
   Grupos contiguos: 2
     Grupo 1: 31/1/2026, 8:25:00 a.m. -> 31/1/2026, 8:22:00 p.m. (718 fps, 717 min)
     >>> GAP: 2 minutos <<<
     Grupo 2: 31/1/2026, 8:24:00 p.m. -> 31/1/2026, 8:37:00 p.m. (14 fps, 13 min)
 [OrderFlow] [ETHUSDT] fetchFootprints: 732 -> 732 footprints
 [ETHUSDT] 🔄 requestRedraw called (candles: 1504)
 [ETHUSDT] 🔄 Redraw executing drawChart...
 [PollingCoordinator] Completed: OrderFlow_ETHUSDT
 [PollingCoordinator] Executing: OrderFlow_ETHUSDT
 [OrderFlow] [ETHUSDT] fetchFootprints: requesting hours=24, interval=1
 [OrderFlow] [ETHUSDT] FOOTPRINT RANGES:
   Total: 732 footprints
   Rango completo: 31/1/2026, 8:25:00 a.m. -> 31/1/2026, 8:37:00 p.m.
   Grupos contiguos: 2
     Grupo 1: 31/1/2026, 8:25:00 a.m. -> 31/1/2026, 8:22:00 p.m. (718 fps, 717 min)
     >>> GAP: 2 minutos <<<
     Grupo 2: 31/1/2026, 8:24:00 p.m. -> 31/1/2026, 8:37:00 p.m. (14 fps, 13 min)
 [OrderFlow] [ETHUSDT] fetchFootprints: 732 -> 732 footprints
 [ETHUSDT] 🔄 requestRedraw called (candles: 1504)
 [ETHUSDT] 🔄 Redraw executing drawChart...
 [PollingCoordinator] Completed: OrderFlow_ETHUSDT
 ✅ [8:38:11 p. m.] [Manager] [ETHUSDT] renderOverlays: VWAP found, enabled=true, dataMap.size=1451
 [PollingCoordinator] Executing: OrderFlow_ETHUSDT
 [OrderFlow] [ETHUSDT] fetchFootprints: requesting hours=24, interval=1
 [OrderFlow] [ETHUSDT] FOOTPRINT RANGES:
   Total: 732 footprints
   Rango completo: 31/1/2026, 8:25:00 a.m. -> 31/1/2026, 8:37:00 p.m.
   Grupos contiguos: 2
     Grupo 1: 31/1/2026, 8:25:00 a.m. -> 31/1/2026, 8:22:00 p.m. (718 fps, 717 min)
     >>> GAP: 2 minutos <<<
     Grupo 2: 31/1/2026, 8:24:00 p.m. -> 31/1/2026, 8:37:00 p.m. (14 fps, 13 min)
 [OrderFlow] [ETHUSDT] fetchFootprints: 732 -> 732 footprints
 [ETHUSDT] 🔄 requestRedraw called (candles: 1504)
 [ETHUSDT] 🔄 Redraw executing drawChart...
 [PollingCoordinator] Completed: OrderFlow_ETHUSDT
 [PollingCoordinator] Executing: SwingDetector_Status_ETHUSDT
 [PollingCoordinator] Completed: SwingDetector_Status_ETHUSDT
 [PollingCoordinator] Executing: SwingDetector_Signals_ETHUSDT
 [IndicatorCache] 💾 swing@ETHUSDT desde memoria
 [ETHUSDT] 🔄 requestRedraw called (candles: 1504)
 [ETHUSDT] 🔄 Redraw executing drawChart...
 [PollingCoordinator] Completed: SwingDetector_Signals_ETHUSDT
 [PollingCoordinator] Executing: SymbolList_PriceChanges
 [PollingCoordinator] Completed: SymbolList_PriceChanges
 [PollingCoordinator] Executing: OrderFlow_ETHUSDT
 [OrderFlow] [ETHUSDT] fetchFootprints: requesting hours=24, interval=1
 [OrderFlow] [ETHUSDT] FOOTPRINT RANGES:
   Total: 732 footprints
   Rango completo: 31/1/2026, 8:25:00 a.m. -> 31/1/2026, 8:37:00 p.m.
   Grupos contiguos: 2
     Grupo 1: 31/1/2026, 8:25:00 a.m. -> 31/1/2026, 8:22:00 p.m. (718 fps, 717 min)
     >>> GAP: 2 minutos <<<
     Grupo 2: 31/1/2026, 8:24:00 p.m. -> 31/1/2026, 8:37:00 p.m. (14 fps, 13 min)
 [OrderFlow] [ETHUSDT] fetchFootprints: 732 -> 732 footprints
 [ETHUSDT] 🔄 requestRedraw called (candles: 1504)
 [ETHUSDT] 🔄 Redraw executing drawChart...
 [PollingCoordinator] Completed: OrderFlow_ETHUSDT
 [PollingCoordinator] Executing: OrderFlow_ETHUSDT
 [OrderFlow] [ETHUSDT] fetchFootprints: requesting hours=24, interval=1
 [OrderFlow] [ETHUSDT] FOOTPRINT RANGES:
   Total: 732 footprints
   Rango completo: 31/1/2026, 8:25:00 a.m. -> 31/1/2026, 8:37:00 p.m.
   Grupos contiguos: 2
     Grupo 1: 31/1/2026, 8:25:00 a.m. -> 31/1/2026, 8:22:00 p.m. (718 fps, 717 min)
     >>> GAP: 2 minutos <<<
     Grupo 2: 31/1/2026, 8:24:00 p.m. -> 31/1/2026, 8:37:00 p.m. (14 fps, 13 min)
 [OrderFlow] [ETHUSDT] fetchFootprints: 732 -> 732 footprints
 [ETHUSDT] 🔄 requestRedraw called (candles: 1504)
 [ETHUSDT] 🔄 Redraw executing drawChart...
 [PollingCoordinator] Completed: OrderFlow_ETHUSDT
 [PollingCoordinator] Executing: OrderFlow_ETHUSDT
 [OrderFlow] [ETHUSDT] fetchFootprints: requesting hours=24, interval=1
 [OrderFlow] [ETHUSDT] FOOTPRINT RANGES:
   Total: 732 footprints
   Rango completo: 31/1/2026, 8:25:00 a.m. -> 31/1/2026, 8:37:00 p.m.
   Grupos contiguos: 2
     Grupo 1: 31/1/2026, 8:25:00 a.m. -> 31/1/2026, 8:22:00 p.m. (718 fps, 717 min)
     >>> GAP: 2 minutos <<<
     Grupo 2: 31/1/2026, 8:24:00 p.m. -> 31/1/2026, 8:37:00 p.m. (14 fps, 13 min)
 [OrderFlow] [ETHUSDT] fetchFootprints: 732 -> 732 footprints
 [ETHUSDT] 🔄 requestRedraw called (candles: 1504)
 [ETHUSDT] 🔄 Redraw executing drawChart...
 [PollingCoordinator] Completed: OrderFlow_ETHUSDT
 [PollingCoordinator] Executing: VWAP_ETHUSDT
 ✅ [8:38:35 p. m.] [VWAP] [ETHUSDT] VWAP updated (polling): 1451 points
 [ETHUSDT] 🔄 requestRedraw called (candles: 1504)
 [ETHUSDT] 🔄 Redraw executing drawChart...
 ✅ [8:38:35 p. m.] [VWAP] [ETHUSDT] VWAP requestRedraw() called after polling
 [PollingCoordinator] Completed: VWAP_ETHUSDT
 [PollingCoordinator] Executing: OrderFlow_ETHUSDT
 [OrderFlow] [ETHUSDT] fetchFootprints: requesting hours=24, interval=1
 [OrderFlow] [ETHUSDT] FOOTPRINT RANGES:
   Total: 732 footprints
   Rango completo: 31/1/2026, 8:25:00 a.m. -> 31/1/2026, 8:37:00 p.m.
   Grupos contiguos: 2
     Grupo 1: 31/1/2026, 8:25:00 a.m. -> 31/1/2026, 8:22:00 p.m. (718 fps, 717 min)
     >>> GAP: 2 minutos <<<
     Grupo 2: 31/1/2026, 8:24:00 p.m. -> 31/1/2026, 8:37:00 p.m. (14 fps, 13 min)
 [OrderFlow] [ETHUSDT] fetchFootprints: 732 -> 732 footprints
 [ETHUSDT] 🔄 requestRedraw called (candles: 1504)
 [ETHUSDT] 🔄 Redraw executing drawChart...
 [PollingCoordinator] Completed: OrderFlow_ETHUSDT
 [PollingCoordinator] Executing: OrderFlow_ETHUSDT
 [OrderFlow] [ETHUSDT] fetchFootprints: requesting hours=24, interval=1
 [OrderFlow] [ETHUSDT] FOOTPRINT RANGES:
   Total: 732 footprints
   Rango completo: 31/1/2026, 8:25:00 a.m. -> 31/1/2026, 8:37:00 p.m.
   Grupos contiguos: 2
     Grupo 1: 31/1/2026, 8:25:00 a.m. -> 31/1/2026, 8:22:00 p.m. (718 fps, 717 min)
     >>> GAP: 2 minutos <<<
     Grupo 2: 31/1/2026, 8:24:00 p.m. -> 31/1/2026, 8:37:00 p.m. (14 fps, 13 min)
 [OrderFlow] [ETHUSDT] fetchFootprints: 732 -> 732 footprints
 [ETHUSDT] 🔄 requestRedraw called (candles: 1504)
 [ETHUSDT] 🔄 Redraw executing drawChart...
 [PollingCoordinator] Completed: OrderFlow_ETHUSDT
 [PollingCoordinator] Executing: SwingDetector_Signals_ETHUSDT
 [IndicatorCache] 💾 swing@ETHUSDT desde memoria
 [ETHUSDT] 🔄 requestRedraw called (candles: 1504)
 [ETHUSDT] 🔄 Redraw executing drawChart...
 [PollingCoordinator] Completed: SwingDetector_Signals_ETHUSDT
 [PollingCoordinator] Executing: OrderFlow_ETHUSDT
 [OrderFlow] [ETHUSDT] fetchFootprints: requesting hours=24, interval=1
 [OrderFlow] [ETHUSDT] FOOTPRINT RANGES:
   Total: 732 footprints
   Rango completo: 31/1/2026, 8:25:00 a.m. -> 31/1/2026, 8:37:00 p.m.
   Grupos contiguos: 2
     Grupo 1: 31/1/2026, 8:25:00 a.m. -> 31/1/2026, 8:22:00 p.m. (718 fps, 717 min)
     >>> GAP: 2 minutos <<<
     Grupo 2: 31/1/2026, 8:24:00 p.m. -> 31/1/2026, 8:37:00 p.m. (14 fps, 13 min)
 [OrderFlow] [ETHUSDT] fetchFootprints: 732 -> 732 footprints
 [ETHUSDT] 🔄 requestRedraw called (candles: 1504)
 [ETHUSDT] 🔄 Redraw executing drawChart...
 [PollingCoordinator] Completed: OrderFlow_ETHUSDT
 [PollingCoordinator] Executing: OrderFlow_ETHUSDT
 [OrderFlow] [ETHUSDT] fetchFootprints: requesting hours=24, interval=1
 [OrderFlow] [ETHUSDT] FOOTPRINT RANGES:
   Total: 732 footprints
   Rango completo: 31/1/2026, 8:25:00 a.m. -> 31/1/2026, 8:37:00 p.m.
   Grupos contiguos: 2
     Grupo 1: 31/1/2026, 8:25:00 a.m. -> 31/1/2026, 8:22:00 p.m. (718 fps, 717 min)
     >>> GAP: 2 minutos <<<
     Grupo 2: 31/1/2026, 8:24:00 p.m. -> 31/1/2026, 8:37:00 p.m. (14 fps, 13 min)
 [OrderFlow] [ETHUSDT] fetchFootprints: 732 -> 732 footprints
 [ETHUSDT] 🔄 requestRedraw called (candles: 1504)
 [ETHUSDT] 🔄 Redraw executing drawChart...
 [PollingCoordinator] Completed: OrderFlow_ETHUSDT
 [PollingCoordinator] Executing: OrderFlow_ETHUSDT
 [OrderFlow] [ETHUSDT] fetchFootprints: requesting hours=24, interval=1
 ✅ [8:38:58 p. m.] [Manager] [ETHUSDT] renderOverlays: VWAP found, enabled=true, dataMap.size=1451
 [CandleCache] ✅ ETHUSDT@1 - guardado (1505 velas, memoria: 1/4)
 [OrderFlow] [ETHUSDT] FOOTPRINT RANGES:
   Total: 733 footprints
   Rango completo: 31/1/2026, 8:25:00 a.m. -> 31/1/2026, 8:38:00 p.m.
   Grupos contiguos: 2
     Grupo 1: 31/1/2026, 8:25:00 a.m. -> 31/1/2026, 8:22:00 p.m. (718 fps, 717 min)
     >>> GAP: 2 minutos <<<
     Grupo 2: 31/1/2026, 8:24:00 p.m. -> 31/1/2026, 8:38:00 p.m. (15 fps, 14 min)
 [OrderFlow] [ETHUSDT] fetchFootprints: 732 -> 733 footprints
 [ETHUSDT] 🔄 requestRedraw called (candles: 1505)
 [ETHUSDT] 🔄 Redraw executing drawChart...
 [MiniChart] OrderFlow conditions: Object
 [PollingCoordinator] Completed: OrderFlow_ETHUSDT
 [ETHUSDT] SwingDetector: 253/253 signals for interval 1 (cached)
 ✅ [8:39:01 p. m.] [VWAP] [ETHUSDT] VWAP updated (polling): 1452 points
 [ETHUSDT] 🔄 requestRedraw called (candles: 1505)
 [ETHUSDT] 🔄 Redraw executing drawChart...
 [PollingCoordinator] Executing: OrderFlow_ETHUSDT
 [OrderFlow] [ETHUSDT] fetchFootprints: requesting hours=24, interval=1
 [OrderFlow] [ETHUSDT] FOOTPRINT RANGES:
   Total: 733 footprints
   Rango completo: 31/1/2026, 8:25:00 a.m. -> 31/1/2026, 8:38:00 p.m.
   Grupos contiguos: 2
     Grupo 1: 31/1/2026, 8:25:00 a.m. -> 31/1/2026, 8:22:00 p.m. (718 fps, 717 min)
     >>> GAP: 2 minutos <<<
     Grupo 2: 31/1/2026, 8:24:00 p.m. -> 31/1/2026, 8:38:00 p.m. (15 fps, 14 min)
 [OrderFlow] [ETHUSDT] fetchFootprints: 733 -> 733 footprints
 [ETHUSDT] 🔄 requestRedraw called (candles: 1505)
 [ETHUSDT] 🔄 Redraw executing drawChart...
 [PollingCoordinator] Completed: OrderFlow_ETHUSDT
 [PollingCoordinator] Executing: OrderFlow_ETHUSDT
 [OrderFlow] [ETHUSDT] fetchFootprints: requesting hours=24, interval=1
 [OrderFlow] [ETHUSDT] FOOTPRINT RANGES:
   Total: 733 footprints
   Rango completo: 31/1/2026, 8:25:00 a.m. -> 31/1/2026, 8:38:00 p.m.
   Grupos contiguos: 2
     Grupo 1: 31/1/2026, 8:25:00 a.m. -> 31/1/2026, 8:22:00 p.m. (718 fps, 717 min)
     >>> GAP: 2 minutos <<<
     Grupo 2: 31/1/2026, 8:24:00 p.m. -> 31/1/2026, 8:38:00 p.m. (15 fps, 14 min)
 [OrderFlow] [ETHUSDT] fetchFootprints: 733 -> 733 footprints
 [ETHUSDT] 🔄 requestRedraw called (candles: 1505)
 [ETHUSDT] 🔄 Redraw executing drawChart...
 [PollingCoordinator] Completed: OrderFlow_ETHUSDT
 [PollingCoordinator] Executing: OrderFlow_ETHUSDT
 [OrderFlow] [ETHUSDT] fetchFootprints: requesting hours=24, interval=1
 [OrderFlow] [ETHUSDT] FOOTPRINT RANGES:
   Total: 733 footprints
   Rango completo: 31/1/2026, 8:25:00 a.m. -> 31/1/2026, 8:38:00 p.m.
   Grupos contiguos: 2
     Grupo 1: 31/1/2026, 8:25:00 a.m. -> 31/1/2026, 8:22:00 p.m. (718 fps, 717 min)
     >>> GAP: 2 minutos <<<
     Grupo 2: 31/1/2026, 8:24:00 p.m. -> 31/1/2026, 8:38:00 p.m. (15 fps, 14 min)
 [OrderFlow] [ETHUSDT] fetchFootprints: 733 -> 733 footprints
 [ETHUSDT] 🔄 requestRedraw called (candles: 1505)
 [ETHUSDT] 🔄 Redraw executing drawChart...
 [PollingCoordinator] Completed: OrderFlow_ETHUSDT
 [PollingCoordinator] Executing: SwingDetector_Status_ETHUSDT
 [PollingCoordinator] Completed: SwingDetector_Status_ETHUSDT
 [PollingCoordinator] Executing: SwingDetector_Signals_ETHUSDT
 [IndicatorCache] 💾 swing@ETHUSDT desde memoria
 [ETHUSDT] 🔄 requestRedraw called (candles: 1505)
 [ETHUSDT] 🔄 Redraw executing drawChart...
 [PollingCoordinator] Completed: SwingDetector_Signals_ETHUSDT
 [PollingCoordinator] Executing: SymbolList_PriceChanges
 [PollingCoordinator] Executing: OrderFlow_ETHUSDT
 [OrderFlow] [ETHUSDT] fetchFootprints: requesting hours=24, interval=1
 [OrderFlow] [ETHUSDT] FOOTPRINT RANGES:
   Total: 733 footprints
   Rango completo: 31/1/2026, 8:25:00 a.m. -> 31/1/2026, 8:38:00 p.m.
   Grupos contiguos: 2
     Grupo 1: 31/1/2026, 8:25:00 a.m. -> 31/1/2026, 8:22:00 p.m. (718 fps, 717 min)
     >>> GAP: 2 minutos <<<
     Grupo 2: 31/1/2026, 8:24:00 p.m. -> 31/1/2026, 8:38:00 p.m. (15 fps, 14 min)
 [OrderFlow] [ETHUSDT] fetchFootprints: 733 -> 733 footprints
 [ETHUSDT] 🔄 requestRedraw called (candles: 1505)
 [ETHUSDT] 🔄 Redraw executing drawChart...
 [PollingCoordinator] Completed: OrderFlow_ETHUSDT
 [PollingCoordinator] Completed: SymbolList_PriceChanges
 [PollingCoordinator] Executing: OrderFlow_ETHUSDT
 [OrderFlow] [ETHUSDT] fetchFootprints: requesting hours=24, interval=1
 [OrderFlow] [ETHUSDT] FOOTPRINT RANGES:
   Total: 733 footprints
   Rango completo: 31/1/2026, 8:25:00 a.m. -> 31/1/2026, 8:38:00 p.m.
   Grupos contiguos: 2
     Grupo 1: 31/1/2026, 8:25:00 a.m. -> 31/1/2026, 8:22:00 p.m. (718 fps, 717 min)
     >>> GAP: 2 minutos <<<
     Grupo 2: 31/1/2026, 8:24:00 p.m. -> 31/1/2026, 8:38:00 p.m. (15 fps, 14 min)
 [OrderFlow] [ETHUSDT] fetchFootprints: 733 -> 733 footprints
 [ETHUSDT] 🔄 requestRedraw called (candles: 1505)
 [ETHUSDT] 🔄 Redraw executing drawChart...
 [PollingCoordinator] Completed: OrderFlow_ETHUSDT
 ✅ [8:39:28 p. m.] [Manager] [ETHUSDT] renderOverlays: VWAP found, enabled=true, dataMap.size=1452
 [OrderFlow] [ETHUSDT] renderOverlay MATCHING:
   Visible candles: 113
   Footprints disponibles: 733
   Matched: 111 (98.2%)
   Unmatched: 2
   Matched range: 31/1/2026, 6:46:00 p.m. -> 31/1/2026, 8:38:00 p.m.
   Unmatched range: 31/1/2026, 8:23:00 p.m. -> 31/1/2026, 8:39:00 p.m.
   Candle range: 31/1/2026, 6:46:00 p.m. -> 31/1/2026, 8:39:00 p.m.
   Footprint range: 31/1/2026, 8:25:00 a.m. -> 31/1/2026, 8:38:00 p.m.
 [PollingCoordinator] Executing: OrderFlow_ETHUSDT
 [OrderFlow] [ETHUSDT] fetchFootprints: requesting hours=24, interval=1
 ✅ [8:39:31 p. m.] [Manager] [ETHUSDT] renderOverlays: VWAP found, enabled=true, dataMap.size=1452
 [OrderFlow] [ETHUSDT] FOOTPRINT RANGES:
   Total: 733 footprints
   Rango completo: 31/1/2026, 8:25:00 a.m. -> 31/1/2026, 8:38:00 p.m.
   Grupos contiguos: 2
     Grupo 1: 31/1/2026, 8:25:00 a.m. -> 31/1/2026, 8:22:00 p.m. (718 fps, 717 min)
     >>> GAP: 2 minutos <<<
     Grupo 2: 31/1/2026, 8:24:00 p.m. -> 31/1/2026, 8:38:00 p.m. (15 fps, 14 min)
 [OrderFlow] [ETHUSDT] fetchFootprints: 733 -> 733 footprints
 [ETHUSDT] 🔄 requestRedraw called (candles: 1505)
 [ETHUSDT] 🔄 Redraw executing drawChart...
 [PollingCoordinator] Completed: OrderFlow_ETHUSDT
 ✅ [8:39:33 p. m.] [Manager] [ETHUSDT] renderOverlays: VWAP found, enabled=true, dataMap.size=1452
 ✅ [8:39:34 p. m.] [Manager] [ETHUSDT] renderOverlays: VWAP found, enabled=true, dataMap.size=1452
 [PollingCoordinator] Executing: VWAP_ETHUSDT
 [PollingCoordinator] Executing: OrderFlow_ETHUSDT
 [OrderFlow] [ETHUSDT] fetchFootprints: requesting hours=24, interval=1
 ✅ [8:39:36 p. m.] [Manager] [ETHUSDT] renderOverlays: VWAP found, enabled=true, dataMap.size=1452
 ✅ [8:39:37 p. m.] [VWAP] [ETHUSDT] VWAP updated (polling): 1452 points
 [ETHUSDT] 🔄 requestRedraw called (candles: 1505)
 [ETHUSDT] 🔄 Redraw executing drawChart...
 ✅ [8:39:37 p. m.] [VWAP] [ETHUSDT] VWAP requestRedraw() called after polling
 [PollingCoordinator] Completed: VWAP_ETHUSDT
 [OrderFlow] [ETHUSDT] FOOTPRINT RANGES:
   Total: 733 footprints
   Rango completo: 31/1/2026, 8:25:00 a.m. -> 31/1/2026, 8:38:00 p.m.
   Grupos contiguos: 2
     Grupo 1: 31/1/2026, 8:25:00 a.m. -> 31/1/2026, 8:22:00 p.m. (718 fps, 717 min)
     >>> GAP: 2 minutos <<<
     Grupo 2: 31/1/2026, 8:24:00 p.m. -> 31/1/2026, 8:38:00 p.m. (15 fps, 14 min)
 [OrderFlow] [ETHUSDT] fetchFootprints: 733 -> 733 footprints
 [ETHUSDT] 🔄 requestRedraw called (candles: 1505)
 [ETHUSDT] 🔄 Redraw executing drawChart...
 [PollingCoordinator] Completed: OrderFlow_ETHUSDT
 ✅ [8:39:38 p. m.] [Manager] [ETHUSDT] renderOverlays: VWAP found, enabled=true, dataMap.size=1452
 [OrderFlow] [ETHUSDT] renderOverlay MATCHING:
   Visible candles: 77
   Footprints disponibles: 733
   Matched: 77 (100.0%)
   Unmatched: 0
   Matched range: 31/1/2026, 12:37:00 p.m. -> 31/1/2026, 1:53:00 p.m.
   Candle range: 31/1/2026, 12:37:00 p.m. -> 31/1/2026, 1:53:00 p.m.
   Footprint range: 31/1/2026, 8:25:00 a.m. -> 31/1/2026, 8:38:00 p.m.
 ✅ [8:39:40 p. m.] [Manager] [ETHUSDT] renderOverlays: VWAP found, enabled=true, dataMap.size=1452
 [OrderFlow] [ETHUSDT] renderOverlay SKIP: candleWidth 7.4px < minCandleWidth 8px
 [PollingCoordinator] Executing: OrderFlow_ETHUSDT
 [OrderFlow] [ETHUSDT] fetchFootprints: requesting hours=24, interval=1
 [OrderFlow] [ETHUSDT] FOOTPRINT RANGES:
   Total: 733 footprints
   Rango completo: 31/1/2026, 8:25:00 a.m. -> 31/1/2026, 8:38:00 p.m.
   Grupos contiguos: 2
     Grupo 1: 31/1/2026, 8:25:00 a.m. -> 31/1/2026, 8:22:00 p.m. (718 fps, 717 min)
     >>> GAP: 2 minutos <<<
     Grupo 2: 31/1/2026, 8:24:00 p.m. -> 31/1/2026, 8:38:00 p.m. (15 fps, 14 min)
 [OrderFlow] [ETHUSDT] fetchFootprints: 733 -> 733 footprints
 [ETHUSDT] 🔄 requestRedraw called (candles: 1505)
 [ETHUSDT] 🔄 Redraw executing drawChart...
 [PollingCoordinator] Completed: OrderFlow_ETHUSDT
 ✅ [8:39:43 p. m.] [Manager] [ETHUSDT] renderOverlays: VWAP found, enabled=true, dataMap.size=1452
 [ETHUSDT] 🖱️ handleDoubleClick llamado, shiftKey=false, drawingMode=false
 [ETHUSDT] 🖱️ x=1052, width=1063, isInPriceAxis=true, isInPriceChartArea=true
 [ETHUSDT] 🖱️ Auto-scale activado
 [ETHUSDT] 🖱️ handleDoubleClick IGNORADO por debounce (1ms)
 ✅ [8:39:46 p. m.] [Manager] [ETHUSDT] renderOverlays: VWAP found, enabled=true, dataMap.size=1452
 ✅ [8:39:47 p. m.] [Manager] [ETHUSDT] renderOverlays: VWAP found, enabled=true, dataMap.size=1452
 [PollingCoordinator] Executing: SwingDetector_Signals_ETHUSDT
 [IndicatorCache] 💾 swing@ETHUSDT desde memoria
 [ETHUSDT] 🔄 requestRedraw called (candles: 1505)
 [ETHUSDT] 🔄 Redraw executing drawChart...
 [PollingCoordinator] Completed: SwingDetector_Signals_ETHUSDT
 [PollingCoordinator] Executing: OrderFlow_ETHUSDT
 [OrderFlow] [ETHUSDT] fetchFootprints: requesting hours=24, interval=1
 [OrderFlow] [ETHUSDT] FOOTPRINT RANGES:
   Total: 733 footprints
   Rango completo: 31/1/2026, 8:25:00 a.m. -> 31/1/2026, 8:38:00 p.m.
   Grupos contiguos: 2
     Grupo 1: 31/1/2026, 8:25:00 a.m. -> 31/1/2026, 8:22:00 p.m. (718 fps, 717 min)
     >>> GAP: 2 minutos <<<
     Grupo 2: 31/1/2026, 8:24:00 p.m. -> 31/1/2026, 8:38:00 p.m. (15 fps, 14 min)
 [OrderFlow] [ETHUSDT] fetchFootprints: 733 -> 733 footprints
 [ETHUSDT] 🔄 requestRedraw called (candles: 1505)
 [ETHUSDT] 🔄 Redraw executing drawChart...
 [PollingCoordinator] Completed: OrderFlow_ETHUSDT
 ✅ [8:39:49 p. m.] [Manager] [ETHUSDT] renderOverlays: VWAP found, enabled=true, dataMap.size=1452
 ✅ [8:39:51 p. m.] [Manager] [ETHUSDT] renderOverlays: VWAP found, enabled=true, dataMap.size=1452
 [PollingCoordinator] Executing: OrderFlow_ETHUSDT
 [OrderFlow] [ETHUSDT] fetchFootprints: requesting hours=24, interval=1
 [OrderFlow] [ETHUSDT] FOOTPRINT RANGES:
   Total: 733 footprints
   Rango completo: 31/1/2026, 8:25:00 a.m. -> 31/1/2026, 8:38:00 p.m.
   Grupos contiguos: 2
     Grupo 1: 31/1/2026, 8:25:00 a.m. -> 31/1/2026, 8:22:00 p.m. (718 fps, 717 min)
     >>> GAP: 2 minutos <<<
     Grupo 2: 31/1/2026, 8:24:00 p.m. -> 31/1/2026, 8:38:00 p.m. (15 fps, 14 min)
 [OrderFlow] [ETHUSDT] fetchFootprints: 733 -> 733 footprints
 [ETHUSDT] 🔄 requestRedraw called (candles: 1505)
MiniChart.jsx:2179 [ETHUSDT] 🔄 Redraw executing drawChart...
PollingCoordinator.js:227 [PollingCoordinator] Completed: OrderFlow_ETHUSDT
Logger.js:100 ✅ [8:39:54 p. m.] [Manager] [ETHUSDT] renderOverlays: VWAP found, enabled=true, dataMap.size=1452
Logger.js:100 ✅ [8:39:56 p. m.] [Manager] [ETHUSDT] renderOverlays: VWAP found, enabled=true, dataMap.size=1452
PollingCoordinator.js:218 [PollingCoordinator] Executing: OrderFlow_ETHUSDT
OrderFlowIndicator.js:212 [OrderFlow] [ETHUSDT] fetchFootprints: requesting hours=24, interval=1
Logger.js:100 ✅ [8:39:58 p. m.] [Manager] [ETHUSDT] renderOverlays: VWAP found, enabled=true, dataMap.size=1452
CandleCache.js:169 [CandleCache] ✅ ETHUSDT@1 - guardado (1506 velas, memoria: 1/4)
OrderFlowIndicator.js:322 [OrderFlow] [ETHUSDT] FOOTPRINT RANGES:
OrderFlowIndicator.js:323   Total: 734 footprints
OrderFlowIndicator.js:324   Rango completo: 31/1/2026, 8:25:00 a.m. -> 31/1/2026, 8:39:00 p.m.
OrderFlowIndicator.js:325   Grupos contiguos: 2
OrderFlowIndicator.js:333     Grupo 1: 31/1/2026, 8:25:00 a.m. -> 31/1/2026, 8:22:00 p.m. (718 fps, 717 min)
OrderFlowIndicator.js:339     >>> GAP: 2 minutos <<<
OrderFlowIndicator.js:333     Grupo 2: 31/1/2026, 8:24:00 p.m. -> 31/1/2026, 8:39:00 p.m. (16 fps, 15 min)
OrderFlowIndicator.js:273 [OrderFlow] [ETHUSDT] fetchFootprints: 733 -> 734 footprints
MiniChart.jsx:2177 [ETHUSDT] 🔄 requestRedraw called (candles: 1506)
MiniChart.jsx:2179 [ETHUSDT] 🔄 Redraw executing drawChart...
MiniChart.jsx:971 [MiniChart] OrderFlow conditions: Object
PollingCoordinator.js:227 [PollingCoordinator] Completed: OrderFlow_ETHUSDT
SwingDetectorIndicator.js:238 [ETHUSDT] SwingDetector: 253/253 signals for interval 1 (cached)
Logger.js:100 ✅ [8:40:01 p. m.] [VWAP] [ETHUSDT] VWAP updated (polling): 1453 points
MiniChart.jsx:2177 [ETHUSDT] 🔄 requestRedraw called (candles: 1506)
MiniChart.jsx:2179 [ETHUSDT] 🔄 Redraw executing drawChart...
PollingCoordinator.js:218 [PollingCoordinator] Executing: OrderFlow_ETHUSDT
OrderFlowIndicator.js:212 [OrderFlow] [ETHUSDT] fetchFootprints: requesting hours=24, interval=1
OrderFlowIndicator.js:322 [OrderFlow] [ETHUSDT] FOOTPRINT RANGES:
OrderFlowIndicator.js:323   Total: 734 footprints
OrderFlowIndicator.js:324   Rango completo: 31/1/2026, 8:25:00 a.m. -> 31/1/2026, 8:39:00 p.m.
OrderFlowIndicator.js:325   Grupos contiguos: 2
OrderFlowIndicator.js:333     Grupo 1: 31/1/2026, 8:25:00 a.m. -> 31/1/2026, 8:22:00 p.m. (718 fps, 717 min)
OrderFlowIndicator.js:339     >>> GAP: 2 minutos <<<
OrderFlowIndicator.js:333     Grupo 2: 31/1/2026, 8:24:00 p.m. -> 31/1/2026, 8:39:00 p.m. (16 fps, 15 min)
OrderFlowIndicator.js:273 [OrderFlow] [ETHUSDT] fetchFootprints: 734 -> 734 footprints
MiniChart.jsx:2177 [ETHUSDT] 🔄 requestRedraw called (candles: 1506)
MiniChart.jsx:2179 [ETHUSDT] 🔄 Redraw executing drawChart...
PollingCoordinator.js:227 [PollingCoordinator] Completed: OrderFlow_ETHUSDT
PollingCoordinator.js:218 [PollingCoordinator] Executing: OrderFlow_ETHUSDT
OrderFlowIndicator.js:212 [OrderFlow] [ETHUSDT] fetchFootprints: requesting hours=24, interval=1
OrderFlowIndicator.js:322 [OrderFlow] [ETHUSDT] FOOTPRINT RANGES:
OrderFlowIndicator.js:323   Total: 734 footprints
OrderFlowIndicator.js:324   Rango completo: 31/1/2026, 8:25:00 a.m. -> 31/1/2026, 8:39:00 p.m.
OrderFlowIndicator.js:325   Grupos contiguos: 2
OrderFlowIndicator.js:333     Grupo 1: 31/1/2026, 8:25:00 a.m. -> 31/1/2026, 8:22:00 p.m. (718 fps, 717 min)
OrderFlowIndicator.js:339     >>> GAP: 2 minutos <<<
OrderFlowIndicator.js:333     Grupo 2: 31/1/2026, 8:24:00 p.m. -> 31/1/2026, 8:39:00 p.m. (16 fps, 15 min)
OrderFlowIndicator.js:273 [OrderFlow] [ETHUSDT] fetchFootprints: 734 -> 734 footprints
MiniChart.jsx:2177 [ETHUSDT] 🔄 requestRedraw called (candles: 1506)
MiniChart.jsx:2179 [ETHUSDT] 🔄 Redraw executing drawChart...
PollingCoordinator.js:227 [PollingCoordinator] Completed: OrderFlow_ETHUSDT
PollingCoordinator.js:218 [PollingCoordinator] Executing: OrderFlow_ETHUSDT
OrderFlowIndicator.js:212 [OrderFlow] [ETHUSDT] fetchFootprints: requesting hours=24, interval=1
OrderFlowIndicator.js:322 [OrderFlow] [ETHUSDT] FOOTPRINT RANGES:
OrderFlowIndicator.js:323   Total: 734 footprints
OrderFlowIndicator.js:324   Rango completo: 31/1/2026, 8:25:00 a.m. -> 31/1/2026, 8:39:00 p.m.
OrderFlowIndicator.js:325   Grupos contiguos: 2
OrderFlowIndicator.js:333     Grupo 1: 31/1/2026, 8:25:00 a.m. -> 31/1/2026, 8:22:00 p.m. (718 fps, 717 min)
OrderFlowIndicator.js:339     >>> GAP: 2 minutos <<<
OrderFlowIndicator.js:333     Grupo 2: 31/1/2026, 8:24:00 p.m. -> 31/1/2026, 8:39:00 p.m. (16 fps, 15 min)
OrderFlowIndicator.js:273 [OrderFlow] [ETHUSDT] fetchFootprints: 734 -> 734 footprints
MiniChart.jsx:2177 [ETHUSDT] 🔄 requestRedraw called (candles: 1506)
MiniChart.jsx:2179 [ETHUSDT] 🔄 Redraw executing drawChart...
PollingCoordinator.js:227 [PollingCoordinator] Completed: OrderFlow_ETHUSDT
PollingCoordinator.js:218 [PollingCoordinator] Executing: SwingDetector_Status_ETHUSDT
PollingCoordinator.js:227 [PollingCoordinator] Completed: SwingDetector_Status_ETHUSDT
PollingCoordinator.js:218 [PollingCoordinator] Executing: SwingDetector_Signals_ETHUSDT
IndicatorCache.js:71 [IndicatorCache] 💾 swing@ETHUSDT desde memoria
MiniChart.jsx:2177 [ETHUSDT] 🔄 requestRedraw called (candles: 1506)
MiniChart.jsx:2179 [ETHUSDT] 🔄 Redraw executing drawChart...
PollingCoordinator.js:227 [PollingCoordinator] Completed: SwingDetector_Signals_ETHUSDT
PollingCoordinator.js:218 [PollingCoordinator] Executing: OrderFlow_ETHUSDT
OrderFlowIndicator.js:212 [OrderFlow] [ETHUSDT] fetchFootprints: requesting hours=24, interval=1
OrderFlowIndicator.js:322 [OrderFlow] [ETHUSDT] FOOTPRINT RANGES:
OrderFlowIndicator.js:323   Total: 734 footprints
OrderFlowIndicator.js:324   Rango completo: 31/1/2026, 8:25:00 a.m. -> 31/1/2026, 8:39:00 p.m.
OrderFlowIndicator.js:325   Grupos contiguos: 2
OrderFlowIndicator.js:333     Grupo 1: 31/1/2026, 8:25:00 a.m. -> 31/1/2026, 8:22:00 p.m. (718 fps, 717 min)
OrderFlowIndicator.js:339     >>> GAP: 2 minutos <<<
OrderFlowIndicator.js:333     Grupo 2: 31/1/2026, 8:24:00 p.m. -> 31/1/2026, 8:39:00 p.m. (16 fps, 15 min)
OrderFlowIndicator.js:273 [OrderFlow] [ETHUSDT] fetchFootprints: 734 -> 734 footprints
MiniChart.jsx:2177 [ETHUSDT] 🔄 requestRedraw called (candles: 1506)
MiniChart.jsx:2179 [ETHUSDT] 🔄 Redraw executing drawChart...
PollingCoordinator.js:227 [PollingCoordinator] Completed: OrderFlow_ETHUSDT
PollingCoordinator.js:218 [PollingCoordinator] Executing: SymbolList_PriceChanges
PollingCoordinator.js:218 [PollingCoordinator] Executing: OrderFlow_ETHUSDT
OrderFlowIndicator.js:212 [OrderFlow] [ETHUSDT] fetchFootprints: requesting hours=24, interval=1
Logger.js:100 ✅ [8:40:28 p. m.] [Manager] [ETHUSDT] renderOverlays: VWAP found, enabled=true, dataMap.size=1453
PollingCoordinator.js:218 [PollingCoordinator] Executing: VWAP_ETHUSDT
