 [Preload] Order Flow Desktop - Script cargado correctamente
 [Preload] Electron: 33.4.11
 [Preload] Chrome: 130.0.6723.191
 Download the React DevTools for a better development experience: https://reactjs.org/link/react-devtools
 💡 Debug utilities available:
    window.toggleDebugMode() - Toggle all logs
    window.disableHeavyLogs() - Disable performance-heavy logs
 [ConfigSynchronizer] Initialized
 [MiniChart BTCUSDT] 🖥️ Fullscreen effect: isFullscreen=false, hasCallback=true
 [BTCUSDT] 🚀 Componente montado, iniciando...
 ✅ [10:00:27 p. m.] [VWAP] [BTCUSDT] VWAPIndicator initialized (backend native, type=session)
 [BTCUSDT] SwingDetectorIndicator initialized
 [SupportResistance2Indicator] VERSION 1.0 - Swing-based S&R
 [PollingCoordinator] Registered: SymbolList_PriceChanges (interval: 60000ms, priority: 10)
 [HealthCheck] Started (interval: 30000ms)
 [Robustness] Initialized
 [PollingCoordinator] Started
 ✅ [10:00:27 p. m.] [SingleSymbolAnalyzer] [PollingCoordinator] Started
 [Registry] ✅ Registrado manager para BTCUSDT (total: 1)
 [CandleCache] 💾 BTCUSDT@5 - desde IndexedDB (1442 velas)
 [CandleCache] OK VALIDATION BTCUSDT@5: 1442 velas sin gaps
 [CandleCache] BTCUSDT@5 - Cache valido: 1442 velas, sin gaps significativos
 [BTCUSDT] Carga INCREMENTAL: desde 29/1/2026, 3:20:00 p.m. (1442 velas en cache)
 [BTCUSDT] S&R v2: Fetching from backend...
 [BTCUSDT] S&R v2: Fetching from backend...
 [CacheCleanup] Complete: 0/3 candles, 0/7 indicators removed
 WebSocket Manager conectado [5]
 ✓ Suscrito: 
 [CandleCache] OK CACHE-ANTES-MERGE BTCUSDT: 1442 velas sin gaps
 [CandleCache] OK BACKEND-NUEVAS BTCUSDT: 80 velas sin gaps
 [CandleCache] 🔄 Merge: 1442 cached + 80 new = 1521 total
 [BTCUSDT] Incremental: +80 velas nuevas = 1521 total
 [CandleCache] OK MERGED BTCUSDT: 1521 velas sin gaps
 [BTCUSDT] ✅ Histórico final: 1521 velas
 [CandleCache] ✅ BTCUSDT@5 - guardado (1521 velas, memoria: 1/4)
 [BTCUSDT] S&R v2: Fetching from backend...
 [Prefetch] Activado (10s despues de carga)
 [BTCUSDT] S&R v2 loaded: 1R, 1S
 [BTCUSDT] S&R v2 loaded: 1R, 1S
 [BTCUSDT] S&R v2 renderOverlay: Object
 [BTCUSDT] S&R v2 loaded: 1R, 1S
 [BTCUSDT] SwingDetector initialized with 5 days
 [BTCUSDT] SwingDetector: 158/158 signals for interval 5 (cached)
 [BTCUSDT] SwingDetector initialized with 5 days
 [IndicatorCache] 💾 swing@BTCUSDT desde memoria
 ✅ [10:00:41 p. m.] [Manager] [BTCUSDT] 🚀 startAllPolling() llamado - 4 indicadores
 ✅ [10:00:41 p. m.] [Manager] [BTCUSDT] -> Llamando startPollingIfReady() para VWAP
 ✅ [10:00:41 p. m.] [VWAP] [BTCUSDT] VWAP startPollingIfReady: pollingId=false, enabled=true, destroyed=false
 [PollingCoordinator] Registered: VWAP_BTCUSDT (interval: 300000ms, priority: 2)
 ✅ [10:00:41 p. m.] [VWAP] [BTCUSDT] VWAP polling started (interval: 300000ms)
 ✅ [10:00:41 p. m.] [Manager] [BTCUSDT] -> Llamando startPollingIfReady() para Swing Detector
 [BTCUSDT] SwingDetector startPollingIfReady: interval=false, enabled=true, config.enabled=true
 [PollingCoordinator] Registered: SwingDetector_Signals_BTCUSDT (interval: 30000ms, priority: 3)
 [PollingCoordinator] Registered: SwingDetector_Status_BTCUSDT (interval: 60000ms, priority: 8)
 [BTCUSDT] SwingDetector polling started (signals: 30000ms, status: 60000ms)
 ✅ [10:00:41 p. m.] [Manager] [BTCUSDT] -> Llamando startPollingIfReady() para S&R v2
 [BTCUSDT] S&R v2 polling started (interval: 60000ms)
 ✅ [10:00:41 p. m.] [Manager] [BTCUSDT] -> Llamando startPollingIfReady() para Order Flow
 [PollingCoordinator] Registered: OrderFlow_BTCUSDT (interval: 5000ms, priority: 1)
 ✅ [10:00:41 p. m.] [Manager] [BTCUSDT] 🚀 Polling iniciado para todos los indicadores
 [IndicatorCache] 💾 swing@BTCUSDT desde memoria
 ✅ [10:00:42 p. m.] [VWAP] [BTCUSDT] VWAP loaded: 1440 points (session, 5 days)
 ✅ [10:00:43 p. m.] [VWAP] [BTCUSDT] VWAP loaded: 1440 points (session, 5 days)
 ✅ [10:00:43 p. m.] [VWAP] [BTCUSDT] VWAP updated (polling): 1440 points
 ✅ [10:00:43 p. m.] [VWAP] [BTCUSDT] VWAP requestRedraw() called after polling
 [IndicatorCache] 💾 swing@BTCUSDT desde memoria
 [BTCUSDT] S&R v2 updated (polling): 1R, 1S
 [IndicatorCache] 💾 swing@BTCUSDT desde memoria
 [IndicatorCache] 💾 swing@BTCUSDT desde memoria
 [HealthCheck] Backend reconnected
 [BTCUSDT] S&R v2 updated (polling): 1R, 1S
 [IndicatorCache] 💾 swing@BTCUSDT desde memoria
 [IndicatorCache] 💾 swing@BTCUSDT desde memoria
 [HealthCheck] Backend reconnected
 [BTCUSDT] S&R v2 updated (polling): 1R, 1S
 [IndicatorCache] 💾 swing@BTCUSDT desde memoria
 [Prefetch] ADAUSDT@5 - precargando...
 [CandleCache] ✅ ADAUSDT@5 - guardado (1439 velas, memoria: 2/4)
 [Prefetch] ADAUSDT@5 - precargado (1440 velas)
 [IndicatorCache] 💾 swing@BTCUSDT desde memoria
 [BTCUSDT] S&R v2 updated (polling): 1R, 1S
 [IndicatorCache] 💾 swing@BTCUSDT desde memoria
 [Registry] 🗑️ Desregistrado manager para BTCUSDT (total: 0)
 [PollingCoordinator] Unregistered: VWAP_BTCUSDT
 ✅ [10:04:55 p. m.] [VWAP] [BTCUSDT] VWAP polling stopped
 [PollingCoordinator] Unregistered: SwingDetector_Signals_BTCUSDT
 [BTCUSDT] SwingDetector signal polling stopped
 [PollingCoordinator] Unregistered: SwingDetector_Status_BTCUSDT
 [BTCUSDT] SwingDetector status polling stopped
 [BTCUSDT] S&R v2 polling stopped
 [BTCUSDT] S&R v2 destroyed
PollingCoordinator.js:104 [PollingCoordinator] Unregistered: OrderFlow_BTCUSDT
MiniChart.jsx:270 [MiniChart BTCUSDT] 🖥️ Fullscreen effect: isFullscreen=false, hasCallback=true
MiniChart.jsx:2049 [BTCUSDT] 🚀 Componente montado, iniciando...
Logger.js:100 ✅ [10:04:55 p. m.] [VWAP] [BTCUSDT] VWAPIndicator initialized (backend native, type=session)
SwingDetectorIndicator.js:44 [BTCUSDT] SwingDetectorIndicator initialized
SupportResistance2Indicator.js:15 [SupportResistance2Indicator] VERSION 1.0 - Swing-based S&R
IndicatorManagerRegistry.js:7 [Registry] ✅ Registrado manager para BTCUSDT (total: 1)
CandleCache.js:80 [CandleCache] 💾 BTCUSDT@1 - desde IndexedDB (1490 velas)
CandleCache.js:245 [CandleCache] Limpiando cache corrupto para forzar recarga completa...
IndicatorManagerRegistry.js:12 [Registry] 🗑️ Desregistrado manager para BTCUSDT (total: 0)
SupportResistance2Indicator.js:60 [BTCUSDT] S&R v2 destroyed
MiniChart.jsx:2049 [BTCUSDT] 🚀 Componente montado, iniciando...
Logger.js:100 ✅ [10:04:55 p. m.] [VWAP] [BTCUSDT] VWAPIndicator initialized (backend native, type=session)
SwingDetectorIndicator.js:44 [BTCUSDT] SwingDetectorIndicator initialized
SupportResistance2Indicator.js:15 [SupportResistance2Indicator] VERSION 1.0 - Swing-based S&R
IndicatorManagerRegistry.js:7 [Registry] ✅ Registrado manager para BTCUSDT (total: 1)
SupportResistance2Indicator.js:130 [BTCUSDT] S&R v2: Fetching from backend...
SupportResistance2Indicator.js:130 [BTCUSDT] S&R v2: Fetching from backend...
SupportResistance2Indicator.js:130 [BTCUSDT] S&R v2: Fetching from backend...
SupportResistance2Indicator.js:130 [BTCUSDT] S&R v2: Fetching from backend...
CandleCache.js:293 [CandleCache] 🗑️ BTCUSDT@1 - cache limpiado
MiniChart.jsx:1162 [BTCUSDT] Carga COMPLETA: 5 dias @ 1
MiniChart.jsx:1162 [BTCUSDT] Carga COMPLETA: 1 dias @ 1
WebSocketManager.js:120 WebSocket Manager cerrado
WebSocketManager.js:61 WebSocket Manager conectado [1]
WebSocketManager.js:79 ✓ Suscrito: 
SymbolList.jsx:102 [Prefetch] ETHUSDT@1 - precargando...
ConnectionStatus.jsx:35 [ConnectionStatus] Manual reconnect attempt...
ConnectionStatus.jsx:35 [ConnectionStatus] Manual reconnect attempt...
ConnectionStatus.jsx:35 [ConnectionStatus] Manual reconnect attempt...
ConnectionStatus.jsx:35 [ConnectionStatus] Manual reconnect attempt...
SwingDetectorIndicator.js:241 [BTCUSDT] SwingDetector: Backend returned 0 signals
SupportResistance2Indicator.js:155 [BTCUSDT] S&R v2 loaded: 2R, 2S
SupportResistance2Indicator.js:208 [BTCUSDT] S&R v2 renderOverlay: Object
CandleCache.js:169 [CandleCache] ✅ ETHUSDT@1 - guardado (1439 velas, memoria: 3/4)
SymbolList.jsx:111 [Prefetch] ETHUSDT@1 - precargado (1440 velas)
Logger.js:100 ✅ [10:06:51 p. m.] [VWAP] [BTCUSDT] VWAP loaded: 1440 points (session, 1 days)
Logger.js:100 ✅ [10:07:03 p. m.] [VWAP] [BTCUSDT] VWAP updated (polling): 1440 points
Logger.js:100 ✅ [10:07:03 p. m.] [VWAP] [BTCUSDT] VWAP loaded: 1440 points (session, 1 days)
Logger.js:100 ✅ [10:07:03 p. m.] [VWAP] [BTCUSDT] VWAP updated (polling): 1440 points
SwingDetectorIndicator.js:237 [BTCUSDT] SwingDetector: 300/300 signals for interval 1 (cached)
MiniChart.jsx:1225 [BTCUSDT] Completa: 7200 velas
CandleCache.js:391 [CandleCache] OK BACKEND-COMPLETO BTCUSDT: 7200 velas sin gaps
MiniChart.jsx:1247 [BTCUSDT] ✅ Histórico final: 7200 velas
CandleCache.js:169 [CandleCache] ✅ BTCUSDT@1 - guardado (7200 velas, memoria: 4/4)
SupportResistance2Indicator.js:130 [BTCUSDT] S&R v2: Fetching from backend...
SupportResistance2Indicator.js:155 [BTCUSDT] S&R v2 loaded: 2R, 2S
robustness.js:180 [HealthCheck] Backend reconnected
SwingDetectorIndicator.js:141 [BTCUSDT] SwingDetector initialized with 5 days
IndicatorCache.js:71 [IndicatorCache] 💾 swing@BTCUSDT desde memoria
SwingDetectorIndicator.js:141 [BTCUSDT] SwingDetector initialized with 1 days
IndicatorCache.js:71 [IndicatorCache] 💾 swing@BTCUSDT desde memoria
SwingDetectorIndicator.js:141 [BTCUSDT] SwingDetector initialized with 1 days
IndicatorCache.js:71 [IndicatorCache] 💾 swing@BTCUSDT desde memoria
Logger.js:100 ✅ [10:07:33 p. m.] [Manager] [BTCUSDT] 🚀 startAllPolling() llamado - 4 indicadores
Logger.js:100 ✅ [10:07:33 p. m.] [Manager] [BTCUSDT] -> Llamando startPollingIfReady() para VWAP
Logger.js:100 ✅ [10:07:33 p. m.] [VWAP] [BTCUSDT] VWAP startPollingIfReady: pollingId=false, enabled=true, destroyed=false
PollingCoordinator.js:93 [PollingCoordinator] Registered: VWAP_BTCUSDT (interval: 60000ms, priority: 2)
Logger.js:100 ✅ [10:07:33 p. m.] [VWAP] [BTCUSDT] VWAP polling started (interval: 60000ms)
Logger.js:100 ✅ [10:07:33 p. m.] [Manager] [BTCUSDT] -> Llamando startPollingIfReady() para Swing Detector
SwingDetectorIndicator.js:123 [BTCUSDT] SwingDetector startPollingIfReady: interval=false, enabled=true, config.enabled=true
PollingCoordinator.js:93 [PollingCoordinator] Registered: SwingDetector_Signals_BTCUSDT (interval: 30000ms, priority: 3)
PollingCoordinator.js:93 [PollingCoordinator] Registered: SwingDetector_Status_BTCUSDT (interval: 60000ms, priority: 8)
SwingDetectorIndicator.js:180 [BTCUSDT] SwingDetector polling started (signals: 30000ms, status: 60000ms)
Logger.js:100 ✅ [10:07:33 p. m.] [Manager] [BTCUSDT] -> Llamando startPollingIfReady() para S&R v2
SupportResistance2Indicator.js:78 [BTCUSDT] S&R v2 polling started (interval: 60000ms)
Logger.js:100 ✅ [10:07:33 p. m.] [Manager] [BTCUSDT] -> Llamando startPollingIfReady() para Order Flow
PollingCoordinator.js:93 [PollingCoordinator] Registered: OrderFlow_BTCUSDT (interval: 5000ms, priority: 1)
Logger.js:100 ✅ [10:07:33 p. m.] [Manager] [BTCUSDT] 🚀 Polling iniciado para todos los indicadores
IndicatorCache.js:71 [IndicatorCache] 💾 swing@BTCUSDT desde memoria
Logger.js:100 ✅ [10:07:35 p. m.] [VWAP] [BTCUSDT] VWAP updated (polling): 1440 points
Logger.js:100 ✅ [10:07:35 p. m.] [VWAP] [BTCUSDT] VWAP requestRedraw() called after polling
 [CandleCache] ✅ BTCUSDT@1 - guardado (7200 velas, memoria: 4/4)
