VM115 C:\Users\inven\OneDrive\Documentos\GitHub\watchlist\9.OrderFlowDesktop\electron\preload.js:59 [Preload] Order Flow Desktop - Script cargado correctamente
VM115 C:\Users\inven\OneDrive\Documentos\GitHub\watchlist\9.OrderFlowDesktop\electron\preload.js:60 [Preload] Electron: 33.4.11
VM115 C:\Users\inven\OneDrive\Documentos\GitHub\watchlist\9.OrderFlowDesktop\electron\preload.js:61 [Preload] Chrome: 130.0.6723.191
chunk-ZFBEYDM4.js?v=9c8daa37:21551 Download the React DevTools for a better development experience: https://reactjs.org/link/react-devtools
Logger.js:266 💡 Debug utilities available:
Logger.js:267    window.toggleDebugMode() - Toggle all logs
Logger.js:268    window.disableHeavyLogs() - Disable performance-heavy logs
ConfigSynchronizer.js:21 [ConfigSynchronizer] Initialized
MiniChart.jsx:272 [MiniChart UNIUSDT] 🖥️ Fullscreen effect: isFullscreen=false, hasCallback=true
MiniChart.jsx:2087 [UNIUSDT] 🚀 Componente montado, iniciando...
Logger.js:100 ✅ [7:37:32 p. m.] [VWAP] [UNIUSDT] VWAPIndicator initialized (backend native, type=session)
SwingDetectorIndicator.js:44 [UNIUSDT] SwingDetectorIndicator initialized
PollingCoordinator.js:102 [PollingCoordinator] Registered: SymbolList_PriceChanges (interval: 60000ms, priority: 10)
robustness.js:230 [HealthCheck] Started (interval: 30000ms)
robustness.js:496 [Robustness] Initialized
PollingCoordinator.js:49 [PollingCoordinator] Started
Logger.js:100 ✅ [7:37:32 p. m.] [SingleSymbolAnalyzer] [PollingCoordinator] Started
IndicatorManagerRegistry.js:7 [Registry] ✅ Registrado manager para UNIUSDT (total: 1)
Logger.js:100 ✅ [7:37:32 p. m.] [VWAP] [UNIUSDT] Config changed (vwapType=rolling), refetching...
CandleCache.js:80 [CandleCache] 💾 UNIUSDT@1 - desde IndexedDB (1530 velas)
CandleCache.js:393 [CandleCache] OK VALIDATION UNIUSDT@1: 1530 velas sin gaps
CandleCache.js:269 [CandleCache] UNIUSDT@1 - Cache valido: 1530 velas, sin gaps significativos
MiniChart.jsx:1195 [UNIUSDT] Carga INCREMENTAL: desde 30/1/2026, 7:33:00 p.m. (1530 velas en cache)
robustness.js:415 [CacheCleanup] Complete: 0/8 candles, 0/9 indicators removed
PollingCoordinator.js:102 [PollingCoordinator] Registered: OrderFlow_UNIUSDT (interval: 5000ms, priority: 1)
MiniChart.jsx:2125 [UNIUSDT] 🔄 requestRedraw called (candles: 0)
WebSocketManager.js:61 WebSocket Manager conectado [1]
WebSocketManager.js:79 ✓ Suscrito: 
PollingCoordinator.js:218 [PollingCoordinator] Executing: OrderFlow_UNIUSDT
MiniChart.jsx:2125 [UNIUSDT] 🔄 requestRedraw called (candles: 0)
PollingCoordinator.js:227 [PollingCoordinator] Completed: OrderFlow_UNIUSDT
CandleCache.js:393 [CandleCache] OK CACHE-ANTES-MERGE UNIUSDT: 1530 velas sin gaps
CandleCache.js:393 [CandleCache] OK BACKEND-NUEVAS UNIUSDT: 4 velas sin gaps
CandleCache.js:197 [CandleCache] 🔄 Merge: 1530 cached + 4 new = 1533 total
MiniChart.jsx:1255 [UNIUSDT] Incremental: +4 velas nuevas = 1533 total
CandleCache.js:393 [CandleCache] OK MERGED UNIUSDT: 1533 velas sin gaps
MiniChart.jsx:1285 [UNIUSDT] ✅ Histórico final: 1533 velas
MiniChart.jsx:946 [UNIUSDT] 🎨 Calling renderOverlays AFTER OrderFlow (frame 1)
Logger.js:100 ✅ [7:37:42 p. m.] [Manager] [UNIUSDT] renderOverlays: VWAP found, enabled=true, dataMap.size=0
CandleCache.js:169 [CandleCache] ✅ UNIUSDT@1 - guardado (1533 velas, memoria: 1/4)
SymbolList.jsx:79 [Prefetch] Activado (10s despues de carga)
Logger.js:100 ✅ [7:37:44 p. m.] [VWAP] [UNIUSDT] VWAP loaded: 1440 points (rolling, 1 days)
Logger.js:100 ✅ [7:37:44 p. m.] [VWAP] [UNIUSDT] VWAP requestRedraw() after initial load
MiniChart.jsx:2125 [UNIUSDT] 🔄 requestRedraw called (candles: 1533)
MiniChart.jsx:2127 [UNIUSDT] 🔄 Redraw executing drawChart...
VWAPIndicator.js:330 [UNIUSDT] 🎨 VWAP renderOverlay EXECUTING: dataMap=1440, visibleCandles=794
VWAPIndicator.js:382 [UNIUSDT] 🎨 VWAP _drawVWAPLine: matched=794, missed=0 of 794 candles
VWAPIndicator.js:394 [UNIUSDT] 🎨 VWAP sample: vwap=4.2682, Y=172.1, bounds={y:25, height:400}, viewport={min:4.1360, max:4.3450}
Logger.js:100 ✅ [7:37:44 p. m.] [VWAP] [UNIUSDT] VWAP loaded: 1440 points (rolling, 1 days)
Logger.js:100 ✅ [7:37:44 p. m.] [VWAP] [UNIUSDT] VWAP requestRedraw() after initial load
MiniChart.jsx:2125 [UNIUSDT] 🔄 requestRedraw called (candles: 1533)
MiniChart.jsx:2127 [UNIUSDT] 🔄 Redraw executing drawChart...
Logger.js:100 ✅ [7:37:44 p. m.] [VWAP] [UNIUSDT] VWAP loaded: 1440 points (rolling, 1 days)
Logger.js:100 ✅ [7:37:44 p. m.] [VWAP] [UNIUSDT] VWAP requestRedraw() after initial load
MiniChart.jsx:2125 [UNIUSDT] 🔄 requestRedraw called (candles: 1533)
MiniChart.jsx:2127 [UNIUSDT] 🔄 Redraw executing drawChart...
Logger.js:100 ✅ [7:37:44 p. m.] [VWAP] [UNIUSDT] VWAP startPollingIfReady: pollingId=false, enabled=true, destroyed=false
PollingCoordinator.js:102 [PollingCoordinator] Registered: VWAP_UNIUSDT (interval: 60000ms, priority: 2)
Logger.js:100 ✅ [7:37:44 p. m.] [VWAP] [UNIUSDT] VWAP polling started (interval: 60000ms)
MiniChart.jsx:2125 [UNIUSDT] 🔄 requestRedraw called (candles: 1533)
MiniChart.jsx:2127 [UNIUSDT] 🔄 Redraw executing drawChart...
Logger.js:100 ✅ [7:37:44 p. m.] [VWAP] [UNIUSDT] VWAP loaded: 1440 points (rolling, 1 days)
Logger.js:100 ✅ [7:37:44 p. m.] [VWAP] [UNIUSDT] VWAP requestRedraw() after initial load
MiniChart.jsx:2125 [UNIUSDT] 🔄 requestRedraw called (candles: 1533)
MiniChart.jsx:2127 [UNIUSDT] 🔄 Redraw executing drawChart...
PollingCoordinator.js:218 [PollingCoordinator] Executing: OrderFlow_UNIUSDT
MiniChart.jsx:2125 [UNIUSDT] 🔄 requestRedraw called (candles: 1533)
MiniChart.jsx:2127 [UNIUSDT] 🔄 Redraw executing drawChart...
PollingCoordinator.js:227 [PollingCoordinator] Completed: OrderFlow_UNIUSDT
SwingDetectorIndicator.js:142 [UNIUSDT] SwingDetector initialized with 1 days
IndicatorCache.js:85 [IndicatorCache] 💾 swing@UNIUSDT desde IndexedDB
SwingDetectorIndicator.js:123 [UNIUSDT] SwingDetector startPollingIfReady: pollingId=false, enabled=true, config.enabled=true
PollingCoordinator.js:102 [PollingCoordinator] Registered: SwingDetector_Signals_UNIUSDT (interval: 30000ms, priority: 3)
PollingCoordinator.js:102 [PollingCoordinator] Registered: SwingDetector_Status_UNIUSDT (interval: 60000ms, priority: 8)
SwingDetectorIndicator.js:181 [UNIUSDT] SwingDetector polling started (signals: 30000ms, status: 60000ms)
MiniChart.jsx:2125 [UNIUSDT] 🔄 requestRedraw called (candles: 1533)
MiniChart.jsx:2127 [UNIUSDT] 🔄 Redraw executing drawChart...
SwingDetectorIndicator.js:142 [UNIUSDT] SwingDetector initialized with 1 days
IndicatorCache.js:71 [IndicatorCache] 💾 swing@UNIUSDT desde memoria
MiniChart.jsx:2125 [UNIUSDT] 🔄 requestRedraw called (candles: 1533)
MiniChart.jsx:2127 [UNIUSDT] 🔄 Redraw executing drawChart...
Logger.js:100 ✅ [7:37:56 p. m.] [Manager] [UNIUSDT] 🚀 startAllPolling() llamado - 3 indicadores
Logger.js:100 ✅ [7:37:56 p. m.] [Manager] [UNIUSDT] -> Llamando startPollingIfReady() para VWAP
Logger.js:100 ✅ [7:37:56 p. m.] [VWAP] [UNIUSDT] VWAP startPollingIfReady: pollingId=true, enabled=true, destroyed=false
Logger.js:100 ✅ [7:37:56 p. m.] [Manager] [UNIUSDT] -> Llamando startPollingIfReady() para Swing Detector
SwingDetectorIndicator.js:123 [UNIUSDT] SwingDetector startPollingIfReady: pollingId=true, enabled=true, config.enabled=true
Logger.js:100 ✅ [7:37:56 p. m.] [Manager] [UNIUSDT] -> Llamando startPollingIfReady() para Order Flow
Logger.js:100 ✅ [7:37:56 p. m.] [Manager] [UNIUSDT] 🚀 Polling iniciado para todos los indicadores
PollingCoordinator.js:218 [PollingCoordinator] Executing: OrderFlow_UNIUSDT
MiniChart.jsx:2125 [UNIUSDT] 🔄 requestRedraw called (candles: 1533)
MiniChart.jsx:2127 [UNIUSDT] 🔄 Redraw executing drawChart...
PollingCoordinator.js:227 [PollingCoordinator] Completed: OrderFlow_UNIUSDT
PollingCoordinator.js:218 [PollingCoordinator] Executing: OrderFlow_UNIUSDT
MiniChart.jsx:2125 [UNIUSDT] 🔄 requestRedraw called (candles: 1533)
MiniChart.jsx:2127 [UNIUSDT] 🔄 Redraw executing drawChart...
PollingCoordinator.js:227 [PollingCoordinator] Completed: OrderFlow_UNIUSDT
CandleCache.js:169 [CandleCache] ✅ UNIUSDT@1 - guardado (1534 velas, memoria: 1/4)
SwingDetectorIndicator.js:238 [UNIUSDT] SwingDetector: 198/198 signals for interval 1 (cached)
Logger.js:100 ✅ [7:38:03 p. m.] [VWAP] [UNIUSDT] VWAP updated (polling): 1440 points
MiniChart.jsx:2125 [UNIUSDT] 🔄 requestRedraw called (candles: 1534)
MiniChart.jsx:2127 [UNIUSDT] 🔄 Redraw executing drawChart...
PollingCoordinator.js:218 [PollingCoordinator] Executing: OrderFlow_UNIUSDT
MiniChart.jsx:2125 [UNIUSDT] 🔄 requestRedraw called (candles: 1534)
MiniChart.jsx:2127 [UNIUSDT] 🔄 Redraw executing drawChart...
PollingCoordinator.js:227 [PollingCoordinator] Completed: OrderFlow_UNIUSDT
MiniChart.jsx:946 [UNIUSDT] 🎨 Calling renderOverlays AFTER OrderFlow (frame 61)
Logger.js:100 ✅ [7:38:08 p. m.] [Manager] [UNIUSDT] renderOverlays: VWAP found, enabled=true, dataMap.size=1440
VWAPIndicator.js:330 [UNIUSDT] 🎨 VWAP renderOverlay EXECUTING: dataMap=1440, visibleCandles=174
VWAPIndicator.js:382 [UNIUSDT] 🎨 VWAP _drawVWAPLine: matched=173, missed=1 of 174 candles
VWAPIndicator.js:394 [UNIUSDT] 🎨 VWAP sample: vwap=4.2624, Y=292.9, bounds={y:25, height:400}, viewport={min:4.2490, max:4.2870}
VWAPIndicator.js:400 [UNIUSDT] 🔍 Sample candle.timestamp=1769809500000, dataMap first keys=[1769733480000,1769733540000,1769733600000]
MiniChart.jsx:946 [UNIUSDT] 🎨 Calling renderOverlays AFTER OrderFlow (frame 121)
Logger.js:100 ✅ [7:38:09 p. m.] [Manager] [UNIUSDT] renderOverlays: VWAP found, enabled=true, dataMap.size=1440
VWAPIndicator.js:330 [UNIUSDT] 🎨 VWAP renderOverlay EXECUTING: dataMap=1440, visibleCandles=174
VWAPIndicator.js:382 [UNIUSDT] 🎨 VWAP _drawVWAPLine: matched=173, missed=1 of 174 candles
VWAPIndicator.js:394 [UNIUSDT] 🎨 VWAP sample: vwap=4.2624, Y=400.9, bounds={y:25, height:400}, viewport={min:4.2490, max:4.2870}
VWAPIndicator.js:400 [UNIUSDT] 🔍 Sample candle.timestamp=1769809500000, dataMap first keys=[1769733480000,1769733540000,1769733600000]
PollingCoordinator.js:218 [PollingCoordinator] Executing: OrderFlow_UNIUSDT
MiniChart.jsx:2125 [UNIUSDT] 🔄 requestRedraw called (candles: 1534)
MiniChart.jsx:2127 [UNIUSDT] 🔄 Redraw executing drawChart...
PollingCoordinator.js:227 [PollingCoordinator] Completed: OrderFlow_UNIUSDT
MiniChart.jsx:946 [UNIUSDT] 🎨 Calling renderOverlays AFTER OrderFlow (frame 181)
Logger.js:100 ✅ [7:38:13 p. m.] [Manager] [UNIUSDT] renderOverlays: VWAP found, enabled=true, dataMap.size=1440
VWAPIndicator.js:330 [UNIUSDT] 🎨 VWAP renderOverlay EXECUTING: dataMap=1440, visibleCandles=121
VWAPIndicator.js:382 [UNIUSDT] 🎨 VWAP _drawVWAPLine: matched=120, missed=1 of 121 candles
VWAPIndicator.js:394 [UNIUSDT] 🎨 VWAP sample: vwap=4.2601, Y=526.6, bounds={y:25, height:400}, viewport={min:4.2600, max:4.2870}
VWAPIndicator.js:400 [UNIUSDT] 🔍 Sample candle.timestamp=1769812680000, dataMap first keys=[1769733480000,1769733540000,1769733600000]
MiniChart.jsx:946 [UNIUSDT] 🎨 Calling renderOverlays AFTER OrderFlow (frame 241)
Logger.js:100 ✅ [7:38:15 p. m.] [Manager] [UNIUSDT] renderOverlays: VWAP found, enabled=true, dataMap.size=1440
VWAPIndicator.js:330 [UNIUSDT] 🎨 VWAP renderOverlay EXECUTING: dataMap=1440, visibleCandles=121
VWAPIndicator.js:382 [UNIUSDT] 🎨 VWAP _drawVWAPLine: matched=120, missed=1 of 121 candles
VWAPIndicator.js:394 [UNIUSDT] 🎨 VWAP sample: vwap=4.2601, Y=485.6, bounds={y:25, height:400}, viewport={min:4.2600, max:4.2870}
VWAPIndicator.js:400 [UNIUSDT] 🔍 Sample candle.timestamp=1769812680000, dataMap first keys=[1769733480000,1769733540000,1769733600000]
PollingCoordinator.js:218 [PollingCoordinator] Executing: OrderFlow_UNIUSDT
MiniChart.jsx:2125 [UNIUSDT] 🔄 requestRedraw called (candles: 1534)
MiniChart.jsx:2127 [UNIUSDT] 🔄 Redraw executing drawChart...
PollingCoordinator.js:227 [PollingCoordinator] Completed: OrderFlow_UNIUSDT
PollingCoordinator.js:218 [PollingCoordinator] Executing: SwingDetector_Signals_UNIUSDT
IndicatorCache.js:71 [IndicatorCache] 💾 swing@UNIUSDT desde memoria
MiniChart.jsx:2125 [UNIUSDT] 🔄 requestRedraw called (candles: 1534)
MiniChart.jsx:2127 [UNIUSDT] 🔄 Redraw executing drawChart...
PollingCoordinator.js:227 [PollingCoordinator] Completed: SwingDetector_Signals_UNIUSDT
PollingCoordinator.js:218 [PollingCoordinator] Executing: OrderFlow_UNIUSDT
MiniChart.jsx:2125 [UNIUSDT] 🔄 requestRedraw called (candles: 1534)
MiniChart.jsx:2127 [UNIUSDT] 🔄 Redraw executing drawChart...
PollingCoordinator.js:227 [PollingCoordinator] Completed: OrderFlow_UNIUSDT
PollingCoordinator.js:218 [PollingCoordinator] Executing: OrderFlow_UNIUSDT
MiniChart.jsx:2125 [UNIUSDT] 🔄 requestRedraw called (candles: 1534)
MiniChart.jsx:2127 [UNIUSDT] 🔄 Redraw executing drawChart...
PollingCoordinator.js:227 [PollingCoordinator] Completed: OrderFlow_UNIUSDT
PollingCoordinator.js:218 [PollingCoordinator] Executing: SymbolList_PriceChanges
PollingCoordinator.js:218 [PollingCoordinator] Executing: OrderFlow_UNIUSDT
MiniChart.jsx:2125 [UNIUSDT] 🔄 requestRedraw called (candles: 1534)
MiniChart.jsx:2127 [UNIUSDT] 🔄 Redraw executing drawChart...
PollingCoordinator.js:227 [PollingCoordinator] Completed: OrderFlow_UNIUSDT
PollingCoordinator.js:227 [PollingCoordinator] Completed: SymbolList_PriceChanges
PollingCoordinator.js:218 [PollingCoordinator] Executing: OrderFlow_UNIUSDT
MiniChart.jsx:2125 [UNIUSDT] 🔄 requestRedraw called (candles: 1534)
MiniChart.jsx:2127 [UNIUSDT] 🔄 Redraw executing drawChart...
PollingCoordinator.js:227 [PollingCoordinator] Completed: OrderFlow_UNIUSDT
PollingCoordinator.js:218 [PollingCoordinator] Executing: OrderFlow_UNIUSDT
PollingCoordinator.js:218 [PollingCoordinator] Executing: VWAP_UNIUSDT
Logger.js:100 ✅ [7:38:44 p. m.] [VWAP] [UNIUSDT] VWAP updated (polling): 1440 points
MiniChart.jsx:2125 [UNIUSDT] 🔄 requestRedraw called (candles: 1534)
MiniChart.jsx:2127 [UNIUSDT] 🔄 Redraw executing drawChart...
Logger.js:100 ✅ [7:38:44 p. m.] [VWAP] [UNIUSDT] VWAP requestRedraw() called after polling
PollingCoordinator.js:227 [PollingCoordinator] Completed: VWAP_UNIUSDT
MiniChart.jsx:2125 [UNIUSDT] 🔄 requestRedraw called (candles: 1534)
MiniChart.jsx:2127 [UNIUSDT] 🔄 Redraw executing drawChart...
PollingCoordinator.js:227 [PollingCoordinator] Completed: OrderFlow_UNIUSDT
PollingCoordinator.js:218 [PollingCoordinator] Executing: OrderFlow_UNIUSDT
MiniChart.jsx:2125 [UNIUSDT] 🔄 requestRedraw called (candles: 1534)
MiniChart.jsx:2127 [UNIUSDT] 🔄 Redraw executing drawChart...
PollingCoordinator.js:227 [PollingCoordinator] Completed: OrderFlow_UNIUSDT
PollingCoordinator.js:218 [PollingCoordinator] Executing: SwingDetector_Status_UNIUSDT
PollingCoordinator.js:227 [PollingCoordinator] Completed: SwingDetector_Status_UNIUSDT
PollingCoordinator.js:218 [PollingCoordinator] Executing: SwingDetector_Signals_UNIUSDT
IndicatorCache.js:71 [IndicatorCache] 💾 swing@UNIUSDT desde memoria
MiniChart.jsx:2125 [UNIUSDT] 🔄 requestRedraw called (candles: 1534)
MiniChart.jsx:2127 [UNIUSDT] 🔄 Redraw executing drawChart...
PollingCoordinator.js:227 [PollingCoordinator] Completed: SwingDetector_Signals_UNIUSDT
PollingCoordinator.js:218 [PollingCoordinator] Executing: OrderFlow_UNIUSDT
MiniChart.jsx:2125 [UNIUSDT] 🔄 requestRedraw called (candles: 1534)
MiniChart.jsx:2127 [UNIUSDT] 🔄 Redraw executing drawChart...
PollingCoordinator.js:227 [PollingCoordinator] Completed: OrderFlow_UNIUSDT
PollingCoordinator.js:218 [PollingCoordinator] Executing: OrderFlow_UNIUSDT
MiniChart.jsx:2125 [UNIUSDT] 🔄 requestRedraw called (candles: 1534)
MiniChart.jsx:2127 [UNIUSDT] 🔄 Redraw executing drawChart...
PollingCoordinator.js:227 [PollingCoordinator] Completed: OrderFlow_UNIUSDT
CandleCache.js:169 [CandleCache] ✅ UNIUSDT@1 - guardado (1535 velas, memoria: 1/4)
SwingDetectorIndicator.js:238 [UNIUSDT] SwingDetector: 198/198 signals for interval 1 (cached)
Logger.js:100 ✅ [7:39:03 p. m.] [VWAP] [UNIUSDT] VWAP updated (polling): 1440 points
MiniChart.jsx:2125 [UNIUSDT] 🔄 requestRedraw called (candles: 1535)
MiniChart.jsx:2127 [UNIUSDT] 🔄 Redraw executing drawChart...
PollingCoordinator.js:218 [PollingCoordinator] Executing: OrderFlow_UNIUSDT
MiniChart.jsx:2125 [UNIUSDT] 🔄 requestRedraw called (candles: 1535)
MiniChart.jsx:2127 [UNIUSDT] 🔄 Redraw executing drawChart...
PollingCoordinator.js:227 [PollingCoordinator] Completed: OrderFlow_UNIUSDT
PollingCoordinator.js:218 [PollingCoordinator] Executing: OrderFlow_UNIUSDT
MiniChart.jsx:2125 [UNIUSDT] 🔄 requestRedraw called (candles: 1535)
MiniChart.jsx:2127 [UNIUSDT] 🔄 Redraw executing drawChart...
PollingCoordinator.js:227 [PollingCoordinator] Completed: OrderFlow_UNIUSDT
PollingCoordinator.js:218 [PollingCoordinator] Executing: OrderFlow_UNIUSDT
MiniChart.jsx:2125 [UNIUSDT] 🔄 requestRedraw called (candles: 1535)
MiniChart.jsx:2127 [UNIUSDT] 🔄 Redraw executing drawChart...
PollingCoordinator.js:227 [PollingCoordinator] Completed: OrderFlow_UNIUSDT
PollingCoordinator.js:218 [PollingCoordinator] Executing: OrderFlow_UNIUSDT
MiniChart.jsx:2125 [UNIUSDT] 🔄 requestRedraw called (candles: 1535)
MiniChart.jsx:2127 [UNIUSDT] 🔄 Redraw executing drawChart...
MiniChart.jsx:946 [UNIUSDT] 🎨 Calling renderOverlays AFTER OrderFlow (frame 301)
Logger.js:100 ✅ [7:39:22 p. m.] [Manager] [UNIUSDT] renderOverlays: VWAP found, enabled=true, dataMap.size=1440
PollingCoordinator.js:227 [PollingCoordinator] Completed: OrderFlow_UNIUSDT
PollingCoordinator.js:218 [PollingCoordinator] Executing: SwingDetector_Signals_UNIUSDT
IndicatorCache.js:71 [IndicatorCache] 💾 swing@UNIUSDT desde memoria
MiniChart.jsx:2125 [UNIUSDT] 🔄 requestRedraw called (candles: 1535)
MiniChart.jsx:2127 [UNIUSDT] 🔄 Redraw executing drawChart...
PollingCoordinator.js:227 [PollingCoordinator] Completed: SwingDetector_Signals_UNIUSDT
VWAPIndicator.js:330 [UNIUSDT] 🎨 VWAP renderOverlay EXECUTING: dataMap=1440, visibleCandles=123
VWAPIndicator.js:382 [UNIUSDT] 🎨 VWAP _drawVWAPLine: matched=121, missed=2 of 123 candles
VWAPIndicator.js:394 [UNIUSDT] 🎨 VWAP sample: vwap=4.2601, Y=485.6, bounds={y:25, height:400}, viewport={min:4.2600, max:4.2870}
VWAPIndicator.js:400 [UNIUSDT] 🔍 Sample candle.timestamp=1769812620000, dataMap first keys=[1769733480000,1769733540000,1769733600000]
PollingCoordinator.js:218 [PollingCoordinator] Executing: OrderFlow_UNIUSDT
MiniChart.jsx:2125 [UNIUSDT] 🔄 requestRedraw called (candles: 1535)
MiniChart.jsx:2127 [UNIUSDT] 🔄 Redraw executing drawChart...
PollingCoordinator.js:227 [PollingCoordinator] Completed: OrderFlow_UNIUSDT
PollingCoordinator.js:218 [PollingCoordinator] Executing: OrderFlow_UNIUSDT
MiniChart.jsx:2125 [UNIUSDT] 🔄 requestRedraw called (candles: 1535)
MiniChart.jsx:2127 [UNIUSDT] 🔄 Redraw executing drawChart...
PollingCoordinator.js:227 [PollingCoordinator] Completed: OrderFlow_UNIUSDT
PollingCoordinator.js:218 [PollingCoordinator] Executing: SymbolList_PriceChanges
PollingCoordinator.js:227 [PollingCoordinator] Completed: SymbolList_PriceChanges
PollingCoordinator.js:218 [PollingCoordinator] Executing: OrderFlow_UNIUSDT
MiniChart.jsx:2125 [UNIUSDT] 🔄 requestRedraw called (candles: 1535)
MiniChart.jsx:2127 [UNIUSDT] 🔄 Redraw executing drawChart...
PollingCoordinator.js:227 [PollingCoordinator] Completed: OrderFlow_UNIUSDT
PollingCoordinator.js:218 [PollingCoordinator] Executing: OrderFlow_UNIUSDT
MiniChart.jsx:2125 [UNIUSDT] 🔄 requestRedraw called (candles: 1535)
MiniChart.jsx:2127 [UNIUSDT] 🔄 Redraw executing drawChart...
PollingCoordinator.js:227 [PollingCoordinator] Completed: OrderFlow_UNIUSDT
PollingCoordinator.js:218 [PollingCoordinator] Executing: VWAP_UNIUSDT
Logger.js:100 ✅ [7:39:45 p. m.] [VWAP] [UNIUSDT] VWAP updated (polling): 1440 points
MiniChart.jsx:2125 [UNIUSDT] 🔄 requestRedraw called (candles: 1535)
MiniChart.jsx:2127 [UNIUSDT] 🔄 Redraw executing drawChart...
Logger.js:100 ✅ [7:39:45 p. m.] [VWAP] [UNIUSDT] VWAP requestRedraw() called after polling
PollingCoordinator.js:227 [PollingCoordinator] Completed: VWAP_UNIUSDT
PollingCoordinator.js:218 [PollingCoordinator] Executing: OrderFlow_UNIUSDT
MiniChart.jsx:2125 [UNIUSDT] 🔄 requestRedraw called (candles: 1535)
MiniChart.jsx:2127 [UNIUSDT] 🔄 Redraw executing drawChart...
PollingCoordinator.js:227 [PollingCoordinator] Completed: OrderFlow_UNIUSDT
PollingCoordinator.js:218 [PollingCoordinator] Executing: SwingDetector_Status_UNIUSDT
PollingCoordinator.js:227 [PollingCoordinator] Completed: SwingDetector_Status_UNIUSDT
PollingCoordinator.js:218 [PollingCoordinator] Executing: SwingDetector_Signals_UNIUSDT
IndicatorCache.js:71 [IndicatorCache] 💾 swing@UNIUSDT desde memoria
MiniChart.jsx:2125 [UNIUSDT] 🔄 requestRedraw called (candles: 1535)
MiniChart.jsx:2127 [UNIUSDT] 🔄 Redraw executing drawChart...
PollingCoordinator.js:227 [PollingCoordinator] Completed: SwingDetector_Signals_UNIUSDT
PollingCoordinator.js:218 [PollingCoordinator] Executing: OrderFlow_UNIUSDT
MiniChart.jsx:2125 [UNIUSDT] 🔄 requestRedraw called (candles: 1535)
MiniChart.jsx:2127 [UNIUSDT] 🔄 Redraw executing drawChart...
PollingCoordinator.js:227 [PollingCoordinator] Completed: OrderFlow_UNIUSDT
PollingCoordinator.js:218 [PollingCoordinator] Executing: OrderFlow_UNIUSDT
MiniChart.jsx:2125 [UNIUSDT] 🔄 requestRedraw called (candles: 1535)
MiniChart.jsx:2127 [UNIUSDT] 🔄 Redraw executing drawChart...
PollingCoordinator.js:227 [PollingCoordinator] Completed: OrderFlow_UNIUSDT
CandleCache.js:169 [CandleCache] ✅ UNIUSDT@1 - guardado (1536 velas, memoria: 1/4)
PollingCoordinator.js:218 [PollingCoordinator] Executing: OrderFlow_UNIUSDT
SwingDetectorIndicator.js:238 [UNIUSDT] SwingDetector: 198/198 signals for interval 1 (cached)
Logger.js:100 ✅ [7:40:04 p. m.] [VWAP] [UNIUSDT] VWAP updated (polling): 1440 points
MiniChart.jsx:2125 [UNIUSDT] 🔄 requestRedraw called (candles: 1536)
MiniChart.jsx:2127 [UNIUSDT] 🔄 Redraw executing drawChart...
MiniChart.jsx:2125 [UNIUSDT] 🔄 requestRedraw called (candles: 1536)
MiniChart.jsx:2127 [UNIUSDT] 🔄 Redraw executing drawChart...
PollingCoordinator.js:227 [PollingCoordinator] Completed: OrderFlow_UNIUSDT
PollingCoordinator.js:218 [PollingCoordinator] Executing: OrderFlow_UNIUSDT
MiniChart.jsx:2125 [UNIUSDT] 🔄 requestRedraw called (candles: 1536)
MiniChart.jsx:2127 [UNIUSDT] 🔄 Redraw executing drawChart...
PollingCoordinator.js:227 [PollingCoordinator] Completed: OrderFlow_UNIUSDT
PollingCoordinator.js:218 [PollingCoordinator] Executing: OrderFlow_UNIUSDT
MiniChart.jsx:2125 [UNIUSDT] 🔄 requestRedraw called (candles: 1536)
MiniChart.jsx:2127 [UNIUSDT] 🔄 Redraw executing drawChart...
PollingCoordinator.js:227 [PollingCoordinator] Completed: OrderFlow_UNIUSDT
PollingCoordinator.js:218 [PollingCoordinator] Executing: OrderFlow_UNIUSDT
MiniChart.jsx:2125 [UNIUSDT] 🔄 requestRedraw called (candles: 1536)
MiniChart.jsx:2127 [UNIUSDT] 🔄 Redraw executing drawChart...
PollingCoordinator.js:227 [PollingCoordinator] Completed: OrderFlow_UNIUSDT
PollingCoordinator.js:218 [PollingCoordinator] Executing: SwingDetector_Signals_UNIUSDT
IndicatorCache.js:71 [IndicatorCache] 💾 swing@UNIUSDT desde memoria
MiniChart.jsx:2125 [UNIUSDT] 🔄 requestRedraw called (candles: 1536)
MiniChart.jsx:2127 [UNIUSDT] 🔄 Redraw executing drawChart...
PollingCoordinator.js:227 [PollingCoordinator] Completed: SwingDetector_Signals_UNIUSDT
PollingCoordinator.js:218 [PollingCoordinator] Executing: OrderFlow_UNIUSDT
MiniChart.jsx:2125 [UNIUSDT] 🔄 requestRedraw called (candles: 1536)
MiniChart.jsx:2127 [UNIUSDT] 🔄 Redraw executing drawChart...
PollingCoordinator.js:227 [PollingCoordinator] Completed: OrderFlow_UNIUSDT
PollingCoordinator.js:218 [PollingCoordinator] Executing: OrderFlow_UNIUSDT
MiniChart.jsx:2125 [UNIUSDT] 🔄 requestRedraw called (candles: 1536)
MiniChart.jsx:2127 [UNIUSDT] 🔄 Redraw executing drawChart...
PollingCoordinator.js:227 [PollingCoordinator] Completed: OrderFlow_UNIUSDT
PollingCoordinator.js:218 [PollingCoordinator] Executing: SymbolList_PriceChanges
PollingCoordinator.js:218 [PollingCoordinator] Executing: OrderFlow_UNIUSDT
MiniChart.jsx:2125 [UNIUSDT] 🔄 requestRedraw called (candles: 1536)
MiniChart.jsx:2127 [UNIUSDT] 🔄 Redraw executing drawChart...
PollingCoordinator.js:227 [PollingCoordinator] Completed: OrderFlow_UNIUSDT
PollingCoordinator.js:227 [PollingCoordinator] Completed: SymbolList_PriceChanges
PollingCoordinator.js:218 [PollingCoordinator] Executing: OrderFlow_UNIUSDT
MiniChart.jsx:2125 [UNIUSDT] 🔄 requestRedraw called (candles: 1536)
MiniChart.jsx:2127 [UNIUSDT] 🔄 Redraw executing drawChart...
PollingCoordinator.js:227 [PollingCoordinator] Completed: OrderFlow_UNIUSDT
PollingCoordinator.js:218 [PollingCoordinator] Executing: VWAP_UNIUSDT
Logger.js:100 ✅ [7:40:45 p. m.] [VWAP] [UNIUSDT] VWAP updated (polling): 1440 points
MiniChart.jsx:2125 [UNIUSDT] 🔄 requestRedraw called (candles: 1536)
MiniChart.jsx:2127 [UNIUSDT] 🔄 Redraw executing drawChart...
Logger.js:100 ✅ [7:40:45 p. m.] [VWAP] [UNIUSDT] VWAP requestRedraw() called after polling
PollingCoordinator.js:227 [PollingCoordinator] Completed: VWAP_UNIUSDT
PollingCoordinator.js:218 [PollingCoordinator] Executing: OrderFlow_UNIUSDT
MiniChart.jsx:2125 [UNIUSDT] 🔄 requestRedraw called (candles: 1536)
MiniChart.jsx:2127 [UNIUSDT] 🔄 Redraw executing drawChart...
PollingCoordinator.js:227 [PollingCoordinator] Completed: OrderFlow_UNIUSDT
PollingCoordinator.js:218 [PollingCoordinator] Executing: OrderFlow_UNIUSDT
PollingCoordinator.js:218 [PollingCoordinator] Executing: SwingDetector_Status_UNIUSDT
PollingCoordinator.js:227 [PollingCoordinator] Completed: SwingDetector_Status_UNIUSDT
PollingCoordinator.js:218 [PollingCoordinator] Executing: SwingDetector_Signals_UNIUSDT
IndicatorCache.js:71 [IndicatorCache] 💾 swing@UNIUSDT desde memoria
MiniChart.jsx:2125 [UNIUSDT] 🔄 requestRedraw called (candles: 1536)
MiniChart.jsx:2127 [UNIUSDT] 🔄 Redraw executing drawChart...
PollingCoordinator.js:227 [PollingCoordinator] Completed: SwingDetector_Signals_UNIUSDT
MiniChart.jsx:2125 [UNIUSDT] 🔄 requestRedraw called (candles: 1536)
MiniChart.jsx:2127 [UNIUSDT] 🔄 Redraw executing drawChart...
PollingCoordinator.js:227 [PollingCoordinator] Completed: OrderFlow_UNIUSDT
PollingCoordinator.js:218 [PollingCoordinator] Executing: OrderFlow_UNIUSDT
MiniChart.jsx:2125 [UNIUSDT] 🔄 requestRedraw called (candles: 1536)
MiniChart.jsx:2127 [UNIUSDT] 🔄 Redraw executing drawChart...
PollingCoordinator.js:227 [PollingCoordinator] Completed: OrderFlow_UNIUSDT
PollingCoordinator.js:218 [PollingCoordinator] Executing: OrderFlow_UNIUSDT
MiniChart.jsx:2125 [UNIUSDT] 🔄 requestRedraw called (candles: 1536)
MiniChart.jsx:2127 [UNIUSDT] 🔄 Redraw executing drawChart...
PollingCoordinator.js:227 [PollingCoordinator] Completed: OrderFlow_UNIUSDT
CandleCache.js:169 [CandleCache] ✅ UNIUSDT@1 - guardado (1537 velas, memoria: 1/4)
Logger.js:100 ✅ [7:41:03 p. m.] [VWAP] [UNIUSDT] VWAP updated (polling): 1440 points
SwingDetectorIndicator.js:238 [UNIUSDT] SwingDetector: 199/199 signals for interval 1 (cached)
MiniChart.jsx:2125 [UNIUSDT] 🔄 requestRedraw called (candles: 1537)
MiniChart.jsx:2127 [UNIUSDT] 🔄 Redraw executing drawChart...
PollingCoordinator.js:218 [PollingCoordinator] Executing: OrderFlow_UNIUSDT
MiniChart.jsx:2125 [UNIUSDT] 🔄 requestRedraw called (candles: 1537)
MiniChart.jsx:2127 [UNIUSDT] 🔄 Redraw executing drawChart...
PollingCoordinator.js:227 [PollingCoordinator] Completed: OrderFlow_UNIUSDT
PollingCoordinator.js:218 [PollingCoordinator] Executing: OrderFlow_UNIUSDT
MiniChart.jsx:2125 [UNIUSDT] 🔄 requestRedraw called (candles: 1537)
MiniChart.jsx:2127 [UNIUSDT] 🔄 Redraw executing drawChart...
PollingCoordinator.js:227 [PollingCoordinator] Completed: OrderFlow_UNIUSDT
PollingCoordinator.js:218 [PollingCoordinator] Executing: OrderFlow_UNIUSDT
MiniChart.jsx:2125 [UNIUSDT] 🔄 requestRedraw called (candles: 1537)
MiniChart.jsx:2127 [UNIUSDT] 🔄 Redraw executing drawChart...
PollingCoordinator.js:227 [PollingCoordinator] Completed: OrderFlow_UNIUSDT
PollingCoordinator.js:218 [PollingCoordinator] Executing: SwingDetector_Signals_UNIUSDT
IndicatorCache.js:71 [IndicatorCache] 💾 swing@UNIUSDT desde memoria
MiniChart.jsx:2125 [UNIUSDT] 🔄 requestRedraw called (candles: 1537)
MiniChart.jsx:2127 [UNIUSDT] 🔄 Redraw executing drawChart...
PollingCoordinator.js:227 [PollingCoordinator] Completed: SwingDetector_Signals_UNIUSDT
PollingCoordinator.js:218 [PollingCoordinator] Executing: OrderFlow_UNIUSDT
MiniChart.jsx:2125 [UNIUSDT] 🔄 requestRedraw called (candles: 1537)
MiniChart.jsx:2127 [UNIUSDT] 🔄 Redraw executing drawChart...
PollingCoordinator.js:227 [PollingCoordinator] Completed: OrderFlow_UNIUSDT
PollingCoordinator.js:218 [PollingCoordinator] Executing: OrderFlow_UNIUSDT
MiniChart.jsx:2125 [UNIUSDT] 🔄 requestRedraw called (candles: 1537)
MiniChart.jsx:2127 [UNIUSDT] 🔄 Redraw executing drawChart...
PollingCoordinator.js:227 [PollingCoordinator] Completed: OrderFlow_UNIUSDT
PollingCoordinator.js:218 [PollingCoordinator] Executing: OrderFlow_UNIUSDT
MiniChart.jsx:2125 [UNIUSDT] 🔄 requestRedraw called (candles: 1537)
MiniChart.jsx:2127 [UNIUSDT] 🔄 Redraw executing drawChart...
PollingCoordinator.js:227 [PollingCoordinator] Completed: OrderFlow_UNIUSDT
PollingCoordinator.js:218 [PollingCoordinator] Executing: SymbolList_PriceChanges
PollingCoordinator.js:227 [PollingCoordinator] Completed: SymbolList_PriceChanges
PollingCoordinator.js:218 [PollingCoordinator] Executing: OrderFlow_UNIUSDT
MiniChart.jsx:2125 [UNIUSDT] 🔄 requestRedraw called (candles: 1537)
MiniChart.jsx:2127 [UNIUSDT] 🔄 Redraw executing drawChart...
PollingCoordinator.js:227 [PollingCoordinator] Completed: OrderFlow_UNIUSDT
PollingCoordinator.js:218 [PollingCoordinator] Executing: VWAP_UNIUSDT
Logger.js:100 ✅ [7:41:45 p. m.] [VWAP] [UNIUSDT] VWAP updated (polling): 1440 points
MiniChart.jsx:2125 [UNIUSDT] 🔄 requestRedraw called (candles: 1537)
MiniChart.jsx:2127 [UNIUSDT] 🔄 Redraw executing drawChart...
Logger.js:100 ✅ [7:41:45 p. m.] [VWAP] [UNIUSDT] VWAP requestRedraw() called after polling
PollingCoordinator.js:227 [PollingCoordinator] Completed: VWAP_UNIUSDT
PollingCoordinator.js:218 [PollingCoordinator] Executing: OrderFlow_UNIUSDT
MiniChart.jsx:2125 [UNIUSDT] 🔄 requestRedraw called (candles: 1537)
MiniChart.jsx:2127 [UNIUSDT] 🔄 Redraw executing drawChart...
PollingCoordinator.js:227 [PollingCoordinator] Completed: OrderFlow_UNIUSDT
PollingCoordinator.js:218 [PollingCoordinator] Executing: OrderFlow_UNIUSDT
MiniChart.jsx:946 [UNIUSDT] 🎨 Calling renderOverlays AFTER OrderFlow (frame 361)
Logger.js:100 ✅ [7:41:50 p. m.] [Manager] [UNIUSDT] renderOverlays: VWAP found, enabled=true, dataMap.size=1440
VWAPIndicator.js:330 [UNIUSDT] 🎨 VWAP renderOverlay EXECUTING: dataMap=1440, visibleCandles=123
VWAPIndicator.js:382 [UNIUSDT] 🎨 VWAP _drawVWAPLine: matched=119, missed=4 of 123 candles
VWAPIndicator.js:394 [UNIUSDT] 🎨 VWAP sample: vwap=4.2600, Y=486.4, bounds={y:25, height:400}, viewport={min:4.2600, max:4.2870}
VWAPIndicator.js:400 [UNIUSDT] 🔍 Sample candle.timestamp=1769812740000, dataMap first keys=[1769733480000,1769733540000,1769733600000]
MiniChart.jsx:2125 [UNIUSDT] 🔄 requestRedraw called (candles: 1537)
MiniChart.jsx:2127 [UNIUSDT] 🔄 Redraw executing drawChart...
PollingCoordinator.js:227 [PollingCoordinator] Completed: OrderFlow_UNIUSDT
PollingCoordinator.js:218 [PollingCoordinator] Executing: SwingDetector_Status_UNIUSDT
PollingCoordinator.js:227 [PollingCoordinator] Completed: SwingDetector_Status_UNIUSDT
PollingCoordinator.js:218 [PollingCoordinator] Executing: SwingDetector_Signals_UNIUSDT
IndicatorCache.js:71 [IndicatorCache] 💾 swing@UNIUSDT desde memoria
MiniChart.jsx:2125 [UNIUSDT] 🔄 requestRedraw called (candles: 1537)
MiniChart.jsx:2127 [UNIUSDT] 🔄 Redraw executing drawChart...
PollingCoordinator.js:227 [PollingCoordinator] Completed: SwingDetector_Signals_UNIUSDT
MiniChart.jsx:946 [UNIUSDT] 🎨 Calling renderOverlays AFTER OrderFlow (frame 421)
Logger.js:100 ✅ [7:41:53 p. m.] [Manager] [UNIUSDT] renderOverlays: VWAP found, enabled=true, dataMap.size=1440
VWAPIndicator.js:330 [UNIUSDT] 🎨 VWAP renderOverlay EXECUTING: dataMap=1440, visibleCandles=137
VWAPIndicator.js:382 [UNIUSDT] 🎨 VWAP _drawVWAPLine: matched=133, missed=4 of 137 candles
VWAPIndicator.js:394 [UNIUSDT] 🎨 VWAP sample: vwap=4.2602, Y=475.5, bounds={y:25, height:400}, viewport={min:4.2600, max:4.2950}
VWAPIndicator.js:400 [UNIUSDT] 🔍 Sample candle.timestamp=1769811900000, dataMap first keys=[1769733480000,1769733540000,1769733600000]
MiniChart.jsx:946 [UNIUSDT] 🎨 Calling renderOverlays AFTER OrderFlow (frame 481)
Logger.js:100 ✅ [7:41:54 p. m.] [Manager] [UNIUSDT] renderOverlays: VWAP found, enabled=true, dataMap.size=1440
VWAPIndicator.js:330 [UNIUSDT] 🎨 VWAP renderOverlay EXECUTING: dataMap=1440, visibleCandles=137
VWAPIndicator.js:382 [UNIUSDT] 🎨 VWAP _drawVWAPLine: matched=133, missed=4 of 137 candles
VWAPIndicator.js:394 [UNIUSDT] 🎨 VWAP sample: vwap=4.2602, Y=453.5, bounds={y:25, height:400}, viewport={min:4.2600, max:4.2950}
VWAPIndicator.js:400 [UNIUSDT] 🔍 Sample candle.timestamp=1769811900000, dataMap first keys=[1769733480000,1769733540000,1769733600000]
PollingCoordinator.js:218 [PollingCoordinator] Executing: OrderFlow_UNIUSDT
MiniChart.jsx:2125 [UNIUSDT] 🔄 requestRedraw called (candles: 1537)
MiniChart.jsx:2127 [UNIUSDT] 🔄 Redraw executing drawChart...
PollingCoordinator.js:227 [PollingCoordinator] Completed: OrderFlow_UNIUSDT
 [PollingCoordinator] Executing: OrderFlow_UNIUSDT
 [CandleCache] ✅ UNIUSDT@1 - guardado (1538 velas, memoria: 1/4)
